../Core/Src/diag_timing.c:374:13:print_timer_line	152	static
../Core/Src/diag_timing.c:106:6:TD_Speed_Reset	0	static
../Core/Src/diag_timing.c:112:6:TD_Speed_OnZ	0	static
../Core/Src/diag_timing.c:129:6:TD_Speed_Get	4	static
../Core/Src/diag_timing.c:140:6:DiagTiming_Init	16	static
../Core/Src/diag_timing.c:149:6:DiagTiming_ResetTimers	0	static
../Core/Src/diag_timing.c:173:6:DiagTiming_Start	4	static
../Core/Src/diag_timing.c:182:6:DiagTiming_Stop	4	static
../Core/Src/diag_timing.c:196:6:Diag_SetEventBufCaps	0	static
../Core/Src/diag_timing.c:199:6:Diag_ObserveEventBufLevel	0	static
../Core/Src/diag_timing.c:203:6:Diag_AddEventDrops	0	static
../Core/Src/diag_timing.c:207:6:Diag_SetWinFifoCaps	0	static
../Core/Src/diag_timing.c:210:6:Diag_ObserveWinFifoLevel	0	static
../Core/Src/diag_timing.c:214:6:Diag_IncInferenceCount	0	static
../Core/Src/diag_timing.c:221:6:Diag_AddWinOverwrites	0	static
../Core/Src/diag_timing.c:228:6:Diag_GetAndResetSnapshot	88	static
../Core/Src/diag_timing.c:265:6:Diag_TrialReset	0	static
../Core/Src/diag_timing.c:273:6:Diag_ArmTrialAfterNextZ	12	static
../Core/Src/diag_timing.c:289:6:Diag_NotifyZAccepted	0	static
../Core/Src/diag_timing.c:314:6:Diag_NotifyABEdgeAt	0	static
../Core/Src/diag_timing.c:322:6:Diag_NotifyWindowPublished	8	static
../Core/Src/diag_timing.c:330:6:Diag_NotifyInferenceTop	8	static
../Core/Src/diag_timing.c:341:21:Diag_TrialPeek	0	static
../Core/Src/diag_timing.c:350:6:Diag_GetRps	24	static
../Core/Src/diag_timing.c:390:6:Diag_PrintSnapshot	32	static
../Core/Src/diag_timing.c:416:6:Diag_IsTrialCovering	0	static
