../Core/Src/enc_sampler.c:229:8:EncSampler_GetLatchedDir	0	static
../Core/Src/enc_sampler.c:236:8:EncSampler_GetLastWindowDir	0	static
../Core/Src/enc_sampler.c:652:6:EncSampler_SetABIrqs	4	static,ignoring_inline_asm
../Core/Src/enc_sampler.c:684:6:EncSampler_EncoderIRQ_Drain	56	static,ignoring_inline_asm
../Core/Src/enc_sampler.c:815:6:EncSampler_Init	32	static,ignoring_inline_asm
../Core/Src/enc_sampler.c:867:6:EncSampler_Process	80	static,ignoring_inline_asm
../Core/Src/enc_sampler.c:1173:5:EncSampler_CopyWindowLinear	24	static,ignoring_inline_asm
../Core/Src/enc_sampler.c:1202:6:EncSampler_StopHardware	4	static,ignoring_inline_asm
../Core/Src/enc_sampler.c:1241:6:EncSampler_FlushWindows	24	static,ignoring_inline_asm
../Core/Src/enc_sampler.c:1297:9:EncSampler_HasPending	0	static,ignoring_inline_asm
../Core/Src/enc_sampler.c:1309:6:EncSampler_OnTrialArm	36	static,ignoring_inline_asm
../Core/Src/enc_sampler.c:1341:6:EncSampler_OnTrialStop	0	static,ignoring_inline_asm
../Core/Src/enc_sampler.c:1350:10:EncSampler_GetEventRingHWM	0	static
../Core/Src/enc_sampler.c:1352:10:EncSampler_GetWinFifoHWM	0	static
../Core/Src/enc_sampler.c:1358:9:EncSampler_IsCaptureActive	0	static
../Core/Src/enc_sampler.c:1371:6:EncSampler_DebugGetLastTrace	12	static
