../Core/Src/stm32n6xx_it.c:71:6:NMI_Handler	0	static
../Core/Src/stm32n6xx_it.c:84:6:HardFault_Handler	8	static
../Core/Src/stm32n6xx_it.c:98:6:MemManage_Handler	8	static
../Core/Src/stm32n6xx_it.c:112:6:BusFault_Handler	8	static
../Core/Src/stm32n6xx_it.c:126:6:UsageFault_Handler	8	static
../Core/Src/stm32n6xx_it.c:140:6:SecureFault_Handler	8	static
../Core/Src/stm32n6xx_it.c:154:6:SVC_Handler	0	static
../Core/Src/stm32n6xx_it.c:166:6:DebugMon_Handler	0	static
../Core/Src/stm32n6xx_it.c:178:6:PendSV_Handler	0	static
../Core/Src/stm32n6xx_it.c:190:6:SysTick_Handler	0	static
../Core/Src/stm32n6xx_it.c:210:6:TIM1_TRG_COM_IRQHandler	0	static
../Core/Src/stm32n6xx_it.c:235:6:TIM1_CC_IRQHandler	0	static
