../Core/Src/stm32n6xx_hal_msp.c:63:6:HAL_MspInit	8	static
../Core/Src/stm32n6xx_hal_msp.c:89:6:HAL_CACHEAXI_MspInit	8	static
../Core/Src/stm32n6xx_hal_msp.c:112:6:HAL_CACHEAXI_MspDeInit	0	static
../Core/Src/stm32n6xx_hal_msp.c:134:6:HAL_UART_MspInit	456	static
../Core/Src/stm32n6xx_hal_msp.c:193:6:HAL_UART_MspDeInit	8	static
../Core/Src/stm32n6xx_hal_msp.c:225:6:HAL_RAMCFG_MspInit	8	static
../Core/Src/stm32n6xx_hal_msp.c:244:6:HAL_RAMCFG_MspDeInit	0	static
../Core/Src/stm32n6xx_hal_msp.c:263:6:HAL_TIM_Encoder_MspInit	56	static
../Core/Src/stm32n6xx_hal_msp.c:306:6:HAL_TIM_Encoder_MspDeInit	8	static
