C:/ST/AB_LSTM/AB_LSTM/Drivers/STM32N6xx_HAL_Driver/Src/stm32n6xx_hal_rcc_ex.c:128:19:HAL_RCCEx_PeriphCLKConfig	24	static
C:/ST/AB_LSTM/AB_LSTM/Drivers/STM32N6xx_HAL_Driver/Src/stm32n6xx_hal_rcc_ex.c:2376:6:HAL_RCCEx_GetPeriphCLKConfig	20	static
C:/ST/AB_LSTM/AB_LSTM/Drivers/STM32N6xx_HAL_Driver/Src/stm32n6xx_hal_rcc_ex.c:2814:10:HAL_RCCEx_GetPLL1CLKFreq	4	static
C:/ST/AB_LSTM/AB_LSTM/Drivers/STM32N6xx_HAL_Driver/Src/stm32n6xx_hal_rcc_ex.c:2857:10:HAL_RCCEx_GetPLL2CLKFreq	4	static
C:/ST/AB_LSTM/AB_LSTM/Drivers/STM32N6xx_HAL_Driver/Src/stm32n6xx_hal_rcc_ex.c:2901:10:HAL_RCCEx_GetPLL3CLKFreq	4	static
C:/ST/AB_LSTM/AB_LSTM/Drivers/STM32N6xx_HAL_Driver/Src/stm32n6xx_hal_rcc_ex.c:2944:10:HAL_RCCEx_GetPLL4CLKFreq	4	static
C:/ST/AB_LSTM/AB_LSTM/Drivers/STM32N6xx_HAL_Driver/Src/stm32n6xx_hal_rcc_ex.c:3589:17:RCCEx_GetCLKPCLKFreq.constprop	8	static
C:/ST/AB_LSTM/AB_LSTM/Drivers/STM32N6xx_HAL_Driver/Src/stm32n6xx_hal_rcc_ex.c:5119:17:RCCEx_GetSPDIFRXCLKFreq.constprop	8	static
C:/ST/AB_LSTM/AB_LSTM/Drivers/STM32N6xx_HAL_Driver/Src/stm32n6xx_hal_rcc_ex.c:5824:17:RCCEx_GetXSPICLKFreq	8	static
C:/ST/AB_LSTM/AB_LSTM/Drivers/STM32N6xx_HAL_Driver/Src/stm32n6xx_hal_rcc_ex.c:5700:17:RCCEx_GetOTGPHYCLKFreq	8	static
C:/ST/AB_LSTM/AB_LSTM/Drivers/STM32N6xx_HAL_Driver/Src/stm32n6xx_hal_rcc_ex.c:5559:17:RCCEx_GetUSARTCLKFreq	8	static
C:/ST/AB_LSTM/AB_LSTM/Drivers/STM32N6xx_HAL_Driver/Src/stm32n6xx_hal_rcc_ex.c:5415:17:RCCEx_GetUARTCLKFreq	8	static
C:/ST/AB_LSTM/AB_LSTM/Drivers/STM32N6xx_HAL_Driver/Src/stm32n6xx_hal_rcc_ex.c:5230:17:RCCEx_GetSPICLKFreq	16	static
C:/ST/AB_LSTM/AB_LSTM/Drivers/STM32N6xx_HAL_Driver/Src/stm32n6xx_hal_rcc_ex.c:4908:17:RCCEx_GetSAICLKFreq	8	static
C:/ST/AB_LSTM/AB_LSTM/Drivers/STM32N6xx_HAL_Driver/Src/stm32n6xx_hal_rcc_ex.c:4295:17:RCCEx_GetI3CCLKFreq	16	static
C:/ST/AB_LSTM/AB_LSTM/Drivers/STM32N6xx_HAL_Driver/Src/stm32n6xx_hal_rcc_ex.c:5027:17:RCCEx_GetSDMMCCLKFreq	16	static
C:/ST/AB_LSTM/AB_LSTM/Drivers/STM32N6xx_HAL_Driver/Src/stm32n6xx_hal_rcc_ex.c:4174:17:RCCEx_GetI2CCLKFreq	8	static
C:/ST/AB_LSTM/AB_LSTM/Drivers/STM32N6xx_HAL_Driver/Src/stm32n6xx_hal_rcc_ex.c:4407:17:RCCEx_GetLPTIMCLKFreq	16	static
C:/ST/AB_LSTM/AB_LSTM/Drivers/STM32N6xx_HAL_Driver/Src/stm32n6xx_hal_rcc_ex.c:2583:10:HAL_RCCEx_GetPeriphCLKFreq	8	static
C:/ST/AB_LSTM/AB_LSTM/Drivers/STM32N6xx_HAL_Driver/Src/stm32n6xx_hal_rcc_ex.c:2987:10:HAL_RCCEx_GetTIMGFreq	8	static
C:/ST/AB_LSTM/AB_LSTM/Drivers/STM32N6xx_HAL_Driver/Src/stm32n6xx_hal_rcc_ex.c:3010:6:HAL_RCCEx_WakeUpStopCLKConfig	0	static
C:/ST/AB_LSTM/AB_LSTM/Drivers/STM32N6xx_HAL_Driver/Src/stm32n6xx_hal_rcc_ex.c:3025:6:HAL_RCCEx_EnableLSECSS	0	static
C:/ST/AB_LSTM/AB_LSTM/Drivers/STM32N6xx_HAL_Driver/Src/stm32n6xx_hal_rcc_ex.c:3036:6:HAL_RCCEx_DisableLSECSS	0	static
C:/ST/AB_LSTM/AB_LSTM/Drivers/STM32N6xx_HAL_Driver/Src/stm32n6xx_hal_rcc_ex.c:3050:6:HAL_RCCEx_EnableLSECSS_IT	0	static
C:/ST/AB_LSTM/AB_LSTM/Drivers/STM32N6xx_HAL_Driver/Src/stm32n6xx_hal_rcc_ex.c:3062:6:HAL_RCCEx_DisableLSECSS_IT	0	static
C:/ST/AB_LSTM/AB_LSTM/Drivers/STM32N6xx_HAL_Driver/Src/stm32n6xx_hal_rcc_ex.c:3075:6:HAL_RCCEx_ReArmLSECSS	0	static
C:/ST/AB_LSTM/AB_LSTM/Drivers/STM32N6xx_HAL_Driver/Src/stm32n6xx_hal_rcc_ex.c:3101:13:HAL_RCCEx_LSECSS_Callback	0	static
C:/ST/AB_LSTM/AB_LSTM/Drivers/STM32N6xx_HAL_Driver/Src/stm32n6xx_hal_rcc_ex.c:3084:6:HAL_RCCEx_LSECSS_IRQHandler	8	static
C:/ST/AB_LSTM/AB_LSTM/Drivers/STM32N6xx_HAL_Driver/Src/stm32n6xx_hal_rcc_ex.c:3121:19:HAL_RCCEx_PLLSSCGConfig	32	static
