Archive member included to satisfy reference by file (symbol)

../../Middlewares/ST/AI/Lib\NetworkRuntime1020_CM55_GCC.a(ai_platform.o)
                              ./X-CUBE-AI/App/network.o (ai_buffer_array_item_set_address)
../../Middlewares/ST/AI/Lib\NetworkRuntime1020_CM55_GCC.a(ai_platform_interface.o)
                              ./X-CUBE-AI/App/network.o (ai_platform_get_weights_map)
../../Middlewares/ST/AI/Lib\NetworkRuntime1020_CM55_GCC.a(core_common.o)
                              ../../Middlewares/ST/AI/Lib\NetworkRuntime1020_CM55_GCC.a(ai_platform_interface.o) (core_init)
../../Middlewares/ST/AI/Lib\NetworkRuntime1020_CM55_GCC.a(core_mem_manager.o)
                              ../../Middlewares/ST/AI/Lib\NetworkRuntime1020_CM55_GCC.a(ai_platform_interface.o) (core_mem_alloc)
../../Middlewares/ST/AI/Lib\NetworkRuntime1020_CM55_GCC.a(layers.o)
                              ../../Middlewares/ST/AI/Lib\NetworkRuntime1020_CM55_GCC.a(ai_platform_interface.o) (ai_check_custom_types)
../../Middlewares/ST/AI/Lib\NetworkRuntime1020_CM55_GCC.a(layers_conv2d_generic_float.o)
                              ./X-CUBE-AI/App/network.o (forward_dense)
../../Middlewares/ST/AI/Lib\NetworkRuntime1020_CM55_GCC.a(layers_nl_generic_float.o)
                              ./X-CUBE-AI/App/network.o (nl_func_sigmoid_array_f32)
../../Middlewares/ST/AI/Lib\NetworkRuntime1020_CM55_GCC.a(layers_rnn_generic_float.o)
                              ./X-CUBE-AI/App/network.o (forward_lstm)
../../Middlewares/ST/AI/Lib\NetworkRuntime1020_CM55_GCC.a(layers_conv2d_integer_scratch.o)
                              ../../Middlewares/ST/AI/Lib\NetworkRuntime1020_CM55_GCC.a(layers.o) (get_dense_scratch_size_s8)
../../Middlewares/ST/AI/Lib\NetworkRuntime1020_CM55_GCC.a(forward_lite_conv2d_if32of32wf32.o)
                              ../../Middlewares/ST/AI/Lib\NetworkRuntime1020_CM55_GCC.a(layers_conv2d_generic_float.o) (forward_lite_conv2d_if32of32wf32)
../../Middlewares/ST/AI/Lib\NetworkRuntime1020_CM55_GCC.a(lite_nl_softmax_if32of32.o)
                              ../../Middlewares/ST/AI/Lib\NetworkRuntime1020_CM55_GCC.a(layers_nl_generic_float.o) (forward_lite_nl_softmax_if32of32_kernel)
../../Middlewares/ST/AI/Lib\NetworkRuntime1020_CM55_GCC.a(lite_nl_relu_if32of32.o)
                              ../../Middlewares/ST/AI/Lib\NetworkRuntime1020_CM55_GCC.a(layers_nl_generic_float.o) (forward_lite_nl_prelu_if32of32_kernel)
../../Middlewares/ST/AI/Lib\NetworkRuntime1020_CM55_GCC.a(lite_dense_if32.o)
                              ../../Middlewares/ST/AI/Lib\NetworkRuntime1020_CM55_GCC.a(layers_conv2d_generic_float.o) (lite_decompress_ilutof32)
../../Middlewares/ST/AI/Lib\NetworkRuntime1020_CM55_GCC.a(lite_nl_generic_float.o)
                              ../../Middlewares/ST/AI/Lib\NetworkRuntime1020_CM55_GCC.a(layers_nl_generic_float.o) (forward_lite_nl_softmax_if32of32)
../../Middlewares/ST/AI/Lib\NetworkRuntime1020_CM55_GCC.a(arm_convolve_get_buffer_sizes_s8.o)
                              ../../Middlewares/ST/AI/Lib\NetworkRuntime1020_CM55_GCC.a(layers_conv2d_integer_scratch.o) (arm_convolve_s8_get_buffer_size)
../../Middlewares/ST/AI/Lib\NetworkRuntime1020_CM55_GCC.a(arm_depthwise_conv_get_buffer_sizes_s8.o)
                              ../../Middlewares/ST/AI/Lib\NetworkRuntime1020_CM55_GCC.a(layers_conv2d_integer_scratch.o) (arm_depthwise_conv_s8_opt_get_buffer_size)
../../Middlewares/ST/AI/Lib\NetworkRuntime1020_CM55_GCC.a(arm_fully_connected_get_buffer_sizes_s8.o)
                              ../../Middlewares/ST/AI/Lib\NetworkRuntime1020_CM55_GCC.a(layers_conv2d_integer_scratch.o) (arm_fully_connected_s8_get_buffer_size)
../../Middlewares/ST/AI/Lib\NetworkRuntime1020_CM55_GCC.a(st_common_tables.o)
                              ../../Middlewares/ST/AI/Lib\NetworkRuntime1020_CM55_GCC.a(lite_nl_softmax_if32of32.o) (st_exp_tab)
../../Middlewares/ST/AI/Lib\NetworkRuntime1020_CM55_GCC.a(st_int8_fill.o)
                              ../../Middlewares/ST/AI/Lib\NetworkRuntime1020_CM55_GCC.a(ai_platform_interface.o) (st_int8_copy)
../../Middlewares/ST/AI/Lib\NetworkRuntime1020_CM55_GCC.a(ai_math_helpers.o)
                              ../../Middlewares/ST/AI/Lib\NetworkRuntime1020_CM55_GCC.a(layers_nl_generic_float.o) (ai_math_sqrt)
../../Middlewares/ST/AI/Lib\NetworkRuntime1020_CM55_GCC.a(ai_datatypes_format.o)
                              ../../Middlewares/ST/AI/Lib\NetworkRuntime1020_CM55_GCC.a(ai_platform_interface.o) (ai_array_to_buffer_fmt)
../../Middlewares/ST/AI/Lib\NetworkRuntime1020_CM55_GCC.a(ai_datatypes_internal.o)
                              ../../Middlewares/ST/AI/Lib\NetworkRuntime1020_CM55_GCC.a(ai_platform_interface.o) (ai_version_get)
../../Middlewares/ST/AI/Lib\NetworkRuntime1020_CM55_GCC.a(ai_math_elementwise_mul_int8.o)
                              ../../Middlewares/ST/AI/Lib\NetworkRuntime1020_CM55_GCC.a(ai_math_helpers.o) (ai_math_elementwise_mul_int8)
[...]
Memory Configuration

Name             Origin             Length             Attributes
RAM              0x34000400         0x001ffc00         xrw
*default*        0x00000000         0xffffffff

Linker script and memory map

LOAD C:/ST/STM32CubeIDE_1.19.0/STM32CubeIDE/plugins/com.st.stm32cube.ide.mcu.externaltools.gnu-tools-for-stm32.13.3.rel1.win32_1.0.0.202411081344/tools/bin/../lib/gcc/arm-none-eabi/13.3.1/thumb/v8-m.main+dp/hard/crti.o
LOAD C:/ST/STM32CubeIDE_1.19.0/STM32CubeIDE/plugins/com.st.stm32cube.ide.mcu.externaltools.gnu-tools-for-stm32.13.3.rel1.win32_1.0.0.202411081344/tools/bin/../lib/gcc/arm-none-eabi/13.3.1/thumb/v8-m.main+dp/hard/crtbegin.o
LOAD C:/ST/STM32CubeIDE_1.19.0/STM32CubeIDE/plugins/com.st.stm32cube.ide.mcu.externaltools.gnu-tools-for-stm32.13.3.rel1.win32_1.0.0.202411081344/tools/bin/../lib/gcc/arm-none-eabi/13.3.1/../../../../arm-none-eabi/lib/thumb/v8-m.main+dp/hard/crt0.o
LOAD ./Core/Src/enc_sampler.o
LOAD ./Core/Src/main.o
LOAD ./Core/Src/secure_nsc.o
LOAD ./Core/Src/stm32n6xx_hal_msp.o
LOAD ./Core/Src/stm32n6xx_it.o
LOAD ./Core/Src/syscalls.o
LOAD ./Core/Src/sysmem.o
LOAD ./Core/Src/system_stm32n6xx_s.o
LOAD ./Core/Startup/startup_stm32n657x0hxq.o
LOAD ./Drivers/BSP/STM32N6xx_Nucleo/stm32n6xx_nucleo.o
LOAD ./Drivers/STM32N6xx_HAL_Driver/stm32n6xx_hal.o
LOAD ./Drivers/STM32N6xx_HAL_Driver/stm32n6xx_hal_cacheaxi.o
LOAD ./Drivers/STM32N6xx_HAL_Driver/stm32n6xx_hal_cortex.o
LOAD ./Drivers/STM32N6xx_HAL_Driver/stm32n6xx_hal_dma.o
LOAD ./Drivers/STM32N6xx_HAL_Driver/stm32n6xx_hal_dma_ex.o
LOAD ./Drivers/STM32N6xx_HAL_Driver/stm32n6xx_hal_exti.o
LOAD ./Drivers/STM32N6xx_HAL_Driver/stm32n6xx_hal_gpio.o
LOAD ./Drivers/STM32N6xx_HAL_Driver/stm32n6xx_hal_pwr.o
LOAD ./Drivers/STM32N6xx_HAL_Driver/stm32n6xx_hal_pwr_ex.o
LOAD ./Drivers/STM32N6xx_HAL_Driver/stm32n6xx_hal_ramcfg.o
LOAD ./Drivers/STM32N6xx_HAL_Driver/stm32n6xx_hal_rcc.o
LOAD ./Drivers/STM32N6xx_HAL_Driver/stm32n6xx_hal_rcc_ex.o
LOAD ./Drivers/STM32N6xx_HAL_Driver/stm32n6xx_hal_rif.o
LOAD ./Drivers/STM32N6xx_HAL_Driver/stm32n6xx_hal_tim.o
LOAD ./Drivers/STM32N6xx_HAL_Driver/stm32n6xx_hal_tim_ex.o
LOAD ./Drivers/STM32N6xx_HAL_Driver/stm32n6xx_hal_uart.o
LOAD ./Drivers/STM32N6xx_HAL_Driver/stm32n6xx_hal_uart_ex.o
LOAD ./Drivers/STM32N6xx_HAL_Driver/stm32n6xx_hal_usart.o
LOAD ./Drivers/STM32N6xx_HAL_Driver/stm32n6xx_hal_usart_ex.o
LOAD ./X-CUBE-AI/App/app_x-cube-ai.o
LOAD ./X-CUBE-AI/App/network.o
LOAD ./X-CUBE-AI/App/network_data.o
LOAD ./X-CUBE-AI/App/network_data_params.o
LOAD ../../Middlewares/ST/AI/Lib\NetworkRuntime1020_CM55_GCC.a
START GROUP
LOAD C:/ST/STM32CubeIDE_1.19.0/STM32CubeIDE/plugins/com.st.stm32cube.ide.mcu.externaltools.gnu-tools-for-stm32.13.3.rel1.win32_1.0.0.202411081344/tools/bin/../lib/gcc/arm-none-eabi/13.3.1/../../../../arm-none-eabi/lib/thumb/v8-m.main+dp/hard\libc_nano.a
LOAD C:/ST/STM32CubeIDE_1.19.0/STM32CubeIDE/plugins/com.st.stm32cube.ide.mcu.externaltools.gnu-tools-for-stm32.13.3.rel1.win32_1.0.0.202411081344/tools/bin/../lib/gcc/arm-none-eabi/13.3.1/../../../../arm-none-eabi/lib/thumb/v8-m.main+dp/hard\libm.a
END GROUP
START GROUP
LOAD C:/ST/STM32CubeIDE_1.19.0/STM32CubeIDE/plugins/com.st.stm32cube.ide.mcu.externaltools.gnu-tools-for-stm32.13.3.rel1.win32_1.0.0.202411081344/tools/bin/../lib/gcc/arm-none-eabi/13.3.1/thumb/v8-m.main+dp/hard\libgcc.a
LOAD C:/ST/STM32CubeIDE_1.19.0/STM32CubeIDE/plugins/com.st.stm32cube.ide.mcu.externaltools.gnu-tools-for-stm32.13.3.rel1.win32_1.0.0.202411081344/tools/bin/../lib/gcc/arm-none-eabi/13.3.1/../../../../arm-none-eabi/lib/thumb/v8-m.main+dp/hard\libc_nano.a
END GROUP
START GROUP
LOAD C:/ST/STM32CubeIDE_1.19.0/STM32CubeIDE/plugins/com.st.stm32cube.ide.mcu.externaltools.gnu-tools-for-stm32.13.3.rel1.win32_1.0.0.202411081344/tools/bin/../lib/gcc/arm-none-eabi/13.3.1/thumb/v8-m.main+dp/hard\libgcc.a
LOAD C:/ST/STM32CubeIDE_1.19.0/STM32CubeIDE/plugins/com.st.stm32cube.ide.mcu.externaltools.gnu-tools-for-stm32.13.3.rel1.win32_1.0.0.202411081344/tools/bin/../lib/gcc/arm-none-eabi/13.3.1/../../../../arm-none-eabi/lib/thumb/v8-m.main+dp/hard\libc_nano.a
LOAD C:/ST/STM32CubeIDE_1.19.0/STM32CubeIDE/plugins/com.st.stm32cube.ide.mcu.externaltools.gnu-tools-for-stm32.13.3.rel1.win32_1.0.0.202411081344/tools/bin/../lib/gcc/arm-none-eabi/13.3.1/../../../../arm-none-eabi/lib/thumb/v8-m.main+dp/hard\libnosys.a
END GROUP
START GROUP
LOAD C:/ST/STM32CubeIDE_1.19.0/STM32CubeIDE/plugins/com.st.stm32cube.ide.mcu.externaltools.gnu-tools-for-stm32.13.3.rel1.win32_1.0.0.202411081344/tools/bin/../lib/gcc/arm-none-eabi/13.3.1/thumb/v8-m.main+dp/hard\libgcc.a
LOAD C:/ST/STM32CubeIDE_1.19.0/STM32CubeIDE/plugins/com.st.stm32cube.ide.mcu.externaltools.gnu-tools-for-stm32.13.3.rel1.win32_1.0.0.202411081344/tools/bin/../lib/gcc/arm-none-eabi/13.3.1/../../../../arm-none-eabi/lib/thumb/v8-m.main+dp/hard\libc_nano.a
LOAD C:/ST/STM32CubeIDE_1.19.0/STM32CubeIDE/plugins/com.st.stm32cube.ide.mcu.externaltools.gnu-tools-for-stm32.13.3.rel1.win32_1.0.0.202411081344/tools/bin/../lib/gcc/arm-none-eabi/13.3.1/../../../../arm-none-eabi/lib/thumb/v8-m.main+dp/hard\libnosys.a
END GROUP
LOAD C:/ST/STM32CubeIDE_1.19.0/STM32CubeIDE/plugins/com.st.stm32cube.ide.mcu.externaltools.gnu-tools-for-stm32.13.3.rel1.win32_1.0.0.202411081344/tools/bin/../lib/gcc/arm-none-eabi/13.3.1/thumb/v8-m.main+dp/hard/crtend.o
LOAD C:/ST/STM32CubeIDE_1.19.0/STM32CubeIDE/plugins/com.st.stm32cube.ide.mcu.externaltools.gnu-tools-for-stm32.13.3.rel1.win32_1.0.0.202411081344/tools/bin/../lib/gcc/arm-none-eabi/13.3.1/thumb/v8-m.main+dp/hard/crtn.o
                0x34200000                        _estack = (ORIGIN (RAM) + LENGTH (RAM))
                0x341ff800                        _sstack = (_estack - _Min_Stack_Size)
                0x00000800                        _Min_Heap_Size = 0x800
                0x00000800                        _Min_Stack_Size = 0x800

.isr_vector     0x34000400      0x34c
                0x34000400                        . = ALIGN (0x4)
 *(.isr_vector)
 .isr_vector    0x34000400      0x34c ./Core/Startup/startup_stm32n657x0hxq.o
                0x34000400                g_pfnVectors
                0x3400074c                        . = ALIGN (0x4)

.text           0x34000750     0xf3a8
                0x34000750                        . = ALIGN (0x4)
 *(.text)
 .text          0x34000750       0x40 C:/ST/STM32CubeIDE_1.19.0/STM32CubeIDE/plugins/com.st.stm32cube.ide.mcu.externaltools.gnu-tools-for-stm32.13.3.rel1.win32_1.0.0.202411081344/tools/bin/../lib/gcc/arm-none-eabi/13.3.1/thumb/v8-m.main+dp/hard/crtbegin.o
 .text          0x34000790       0x10 C:/ST/STM32CubeIDE_1.19.0/STM32CubeIDE/plugins/com.st.stm32cube.ide.mcu.externaltools.gnu-tools-for-stm32.13.3.rel1.win32_1.0.0.202411081344/tools/bin/../lib/gcc/arm-none-eabi/13.3.1/../../../../arm-none-eabi/lib/thumb/v8-m.main+dp/hard\libc_nano.a(libc_a-strlen.o)
                0x34000790                strlen
 .text          0x340007a0       0x30 C:/ST/STM32CubeIDE_1.19.0/STM32CubeIDE/plugins/com.st.stm32cube.ide.mcu.externaltools.gnu-tools-for-stm32.13.3.rel1.win32_1.0.0.202411081344/tools/bin/../lib/gcc/arm-none-eabi/13.3.1/thumb/v8-m.main+dp/hard\libgcc.a(_aeabi_uldivmod.o)
                0x340007a0                __aeabi_uldivmod
 .text          0x340007d0      0x348 C:/ST/STM32CubeIDE_1.19.0/STM32CubeIDE/plugins/com.st.stm32cube.ide.mcu.externaltools.gnu-tools-for-stm32.13.3.rel1.win32_1.0.0.202411081344/tools/bin/../lib/gcc/arm-none-eabi/13.3.1/thumb/v8-m.main+dp/hard\libgcc.a(_udivmoddi4.o)
                0x340007d0                __udivmoddi4
 .text          0x34000b18        0x4 C:/ST/STM32CubeIDE_1.19.0/STM32CubeIDE/plugins/com.st.stm32cube.ide.mcu.externaltools.gnu-tools-for-stm32.13.3.rel1.win32_1.0.0.202411081344/tools/bin/../lib/gcc/arm-none-eabi/13.3.1/thumb/v8-m.main+dp/hard\libgcc.a(_dvmd_tls.o)
                0x34000b18                __aeabi_idiv0
                0x34000b18                __aeabi_ldiv0
 *(.text*)
 .text.EncSampler_Init
                0x34000b1c        0x4 ./Core/Src/enc_sampler.o
                0x34000b1c                EncSampler_Init
 .text.EncSampler_TIM7_Callback
                0x34000b20       0xb8 ./Core/Src/enc_sampler.o
                0x34000b20                EncSampler_TIM7_Callback
 .text.EncSampler_Process
                0x34000bd8      0x67c ./Core/Src/enc_sampler.o
                0x34000bd8                EncSampler_Process
 .text.EncSampler_CopyWindowLinear
                0x34001254       0xa4 ./Core/Src/enc_sampler.o
                0x34001254                EncSampler_CopyWindowLinear
 .text.HAL_TIM_PeriodElapsedCallback
                0x340012f8       0x14 ./Core/Src/main.o
                0x340012f8                HAL_TIM_PeriodElapsedCallback
 *fill*         0x3400130c        0x4 
 .text.startup.main
                0x34001310      0x4d8 ./Core/Src/main.o
                0x34001310                main
 .text._write   0x340017e8       0x18 ./Core/Src/main.o
                0x340017e8                _write
 .text.Error_Handler
                0x34001800        0x4 ./Core/Src/main.o
                0x34001800                Error_Handler
 .text.SECURE_RegisterCallback
                0x34001804       0x30 ./Core/Src/secure_nsc.o
                0x34001804                __acle_se_SECURE_RegisterCallback
 .text.HAL_MspInit
                0x34001834       0x14 ./Core/Src/stm32n6xx_hal_msp.o
                0x34001834                HAL_MspInit
 .text.HAL_CACHEAXI_MspInit
                0x34001848       0x2c ./Core/Src/stm32n6xx_hal_msp.o
                0x34001848                HAL_CACHEAXI_MspInit
 *fill*         0x34001874        0x4 
 .text.HAL_UART_MspInit
                0x34001878       0xe0 ./Core/Src/stm32n6xx_hal_msp.o
                0x34001878                HAL_UART_MspInit
 .text.HAL_RAMCFG_MspInit
                0x34001958       0x1c ./Core/Src/stm32n6xx_hal_msp.o
                0x34001958                HAL_RAMCFG_MspInit
 .text.HAL_TIM_Encoder_MspInit
                0x34001974       0x5c ./Core/Src/stm32n6xx_hal_msp.o
                0x34001974                HAL_TIM_Encoder_MspInit
 .text.HAL_TIM_Base_MspInit
                0x340019d0       0x3c ./Core/Src/stm32n6xx_hal_msp.o
                0x340019d0                HAL_TIM_Base_MspInit
 .text.NMI_Handler
                0x34001a0c        0x4 ./Core/Src/stm32n6xx_it.o
                0x34001a0c                NMI_Handler
 .text.HardFault_Handler
                0x34001a10       0x18 ./Core/Src/stm32n6xx_it.o
                0x34001a10                HardFault_Handler
 .text.MemManage_Handler
                0x34001a28       0x18 ./Core/Src/stm32n6xx_it.o
                0x34001a28                MemManage_Handler
 .text.BusFault_Handler
                0x34001a40       0x18 ./Core/Src/stm32n6xx_it.o
                0x34001a40                BusFault_Handler
 .text.UsageFault_Handler
                0x34001a58       0x18 ./Core/Src/stm32n6xx_it.o
                0x34001a58                UsageFault_Handler
 .text.SecureFault_Handler
                0x34001a70       0x18 ./Core/Src/stm32n6xx_it.o
                0x34001a70                SecureFault_Handler
 .text.SVC_Handler
                0x34001a88        0x4 ./Core/Src/stm32n6xx_it.o
                0x34001a88                SVC_Handler
 .text.DebugMon_Handler
                0x34001a8c        0x4 ./Core/Src/stm32n6xx_it.o
                0x34001a8c                DebugMon_Handler
 .text.PendSV_Handler
                0x34001a90        0x4 ./Core/Src/stm32n6xx_it.o
                0x34001a90                PendSV_Handler
 .text.SysTick_Handler
                0x34001a94        0x4 ./Core/Src/stm32n6xx_it.o
                0x34001a94                SysTick_Handler
 .text.TIM7_IRQHandler
                0x34001a98        0xc ./Core/Src/stm32n6xx_it.o
                0x34001a98                TIM7_IRQHandler
 .text._getpid  0x34001aa4        0x4 ./Core/Src/syscalls.o
                0x34001aa4                _getpid
 .text._kill    0x34001aa8       0x14 ./Core/Src/syscalls.o
                0x34001aa8                _kill
 .text._exit    0x34001abc        0xc ./Core/Src/syscalls.o
                0x34001abc                _exit
 .text._read    0x34001ac8       0x1c ./Core/Src/syscalls.o
                0x34001ac8                _read
 .text._close   0x34001ae4        0x8 ./Core/Src/syscalls.o
                0x34001ae4                _close
 .text._fstat   0x34001aec        0xc ./Core/Src/syscalls.o
                0x34001aec                _fstat
 .text._isatty  0x34001af8        0x4 ./Core/Src/syscalls.o
                0x34001af8                _isatty
 .text._lseek   0x34001afc        0x4 ./Core/Src/syscalls.o
                0x34001afc                _lseek
 .text._sbrk    0x34001b00       0x48 ./Core/Src/sysmem.o
                0x34001b00                _sbrk
 .text.SystemInit
                0x34001b48       0xa8 ./Core/Src/system_stm32n6xx_s.o
                0x34001b48                SystemInit
 .text.SystemCoreClockUpdate
                0x34001bf0      0x1e8 ./Core/Src/system_stm32n6xx_s.o
                0x34001bf0                SystemCoreClockUpdate
 .text.SECURE_SystemCoreClockUpdate
                0x34001dd8      0x1e8 ./Core/Src/system_stm32n6xx_s.o
                0x34001dd8                __acle_se_SECURE_SystemCoreClockUpdate
 .text.Reset_Handler
                0x34001fc0       0x5c ./Core/Startup/startup_stm32n657x0hxq.o
                0x34001fc0                Reset_Handler
 .text.Default_Handler
                0x3400201c        0x2 ./Core/Startup/startup_stm32n657x0hxq.o
                0x3400201c                HPDMA1_Channel13_IRQHandler
                0x3400201c                EXTI2_IRQHandler
                0x3400201c                MCE2_IRQHandler
                0x3400201c                TIM8_CC_IRQHandler
                0x3400201c                USB2_OTG_HS_IRQHandler
                0x3400201c                SAI1_A_IRQHandler
                0x3400201c                EXTI5_IRQHandler
                0x3400201c                I3C1_ER_IRQHandler
                0x3400201c                UART8_IRQHandler
                0x3400201c                CTI_INT0_IRQHandler
                0x3400201c                SPI4_IRQHandler
                0x3400201c                LTDC_LO_IRQHandler
                0x3400201c                NPU2_IRQHandler
                0x3400201c                FDCAN3_IT0_IRQHandler
                0x3400201c                EXTI13_IRQHandler
                0x3400201c                TIM1_CC_IRQHandler
                0x3400201c                XSPI1_IRQHandler
                0x3400201c                TIM10_IRQHandler
                0x3400201c                JPEG_IRQHandler
                0x3400201c                TAMP_IRQHandler
                0x3400201c                CACHE_ECC_IRQHandler
                0x3400201c                TIM6_IRQHandler
                0x3400201c                CSI_IRQHandler
                0x3400201c                EXTI12_IRQHandler
                0x3400201c                GFXTIM_IRQHandler
                0x3400201c                EXTI3_IRQHandler
                0x3400201c                LPTIM4_IRQHandler
                0x3400201c                GPDMA1_Channel5_IRQHandler
                0x3400201c                EXTI8_IRQHandler
                0x3400201c                LPTIM2_IRQHandler
                0x3400201c                GFXMMU_IRQHandler
                0x3400201c                LTDC_LO_ERR_IRQHandler
                0x3400201c                I2C3_ER_IRQHandler
                0x3400201c                RIFSC_TAMPER_IRQHandler
                0x3400201c                USART10_IRQHandler
                0x3400201c                MDF1_FLT2_IRQHandler
                0x3400201c                LPTIM3_IRQHandler
                0x3400201c                SAI2_A_IRQHandler
                0x3400201c                EXTI0_IRQHandler
                0x3400201c                HPDMA1_Channel9_IRQHandler
                0x3400201c                I2C2_EV_IRQHandler
                0x3400201c                GPU2D_IRQHandler
                0x3400201c                FPU_IRQHandler
                0x3400201c                GPDMA1_Channel3_IRQHandler
                0x3400201c                GPDMA1_Channel7_IRQHandler
                0x3400201c                MDF1_FLT4_IRQHandler
                0x3400201c                FDCAN1_IT1_IRQHandler
                0x3400201c                HPDMA1_Channel3_IRQHandler
                0x3400201c                ADC1_2_IRQHandler
                0x3400201c                GPDMA1_Channel9_IRQHandler
                0x3400201c                SPI1_IRQHandler
                0x3400201c                CACHEAXI_IRQHandler
                0x3400201c                SAI1_B_IRQHandler
                0x3400201c                GPDMA1_Channel2_IRQHandler
                0x3400201c                PAHB_ERR_IRQHandler
                0x3400201c                TIM8_UP_IRQHandler
                0x3400201c                RCC_S_IRQHandler
                0x3400201c                MDF1_FLT1_IRQHandler
                0x3400201c                LTDC_UP_IRQHandler
                0x3400201c                LOCKUP_IRQHandler
                0x3400201c                PKA_IRQHandler
                0x3400201c                USART6_IRQHandler
                0x3400201c                HPDMA1_Channel2_IRQHandler
                0x3400201c                MDF1_FLT5_IRQHandler
                0x3400201c                MCE4_IRQHandler
                0x3400201c                I3C2_ER_IRQHandler
                0x3400201c                EXTI15_IRQHandler
                0x3400201c                TIM17_IRQHandler
                0x3400201c                USART3_IRQHandler
                0x3400201c                HPDMA1_Channel6_IRQHandler
                0x3400201c                CRYP_IRQHandler
                0x3400201c                RTC_IRQHandler
                0x3400201c                XSPI2_IRQHandler
                0x3400201c                EXTI9_IRQHandler
                0x3400201c                IAC_IRQHandler
                0x3400201c                HPDMA1_Channel0_IRQHandler
                0x3400201c                LPTIM5_IRQHandler
                0x3400201c                HPDMA1_Channel1_IRQHandler
                0x3400201c                UART5_IRQHandler
                0x3400201c                TIM4_IRQHandler
                0x3400201c                NPU3_IRQHandler
                0x3400201c                I3C2_EV_IRQHandler
                0x3400201c                I2C1_EV_IRQHandler
                0x3400201c                FDCAN_CU_IRQHandler
                0x3400201c                GPDMA1_Channel12_IRQHandler
                0x3400201c                HPDMA1_Channel7_IRQHandler
                0x3400201c                GPDMA1_Channel1_IRQHandler
                0x3400201c                TIM16_IRQHandler
                0x3400201c                GPDMA1_Channel15_IRQHandler
                0x3400201c                UART4_IRQHandler
                0x3400201c                TCM_ECC_IRQHandler
                0x3400201c                TIM3_IRQHandler
                0x3400201c                RCC_IRQHandler
                0x3400201c                UART9_IRQHandler
                0x3400201c                NPU1_IRQHandler
                0x3400201c                SAI2_B_IRQHandler
                0x3400201c                Default_Handler
                0x3400201c                GPDMA1_Channel8_IRQHandler
                0x3400201c                HPDMA1_Channel8_IRQHandler
                0x3400201c                TIM18_IRQHandler
                0x3400201c                TIM14_IRQHandler
                0x3400201c                TIM13_IRQHandler
                0x3400201c                CTI_INT1_IRQHandler
                0x3400201c                GPDMA1_Channel11_IRQHandler
                0x3400201c                GPU2D_ER_IRQHandler
                0x3400201c                SPI5_IRQHandler
                0x3400201c                TIM12_IRQHandler
                0x3400201c                FDCAN3_IT1_IRQHandler
                0x3400201c                HPDMA1_Channel10_IRQHandler
                0x3400201c                SDMMC1_IRQHandler
                0x3400201c                SAES_IRQHandler
                0x3400201c                TIM5_IRQHandler
                0x3400201c                UCPD1_IRQHandler
                0x3400201c                GPDMA1_Channel0_IRQHandler
                0x3400201c                I3C1_EV_IRQHandler
                0x3400201c                HPDMA1_Channel5_IRQHandler
                0x3400201c                TIM15_IRQHandler
                0x3400201c                I2C3_EV_IRQHandler
                0x3400201c                HPDMA1_Channel4_IRQHandler
                0x3400201c                HPDMA1_Channel15_IRQHandler
                0x3400201c                TIM9_IRQHandler
                0x3400201c                ETH1_IRQHandler
                0x3400201c                USB1_OTG_HS_IRQHandler
                0x3400201c                PVD_PVM_IRQHandler
                0x3400201c                SPI2_IRQHandler
                0x3400201c                TIM1_TRG_CCU_IRQHandler
                0x3400201c                HPDMA1_Channel11_IRQHandler
                0x3400201c                EXTI14_IRQHandler
                0x3400201c                EXTI11_IRQHandler
                0x3400201c                VENC_IRQHandler
                0x3400201c                GPDMA1_Channel14_IRQHandler
                0x3400201c                EXTI4_IRQHandler
                0x3400201c                RTC_S_IRQHandler
                0x3400201c                GPDMA1_Channel13_IRQHandler
                0x3400201c                RNG_IRQHandler
                0x3400201c                XSPI3_IRQHandler
                0x3400201c                FDCAN2_IT1_IRQHandler
                0x3400201c                TIM1_UP_IRQHandler
                0x3400201c                NPU0_IRQHandler
                0x3400201c                BCK_ECC_IRQHandler
                0x3400201c                WWDG_IRQHandler
                0x3400201c                SPI6_IRQHandler
                0x3400201c                MDIOS_IRQHandler
                0x3400201c                I2C4_EV_IRQHandler
                0x3400201c                FDCAN2_IT0_IRQHandler
                0x3400201c                IWDG_IRQHandler
                0x3400201c                HPDMA1_Channel14_IRQHandler
                0x3400201c                LPUART1_IRQHandler
                0x3400201c                FDCAN1_IT0_IRQHandler
                0x3400201c                MDF1_FLT0_IRQHandler
                0x3400201c                TIM2_IRQHandler
                0x3400201c                MCE3_IRQHandler
                0x3400201c                GPDMA1_Channel4_IRQHandler
                0x3400201c                EXTI7_IRQHandler
                0x3400201c                DMA2D_IRQHandler
                0x3400201c                TIM1_BRK_IRQHandler
                0x3400201c                EXTI1_IRQHandler
                0x3400201c                SDMMC2_IRQHandler
                0x3400201c                TIM11_IRQHandler
                0x3400201c                LTDC_UP_ERR_IRQHandler
                0x3400201c                UART7_IRQHandler
                0x3400201c                DTS_IRQHandler
                0x3400201c                MDF1_FLT3_IRQHandler
                0x3400201c                USART2_IRQHandler
                0x3400201c                GPDMA1_Channel6_IRQHandler
                0x3400201c                ADF1_FLT0_IRQHandler
                0x3400201c                I2C2_ER_IRQHandler
                0x3400201c                MCE1_IRQHandler
                0x3400201c                SPDIFRX_IRQHandler
                0x3400201c                TIM8_BRK_IRQHandler
                0x3400201c                HPDMA1_Channel12_IRQHandler
                0x3400201c                USART1_IRQHandler
                0x3400201c                EXTI10_IRQHandler
                0x3400201c                SPI3_IRQHandler
                0x3400201c                WAKEUP_PIN_IRQHandler
                0x3400201c                DCMIPP_IRQHandler
                0x3400201c                I2C1_ER_IRQHandler
                0x3400201c                FMC_IRQHandler
                0x3400201c                EXTI6_IRQHandler
                0x3400201c                LPTIM1_IRQHandler
                0x3400201c                DCMI_PSSI_IRQHandler
                0x3400201c                TIM8_TRG_CCU_IRQHandler
                0x3400201c                I2C4_ER_IRQHandler
                0x3400201c                GPDMA1_Channel10_IRQHandler
                0x3400201c                ICACHE_IRQHandler
                0x3400201c                HASH_IRQHandler
 *fill*         0x3400201e        0x2 
 .text.BSP_LED_Init
                0x34002020       0x64 ./Drivers/BSP/STM32N6xx_Nucleo/stm32n6xx_nucleo.o
                0x34002020                BSP_LED_Init
 .text.BSP_LED_Toggle
                0x34002084       0x20 ./Drivers/BSP/STM32N6xx_Nucleo/stm32n6xx_nucleo.o
                0x34002084                BSP_LED_Toggle
 .text.HAL_InitTick
                0x340020a4       0x4c ./Drivers/STM32N6xx_HAL_Driver/stm32n6xx_hal.o
                0x340020a4                HAL_InitTick
 .text.HAL_Init
                0x340020f0       0x24 ./Drivers/STM32N6xx_HAL_Driver/stm32n6xx_hal.o
                0x340020f0                HAL_Init
 .text.HAL_IncTick
                0x34002114       0x18 ./Drivers/STM32N6xx_HAL_Driver/stm32n6xx_hal.o
                0x34002114                HAL_IncTick
 .text.HAL_GetTick
                0x3400212c        0xc ./Drivers/STM32N6xx_HAL_Driver/stm32n6xx_hal.o
                0x3400212c                HAL_GetTick
 .text.HAL_CACHEAXI_Init
                0x34002138       0x5c ./Drivers/STM32N6xx_HAL_Driver/stm32n6xx_hal_cacheaxi.o
                0x34002138                HAL_CACHEAXI_Init
 .text.HAL_NVIC_SetPriorityGrouping
                0x34002194       0x24 ./Drivers/STM32N6xx_HAL_Driver/stm32n6xx_hal_cortex.o
                0x34002194                HAL_NVIC_SetPriorityGrouping
 .text.HAL_NVIC_SetPriority
                0x340021b8       0x74 ./Drivers/STM32N6xx_HAL_Driver/stm32n6xx_hal_cortex.o
                0x340021b8                HAL_NVIC_SetPriority
 .text.HAL_NVIC_EnableIRQ
                0x3400222c       0x1c ./Drivers/STM32N6xx_HAL_Driver/stm32n6xx_hal_cortex.o
                0x3400222c                HAL_NVIC_EnableIRQ
 .text.HAL_SYSTICK_Config
                0x34002248       0x34 ./Drivers/STM32N6xx_HAL_Driver/stm32n6xx_hal_cortex.o
                0x34002248                HAL_SYSTICK_Config
 .text.HAL_GPIO_Init
                0x3400227c      0x428 ./Drivers/STM32N6xx_HAL_Driver/stm32n6xx_hal_gpio.o
                0x3400227c                HAL_GPIO_Init
 .text.HAL_GPIO_WritePin
                0x340026a4        0xc ./Drivers/STM32N6xx_HAL_Driver/stm32n6xx_hal_gpio.o
                0x340026a4                HAL_GPIO_WritePin
 .text.HAL_GPIO_TogglePin
                0x340026b0       0x14 ./Drivers/STM32N6xx_HAL_Driver/stm32n6xx_hal_gpio.o
                0x340026b0                HAL_GPIO_TogglePin
 .text.HAL_GPIO_ConfigPinAttributes
                0x340026c4       0x38 ./Drivers/STM32N6xx_HAL_Driver/stm32n6xx_hal_gpio.o
                0x340026c4                HAL_GPIO_ConfigPinAttributes
 .text.HAL_PWREx_EnableVddIO2
                0x340026fc       0x10 ./Drivers/STM32N6xx_HAL_Driver/stm32n6xx_hal_pwr_ex.o
                0x340026fc                HAL_PWREx_EnableVddIO2
 .text.HAL_PWREx_EnableVddIO3
                0x3400270c       0x10 ./Drivers/STM32N6xx_HAL_Driver/stm32n6xx_hal_pwr_ex.o
                0x3400270c                HAL_PWREx_EnableVddIO3
 .text.HAL_PWREx_EnableVddIO4
                0x3400271c       0x10 ./Drivers/STM32N6xx_HAL_Driver/stm32n6xx_hal_pwr_ex.o
                0x3400271c                HAL_PWREx_EnableVddIO4
 .text.HAL_RAMCFG_Init
                0x3400272c       0x40 ./Drivers/STM32N6xx_HAL_Driver/stm32n6xx_hal_ramcfg.o
                0x3400272c                HAL_RAMCFG_Init
 .text.HAL_RCC_GetSysClockFreq
                0x3400276c       0xa4 ./Drivers/STM32N6xx_HAL_Driver/stm32n6xx_hal_rcc.o
                0x3400276c                HAL_RCC_GetSysClockFreq
 .text.HAL_RCCEx_PeriphCLKConfig
                0x34002810     0x1fcc ./Drivers/STM32N6xx_HAL_Driver/stm32n6xx_hal_rcc_ex.o
                0x34002810                HAL_RCCEx_PeriphCLKConfig
 .text.HAL_RCCEx_GetPLL1CLKFreq
                0x340047dc      0x180 ./Drivers/STM32N6xx_HAL_Driver/stm32n6xx_hal_rcc_ex.o
                0x340047dc                HAL_RCCEx_GetPLL1CLKFreq
 .text.HAL_RCCEx_GetPLL2CLKFreq
                0x3400495c      0x180 ./Drivers/STM32N6xx_HAL_Driver/stm32n6xx_hal_rcc_ex.o
                0x3400495c                HAL_RCCEx_GetPLL2CLKFreq
 .text.HAL_RCCEx_GetPLL3CLKFreq
                0x34004adc      0x180 ./Drivers/STM32N6xx_HAL_Driver/stm32n6xx_hal_rcc_ex.o
                0x34004adc                HAL_RCCEx_GetPLL3CLKFreq
 .text.HAL_RCCEx_GetPLL4CLKFreq
                0x34004c5c      0x180 ./Drivers/STM32N6xx_HAL_Driver/stm32n6xx_hal_rcc_ex.o
                0x34004c5c                HAL_RCCEx_GetPLL4CLKFreq
 .text.RCCEx_GetCLKPCLKFreq.constprop.0
                0x34004ddc      0x128 ./Drivers/STM32N6xx_HAL_Driver/stm32n6xx_hal_rcc_ex.o
 .text.RCCEx_GetSPDIFRXCLKFreq.constprop.0
                0x34004f04       0xe8 ./Drivers/STM32N6xx_HAL_Driver/stm32n6xx_hal_rcc_ex.o
 .text.RCCEx_GetXSPICLKFreq
                0x34004fec      0x114 ./Drivers/STM32N6xx_HAL_Driver/stm32n6xx_hal_rcc_ex.o
 .text.RCCEx_GetOTGPHYCLKFreq
                0x34005100      0x100 ./Drivers/STM32N6xx_HAL_Driver/stm32n6xx_hal_rcc_ex.o
 .text.RCCEx_GetUSARTCLKFreq
                0x34005200      0x268 ./Drivers/STM32N6xx_HAL_Driver/stm32n6xx_hal_rcc_ex.o
 .text.RCCEx_GetUARTCLKFreq
                0x34005468      0x274 ./Drivers/STM32N6xx_HAL_Driver/stm32n6xx_hal_rcc_ex.o
 .text.RCCEx_GetSPICLKFreq
                0x340056dc      0x2f0 ./Drivers/STM32N6xx_HAL_Driver/stm32n6xx_hal_rcc_ex.o
 .text.RCCEx_GetSAICLKFreq
                0x340059cc      0x18c ./Drivers/STM32N6xx_HAL_Driver/stm32n6xx_hal_rcc_ex.o
 .text.RCCEx_GetI3CCLKFreq
                0x34005b58      0x140 ./Drivers/STM32N6xx_HAL_Driver/stm32n6xx_hal_rcc_ex.o
 .text.RCCEx_GetSDMMCCLKFreq
                0x34005c98       0xe8 ./Drivers/STM32N6xx_HAL_Driver/stm32n6xx_hal_rcc_ex.o
 .text.RCCEx_GetI2CCLKFreq
                0x34005d80      0x1b4 ./Drivers/STM32N6xx_HAL_Driver/stm32n6xx_hal_rcc_ex.o
 .text.RCCEx_GetLPTIMCLKFreq
                0x34005f34      0x204 ./Drivers/STM32N6xx_HAL_Driver/stm32n6xx_hal_rcc_ex.o
 .text.HAL_RCCEx_GetPeriphCLKFreq
                0x34006138     0x10f0 ./Drivers/STM32N6xx_HAL_Driver/stm32n6xx_hal_rcc_ex.o
                0x34006138                HAL_RCCEx_GetPeriphCLKFreq
 .text.HAL_TIM_Base_Init
                0x34007228      0x1b4 ./Drivers/STM32N6xx_HAL_Driver/stm32n6xx_hal_tim.o
                0x34007228                HAL_TIM_Base_Init
 .text.HAL_TIM_Base_Start_IT
                0x340073dc       0xd4 ./Drivers/STM32N6xx_HAL_Driver/stm32n6xx_hal_tim.o
                0x340073dc                HAL_TIM_Base_Start_IT
 .text.HAL_TIM_Encoder_Init
                0x340074b0      0x238 ./Drivers/STM32N6xx_HAL_Driver/stm32n6xx_hal_tim.o
                0x340074b0                HAL_TIM_Encoder_Init
 .text.HAL_TIM_Encoder_Start
                0x340076e8       0xc4 ./Drivers/STM32N6xx_HAL_Driver/stm32n6xx_hal_tim.o
                0x340076e8                HAL_TIM_Encoder_Start
 .text.HAL_TIM_OC_DelayElapsedCallback
                0x340077ac        0x4 ./Drivers/STM32N6xx_HAL_Driver/stm32n6xx_hal_tim.o
                0x340077ac                HAL_TIM_OC_DelayElapsedCallback
 .text.HAL_TIM_IC_CaptureCallback
                0x340077b0        0x4 ./Drivers/STM32N6xx_HAL_Driver/stm32n6xx_hal_tim.o
                0x340077b0                HAL_TIM_IC_CaptureCallback
 .text.HAL_TIM_PWM_PulseFinishedCallback
                0x340077b4        0x4 ./Drivers/STM32N6xx_HAL_Driver/stm32n6xx_hal_tim.o
                0x340077b4                HAL_TIM_PWM_PulseFinishedCallback
 .text.HAL_TIM_TriggerCallback
                0x340077b8        0x4 ./Drivers/STM32N6xx_HAL_Driver/stm32n6xx_hal_tim.o
                0x340077b8                HAL_TIM_TriggerCallback
 .text.HAL_TIM_IRQHandler
                0x340077bc      0x1c4 ./Drivers/STM32N6xx_HAL_Driver/stm32n6xx_hal_tim.o
                0x340077bc                HAL_TIM_IRQHandler
 .text.TIM_ETR_SetConfig
                0x34007980       0x14 ./Drivers/STM32N6xx_HAL_Driver/stm32n6xx_hal_tim.o
                0x34007980                TIM_ETR_SetConfig
 .text.HAL_TIMEx_MasterConfigSynchronization
                0x34007994       0xf4 ./Drivers/STM32N6xx_HAL_Driver/stm32n6xx_hal_tim_ex.o
                0x34007994                HAL_TIMEx_MasterConfigSynchronization
 .text.HAL_TIMEx_ConfigEncoderIndex
                0x34007a88       0x58 ./Drivers/STM32N6xx_HAL_Driver/stm32n6xx_hal_tim_ex.o
                0x34007a88                HAL_TIMEx_ConfigEncoderIndex
 .text.HAL_TIMEx_EnableEncoderIndex
                0x34007ae0       0x10 ./Drivers/STM32N6xx_HAL_Driver/stm32n6xx_hal_tim_ex.o
                0x34007ae0                HAL_TIMEx_EnableEncoderIndex
 .text.HAL_TIMEx_CommutCallback
                0x34007af0        0x4 ./Drivers/STM32N6xx_HAL_Driver/stm32n6xx_hal_tim_ex.o
                0x34007af0                HAL_TIMEx_CommutCallback
 .text.HAL_TIMEx_BreakCallback
                0x34007af4        0x4 ./Drivers/STM32N6xx_HAL_Driver/stm32n6xx_hal_tim_ex.o
                0x34007af4                HAL_TIMEx_BreakCallback
 .text.HAL_TIMEx_Break2Callback
                0x34007af8        0x4 ./Drivers/STM32N6xx_HAL_Driver/stm32n6xx_hal_tim_ex.o
                0x34007af8                HAL_TIMEx_Break2Callback
 .text.HAL_TIMEx_EncoderIndexCallback
                0x34007afc        0x4 ./Drivers/STM32N6xx_HAL_Driver/stm32n6xx_hal_tim_ex.o
                0x34007afc                HAL_TIMEx_EncoderIndexCallback
 .text.HAL_TIMEx_DirectionChangeCallback
                0x34007b00        0x4 ./Drivers/STM32N6xx_HAL_Driver/stm32n6xx_hal_tim_ex.o
                0x34007b00                HAL_TIMEx_DirectionChangeCallback
 .text.HAL_TIMEx_IndexErrorCallback
                0x34007b04        0x4 ./Drivers/STM32N6xx_HAL_Driver/stm32n6xx_hal_tim_ex.o
                0x34007b04                HAL_TIMEx_IndexErrorCallback
 .text.HAL_TIMEx_TransitionErrorCallback
                0x34007b08        0x4 ./Drivers/STM32N6xx_HAL_Driver/stm32n6xx_hal_tim_ex.o
                0x34007b08                HAL_TIMEx_TransitionErrorCallback
 .text.HAL_UART_Transmit
                0x34007b0c      0x11c ./Drivers/STM32N6xx_HAL_Driver/stm32n6xx_hal_uart.o
                0x34007b0c                HAL_UART_Transmit
 .text.UART_AdvFeatureConfig
                0x34007c28       0xb0 ./Drivers/STM32N6xx_HAL_Driver/stm32n6xx_hal_uart.o
                0x34007c28                UART_AdvFeatureConfig
 .text.UART_CheckIdleState
                0x34007cd8      0x258 ./Drivers/STM32N6xx_HAL_Driver/stm32n6xx_hal_uart.o
                0x34007cd8                UART_CheckIdleState
 .text.HAL_UART_Init
                0x34007f30      0x2c8 ./Drivers/STM32N6xx_HAL_Driver/stm32n6xx_hal_uart.o
                0x34007f30                HAL_UART_Init
 .text.HAL_UARTEx_DisableFifoMode
                0x340081f8       0x3c ./Drivers/STM32N6xx_HAL_Driver/stm32n6xx_hal_uart_ex.o
                0x340081f8                HAL_UARTEx_DisableFifoMode
 .text.HAL_UARTEx_SetTxFifoThreshold
                0x34008234       0x88 ./Drivers/STM32N6xx_HAL_Driver/stm32n6xx_hal_uart_ex.o
                0x34008234                HAL_UARTEx_SetTxFifoThreshold
 .text.HAL_UARTEx_SetRxFifoThreshold
                0x340082bc       0x88 ./Drivers/STM32N6xx_HAL_Driver/stm32n6xx_hal_uart_ex.o
                0x340082bc                HAL_UARTEx_SetRxFifoThreshold
 .text.MX_X_CUBE_AI_Init
                0x34008344      0x170 ./X-CUBE-AI/App/app_x-cube-ai.o
                0x34008344                MX_X_CUBE_AI_Init
 .text.MX_X_CUBE_AI_Process
                0x340084b4      0x844 ./X-CUBE-AI/App/app_x-cube-ai.o
                0x340084b4                MX_X_CUBE_AI_Process
 .text.ai_network_get_error
                0x34008cf8        0x4 ./X-CUBE-AI/App/network.o
                0x34008cf8                ai_network_get_error
 .text.ai_network_inputs_get
                0x34008cfc       0x1c ./X-CUBE-AI/App/network.o
                0x34008cfc                ai_network_inputs_get
 .text.ai_network_outputs_get
                0x34008d18       0x1c ./X-CUBE-AI/App/network.o
                0x34008d18                ai_network_outputs_get
 .text.ai_network_init
                0x34008d34      0x19c ./X-CUBE-AI/App/network.o
                0x34008d34                ai_network_init
 .text.ai_network_create_and_init
                0x34008ed0       0xb4 ./X-CUBE-AI/App/network.o
                0x34008ed0                ai_network_create_and_init
 .text.ai_network_run
                0x34008f84        0x4 ./X-CUBE-AI/App/network.o
                0x34008f84                ai_network_run
 .text.ai_network_data_params_get
                0x34008f88       0x38 ./X-CUBE-AI/App/network_data.o
                0x34008f88                ai_network_data_params_get
 .text.ai_buffer_get_size
                0x34008fc0       0x64 ../../Middlewares/ST/AI/Lib\NetworkRuntime1020_CM55_GCC.a(ai_platform.o)
                0x34008fc0                ai_buffer_get_size
 .text.ai_buffer_array_sane
                0x34009024       0x14 ../../Middlewares/ST/AI/Lib\NetworkRuntime1020_CM55_GCC.a(ai_platform.o)
                0x34009024                ai_buffer_array_sane
 .text.ai_buffer_array_item_set_address
                0x34009038       0x1c ../../Middlewares/ST/AI/Lib\NetworkRuntime1020_CM55_GCC.a(ai_platform.o)
                0x34009038                ai_buffer_array_item_set_address
 .text.ai_platform_get_weights_map
                0x34009054       0xb0 ../../Middlewares/ST/AI/Lib\NetworkRuntime1020_CM55_GCC.a(ai_platform_interface.o)
                0x34009054                ai_platform_get_weights_map
 .text.ai_platform_get_activations_map
                0x34009104       0xb0 ../../Middlewares/ST/AI/Lib\NetworkRuntime1020_CM55_GCC.a(ai_platform_interface.o)
                0x34009104                ai_platform_get_activations_map
 .text.ai_platform_bind_network_params
                0x340091b4       0x44 ../../Middlewares/ST/AI/Lib\NetworkRuntime1020_CM55_GCC.a(ai_platform_interface.o)
                0x340091b4                ai_platform_bind_network_params
 .text.ai_platform_network_get_error
                0x340091f8       0x18 ../../Middlewares/ST/AI/Lib\NetworkRuntime1020_CM55_GCC.a(ai_platform_interface.o)
                0x340091f8                ai_platform_network_get_error
 .text.ai_platform_network_set_error
                0x34009210        0xc ../../Middlewares/ST/AI/Lib\NetworkRuntime1020_CM55_GCC.a(ai_platform_interface.o)
                0x34009210                ai_platform_network_set_error
 .text.ai_platform_inputs_get
                0x3400921c       0xe8 ../../Middlewares/ST/AI/Lib\NetworkRuntime1020_CM55_GCC.a(ai_platform_interface.o)
                0x3400921c                ai_platform_inputs_get
 .text.ai_platform_outputs_get
                0x34009304       0xe4 ../../Middlewares/ST/AI/Lib\NetworkRuntime1020_CM55_GCC.a(ai_platform_interface.o)
                0x34009304                ai_platform_outputs_get
 .text.ai_platform_network_create
                0x340093e8       0x84 ../../Middlewares/ST/AI/Lib\NetworkRuntime1020_CM55_GCC.a(ai_platform_interface.o)
                0x340093e8                ai_platform_network_create
 .text.ai_platform_network_init
                0x3400946c      0x130 ../../Middlewares/ST/AI/Lib\NetworkRuntime1020_CM55_GCC.a(ai_platform_interface.o)
                0x3400946c                ai_platform_network_init
 .text.ai_platform_network_post_init
                0x3400959c       0x58 ../../Middlewares/ST/AI/Lib\NetworkRuntime1020_CM55_GCC.a(ai_platform_interface.o)
                0x3400959c                ai_platform_network_post_init
 .text.ai_platform_network_process
                0x340095f4      0x42c ../../Middlewares/ST/AI/Lib\NetworkRuntime1020_CM55_GCC.a(ai_platform_interface.o)
                0x340095f4                ai_platform_network_process
 .text.core_init
                0x34009a20        0x4 ../../Middlewares/ST/AI/Lib\NetworkRuntime1020_CM55_GCC.a(core_common.o)
                0x34009a20                core_init
 .text.core_get_error
                0x34009a24        0xc ../../Middlewares/ST/AI/Lib\NetworkRuntime1020_CM55_GCC.a(core_common.o)
                0x34009a24                core_get_error
 .text.core_set_error
                0x34009a30       0x18 ../../Middlewares/ST/AI/Lib\NetworkRuntime1020_CM55_GCC.a(core_common.o)
                0x34009a30                core_set_error
 .text.ai_check_custom_types
                0x34009a48       0x50 ../../Middlewares/ST/AI/Lib\NetworkRuntime1020_CM55_GCC.a(layers.o)
                0x34009a48                ai_check_custom_types
 .text.ai_layers_init_all
                0x34009a98       0x20 ../../Middlewares/ST/AI/Lib\NetworkRuntime1020_CM55_GCC.a(layers.o)
                0x34009a98                ai_layers_init_all
 .text.ai_layers_post_init_all
                0x34009ab8       0x38 ../../Middlewares/ST/AI/Lib\NetworkRuntime1020_CM55_GCC.a(layers.o)
                0x34009ab8                ai_layers_post_init_all
 .text.ai_layers_forward_all
                0x34009af0       0x8c ../../Middlewares/ST/AI/Lib\NetworkRuntime1020_CM55_GCC.a(layers.o)
                0x34009af0                ai_layers_forward_all
 .text.forward_dense
                0x34009b7c      0x10c ../../Middlewares/ST/AI/Lib\NetworkRuntime1020_CM55_GCC.a(layers_conv2d_generic_float.o)
                0x34009b7c                forward_dense
 .text.nl_func_sigmoid_array_f32
                0x34009c88       0x50 ../../Middlewares/ST/AI/Lib\NetworkRuntime1020_CM55_GCC.a(layers_nl_generic_float.o)
                0x34009c88                nl_func_sigmoid_array_f32
 .text.nl_func_tanh_array_f32
                0x34009cd8       0x38 ../../Middlewares/ST/AI/Lib\NetworkRuntime1020_CM55_GCC.a(layers_nl_generic_float.o)
                0x34009cd8                nl_func_tanh_array_f32
 .text.forward_relu
                0x34009d10      0x168 ../../Middlewares/ST/AI/Lib\NetworkRuntime1020_CM55_GCC.a(layers_nl_generic_float.o)
                0x34009d10                forward_relu
 .text.forward_sm
                0x34009e78       0x8c ../../Middlewares/ST/AI/Lib\NetworkRuntime1020_CM55_GCC.a(layers_nl_generic_float.o)
                0x34009e78                forward_sm
 .text.array_f32_identity
                0x34009f04       0x14 ../../Middlewares/ST/AI/Lib\NetworkRuntime1020_CM55_GCC.a(layers_rnn_generic_float.o)
 .text.forward_lstm
                0x34009f18     0x1c48 ../../Middlewares/ST/AI/Lib\NetworkRuntime1020_CM55_GCC.a(layers_rnn_generic_float.o)
                0x34009f18                forward_lstm
 .text.forward_lite_nl_softmax_if32of32_kernel
                0x3400bb60      0x238 ../../Middlewares/ST/AI/Lib\NetworkRuntime1020_CM55_GCC.a(lite_nl_softmax_if32of32.o)
                0x3400bb60                forward_lite_nl_softmax_if32of32_kernel
 .text.forward_lite_nl_relu_generic_if32of32_kernel
                0x3400bd98      0x1a8 ../../Middlewares/ST/AI/Lib\NetworkRuntime1020_CM55_GCC.a(lite_nl_relu_if32of32.o)
                0x3400bd98                forward_lite_nl_relu_generic_if32of32_kernel
 .text.forward_lite_dense_if32of32wf32
                0x3400bf40      0x2cc ../../Middlewares/ST/AI/Lib\NetworkRuntime1020_CM55_GCC.a(lite_dense_if32.o)
                0x3400bf40                forward_lite_dense_if32of32wf32
 .text.forward_lite_dense_if32of32wf32_lut4
                0x3400c20c      0x438 ../../Middlewares/ST/AI/Lib\NetworkRuntime1020_CM55_GCC.a(lite_dense_if32.o)
                0x3400c20c                forward_lite_dense_if32of32wf32_lut4
 .text.forward_lite_dense_if32of32wf32_lut8
                0x3400c644      0x44c ../../Middlewares/ST/AI/Lib\NetworkRuntime1020_CM55_GCC.a(lite_dense_if32.o)
                0x3400c644                forward_lite_dense_if32of32wf32_lut8
 .text.forward_lite_nl_softmax_if32of32
                0x3400ca90       0x64 ../../Middlewares/ST/AI/Lib\NetworkRuntime1020_CM55_GCC.a(lite_nl_generic_float.o)
                0x3400ca90                forward_lite_nl_softmax_if32of32
 .text.st_int8_copy
                0x3400caf4       0xc0 ../../Middlewares/ST/AI/Lib\NetworkRuntime1020_CM55_GCC.a(st_int8_fill.o)
                0x3400caf4                st_int8_copy
 .text.st_int8_fill
                0x3400cbb4       0x94 ../../Middlewares/ST/AI/Lib\NetworkRuntime1020_CM55_GCC.a(st_int8_fill.o)
                0x3400cbb4                st_int8_fill
 .text.ai_array_to_buffer_fmt
                0x3400cc48       0xd4 ../../Middlewares/ST/AI/Lib\NetworkRuntime1020_CM55_GCC.a(ai_datatypes_format.o)
                0x3400cc48                ai_array_to_buffer_fmt
 .text.ai_array_get_data_byte_size
                0x3400cd1c       0x20 ../../Middlewares/ST/AI/Lib\NetworkRuntime1020_CM55_GCC.a(ai_datatypes_format.o)
                0x3400cd1c                ai_array_get_data_byte_size
 .text.ai_version_get
                0x3400cd3c        0xc ../../Middlewares/ST/AI/Lib\NetworkRuntime1020_CM55_GCC.a(ai_datatypes_internal.o)
                0x3400cd3c                ai_version_get
 .text.get_tensor_byte_size
                0x3400cd48       0x30 ../../Middlewares/ST/AI/Lib\NetworkRuntime1020_CM55_GCC.a(ai_datatypes_internal.o)
                0x3400cd48                get_tensor_byte_size
 .text.malloc   0x3400cd78       0x10 C:/ST/STM32CubeIDE_1.19.0/STM32CubeIDE/plugins/com.st.stm32cube.ide.mcu.externaltools.gnu-tools-for-stm32.13.3.rel1.win32_1.0.0.202411081344/tools/bin/../lib/gcc/arm-none-eabi/13.3.1/../../../../arm-none-eabi/lib/thumb/v8-m.main+dp/hard\libc_nano.a(libc_a-malloc.o)
                0x3400cd78                malloc
 .text.sbrk_aligned
                0x3400cd88       0x44 C:/ST/STM32CubeIDE_1.19.0/STM32CubeIDE/plugins/com.st.stm32cube.ide.mcu.externaltools.gnu-tools-for-stm32.13.3.rel1.win32_1.0.0.202411081344/tools/bin/../lib/gcc/arm-none-eabi/13.3.1/../../../../arm-none-eabi/lib/thumb/v8-m.main+dp/hard\libc_nano.a(libc_a-mallocr.o)
 .text._malloc_r
                0x3400cdcc      0x100 C:/ST/STM32CubeIDE_1.19.0/STM32CubeIDE/plugins/com.st.stm32cube.ide.mcu.externaltools.gnu-tools-for-stm32.13.3.rel1.win32_1.0.0.202411081344/tools/bin/../lib/gcc/arm-none-eabi/13.3.1/../../../../arm-none-eabi/lib/thumb/v8-m.main+dp/hard\libc_nano.a(libc_a-mallocr.o)
                0x3400cdcc                _malloc_r
 .text.__malloc_lock
                0x3400cecc        0xc C:/ST/STM32CubeIDE_1.19.0/STM32CubeIDE/plugins/com.st.stm32cube.ide.mcu.externaltools.gnu-tools-for-stm32.13.3.rel1.win32_1.0.0.202411081344/tools/bin/../lib/gcc/arm-none-eabi/13.3.1/../../../../arm-none-eabi/lib/thumb/v8-m.main+dp/hard\libc_nano.a(libc_a-mlock.o)
                0x3400cecc                __malloc_lock
 .text.__malloc_unlock
                0x3400ced8        0xc C:/ST/STM32CubeIDE_1.19.0/STM32CubeIDE/plugins/com.st.stm32cube.ide.mcu.externaltools.gnu-tools-for-stm32.13.3.rel1.win32_1.0.0.202411081344/tools/bin/../lib/gcc/arm-none-eabi/13.3.1/../../../../arm-none-eabi/lib/thumb/v8-m.main+dp/hard\libc_nano.a(libc_a-mlock.o)
                0x3400ced8                __malloc_unlock
 .text.__cvt    0x3400cee4       0xa8 C:/ST/STM32CubeIDE_1.19.0/STM32CubeIDE/plugins/com.st.stm32cube.ide.mcu.externaltools.gnu-tools-for-stm32.13.3.rel1.win32_1.0.0.202411081344/tools/bin/../lib/gcc/arm-none-eabi/13.3.1/../../../../arm-none-eabi/lib/thumb/v8-m.main+dp/hard\libc_nano.a(libc_a-nano-vfprintf_float.o)
                0x3400cee4                __cvt
 .text.__exponent
                0x3400cf8c       0x72 C:/ST/STM32CubeIDE_1.19.0/STM32CubeIDE/plugins/com.st.stm32cube.ide.mcu.externaltools.gnu-tools-for-stm32.13.3.rel1.win32_1.0.0.202411081344/tools/bin/../lib/gcc/arm-none-eabi/13.3.1/../../../../arm-none-eabi/lib/thumb/v8-m.main+dp/hard\libc_nano.a(libc_a-nano-vfprintf_float.o)
                0x3400cf8c                __exponent
 *fill*         0x3400cffe        0x2 
 .text._printf_float
                0x3400d000      0x434 C:/ST/STM32CubeIDE_1.19.0/STM32CubeIDE/plugins/com.st.stm32cube.ide.mcu.externaltools.gnu-tools-for-stm32.13.3.rel1.win32_1.0.0.202411081344/tools/bin/../lib/gcc/arm-none-eabi/13.3.1/../../../../arm-none-eabi/lib/thumb/v8-m.main+dp/hard\libc_nano.a(libc_a-nano-vfprintf_float.o)
                0x3400d000                _printf_float
 .text._printf_common
                0x3400d434       0xe4 C:/ST/STM32CubeIDE_1.19.0/STM32CubeIDE/plugins/com.st.stm32cube.ide.mcu.externaltools.gnu-tools-for-stm32.13.3.rel1.win32_1.0.0.202411081344/tools/bin/../lib/gcc/arm-none-eabi/13.3.1/../../../../arm-none-eabi/lib/thumb/v8-m.main+dp/hard\libc_nano.a(libc_a-nano-vfprintf_i.o)
                0x3400d434                _printf_common
 .text._printf_i
                0x3400d518      0x23c C:/ST/STM32CubeIDE_1.19.0/STM32CubeIDE/plugins/com.st.stm32cube.ide.mcu.externaltools.gnu-tools-for-stm32.13.3.rel1.win32_1.0.0.202411081344/tools/bin/../lib/gcc/arm-none-eabi/13.3.1/../../../../arm-none-eabi/lib/thumb/v8-m.main+dp/hard\libc_nano.a(libc_a-nano-vfprintf_i.o)
                0x3400d518                _printf_i
 .text.std      0x3400d754       0x6c C:/ST/STM32CubeIDE_1.19.0/STM32CubeIDE/plugins/com.st.stm32cube.ide.mcu.externaltools.gnu-tools-for-stm32.13.3.rel1.win32_1.0.0.202411081344/tools/bin/../lib/gcc/arm-none-eabi/13.3.1/../../../../arm-none-eabi/lib/thumb/v8-m.main+dp/hard\libc_nano.a(libc_a-findfp.o)
 .text.stdio_exit_handler
                0x3400d7c0       0x18 C:/ST/STM32CubeIDE_1.19.0/STM32CubeIDE/plugins/com.st.stm32cube.ide.mcu.externaltools.gnu-tools-for-stm32.13.3.rel1.win32_1.0.0.202411081344/tools/bin/../lib/gcc/arm-none-eabi/13.3.1/../../../../arm-none-eabi/lib/thumb/v8-m.main+dp/hard\libc_nano.a(libc_a-findfp.o)
 .text.cleanup_stdio
                0x3400d7d8       0x40 C:/ST/STM32CubeIDE_1.19.0/STM32CubeIDE/plugins/com.st.stm32cube.ide.mcu.externaltools.gnu-tools-for-stm32.13.3.rel1.win32_1.0.0.202411081344/tools/bin/../lib/gcc/arm-none-eabi/13.3.1/../../../../arm-none-eabi/lib/thumb/v8-m.main+dp/hard\libc_nano.a(libc_a-findfp.o)
 .text.global_stdio_init.part.0
                0x3400d818       0x3c C:/ST/STM32CubeIDE_1.19.0/STM32CubeIDE/plugins/com.st.stm32cube.ide.mcu.externaltools.gnu-tools-for-stm32.13.3.rel1.win32_1.0.0.202411081344/tools/bin/../lib/gcc/arm-none-eabi/13.3.1/../../../../arm-none-eabi/lib/thumb/v8-m.main+dp/hard\libc_nano.a(libc_a-findfp.o)
 .text.__sfp_lock_acquire
                0x3400d854        0xc C:/ST/STM32CubeIDE_1.19.0/STM32CubeIDE/plugins/com.st.stm32cube.ide.mcu.externaltools.gnu-tools-for-stm32.13.3.rel1.win32_1.0.0.202411081344/tools/bin/../lib/gcc/arm-none-eabi/13.3.1/../../../../arm-none-eabi/lib/thumb/v8-m.main+dp/hard\libc_nano.a(libc_a-findfp.o)
                0x3400d854                __sfp_lock_acquire
 .text.__sfp_lock_release
                0x3400d860        0xc C:/ST/STM32CubeIDE_1.19.0/STM32CubeIDE/plugins/com.st.stm32cube.ide.mcu.externaltools.gnu-tools-for-stm32.13.3.rel1.win32_1.0.0.202411081344/tools/bin/../lib/gcc/arm-none-eabi/13.3.1/../../../../arm-none-eabi/lib/thumb/v8-m.main+dp/hard\libc_nano.a(libc_a-findfp.o)
                0x3400d860                __sfp_lock_release
 .text.__sinit  0x3400d86c       0x30 C:/ST/STM32CubeIDE_1.19.0/STM32CubeIDE/plugins/com.st.stm32cube.ide.mcu.externaltools.gnu-tools-for-stm32.13.3.rel1.win32_1.0.0.202411081344/tools/bin/../lib/gcc/arm-none-eabi/13.3.1/../../../../arm-none-eabi/lib/thumb/v8-m.main+dp/hard\libc_nano.a(libc_a-findfp.o)
                0x3400d86c                __sinit
 .text._fwalk_sglue
                0x3400d89c       0x3c C:/ST/STM32CubeIDE_1.19.0/STM32CubeIDE/plugins/com.st.stm32cube.ide.mcu.externaltools.gnu-tools-for-stm32.13.3.rel1.win32_1.0.0.202411081344/tools/bin/../lib/gcc/arm-none-eabi/13.3.1/../../../../arm-none-eabi/lib/thumb/v8-m.main+dp/hard\libc_nano.a(libc_a-fwalk.o)
                0x3400d89c                _fwalk_sglue
 .text.printf   0x3400d8d8       0x24 C:/ST/STM32CubeIDE_1.19.0/STM32CubeIDE/plugins/com.st.stm32cube.ide.mcu.externaltools.gnu-tools-for-stm32.13.3.rel1.win32_1.0.0.202411081344/tools/bin/../lib/gcc/arm-none-eabi/13.3.1/../../../../arm-none-eabi/lib/thumb/v8-m.main+dp/hard\libc_nano.a(libc_a-printf.o)
                0x3400d8d8                iprintf
                0x3400d8d8                printf
 .text._puts_r  0x3400d8fc       0xaa C:/ST/STM32CubeIDE_1.19.0/STM32CubeIDE/plugins/com.st.stm32cube.ide.mcu.externaltools.gnu-tools-for-stm32.13.3.rel1.win32_1.0.0.202411081344/tools/bin/../lib/gcc/arm-none-eabi/13.3.1/../../../../arm-none-eabi/lib/thumb/v8-m.main+dp/hard\libc_nano.a(libc_a-puts.o)
                0x3400d8fc                _puts_r
 *fill*         0x3400d9a6        0x2 
 .text.puts     0x3400d9a8       0x10 C:/ST/STM32CubeIDE_1.19.0/STM32CubeIDE/plugins/com.st.stm32cube.ide.mcu.externaltools.gnu-tools-for-stm32.13.3.rel1.win32_1.0.0.202411081344/tools/bin/../lib/gcc/arm-none-eabi/13.3.1/../../../../arm-none-eabi/lib/thumb/v8-m.main+dp/hard\libc_nano.a(libc_a-puts.o)
                0x3400d9a8                puts
 .text.__sread  0x3400d9b8       0x22 C:/ST/STM32CubeIDE_1.19.0/STM32CubeIDE/plugins/com.st.stm32cube.ide.mcu.externaltools.gnu-tools-for-stm32.13.3.rel1.win32_1.0.0.202411081344/tools/bin/../lib/gcc/arm-none-eabi/13.3.1/../../../../arm-none-eabi/lib/thumb/v8-m.main+dp/hard\libc_nano.a(libc_a-stdio.o)
                0x3400d9b8                __sread
 .text.__swrite
                0x3400d9da       0x38 C:/ST/STM32CubeIDE_1.19.0/STM32CubeIDE/plugins/com.st.stm32cube.ide.mcu.externaltools.gnu-tools-for-stm32.13.3.rel1.win32_1.0.0.202411081344/tools/bin/../lib/gcc/arm-none-eabi/13.3.1/../../../../arm-none-eabi/lib/thumb/v8-m.main+dp/hard\libc_nano.a(libc_a-stdio.o)
                0x3400d9da                __swrite
 .text.__sseek  0x3400da12       0x24 C:/ST/STM32CubeIDE_1.19.0/STM32CubeIDE/plugins/com.st.stm32cube.ide.mcu.externaltools.gnu-tools-for-stm32.13.3.rel1.win32_1.0.0.202411081344/tools/bin/../lib/gcc/arm-none-eabi/13.3.1/../../../../arm-none-eabi/lib/thumb/v8-m.main+dp/hard\libc_nano.a(libc_a-stdio.o)
                0x3400da12                __sseek
 .text.__sclose
                0x3400da36        0x8 C:/ST/STM32CubeIDE_1.19.0/STM32CubeIDE/plugins/com.st.stm32cube.ide.mcu.externaltools.gnu-tools-for-stm32.13.3.rel1.win32_1.0.0.202411081344/tools/bin/../lib/gcc/arm-none-eabi/13.3.1/../../../../arm-none-eabi/lib/thumb/v8-m.main+dp/hard\libc_nano.a(libc_a-stdio.o)
                0x3400da36                __sclose
 .text.__swbuf_r
                0x3400da3e       0x7c C:/ST/STM32CubeIDE_1.19.0/STM32CubeIDE/plugins/com.st.stm32cube.ide.mcu.externaltools.gnu-tools-for-stm32.13.3.rel1.win32_1.0.0.202411081344/tools/bin/../lib/gcc/arm-none-eabi/13.3.1/../../../../arm-none-eabi/lib/thumb/v8-m.main+dp/hard\libc_nano.a(libc_a-wbuf.o)
                0x3400da3e                __swbuf_r
 *fill*         0x3400daba        0x2 
 .text.__swsetup_r
                0x3400dabc       0xac C:/ST/STM32CubeIDE_1.19.0/STM32CubeIDE/plugins/com.st.stm32cube.ide.mcu.externaltools.gnu-tools-for-stm32.13.3.rel1.win32_1.0.0.202411081344/tools/bin/../lib/gcc/arm-none-eabi/13.3.1/../../../../arm-none-eabi/lib/thumb/v8-m.main+dp/hard\libc_nano.a(libc_a-wsetup.o)
                0x3400dabc                __swsetup_r
 .text.memset   0x3400db68       0x10 C:/ST/STM32CubeIDE_1.19.0/STM32CubeIDE/plugins/com.st.stm32cube.ide.mcu.externaltools.gnu-tools-for-stm32.13.3.rel1.win32_1.0.0.202411081344/tools/bin/../lib/gcc/arm-none-eabi/13.3.1/../../../../arm-none-eabi/lib/thumb/v8-m.main+dp/hard\libc_nano.a(libc_a-memset.o)
                0x3400db68                memset
 .text._localeconv_r
                0x3400db78        0x8 C:/ST/STM32CubeIDE_1.19.0/STM32CubeIDE/plugins/com.st.stm32cube.ide.mcu.externaltools.gnu-tools-for-stm32.13.3.rel1.win32_1.0.0.202411081344/tools/bin/../lib/gcc/arm-none-eabi/13.3.1/../../../../arm-none-eabi/lib/thumb/v8-m.main+dp/hard\libc_nano.a(libc_a-localeconv.o)
                0x3400db78                _localeconv_r
 .text._close_r
                0x3400db80       0x20 C:/ST/STM32CubeIDE_1.19.0/STM32CubeIDE/plugins/com.st.stm32cube.ide.mcu.externaltools.gnu-tools-for-stm32.13.3.rel1.win32_1.0.0.202411081344/tools/bin/../lib/gcc/arm-none-eabi/13.3.1/../../../../arm-none-eabi/lib/thumb/v8-m.main+dp/hard\libc_nano.a(libc_a-closer.o)
                0x3400db80                _close_r
 .text._lseek_r
                0x3400dba0       0x24 C:/ST/STM32CubeIDE_1.19.0/STM32CubeIDE/plugins/com.st.stm32cube.ide.mcu.externaltools.gnu-tools-for-stm32.13.3.rel1.win32_1.0.0.202411081344/tools/bin/../lib/gcc/arm-none-eabi/13.3.1/../../../../arm-none-eabi/lib/thumb/v8-m.main+dp/hard\libc_nano.a(libc_a-lseekr.o)
                0x3400dba0                _lseek_r
 .text._read_r  0x3400dbc4       0x24 C:/ST/STM32CubeIDE_1.19.0/STM32CubeIDE/plugins/com.st.stm32cube.ide.mcu.externaltools.gnu-tools-for-stm32.13.3.rel1.win32_1.0.0.202411081344/tools/bin/../lib/gcc/arm-none-eabi/13.3.1/../../../../arm-none-eabi/lib/thumb/v8-m.main+dp/hard\libc_nano.a(libc_a-readr.o)
                0x3400dbc4                _read_r
 .text._sbrk_r  0x3400dbe8       0x20 C:/ST/STM32CubeIDE_1.19.0/STM32CubeIDE/plugins/com.st.stm32cube.ide.mcu.externaltools.gnu-tools-for-stm32.13.3.rel1.win32_1.0.0.202411081344/tools/bin/../lib/gcc/arm-none-eabi/13.3.1/../../../../arm-none-eabi/lib/thumb/v8-m.main+dp/hard\libc_nano.a(libc_a-sbrkr.o)
                0x3400dbe8                _sbrk_r
 .text._write_r
                0x3400dc08       0x24 C:/ST/STM32CubeIDE_1.19.0/STM32CubeIDE/plugins/com.st.stm32cube.ide.mcu.externaltools.gnu-tools-for-stm32.13.3.rel1.win32_1.0.0.202411081344/tools/bin/../lib/gcc/arm-none-eabi/13.3.1/../../../../arm-none-eabi/lib/thumb/v8-m.main+dp/hard\libc_nano.a(libc_a-writer.o)
                0x3400dc08                _write_r
 .text.__errno  0x3400dc2c        0xc C:/ST/STM32CubeIDE_1.19.0/STM32CubeIDE/plugins/com.st.stm32cube.ide.mcu.externaltools.gnu-tools-for-stm32.13.3.rel1.win32_1.0.0.202411081344/tools/bin/../lib/gcc/arm-none-eabi/13.3.1/../../../../arm-none-eabi/lib/thumb/v8-m.main+dp/hard\libc_nano.a(libc_a-errno.o)
                0x3400dc2c                __errno
 .text.__libc_init_array
                0x3400dc38       0x48 C:/ST/STM32CubeIDE_1.19.0/STM32CubeIDE/plugins/com.st.stm32cube.ide.mcu.externaltools.gnu-tools-for-stm32.13.3.rel1.win32_1.0.0.202411081344/tools/bin/../lib/gcc/arm-none-eabi/13.3.1/../../../../arm-none-eabi/lib/thumb/v8-m.main+dp/hard\libc_nano.a(libc_a-init.o)
                0x3400dc38                __libc_init_array
 .text.__retarget_lock_init_recursive
                0x3400dc80        0x2 C:/ST/STM32CubeIDE_1.19.0/STM32CubeIDE/plugins/com.st.stm32cube.ide.mcu.externaltools.gnu-tools-for-stm32.13.3.rel1.win32_1.0.0.202411081344/tools/bin/../lib/gcc/arm-none-eabi/13.3.1/../../../../arm-none-eabi/lib/thumb/v8-m.main+dp/hard\libc_nano.a(libc_a-lock.o)
                0x3400dc80                __retarget_lock_init_recursive
 .text.__retarget_lock_acquire_recursive
                0x3400dc82        0x2 C:/ST/STM32CubeIDE_1.19.0/STM32CubeIDE/plugins/com.st.stm32cube.ide.mcu.externaltools.gnu-tools-for-stm32.13.3.rel1.win32_1.0.0.202411081344/tools/bin/../lib/gcc/arm-none-eabi/13.3.1/../../../../arm-none-eabi/lib/thumb/v8-m.main+dp/hard\libc_nano.a(libc_a-lock.o)
                0x3400dc82                __retarget_lock_acquire_recursive
 .text.__retarget_lock_release_recursive
                0x3400dc84        0x2 C:/ST/STM32CubeIDE_1.19.0/STM32CubeIDE/plugins/com.st.stm32cube.ide.mcu.externaltools.gnu-tools-for-stm32.13.3.rel1.win32_1.0.0.202411081344/tools/bin/../lib/gcc/arm-none-eabi/13.3.1/../../../../arm-none-eabi/lib/thumb/v8-m.main+dp/hard\libc_nano.a(libc_a-lock.o)
                0x3400dc84                __retarget_lock_release_recursive
 .text.memchr   0x3400dc86       0x1c C:/ST/STM32CubeIDE_1.19.0/STM32CubeIDE/plugins/com.st.stm32cube.ide.mcu.externaltools.gnu-tools-for-stm32.13.3.rel1.win32_1.0.0.202411081344/tools/bin/../lib/gcc/arm-none-eabi/13.3.1/../../../../arm-none-eabi/lib/thumb/v8-m.main+dp/hard\libc_nano.a(libc_a-memchr-stub.o)
                0x3400dc86                memchr
 .text.memcpy   0x3400dca2       0x1a C:/ST/STM32CubeIDE_1.19.0/STM32CubeIDE/plugins/com.st.stm32cube.ide.mcu.externaltools.gnu-tools-for-stm32.13.3.rel1.win32_1.0.0.202411081344/tools/bin/../lib/gcc/arm-none-eabi/13.3.1/../../../../arm-none-eabi/lib/thumb/v8-m.main+dp/hard\libc_nano.a(libc_a-memcpy-stub.o)
                0x3400dca2                memcpy
 .text.quorem   0x3400dcbc      0x11a C:/ST/STM32CubeIDE_1.19.0/STM32CubeIDE/plugins/com.st.stm32cube.ide.mcu.externaltools.gnu-tools-for-stm32.13.3.rel1.win32_1.0.0.202411081344/tools/bin/../lib/gcc/arm-none-eabi/13.3.1/../../../../arm-none-eabi/lib/thumb/v8-m.main+dp/hard\libc_nano.a(libc_a-dtoa.o)
 *fill*         0x3400ddd6        0x2 
 .text._dtoa_r  0x3400ddd8      0xabc C:/ST/STM32CubeIDE_1.19.0/STM32CubeIDE/plugins/com.st.stm32cube.ide.mcu.externaltools.gnu-tools-for-stm32.13.3.rel1.win32_1.0.0.202411081344/tools/bin/../lib/gcc/arm-none-eabi/13.3.1/../../../../arm-none-eabi/lib/thumb/v8-m.main+dp/hard\libc_nano.a(libc_a-dtoa.o)
                0x3400ddd8                _dtoa_r
 .text._free_r  0x3400e894       0x94 C:/ST/STM32CubeIDE_1.19.0/STM32CubeIDE/plugins/com.st.stm32cube.ide.mcu.externaltools.gnu-tools-for-stm32.13.3.rel1.win32_1.0.0.202411081344/tools/bin/../lib/gcc/arm-none-eabi/13.3.1/../../../../arm-none-eabi/lib/thumb/v8-m.main+dp/hard\libc_nano.a(libc_a-freer.o)
                0x3400e894                _free_r
 .text._Balloc  0x3400e928       0x80 C:/ST/STM32CubeIDE_1.19.0/STM32CubeIDE/plugins/com.st.stm32cube.ide.mcu.externaltools.gnu-tools-for-stm32.13.3.rel1.win32_1.0.0.202411081344/tools/bin/../lib/gcc/arm-none-eabi/13.3.1/../../../../arm-none-eabi/lib/thumb/v8-m.main+dp/hard\libc_nano.a(libc_a-mprec.o)
                0x3400e928                _Balloc
 .text._Bfree   0x3400e9a8       0x44 C:/ST/STM32CubeIDE_1.19.0/STM32CubeIDE/plugins/com.st.stm32cube.ide.mcu.externaltools.gnu-tools-for-stm32.13.3.rel1.win32_1.0.0.202411081344/tools/bin/../lib/gcc/arm-none-eabi/13.3.1/../../../../arm-none-eabi/lib/thumb/v8-m.main+dp/hard\libc_nano.a(libc_a-mprec.o)
                0x3400e9a8                _Bfree
 .text.__multadd
                0x3400e9ec       0x90 C:/ST/STM32CubeIDE_1.19.0/STM32CubeIDE/plugins/com.st.stm32cube.ide.mcu.externaltools.gnu-tools-for-stm32.13.3.rel1.win32_1.0.0.202411081344/tools/bin/../lib/gcc/arm-none-eabi/13.3.1/../../../../arm-none-eabi/lib/thumb/v8-m.main+dp/hard\libc_nano.a(libc_a-mprec.o)
                0x3400e9ec                __multadd
 .text.__hi0bits
                0x3400ea7c       0x3e C:/ST/STM32CubeIDE_1.19.0/STM32CubeIDE/plugins/com.st.stm32cube.ide.mcu.externaltools.gnu-tools-for-stm32.13.3.rel1.win32_1.0.0.202411081344/tools/bin/../lib/gcc/arm-none-eabi/13.3.1/../../../../arm-none-eabi/lib/thumb/v8-m.main+dp/hard\libc_nano.a(libc_a-mprec.o)
                0x3400ea7c                __hi0bits
 .text.__lo0bits
                0x3400eaba       0x5a C:/ST/STM32CubeIDE_1.19.0/STM32CubeIDE/plugins/com.st.stm32cube.ide.mcu.externaltools.gnu-tools-for-stm32.13.3.rel1.win32_1.0.0.202411081344/tools/bin/../lib/gcc/arm-none-eabi/13.3.1/../../../../arm-none-eabi/lib/thumb/v8-m.main+dp/hard\libc_nano.a(libc_a-mprec.o)
                0x3400eaba                __lo0bits
 .text.__i2b    0x3400eb14       0x2c C:/ST/STM32CubeIDE_1.19.0/STM32CubeIDE/plugins/com.st.stm32cube.ide.mcu.externaltools.gnu-tools-for-stm32.13.3.rel1.win32_1.0.0.202411081344/tools/bin/../lib/gcc/arm-none-eabi/13.3.1/../../../../arm-none-eabi/lib/thumb/v8-m.main+dp/hard\libc_nano.a(libc_a-mprec.o)
                0x3400eb14                __i2b
 .text.__multiply
                0x3400eb40      0x148 C:/ST/STM32CubeIDE_1.19.0/STM32CubeIDE/plugins/com.st.stm32cube.ide.mcu.externaltools.gnu-tools-for-stm32.13.3.rel1.win32_1.0.0.202411081344/tools/bin/../lib/gcc/arm-none-eabi/13.3.1/../../../../arm-none-eabi/lib/thumb/v8-m.main+dp/hard\libc_nano.a(libc_a-mprec.o)
                0x3400eb40                __multiply
 .text.__pow5mult
                0x3400ec88       0xb4 C:/ST/STM32CubeIDE_1.19.0/STM32CubeIDE/plugins/com.st.stm32cube.ide.mcu.externaltools.gnu-tools-for-stm32.13.3.rel1.win32_1.0.0.202411081344/tools/bin/../lib/gcc/arm-none-eabi/13.3.1/../../../../arm-none-eabi/lib/thumb/v8-m.main+dp/hard\libc_nano.a(libc_a-mprec.o)
                0x3400ec88                __pow5mult
 .text.__lshift
                0x3400ed3c       0xd8 C:/ST/STM32CubeIDE_1.19.0/STM32CubeIDE/plugins/com.st.stm32cube.ide.mcu.externaltools.gnu-tools-for-stm32.13.3.rel1.win32_1.0.0.202411081344/tools/bin/../lib/gcc/arm-none-eabi/13.3.1/../../../../arm-none-eabi/lib/thumb/v8-m.main+dp/hard\libc_nano.a(libc_a-mprec.o)
                0x3400ed3c                __lshift
 .text.__mcmp   0x3400ee14       0x36 C:/ST/STM32CubeIDE_1.19.0/STM32CubeIDE/plugins/com.st.stm32cube.ide.mcu.externaltools.gnu-tools-for-stm32.13.3.rel1.win32_1.0.0.202411081344/tools/bin/../lib/gcc/arm-none-eabi/13.3.1/../../../../arm-none-eabi/lib/thumb/v8-m.main+dp/hard\libc_nano.a(libc_a-mprec.o)
                0x3400ee14                __mcmp
 *fill*         0x3400ee4a        0x2 
 .text.__mdiff  0x3400ee4c      0x130 C:/ST/STM32CubeIDE_1.19.0/STM32CubeIDE/plugins/com.st.stm32cube.ide.mcu.externaltools.gnu-tools-for-stm32.13.3.rel1.win32_1.0.0.202411081344/tools/bin/../lib/gcc/arm-none-eabi/13.3.1/../../../../arm-none-eabi/lib/thumb/v8-m.main+dp/hard\libc_nano.a(libc_a-mprec.o)
                0x3400ee4c                __mdiff
 .text.__d2b    0x3400ef7c       0xb0 C:/ST/STM32CubeIDE_1.19.0/STM32CubeIDE/plugins/com.st.stm32cube.ide.mcu.externaltools.gnu-tools-for-stm32.13.3.rel1.win32_1.0.0.202411081344/tools/bin/../lib/gcc/arm-none-eabi/13.3.1/../../../../arm-none-eabi/lib/thumb/v8-m.main+dp/hard\libc_nano.a(libc_a-mprec.o)
                0x3400ef7c                __d2b
 .text.__sfputc_r
                0x3400f02c       0x2e C:/ST/STM32CubeIDE_1.19.0/STM32CubeIDE/plugins/com.st.stm32cube.ide.mcu.externaltools.gnu-tools-for-stm32.13.3.rel1.win32_1.0.0.202411081344/tools/bin/../lib/gcc/arm-none-eabi/13.3.1/../../../../arm-none-eabi/lib/thumb/v8-m.main+dp/hard\libc_nano.a(libc_a-nano-vfprintf.o)
 .text.__sfputs_r
                0x3400f05a       0x24 C:/ST/STM32CubeIDE_1.19.0/STM32CubeIDE/plugins/com.st.stm32cube.ide.mcu.externaltools.gnu-tools-for-stm32.13.3.rel1.win32_1.0.0.202411081344/tools/bin/../lib/gcc/arm-none-eabi/13.3.1/../../../../arm-none-eabi/lib/thumb/v8-m.main+dp/hard\libc_nano.a(libc_a-nano-vfprintf.o)
                0x3400f05a                __sfputs_r
 *fill*         0x3400f07e        0x2 
 .text._vfprintf_r
                0x3400f080      0x230 C:/ST/STM32CubeIDE_1.19.0/STM32CubeIDE/plugins/com.st.stm32cube.ide.mcu.externaltools.gnu-tools-for-stm32.13.3.rel1.win32_1.0.0.202411081344/tools/bin/../lib/gcc/arm-none-eabi/13.3.1/../../../../arm-none-eabi/lib/thumb/v8-m.main+dp/hard\libc_nano.a(libc_a-nano-vfprintf.o)
                0x3400f080                _vfprintf_r
                0x3400f080                _vfiprintf_r
 .text.__sflush_r
                0x3400f2b0      0x108 C:/ST/STM32CubeIDE_1.19.0/STM32CubeIDE/plugins/com.st.stm32cube.ide.mcu.externaltools.gnu-tools-for-stm32.13.3.rel1.win32_1.0.0.202411081344/tools/bin/../lib/gcc/arm-none-eabi/13.3.1/../../../../arm-none-eabi/lib/thumb/v8-m.main+dp/hard\libc_nano.a(libc_a-fflush.o)
                0x3400f2b0                __sflush_r
 .text._fflush_r
                0x3400f3b8       0x50 C:/ST/STM32CubeIDE_1.19.0/STM32CubeIDE/plugins/com.st.stm32cube.ide.mcu.externaltools.gnu-tools-for-stm32.13.3.rel1.win32_1.0.0.202411081344/tools/bin/../lib/gcc/arm-none-eabi/13.3.1/../../../../arm-none-eabi/lib/thumb/v8-m.main+dp/hard\libc_nano.a(libc_a-fflush.o)
                0x3400f3b8                _fflush_r
 .text.__swhatbuf_r
                0x3400f408       0x4a C:/ST/STM32CubeIDE_1.19.0/STM32CubeIDE/plugins/com.st.stm32cube.ide.mcu.externaltools.gnu-tools-for-stm32.13.3.rel1.win32_1.0.0.202411081344/tools/bin/../lib/gcc/arm-none-eabi/13.3.1/../../../../arm-none-eabi/lib/thumb/v8-m.main+dp/hard\libc_nano.a(libc_a-makebuf.o)
                0x3400f408                __swhatbuf_r
 .text.__smakebuf_r
                0x3400f452       0x78 C:/ST/STM32CubeIDE_1.19.0/STM32CubeIDE/plugins/com.st.stm32cube.ide.mcu.externaltools.gnu-tools-for-stm32.13.3.rel1.win32_1.0.0.202411081344/tools/bin/../lib/gcc/arm-none-eabi/13.3.1/../../../../arm-none-eabi/lib/thumb/v8-m.main+dp/hard\libc_nano.a(libc_a-makebuf.o)
                0x3400f452                __smakebuf_r
 *fill*         0x3400f4ca        0x2 
 .text._fstat_r
                0x3400f4cc       0x24 C:/ST/STM32CubeIDE_1.19.0/STM32CubeIDE/plugins/com.st.stm32cube.ide.mcu.externaltools.gnu-tools-for-stm32.13.3.rel1.win32_1.0.0.202411081344/tools/bin/../lib/gcc/arm-none-eabi/13.3.1/../../../../arm-none-eabi/lib/thumb/v8-m.main+dp/hard\libc_nano.a(libc_a-fstatr.o)
                0x3400f4cc                _fstat_r
 .text._isatty_r
                0x3400f4f0       0x20 C:/ST/STM32CubeIDE_1.19.0/STM32CubeIDE/plugins/com.st.stm32cube.ide.mcu.externaltools.gnu-tools-for-stm32.13.3.rel1.win32_1.0.0.202411081344/tools/bin/../lib/gcc/arm-none-eabi/13.3.1/../../../../arm-none-eabi/lib/thumb/v8-m.main+dp/hard\libc_nano.a(libc_a-isattyr.o)
                0x3400f4f0                _isatty_r
 .text.__assert_func
                0x3400f510       0x3c C:/ST/STM32CubeIDE_1.19.0/STM32CubeIDE/plugins/com.st.stm32cube.ide.mcu.externaltools.gnu-tools-for-stm32.13.3.rel1.win32_1.0.0.202411081344/tools/bin/../lib/gcc/arm-none-eabi/13.3.1/../../../../arm-none-eabi/lib/thumb/v8-m.main+dp/hard\libc_nano.a(libc_a-assert.o)
                0x3400f510                __assert_func
 .text._calloc_r
                0x3400f54c       0x28 C:/ST/STM32CubeIDE_1.19.0/STM32CubeIDE/plugins/com.st.stm32cube.ide.mcu.externaltools.gnu-tools-for-stm32.13.3.rel1.win32_1.0.0.202411081344/tools/bin/../lib/gcc/arm-none-eabi/13.3.1/../../../../arm-none-eabi/lib/thumb/v8-m.main+dp/hard\libc_nano.a(libc_a-callocr.o)
                0x3400f54c                _calloc_r
 .text.__ascii_mbtowc
                0x3400f574       0x24 C:/ST/STM32CubeIDE_1.19.0/STM32CubeIDE/plugins/com.st.stm32cube.ide.mcu.externaltools.gnu-tools-for-stm32.13.3.rel1.win32_1.0.0.202411081344/tools/bin/../lib/gcc/arm-none-eabi/13.3.1/../../../../arm-none-eabi/lib/thumb/v8-m.main+dp/hard\libc_nano.a(libc_a-mbtowc_r.o)
                0x3400f574                __ascii_mbtowc
 .text.__ascii_wctomb
                0x3400f598       0x1a C:/ST/STM32CubeIDE_1.19.0/STM32CubeIDE/plugins/com.st.stm32cube.ide.mcu.externaltools.gnu-tools-for-stm32.13.3.rel1.win32_1.0.0.202411081344/tools/bin/../lib/gcc/arm-none-eabi/13.3.1/../../../../arm-none-eabi/lib/thumb/v8-m.main+dp/hard\libc_nano.a(libc_a-wctomb_r.o)
                0x3400f598                __ascii_wctomb
 *fill*         0x3400f5b2        0x2 
 .text.fprintf  0x3400f5b4       0x24 C:/ST/STM32CubeIDE_1.19.0/STM32CubeIDE/plugins/com.st.stm32cube.ide.mcu.externaltools.gnu-tools-for-stm32.13.3.rel1.win32_1.0.0.202411081344/tools/bin/../lib/gcc/arm-none-eabi/13.3.1/../../../../arm-none-eabi/lib/thumb/v8-m.main+dp/hard\libc_nano.a(libc_a-fprintf.o)
                0x3400f5b4                fiprintf
                0x3400f5b4                fprintf
 .text.abort    0x3400f5d8        0xe C:/ST/STM32CubeIDE_1.19.0/STM32CubeIDE/plugins/com.st.stm32cube.ide.mcu.externaltools.gnu-tools-for-stm32.13.3.rel1.win32_1.0.0.202411081344/tools/bin/../lib/gcc/arm-none-eabi/13.3.1/../../../../arm-none-eabi/lib/thumb/v8-m.main+dp/hard\libc_nano.a(libc_a-abort.o)
                0x3400f5d8                abort
 .text._raise_r
                0x3400f5e6       0x50 C:/ST/STM32CubeIDE_1.19.0/STM32CubeIDE/plugins/com.st.stm32cube.ide.mcu.externaltools.gnu-tools-for-stm32.13.3.rel1.win32_1.0.0.202411081344/tools/bin/../lib/gcc/arm-none-eabi/13.3.1/../../../../arm-none-eabi/lib/thumb/v8-m.main+dp/hard\libc_nano.a(libc_a-signal.o)
                0x3400f5e6                _raise_r
 *fill*         0x3400f636        0x2 
 .text.raise    0x3400f638       0x10 C:/ST/STM32CubeIDE_1.19.0/STM32CubeIDE/plugins/com.st.stm32cube.ide.mcu.externaltools.gnu-tools-for-stm32.13.3.rel1.win32_1.0.0.202411081344/tools/bin/../lib/gcc/arm-none-eabi/13.3.1/../../../../arm-none-eabi/lib/thumb/v8-m.main+dp/hard\libc_nano.a(libc_a-signal.o)
                0x3400f638                raise
 .text._kill_r  0x3400f648       0x24 C:/ST/STM32CubeIDE_1.19.0/STM32CubeIDE/plugins/com.st.stm32cube.ide.mcu.externaltools.gnu-tools-for-stm32.13.3.rel1.win32_1.0.0.202411081344/tools/bin/../lib/gcc/arm-none-eabi/13.3.1/../../../../arm-none-eabi/lib/thumb/v8-m.main+dp/hard\libc_nano.a(libc_a-signalr.o)
                0x3400f648                _kill_r
 .text._getpid_r
                0x3400f66c        0x4 C:/ST/STM32CubeIDE_1.19.0/STM32CubeIDE/plugins/com.st.stm32cube.ide.mcu.externaltools.gnu-tools-for-stm32.13.3.rel1.win32_1.0.0.202411081344/tools/bin/../lib/gcc/arm-none-eabi/13.3.1/../../../../arm-none-eabi/lib/thumb/v8-m.main+dp/hard\libc_nano.a(libc_a-signalr.o)
                0x3400f66c                _getpid_r
 .text.fabsf    0x3400f670        0xe C:/ST/STM32CubeIDE_1.19.0/STM32CubeIDE/plugins/com.st.stm32cube.ide.mcu.externaltools.gnu-tools-for-stm32.13.3.rel1.win32_1.0.0.202411081344/tools/bin/../lib/gcc/arm-none-eabi/13.3.1/../../../../arm-none-eabi/lib/thumb/v8-m.main+dp/hard\libm.a(libm_a-sf_fabs.o)
                0x3400f670                fabsf
 *fill*         0x3400f67e        0x2 
 .text.tanhf    0x3400f680       0xd4 C:/ST/STM32CubeIDE_1.19.0/STM32CubeIDE/plugins/com.st.stm32cube.ide.mcu.externaltools.gnu-tools-for-stm32.13.3.rel1.win32_1.0.0.202411081344/tools/bin/../lib/gcc/arm-none-eabi/13.3.1/../../../../arm-none-eabi/lib/thumb/v8-m.main+dp/hard\libm.a(libm_a-sf_tanh.o)
                0x3400f680                tanhf
 .text.expm1f   0x3400f754      0x24c C:/ST/STM32CubeIDE_1.19.0/STM32CubeIDE/plugins/com.st.stm32cube.ide.mcu.externaltools.gnu-tools-for-stm32.13.3.rel1.win32_1.0.0.202411081344/tools/bin/../lib/gcc/arm-none-eabi/13.3.1/../../../../arm-none-eabi/lib/thumb/v8-m.main+dp/hard\libm.a(libm_a-sf_expm1.o)
                0x3400f754                expm1f
 .text.expf     0x3400f9a0       0xe8 C:/ST/STM32CubeIDE_1.19.0/STM32CubeIDE/plugins/com.st.stm32cube.ide.mcu.externaltools.gnu-tools-for-stm32.13.3.rel1.win32_1.0.0.202411081344/tools/bin/../lib/gcc/arm-none-eabi/13.3.1/../../../../arm-none-eabi/lib/thumb/v8-m.main+dp/hard\libm.a(libm_a-sf_exp.o)
                0x3400f9a0                expf
 .text.with_errnof
                0x3400fa88       0x1c C:/ST/STM32CubeIDE_1.19.0/STM32CubeIDE/plugins/com.st.stm32cube.ide.mcu.externaltools.gnu-tools-for-stm32.13.3.rel1.win32_1.0.0.202411081344/tools/bin/../lib/gcc/arm-none-eabi/13.3.1/../../../../arm-none-eabi/lib/thumb/v8-m.main+dp/hard\libm.a(libm_a-math_errf.o)
 .text.xflowf   0x3400faa4       0x16 C:/ST/STM32CubeIDE_1.19.0/STM32CubeIDE/plugins/com.st.stm32cube.ide.mcu.externaltools.gnu-tools-for-stm32.13.3.rel1.win32_1.0.0.202411081344/tools/bin/../lib/gcc/arm-none-eabi/13.3.1/../../../../arm-none-eabi/lib/thumb/v8-m.main+dp/hard\libm.a(libm_a-math_errf.o)
 *fill*         0x3400faba        0x2 
 .text.__math_uflowf
                0x3400fabc        0xc C:/ST/STM32CubeIDE_1.19.0/STM32CubeIDE/plugins/com.st.stm32cube.ide.mcu.externaltools.gnu-tools-for-stm32.13.3.rel1.win32_1.0.0.202411081344/tools/bin/../lib/gcc/arm-none-eabi/13.3.1/../../../../arm-none-eabi/lib/thumb/v8-m.main+dp/hard\libm.a(libm_a-math_errf.o)
                0x3400fabc                __math_uflowf
 .text.__math_may_uflowf
                0x3400fac8        0xc C:/ST/STM32CubeIDE_1.19.0/STM32CubeIDE/plugins/com.st.stm32cube.ide.mcu.externaltools.gnu-tools-for-stm32.13.3.rel1.win32_1.0.0.202411081344/tools/bin/../lib/gcc/arm-none-eabi/13.3.1/../../../../arm-none-eabi/lib/thumb/v8-m.main+dp/hard\libm.a(libm_a-math_errf.o)
                0x3400fac8                __math_may_uflowf
 .text.__math_oflowf
                0x3400fad4        0xc C:/ST/STM32CubeIDE_1.19.0/STM32CubeIDE/plugins/com.st.stm32cube.ide.mcu.externaltools.gnu-tools-for-stm32.13.3.rel1.win32_1.0.0.202411081344/tools/bin/../lib/gcc/arm-none-eabi/13.3.1/../../../../arm-none-eabi/lib/thumb/v8-m.main+dp/hard\libm.a(libm_a-math_errf.o)
                0x3400fad4                __math_oflowf
 *(.glue_7)
 .glue_7        0x3400fae0        0x0 linker stubs
 *(.glue_7t)
 .glue_7t       0x3400fae0        0x0 linker stubs
 *(.eh_frame)
 .eh_frame      0x3400fae0        0x0 C:/ST/STM32CubeIDE_1.19.0/STM32CubeIDE/plugins/com.st.stm32cube.ide.mcu.externaltools.gnu-tools-for-stm32.13.3.rel1.win32_1.0.0.202411081344/tools/bin/../lib/gcc/arm-none-eabi/13.3.1/thumb/v8-m.main+dp/hard/crtbegin.o
 *(.RamFunc)
 *(.RamFunc*)
 *(.init)
 .init          0x3400fae0        0x4 C:/ST/STM32CubeIDE_1.19.0/STM32CubeIDE/plugins/com.st.stm32cube.ide.mcu.externaltools.gnu-tools-for-stm32.13.3.rel1.win32_1.0.0.202411081344/tools/bin/../lib/gcc/arm-none-eabi/13.3.1/thumb/v8-m.main+dp/hard/crti.o
                0x3400fae0                _init
 .init          0x3400fae4        0x8 C:/ST/STM32CubeIDE_1.19.0/STM32CubeIDE/plugins/com.st.stm32cube.ide.mcu.externaltools.gnu-tools-for-stm32.13.3.rel1.win32_1.0.0.202411081344/tools/bin/../lib/gcc/arm-none-eabi/13.3.1/thumb/v8-m.main+dp/hard/crtn.o
 *(.fini)
 .fini          0x3400faec        0x4 C:/ST/STM32CubeIDE_1.19.0/STM32CubeIDE/plugins/com.st.stm32cube.ide.mcu.externaltools.gnu-tools-for-stm32.13.3.rel1.win32_1.0.0.202411081344/tools/bin/../lib/gcc/arm-none-eabi/13.3.1/thumb/v8-m.main+dp/hard/crti.o
                0x3400faec                _fini
 .fini          0x3400faf0        0x8 C:/ST/STM32CubeIDE_1.19.0/STM32CubeIDE/plugins/com.st.stm32cube.ide.mcu.externaltools.gnu-tools-for-stm32.13.3.rel1.win32_1.0.0.202411081344/tools/bin/../lib/gcc/arm-none-eabi/13.3.1/thumb/v8-m.main+dp/hard/crtn.o
                0x3400faf8                        . = ALIGN (0x4)
                0x3400faf8                        _etext = .

.vfp11_veneer   0x3400faf8        0x0
 .vfp11_veneer  0x3400faf8        0x0 linker stubs

.v4_bx          0x3400faf8        0x0
 .v4_bx         0x3400faf8        0x0 linker stubs

.iplt           0x3400faf8        0x0
 .iplt          0x3400faf8        0x0 C:/ST/STM32CubeIDE_1.19.0/STM32CubeIDE/plugins/com.st.stm32cube.ide.mcu.externaltools.gnu-tools-for-stm32.13.3.rel1.win32_1.0.0.202411081344/tools/bin/../lib/gcc/arm-none-eabi/13.3.1/thumb/v8-m.main+dp/hard/crtbegin.o

.rodata         0x3400fb00     0x68f8
                0x3400fb00                        . = ALIGN (0x4)
 *(.rodata)
 .rodata        0x3400fb00       0x10 ./X-CUBE-AI/App/network_data.o
 *(.rodata*)
 .rodata.gray2idx
                0x3400fb10        0x4 ./Core/Src/enc_sampler.o
 .rodata.main.str1.4
                0x3400fb14      0x2a3 ./Core/Src/main.o
                                 0x79 (size before relaxing)
 .rodata.str1.4
                0x3400fdb7       0x28 ./Core/Src/main.o
 *fill*         0x3400fdb7        0x1 
 .rodata.MODEL_CLASSES
                0x3400fdb8       0x10 ./Core/Src/main.o
 .rodata.HardFault_Handler.str1.4
                0x3400fdc8       0x35 ./Core/Src/stm32n6xx_it.o
 .rodata.MemManage_Handler.str1.4
                0x3400fdc8       0x45 ./Core/Src/stm32n6xx_it.o
 .rodata.BusFault_Handler.str1.4
                0x3400fdc8       0x30 ./Core/Src/stm32n6xx_it.o
 .rodata.UsageFault_Handler.str1.4
                0x3400fdc8       0x2e ./Core/Src/stm32n6xx_it.o
 .rodata.SecureFault_Handler.str1.4
                0x3400fdc8       0x2d ./Core/Src/stm32n6xx_it.o
 .rodata.LED_PORT
                0x3400fdc8        0xc ./Drivers/BSP/STM32N6xx_Nucleo/stm32n6xx_nucleo.o
 .rodata.LED_PIN
                0x3400fdd4        0x6 ./Drivers/BSP/STM32N6xx_Nucleo/stm32n6xx_nucleo.o
 *fill*         0x3400fdda        0x6 
 .rodata.UARTPrescTable
                0x3400fde0       0x18 ./Drivers/STM32N6xx_HAL_Driver/stm32n6xx_hal_uart.o
                0x3400fde0                UARTPrescTable
 .rodata.denominator.0
                0x3400fdf8        0x8 ./Drivers/STM32N6xx_HAL_Driver/stm32n6xx_hal_uart_ex.o
 .rodata.numerator.1
                0x3400fe00        0x8 ./Drivers/STM32N6xx_HAL_Driver/stm32n6xx_hal_uart_ex.o
 .rodata.MX_X_CUBE_AI_Init.str1.4
                0x3400fe08       0xdd ./X-CUBE-AI/App/app_x-cube-ai.o
 .rodata.MX_X_CUBE_AI_Process.str1.4
                0x3400fe08        0xf ./X-CUBE-AI/App/app_x-cube-ai.o
 .rodata.lstm_1_chain
                0x3400fe08        0x8 ./X-CUBE-AI/App/network.o
 .rodata.dense_1_dense_chain
                0x3400fe10        0x8 ./X-CUBE-AI/App/network.o
 .rodata.dense_1_chain
                0x3400fe18        0x8 ./X-CUBE-AI/App/network.o
 .rodata.output_dense_chain
                0x3400fe20        0x8 ./X-CUBE-AI/App/network.o
 .rodata.output_chain
                0x3400fe28        0x8 ./X-CUBE-AI/App/network.o
 *fill*         0x3400fe30       0x10 
 .rodata.s_network_weights_array_u64
                0x3400fe40     0x60d0 ./X-CUBE-AI/App/network_data_params.o
                0x3400fe40                s_network_weights_array_u64
 .rodata.st_exp_tab
                0x34015f10       0x20 ../../Middlewares/ST/AI/Lib\NetworkRuntime1020_CM55_GCC.a(st_common_tables.o)
                0x34015f10                st_exp_tab
 .rodata._printf_float.str1.1
                0x34015f30      0x171 C:/ST/STM32CubeIDE_1.19.0/STM32CubeIDE/plugins/com.st.stm32cube.ide.mcu.externaltools.gnu-tools-for-stm32.13.3.rel1.win32_1.0.0.202411081344/tools/bin/../lib/gcc/arm-none-eabi/13.3.1/../../../../arm-none-eabi/lib/thumb/v8-m.main+dp/hard\libc_nano.a(libc_a-nano-vfprintf_float.o)
                                 0x12 (size before relaxing)
 .rodata._printf_i.str1.1
                0x340160a1       0x22 C:/ST/STM32CubeIDE_1.19.0/STM32CubeIDE/plugins/com.st.stm32cube.ide.mcu.externaltools.gnu-tools-for-stm32.13.3.rel1.win32_1.0.0.202411081344/tools/bin/../lib/gcc/arm-none-eabi/13.3.1/../../../../arm-none-eabi/lib/thumb/v8-m.main+dp/hard\libc_nano.a(libc_a-nano-vfprintf_i.o)
 .rodata._dtoa_r.str1.1
                0x340160a1       0x8f C:/ST/STM32CubeIDE_1.19.0/STM32CubeIDE/plugins/com.st.stm32cube.ide.mcu.externaltools.gnu-tools-for-stm32.13.3.rel1.win32_1.0.0.202411081344/tools/bin/../lib/gcc/arm-none-eabi/13.3.1/../../../../arm-none-eabi/lib/thumb/v8-m.main+dp/hard\libc_nano.a(libc_a-dtoa.o)
 .rodata._Balloc.str1.1
                0x340160a1       0x70 C:/ST/STM32CubeIDE_1.19.0/STM32CubeIDE/plugins/com.st.stm32cube.ide.mcu.externaltools.gnu-tools-for-stm32.13.3.rel1.win32_1.0.0.202411081344/tools/bin/../lib/gcc/arm-none-eabi/13.3.1/../../../../arm-none-eabi/lib/thumb/v8-m.main+dp/hard\libc_nano.a(libc_a-mprec.o)
 .rodata.__multadd.str1.1
                0x340160a1       0x11 C:/ST/STM32CubeIDE_1.19.0/STM32CubeIDE/plugins/com.st.stm32cube.ide.mcu.externaltools.gnu-tools-for-stm32.13.3.rel1.win32_1.0.0.202411081344/tools/bin/../lib/gcc/arm-none-eabi/13.3.1/../../../../arm-none-eabi/lib/thumb/v8-m.main+dp/hard\libc_nano.a(libc_a-mprec.o)
 *fill*         0x340160a1        0x3 
 .rodata.p05.0  0x340160a4        0xc C:/ST/STM32CubeIDE_1.19.0/STM32CubeIDE/plugins/com.st.stm32cube.ide.mcu.externaltools.gnu-tools-for-stm32.13.3.rel1.win32_1.0.0.202411081344/tools/bin/../lib/gcc/arm-none-eabi/13.3.1/../../../../arm-none-eabi/lib/thumb/v8-m.main+dp/hard\libc_nano.a(libc_a-mprec.o)
 .rodata.__mprec_bigtens
                0x340160b0       0x28 C:/ST/STM32CubeIDE_1.19.0/STM32CubeIDE/plugins/com.st.stm32cube.ide.mcu.externaltools.gnu-tools-for-stm32.13.3.rel1.win32_1.0.0.202411081344/tools/bin/../lib/gcc/arm-none-eabi/13.3.1/../../../../arm-none-eabi/lib/thumb/v8-m.main+dp/hard\libc_nano.a(libc_a-mprec.o)
                0x340160b0                __mprec_bigtens
 .rodata.__mprec_tens
                0x340160d8       0xc8 C:/ST/STM32CubeIDE_1.19.0/STM32CubeIDE/plugins/com.st.stm32cube.ide.mcu.externaltools.gnu-tools-for-stm32.13.3.rel1.win32_1.0.0.202411081344/tools/bin/../lib/gcc/arm-none-eabi/13.3.1/../../../../arm-none-eabi/lib/thumb/v8-m.main+dp/hard\libc_nano.a(libc_a-mprec.o)
                0x340160d8                __mprec_tens
 .rodata._vfprintf_r.str1.1
                0x340161a0       0x11 C:/ST/STM32CubeIDE_1.19.0/STM32CubeIDE/plugins/com.st.stm32cube.ide.mcu.externaltools.gnu-tools-for-stm32.13.3.rel1.win32_1.0.0.202411081344/tools/bin/../lib/gcc/arm-none-eabi/13.3.1/../../../../arm-none-eabi/lib/thumb/v8-m.main+dp/hard\libc_nano.a(libc_a-nano-vfprintf.o)
 .rodata._setlocale_r.str1.1
                0x340161a0        0x9 C:/ST/STM32CubeIDE_1.19.0/STM32CubeIDE/plugins/com.st.stm32cube.ide.mcu.externaltools.gnu-tools-for-stm32.13.3.rel1.win32_1.0.0.202411081344/tools/bin/../lib/gcc/arm-none-eabi/13.3.1/../../../../arm-none-eabi/lib/thumb/v8-m.main+dp/hard\libc_nano.a(libc_a-locale.o)
 .rodata.str1.1
                0x340161a0        0x2 C:/ST/STM32CubeIDE_1.19.0/STM32CubeIDE/plugins/com.st.stm32cube.ide.mcu.externaltools.gnu-tools-for-stm32.13.3.rel1.win32_1.0.0.202411081344/tools/bin/../lib/gcc/arm-none-eabi/13.3.1/../../../../arm-none-eabi/lib/thumb/v8-m.main+dp/hard\libc_nano.a(libc_a-locale.o)
 .rodata.__assert_func.str1.1
                0x340161a0       0x3d C:/ST/STM32CubeIDE_1.19.0/STM32CubeIDE/plugins/com.st.stm32cube.ide.mcu.externaltools.gnu-tools-for-stm32.13.3.rel1.win32_1.0.0.202411081344/tools/bin/../lib/gcc/arm-none-eabi/13.3.1/../../../../arm-none-eabi/lib/thumb/v8-m.main+dp/hard\libc_nano.a(libc_a-assert.o)
 .rodata._ctype_
                0x340161a0      0x101 C:/ST/STM32CubeIDE_1.19.0/STM32CubeIDE/plugins/com.st.stm32cube.ide.mcu.externaltools.gnu-tools-for-stm32.13.3.rel1.win32_1.0.0.202411081344/tools/bin/../lib/gcc/arm-none-eabi/13.3.1/../../../../arm-none-eabi/lib/thumb/v8-m.main+dp/hard\libc_nano.a(libc_a-ctype_.o)
                0x340161a0                _ctype_
 *fill*         0x340162a1        0x3 
 .rodata.tiny   0x340162a4        0x4 C:/ST/STM32CubeIDE_1.19.0/STM32CubeIDE/plugins/com.st.stm32cube.ide.mcu.externaltools.gnu-tools-for-stm32.13.3.rel1.win32_1.0.0.202411081344/tools/bin/../lib/gcc/arm-none-eabi/13.3.1/../../../../arm-none-eabi/lib/thumb/v8-m.main+dp/hard\libm.a(libm_a-sf_tanh.o)
 .rodata.two    0x340162a8        0x4 C:/ST/STM32CubeIDE_1.19.0/STM32CubeIDE/plugins/com.st.stm32cube.ide.mcu.externaltools.gnu-tools-for-stm32.13.3.rel1.win32_1.0.0.202411081344/tools/bin/../lib/gcc/arm-none-eabi/13.3.1/../../../../arm-none-eabi/lib/thumb/v8-m.main+dp/hard\libm.a(libm_a-sf_tanh.o)
 .rodata.one    0x340162ac        0x4 C:/ST/STM32CubeIDE_1.19.0/STM32CubeIDE/plugins/com.st.stm32cube.ide.mcu.externaltools.gnu-tools-for-stm32.13.3.rel1.win32_1.0.0.202411081344/tools/bin/../lib/gcc/arm-none-eabi/13.3.1/../../../../arm-none-eabi/lib/thumb/v8-m.main+dp/hard\libm.a(libm_a-sf_tanh.o)
 .rodata.__exp2f_data
                0x340162b0      0x148 C:/ST/STM32CubeIDE_1.19.0/STM32CubeIDE/plugins/com.st.stm32cube.ide.mcu.externaltools.gnu-tools-for-stm32.13.3.rel1.win32_1.0.0.202411081344/tools/bin/../lib/gcc/arm-none-eabi/13.3.1/../../../../arm-none-eabi/lib/thumb/v8-m.main+dp/hard\libm.a(libm_a-sf_exp2_data.o)
                0x340162b0                __exp2f_data
                0x340163f8                        . = ALIGN (0x4)

.ARM.extab      0x340163f8        0x0
                0x340163f8                        . = ALIGN (0x4)
 *(.ARM.extab* .gnu.linkonce.armextab.*)
                0x340163f8                        . = ALIGN (0x4)

.ARM            0x340163f8        0x8
                0x340163f8                        . = ALIGN (0x4)
                0x340163f8                        __exidx_start = .
 *(.ARM.exidx*)
 .ARM.exidx     0x340163f8        0x8 C:/ST/STM32CubeIDE_1.19.0/STM32CubeIDE/plugins/com.st.stm32cube.ide.mcu.externaltools.gnu-tools-for-stm32.13.3.rel1.win32_1.0.0.202411081344/tools/bin/../lib/gcc/arm-none-eabi/13.3.1/../../../../arm-none-eabi/lib/thumb/v8-m.main+dp/hard\libc_nano.a(libc_a-strlen.o)
 .ARM.exidx     0x34016400        0x0 C:/ST/STM32CubeIDE_1.19.0/STM32CubeIDE/plugins/com.st.stm32cube.ide.mcu.externaltools.gnu-tools-for-stm32.13.3.rel1.win32_1.0.0.202411081344/tools/bin/../lib/gcc/arm-none-eabi/13.3.1/thumb/v8-m.main+dp/hard\libgcc.a(_udivmoddi4.o)
                                  0x8 (size before relaxing)
                0x34016400                        __exidx_end = .
                0x34016400                        . = ALIGN (0x4)

.preinit_array  0x34016400        0x0
                0x34016400                        . = ALIGN (0x4)
                0x34016400                        PROVIDE (__preinit_array_start = .)
 *(.preinit_array*)
                0x34016400                        PROVIDE (__preinit_array_end = .)
                0x34016400                        . = ALIGN (0x4)

.init_array     0x34016400        0x4
                0x34016400                        . = ALIGN (0x4)
                0x34016400                        PROVIDE (__init_array_start = .)
 *(SORT_BY_NAME(.init_array.*))
 *(.init_array*)
 .init_array    0x34016400        0x4 C:/ST/STM32CubeIDE_1.19.0/STM32CubeIDE/plugins/com.st.stm32cube.ide.mcu.externaltools.gnu-tools-for-stm32.13.3.rel1.win32_1.0.0.202411081344/tools/bin/../lib/gcc/arm-none-eabi/13.3.1/thumb/v8-m.main+dp/hard/crtbegin.o
                0x34016404                        PROVIDE (__init_array_end = .)
                0x34016404                        . = ALIGN (0x4)

.fini_array     0x34016404        0x4
                0x34016404                        . = ALIGN (0x4)
                [!provide]                        PROVIDE (__fini_array_start = .)
 *(SORT_BY_NAME(.fini_array.*))
 *(.fini_array*)
 .fini_array    0x34016404        0x4 C:/ST/STM32CubeIDE_1.19.0/STM32CubeIDE/plugins/com.st.stm32cube.ide.mcu.externaltools.gnu-tools-for-stm32.13.3.rel1.win32_1.0.0.202411081344/tools/bin/../lib/gcc/arm-none-eabi/13.3.1/thumb/v8-m.main+dp/hard/crtbegin.o
                [!provide]                        PROVIDE (__fini_array_end = .)
                0x34016408                        . = ALIGN (0x4)
                0x34016408                        _sidata = LOADADDR (.data)

.rel.dyn        0x34016408        0x0
 .rel.iplt      0x34016408        0x0 C:/ST/STM32CubeIDE_1.19.0/STM32CubeIDE/plugins/com.st.stm32cube.ide.mcu.externaltools.gnu-tools-for-stm32.13.3.rel1.win32_1.0.0.202411081344/tools/bin/../lib/gcc/arm-none-eabi/13.3.1/thumb/v8-m.main+dp/hard/crtbegin.o

.data           0x34016408      0x990
                0x34016408                        . = ALIGN (0x4)
                0x34016408                        _sdata = .
 *(.data)
 *(.data*)
 .data.SystemCoreClock
                0x34016408        0x4 ./Core/Src/system_stm32n6xx_s.o
                0x34016408                SystemCoreClock
 .data.uwTickFreq
                0x3401640c        0x1 ./Drivers/STM32N6xx_HAL_Driver/stm32n6xx_hal.o
                0x3401640c                uwTickFreq
 *fill*         0x3401640d        0x3 
 .data.uwTickPrio
                0x34016410        0x4 ./Drivers/STM32N6xx_HAL_Driver/stm32n6xx_hal.o
                0x34016410                uwTickPrio
 .data.data_activations0
                0x34016414        0x4 ./X-CUBE-AI/App/app_x-cube-ai.o
                0x34016414                data_activations0
 .data.g_network
                0x34016418       0x4c ./X-CUBE-AI/App/network.o
 .data.__compound_literal.69
                0x34016464       0x18 ./X-CUBE-AI/App/network.o
 .data.__compound_literal.68
                0x3401647c        0xc ./X-CUBE-AI/App/network.o
 .data.__compound_literal.64
                0x34016488        0x4 ./X-CUBE-AI/App/network.o
 .data.__compound_literal.63
                0x3401648c        0xc ./X-CUBE-AI/App/network.o
 .data.__compound_literal.59
                0x34016498        0x4 ./X-CUBE-AI/App/network.o
 .data.__compound_literal.58
                0x3401649c       0x1c ./X-CUBE-AI/App/network.o
 .data.__compound_literal.57
                0x340164b8       0x10 ./X-CUBE-AI/App/network.o
 .data.__compound_literal.56
                0x340164c8       0x1c ./X-CUBE-AI/App/network.o
 .data.__compound_literal.55
                0x340164e4       0x10 ./X-CUBE-AI/App/network.o
 .data.lstm_1_layer
                0x340164f4       0x44 ./X-CUBE-AI/App/network.o
 .data.__compound_literal.54
                0x34016538       0x30 ./X-CUBE-AI/App/network.o
 .data.__compound_literal.53
                0x34016568        0x4 ./X-CUBE-AI/App/network.o
 .data.__compound_literal.52
                0x3401656c       0x24 ./X-CUBE-AI/App/network.o
 .data.__compound_literal.51
                0x34016590        0x4 ./X-CUBE-AI/App/network.o
 .data.__compound_literal.50
                0x34016594        0x4 ./X-CUBE-AI/App/network.o
 .data.dense_1_dense_layer
                0x34016598       0x1c ./X-CUBE-AI/App/network.o
 .data.__compound_literal.49
                0x340165b4       0x30 ./X-CUBE-AI/App/network.o
 .data.__compound_literal.47
                0x340165e4        0x8 ./X-CUBE-AI/App/network.o
 .data.__compound_literal.46
                0x340165ec        0x4 ./X-CUBE-AI/App/network.o
 .data.__compound_literal.45
                0x340165f0        0x4 ./X-CUBE-AI/App/network.o
 .data.dense_1_layer
                0x340165f4       0x20 ./X-CUBE-AI/App/network.o
 .data.__compound_literal.44
                0x34016614       0x30 ./X-CUBE-AI/App/network.o
 .data.__compound_literal.41
                0x34016644        0x4 ./X-CUBE-AI/App/network.o
 .data.__compound_literal.40
                0x34016648        0x4 ./X-CUBE-AI/App/network.o
 .data.output_dense_layer
                0x3401664c       0x1c ./X-CUBE-AI/App/network.o
 .data.__compound_literal.39
                0x34016668       0x30 ./X-CUBE-AI/App/network.o
 .data.__compound_literal.37