Archive member included to satisfy reference by file (symbol)

../../Middlewares/ST/AI/Lib\NetworkRuntime1020_CM55_GCC.a(ai_platform.o)
                              ./X-CUBE-AI/App/network.o (ai_buffer_array_item_set_address)
../../Middlewares/ST/AI/Lib\NetworkRuntime1020_CM55_GCC.a(ai_platform_interface.o)
                              ./X-CUBE-AI/App/network.o (ai_platform_get_weights_map)
../../Middlewares/ST/AI/Lib\NetworkRuntime1020_CM55_GCC.a(core_common.o)
                              ../../Middlewares/ST/AI/Lib\NetworkRuntime1020_CM55_GCC.a(ai_platform_interface.o) (core_init)
../../Middlewares/ST/AI/Lib\NetworkRuntime1020_CM55_GCC.a(core_mem_manager.o)
                              ../../Middlewares/ST/AI/Lib\NetworkRuntime1020_CM55_GCC.a(ai_platform_interface.o) (core_mem_alloc)
../../Middlewares/ST/AI/Lib\NetworkRuntime1020_CM55_GCC.a(layers.o)
                              ../../Middlewares/ST/AI/Lib\NetworkRuntime1020_CM55_GCC.a(ai_platform_interface.o) (ai_check_custom_types)
../../Middlewares/ST/AI/Lib\NetworkRuntime1020_CM55_GCC.a(layers_conv2d_generic_float.o)
                              ./X-CUBE-AI/App/network.o (forward_dense)
../../Middlewares/ST/AI/Lib\NetworkRuntime1020_CM55_GCC.a(layers_nl_generic_float.o)
                              ./X-CUBE-AI/App/network.o (nl_func_sigmoid_array_f32)
../../Middlewares/ST/AI/Lib\NetworkRuntime1020_CM55_GCC.a(layers_rnn_generic_float.o)
                              ./X-CUBE-AI/App/network.o (forward_lstm)
../../Middlewares/ST/AI/Lib\NetworkRuntime1020_CM55_GCC.a(layers_conv2d_integer_scratch.o)
                              ../../Middlewares/ST/AI/Lib\NetworkRuntime1020_CM55_GCC.a(layers.o) (get_dense_scratch_size_s8)
../../Middlewares/ST/AI/Lib\NetworkRuntime1020_CM55_GCC.a(forward_lite_conv2d_if32of32wf32.o)
                              ../../Middlewares/ST/AI/Lib\NetworkRuntime1020_CM55_GCC.a(layers_conv2d_generic_float.o) (forward_lite_conv2d_if32of32wf32)
../../Middlewares/ST/AI/Lib\NetworkRuntime1020_CM55_GCC.a(lite_nl_softmax_if32of32.o)
                              ../../Middlewares/ST/AI/Lib\NetworkRuntime1020_CM55_GCC.a(layers_nl_generic_float.o) (forward_lite_nl_softmax_if32of32_kernel)
../../Middlewares/ST/AI/Lib\NetworkRuntime1020_CM55_GCC.a(lite_nl_relu_if32of32.o)
                              ../../Middlewares/ST/AI/Lib\NetworkRuntime1020_CM55_GCC.a(layers_nl_generic_float.o) (forward_lite_nl_prelu_if32of32_kernel)
../../Middlewares/ST/AI/Lib\NetworkRuntime1020_CM55_GCC.a(lite_dense_if32.o)
                              ../../Middlewares/ST/AI/Lib\NetworkRuntime1020_CM55_GCC.a(layers_conv2d_generic_float.o) (lite_decompress_ilutof32)
../../Middlewares/ST/AI/Lib\NetworkRuntime1020_CM55_GCC.a(lite_nl_generic_float.o)
                              ../../Middlewares/ST/AI/Lib\NetworkRuntime1020_CM55_GCC.a(layers_nl_generic_float.o) (forward_lite_nl_softmax_if32of32)
../../Middlewares/ST/AI/Lib\NetworkRuntime1020_CM55_GCC.a(arm_convolve_get_buffer_sizes_s8.o)
                              ../../Middlewares/ST/AI/Lib\NetworkRuntime1020_CM55_GCC.a(layers_conv2d_integer_scratch.o) (arm_convolve_s8_get_buffer_size)
../../Middlewares/ST/AI/Lib\NetworkRuntime1020_CM55_GCC.a(arm_depthwise_conv_get_buffer_sizes_s8.o)
                              ../../Middlewares/ST/AI/Lib\NetworkRuntime1020_CM55_GCC.a(layers_conv2d_integer_scratch.o) (arm_depthwise_conv_s8_opt_get_buffer_size)
../../Middlewares/ST/AI/Lib\NetworkRuntime1020_CM55_GCC.a(arm_fully_connected_get_buffer_sizes_s8.o)
                              ../../Middlewares/ST/AI/Lib\NetworkRuntime1020_CM55_GCC.a(layers_conv2d_integer_scratch.o) (arm_fully_connected_s8_get_buffer_size)
../../Middlewares/ST/AI/Lib\NetworkRuntime1020_CM55_GCC.a(st_common_tables.o)
                              ../../Middlewares/ST/AI/Lib\NetworkRuntime1020_CM55_GCC.a(lite_nl_softmax_if32of32.o) (st_exp_tab)
../../Middlewares/ST/AI/Lib\NetworkRuntime1020_CM55_GCC.a(st_int8_fill.o)
                              ../../Middlewares/ST/AI/Lib\NetworkRuntime1020_CM55_GCC.a(ai_platform_interface.o) (st_int8_copy)
../../Middlewares/ST/AI/Lib\NetworkRuntime1020_CM55_GCC.a(ai_math_helpers.o)
                              ../../Middlewares/ST/AI/Lib\NetworkRuntime1020_CM55_GCC.a(layers_nl_generic_float.o) (ai_math_sqrt)
../../Middlewares/ST/AI/Lib\NetworkRuntime1020_CM55_GCC.a(ai_datatypes_format.o)
                              ../../Middlewares/ST/AI/Lib\NetworkRuntime1020_CM55_GCC.a(ai_platform_interface.o) (ai_array_to_buffer_fmt)
../../Middlewares/ST/AI/Lib\NetworkRuntime1020_CM55_GCC.a(ai_datatypes_internal.o)
                              ../../Middlewares/ST/AI/Lib\NetworkRuntime1020_CM55_GCC.a(ai_platform_interface.o) (ai_version_get)
../../Middlewares/ST/AI/Lib\NetworkRuntime1020_CM55_GCC.a(ai_math_elementwise_mul_int8.o)
                              ../../Middlewares/ST/AI/Lib\NetworkRuntime1020_CM55_GCC.a(ai_math_helpers.o) (ai_math_elementwise_mul_int8)
[...]
Memory Configuration

Name             Origin             Length             Attributes
RAM              0x34000400         0x001ffc00         xrw
*default*        0x00000000         0xffffffff

Linker script and memory map

LOAD C:/ST/STM32CubeIDE_1.19.0/STM32CubeIDE/plugins/com.st.stm32cube.ide.mcu.externaltools.gnu-tools-for-stm32.13.3.rel1.win32_1.0.0.202411081344/tools/bin/../lib/gcc/arm-none-eabi/13.3.1/thumb/v8-m.main+dp/hard/crti.o
LOAD C:/ST/STM32CubeIDE_1.19.0/STM32CubeIDE/plugins/com.st.stm32cube.ide.mcu.externaltools.gnu-tools-for-stm32.13.3.rel1.win32_1.0.0.202411081344/tools/bin/../lib/gcc/arm-none-eabi/13.3.1/thumb/v8-m.main+dp/hard/crtbegin.o
LOAD C:/ST/STM32CubeIDE_1.19.0/STM32CubeIDE/plugins/com.st.stm32cube.ide.mcu.externaltools.gnu-tools-for-stm32.13.3.rel1.win32_1.0.0.202411081344/tools/bin/../lib/gcc/arm-none-eabi/13.3.1/../../../../arm-none-eabi/lib/thumb/v8-m.main+dp/hard/crt0.o
LOAD ./Core/Src/enc_sampler.o
LOAD ./Core/Src/main.o
LOAD ./Core/Src/secure_nsc.o
LOAD ./Core/Src/stm32n6xx_hal_msp.o
LOAD ./Core/Src/stm32n6xx_it.o
LOAD ./Core/Src/syscalls.o
LOAD ./Core/Src/sysmem.o
LOAD ./Core/Src/system_stm32n6xx_s.o
LOAD ./Core/Startup/startup_stm32n657x0hxq.o
LOAD ./Drivers/BSP/STM32N6xx_Nucleo/stm32n6xx_nucleo.o
LOAD ./Drivers/STM32N6xx_HAL_Driver/stm32n6xx_hal.o
LOAD ./Drivers/STM32N6xx_HAL_Driver/stm32n6xx_hal_cacheaxi.o
LOAD ./Drivers/STM32N6xx_HAL_Driver/stm32n6xx_hal_cortex.o
LOAD ./Drivers/STM32N6xx_HAL_Driver/stm32n6xx_hal_dma.o
LOAD ./Drivers/STM32N6xx_HAL_Driver/stm32n6xx_hal_dma_ex.o
LOAD ./Drivers/STM32N6xx_HAL_Driver/stm32n6xx_hal_exti.o
LOAD ./Drivers/STM32N6xx_HAL_Driver/stm32n6xx_hal_gpio.o
LOAD ./Drivers/STM32N6xx_HAL_Driver/stm32n6xx_hal_pwr.o
LOAD ./Drivers/STM32N6xx_HAL_Driver/stm32n6xx_hal_pwr_ex.o
LOAD ./Drivers/STM32N6xx_HAL_Driver/stm32n6xx_hal_ramcfg.o
LOAD ./Drivers/STM32N6xx_HAL_Driver/stm32n6xx_hal_rcc.o
LOAD ./Drivers/STM32N6xx_HAL_Driver/stm32n6xx_hal_rcc_ex.o
LOAD ./Drivers/STM32N6xx_HAL_Driver/stm32n6xx_hal_rif.o
LOAD ./Drivers/STM32N6xx_HAL_Driver/stm32n6xx_hal_tim.o
LOAD ./Drivers/STM32N6xx_HAL_Driver/stm32n6xx_hal_tim_ex.o
LOAD ./Drivers/STM32N6xx_HAL_Driver/stm32n6xx_hal_uart.o
LOAD ./Drivers/STM32N6xx_HAL_Driver/stm32n6xx_hal_uart_ex.o
LOAD ./Drivers/STM32N6xx_HAL_Driver/stm32n6xx_hal_usart.o
LOAD ./Drivers/STM32N6xx_HAL_Driver/stm32n6xx_hal_usart_ex.o
LOAD ./X-CUBE-AI/App/app_x-cube-ai.o
LOAD ./X-CUBE-AI/App/network.o
LOAD ./X-CUBE-AI/App/network_data.o
LOAD ./X-CUBE-AI/App/network_data_params.o
LOAD ../../Middlewares/ST/AI/Lib\NetworkRuntime1020_CM55_GCC.a
START GROUP
LOAD C:/ST/STM32CubeIDE_1.19.0/STM32CubeIDE/plugins/com.st.stm32cube.ide.mcu.externaltools.gnu-tools-for-stm32.13.3.rel1.win32_1.0.0.202411081344/tools/bin/../lib/gcc/arm-none-eabi/13.3.1/../../../../arm-none-eabi/lib/thumb/v8-m.main+dp/hard\libc_nano.a
LOAD C:/ST/STM32CubeIDE_1.19.0/STM32CubeIDE/plugins/com.st.stm32cube.ide.mcu.externaltools.gnu-tools-for-stm32.13.3.rel1.win32_1.0.0.202411081344/tools/bin/../lib/gcc/arm-none-eabi/13.3.1/../../../../arm-none-eabi/lib/thumb/v8-m.main+dp/hard\libm.a
END GROUP
START GROUP
LOAD C:/ST/STM32CubeIDE_1.19.0/STM32CubeIDE/plugins/com.st.stm32cube.ide.mcu.externaltools.gnu-tools-for-stm32.13.3.rel1.win32_1.0.0.202411081344/tools/bin/../lib/gcc/arm-none-eabi/13.3.1/thumb/v8-m.main+dp/hard\libgcc.a
LOAD C:/ST/STM32CubeIDE_1.19.0/STM32CubeIDE/plugins/com.st.stm32cube.ide.mcu.externaltools.gnu-tools-for-stm32.13.3.rel1.win32_1.0.0.202411081344/tools/bin/../lib/gcc/arm-none-eabi/13.3.1/../../../../arm-none-eabi/lib/thumb/v8-m.main+dp/hard\libc_nano.a
END GROUP
START GROUP
LOAD C:/ST/STM32CubeIDE_1.19.0/STM32CubeIDE/plugins/com.st.stm32cube.ide.mcu.externaltools.gnu-tools-for-stm32.13.3.rel1.win32_1.0.0.202411081344/tools/bin/../lib/gcc/arm-none-eabi/13.3.1/thumb/v8-m.main+dp/hard\libgcc.a
LOAD C:/ST/STM32CubeIDE_1.19.0/STM32CubeIDE/plugins/com.st.stm32cube.ide.mcu.externaltools.gnu-tools-for-stm32.13.3.rel1.win32_1.0.0.202411081344/tools/bin/../lib/gcc/arm-none-eabi/13.3.1/../../../../arm-none-eabi/lib/thumb/v8-m.main+dp/hard\libc_nano.a
LOAD C:/ST/STM32CubeIDE_1.19.0/STM32CubeIDE/plugins/com.st.stm32cube.ide.mcu.externaltools.gnu-tools-for-stm32.13.3.rel1.win32_1.0.0.202411081344/tools/bin/../lib/gcc/arm-none-eabi/13.3.1/../../../../arm-none-eabi/lib/thumb/v8-m.main+dp/hard\libnosys.a
END GROUP
START GROUP
LOAD C:/ST/STM32CubeIDE_1.19.0/STM32CubeIDE/plugins/com.st.stm32cube.ide.mcu.externaltools.gnu-tools-for-stm32.13.3.rel1.win32_1.0.0.202411081344/tools/bin/../lib/gcc/arm-none-eabi/13.3.1/thumb/v8-m.main+dp/hard\libgcc.a
LOAD C:/ST/STM32CubeIDE_1.19.0/STM32CubeIDE/plugins/com.st.stm32cube.ide.mcu.externaltools.gnu-tools-for-stm32.13.3.rel1.win32_1.0.0.202411081344/tools/bin/../lib/gcc/arm-none-eabi/13.3.1/../../../../arm-none-eabi/lib/thumb/v8-m.main+dp/hard\libc_nano.a
LOAD C:/ST/STM32CubeIDE_1.19.0/STM32CubeIDE/plugins/com.st.stm32cube.ide.mcu.externaltools.gnu-tools-for-stm32.13.3.rel1.win32_1.0.0.202411081344/tools/bin/../lib/gcc/arm-none-eabi/13.3.1/../../../../arm-none-eabi/lib/thumb/v8-m.main+dp/hard\libnosys.a
END GROUP
LOAD C:/ST/STM32CubeIDE_1.19.0/STM32CubeIDE/plugins/com.st.stm32cube.ide.mcu.externaltools.gnu-tools-for-stm32.13.3.rel1.win32_1.0.0.202411081344/tools/bin/../lib/gcc/arm-none-eabi/13.3.1/thumb/v8-m.main+dp/hard/crtend.o
LOAD C:/ST/STM32CubeIDE_1.19.0/STM32CubeIDE/plugins/com.st.stm32cube.ide.mcu.externaltools.gnu-tools-for-stm32.13.3.rel1.win32_1.0.0.202411081344/tools/bin/../lib/gcc/arm-none-eabi/13.3.1/thumb/v8-m.main+dp/hard/crtn.o
                0x34200000                        _estack = (ORIGIN (RAM) + LENGTH (RAM))
                0x341ff800                        _sstack = (_estack - _Min_Stack_Size)
                0x00000800                        _Min_Heap_Size = 0x800
                0x00000800                        _Min_Stack_Size = 0x800

.isr_vector     0x34000400      0x34c
                0x34000400                        . = ALIGN (0x4)
 *(.isr_vector)
 .isr_vector    0x34000400      0x34c ./Core/Startup/startup_stm32n657x0hxq.o
                0x34000400                g_pfnVectors
                0x3400074c                        . = ALIGN (0x4)

.text           0x34000750     0xef08
                0x34000750                        . = ALIGN (0x4)
 *(.text)
 .text          0x34000750       0x40 C:/ST/STM32CubeIDE_1.19.0/STM32CubeIDE/plugins/com.st.stm32cube.ide.mcu.externaltools.gnu-tools-for-stm32.13.3.rel1.win32_1.0.0.202411081344/tools/bin/../lib/gcc/arm-none-eabi/13.3.1/thumb/v8-m.main+dp/hard/crtbegin.o
 .text          0x34000790       0x10 C:/ST/STM32CubeIDE_1.19.0/STM32CubeIDE/plugins/com.st.stm32cube.ide.mcu.externaltools.gnu-tools-for-stm32.13.3.rel1.win32_1.0.0.202411081344/tools/bin/../lib/gcc/arm-none-eabi/13.3.1/../../../../arm-none-eabi/lib/thumb/v8-m.main+dp/hard\libc_nano.a(libc_a-strlen.o)
                0x34000790                strlen
 .text          0x340007a0       0x30 C:/ST/STM32CubeIDE_1.19.0/STM32CubeIDE/plugins/com.st.stm32cube.ide.mcu.externaltools.gnu-tools-for-stm32.13.3.rel1.win32_1.0.0.202411081344/tools/bin/../lib/gcc/arm-none-eabi/13.3.1/thumb/v8-m.main+dp/hard\libgcc.a(_aeabi_uldivmod.o)
                0x340007a0                __aeabi_uldivmod
 .text          0x340007d0      0x348 C:/ST/STM32CubeIDE_1.19.0/STM32CubeIDE/plugins/com.st.stm32cube.ide.mcu.externaltools.gnu-tools-for-stm32.13.3.rel1.win32_1.0.0.202411081344/tools/bin/../lib/gcc/arm-none-eabi/13.3.1/thumb/v8-m.main+dp/hard\libgcc.a(_udivmoddi4.o)
                0x340007d0                __udivmoddi4
 .text          0x34000b18        0x4 C:/ST/STM32CubeIDE_1.19.0/STM32CubeIDE/plugins/com.st.stm32cube.ide.mcu.externaltools.gnu-tools-for-stm32.13.3.rel1.win32_1.0.0.202411081344/tools/bin/../lib/gcc/arm-none-eabi/13.3.1/thumb/v8-m.main+dp/hard\libgcc.a(_dvmd_tls.o)
                0x34000b18                __aeabi_idiv0
                0x34000b18                __aeabi_ldiv0
 *(.text*)
 .text.EncSampler_Init
                0x34000b1c       0x20 ./Core/Src/enc_sampler.o
                0x34000b1c                EncSampler_Init
 .text.EncSampler_TIM7_Callback
                0x34000b3c       0xcc ./Core/Src/enc_sampler.o
                0x34000b3c                EncSampler_TIM7_Callback
 .text.EncSampler_Process
                0x34000c08      0x61c ./Core/Src/enc_sampler.o
                0x34000c08                EncSampler_Process
 .text.EncSampler_CopyWindowLinear
                0x34001224       0xa4 ./Core/Src/enc_sampler.o
                0x34001224                EncSampler_CopyWindowLinear
 .text.HAL_TIM_PeriodElapsedCallback
                0x340012c8       0x14 ./Core/Src/main.o
                0x340012c8                HAL_TIM_PeriodElapsedCallback
 *fill*         0x340012dc        0x4 
 .text.startup.main
                0x340012e0      0x528 ./Core/Src/main.o
                0x340012e0                main
 .text._write   0x34001808       0x18 ./Core/Src/main.o
                0x34001808                _write
 .text.Error_Handler
                0x34001820        0x4 ./Core/Src/main.o
                0x34001820                Error_Handler
 .text.SECURE_RegisterCallback
                0x34001824       0x30 ./Core/Src/secure_nsc.o
                0x34001824                __acle_se_SECURE_RegisterCallback
 .text.HAL_MspInit
                0x34001854       0x14 ./Core/Src/stm32n6xx_hal_msp.o
                0x34001854                HAL_MspInit
 .text.HAL_CACHEAXI_MspInit
                0x34001868       0x2c ./Core/Src/stm32n6xx_hal_msp.o
                0x34001868                HAL_CACHEAXI_MspInit
 *fill*         0x34001894        0x4 
 .text.HAL_UART_MspInit
                0x34001898       0xe0 ./Core/Src/stm32n6xx_hal_msp.o
                0x34001898                HAL_UART_MspInit
 .text.HAL_RAMCFG_MspInit
                0x34001978       0x1c ./Core/Src/stm32n6xx_hal_msp.o
                0x34001978                HAL_RAMCFG_MspInit
 .text.HAL_TIM_Encoder_MspInit
                0x34001994       0x70 ./Core/Src/stm32n6xx_hal_msp.o
                0x34001994                HAL_TIM_Encoder_MspInit
 .text.HAL_TIM_Base_MspInit
                0x34001a04       0x3c ./Core/Src/stm32n6xx_hal_msp.o
                0x34001a04                HAL_TIM_Base_MspInit
 .text.NMI_Handler
                0x34001a40        0x4 ./Core/Src/stm32n6xx_it.o
                0x34001a40                NMI_Handler
 .text.HardFault_Handler
                0x34001a44       0x18 ./Core/Src/stm32n6xx_it.o
                0x34001a44                HardFault_Handler
 .text.MemManage_Handler
                0x34001a5c       0x18 ./Core/Src/stm32n6xx_it.o
                0x34001a5c                MemManage_Handler
 .text.BusFault_Handler
                0x34001a74       0x18 ./Core/Src/stm32n6xx_it.o
                0x34001a74                BusFault_Handler
 .text.UsageFault_Handler
                0x34001a8c       0x18 ./Core/Src/stm32n6xx_it.o
                0x34001a8c                UsageFault_Handler
 .text.SecureFault_Handler
                0x34001aa4       0x18 ./Core/Src/stm32n6xx_it.o
                0x34001aa4                SecureFault_Handler
 .text.SVC_Handler
                0x34001abc        0x4 ./Core/Src/stm32n6xx_it.o
                0x34001abc                SVC_Handler
 .text.DebugMon_Handler
                0x34001ac0        0x4 ./Core/Src/stm32n6xx_it.o
                0x34001ac0                DebugMon_Handler
 .text.PendSV_Handler
                0x34001ac4        0x4 ./Core/Src/stm32n6xx_it.o
                0x34001ac4                PendSV_Handler
 .text.SysTick_Handler
                0x34001ac8        0x4 ./Core/Src/stm32n6xx_it.o
                0x34001ac8                SysTick_Handler
 .text.TIM7_IRQHandler
                0x34001acc        0xc ./Core/Src/stm32n6xx_it.o
                0x34001acc                TIM7_IRQHandler
 .text._getpid  0x34001ad8        0x4 ./Core/Src/syscalls.o
                0x34001ad8                _getpid
 .text._kill    0x34001adc       0x14 ./Core/Src/syscalls.o
                0x34001adc                _kill
 .text._exit    0x34001af0        0xc ./Core/Src/syscalls.o
                0x34001af0                _exit
 .text._read    0x34001afc       0x1c ./Core/Src/syscalls.o
                0x34001afc                _read
 .text._close   0x34001b18        0x8 ./Core/Src/syscalls.o
                0x34001b18                _close
 .text._fstat   0x34001b20        0xc ./Core/Src/syscalls.o
                0x34001b20                _fstat
 .text._isatty  0x34001b2c        0x4 ./Core/Src/syscalls.o
                0x34001b2c                _isatty
 .text._lseek   0x34001b30        0x4 ./Core/Src/syscalls.o
                0x34001b30                _lseek
 .text._sbrk    0x34001b34       0x48 ./Core/Src/sysmem.o
                0x34001b34                _sbrk
 .text.SystemInit
                0x34001b7c       0xa8 ./Core/Src/system_stm32n6xx_s.o
                0x34001b7c                SystemInit
 .text.SystemCoreClockUpdate
                0x34001c24      0x1e8 ./Core/Src/system_stm32n6xx_s.o
                0x34001c24                SystemCoreClockUpdate
 .text.SECURE_SystemCoreClockUpdate
                0x34001e0c      0x1e8 ./Core/Src/system_stm32n6xx_s.o
                0x34001e0c                __acle_se_SECURE_SystemCoreClockUpdate
 .text.Reset_Handler
                0x34001ff4       0x5c ./Core/Startup/startup_stm32n657x0hxq.o
                0x34001ff4                Reset_Handler
 .text.Default_Handler
                0x34002050        0x2 ./Core/Startup/startup_stm32n657x0hxq.o
                0x34002050                HPDMA1_Channel13_IRQHandler
                0x34002050                EXTI2_IRQHandler
                0x34002050                MCE2_IRQHandler
                0x34002050                TIM8_CC_IRQHandler
                0x34002050                USB2_OTG_HS_IRQHandler
                0x34002050                SAI1_A_IRQHandler
                0x34002050                EXTI5_IRQHandler
                0x34002050                I3C1_ER_IRQHandler
                0x34002050                UART8_IRQHandler
                0x34002050                CTI_INT0_IRQHandler
                0x34002050                SPI4_IRQHandler
                0x34002050                LTDC_LO_IRQHandler
                0x34002050                NPU2_IRQHandler
                0x34002050                FDCAN3_IT0_IRQHandler
                0x34002050                EXTI13_IRQHandler
                0x34002050                TIM1_CC_IRQHandler
                0x34002050                XSPI1_IRQHandler
                0x34002050                TIM10_IRQHandler
                0x34002050                JPEG_IRQHandler
                0x34002050                TAMP_IRQHandler
                0x34002050                CACHE_ECC_IRQHandler
                0x34002050                TIM6_IRQHandler
                0x34002050                CSI_IRQHandler
                0x34002050                EXTI12_IRQHandler
                0x34002050                GFXTIM_IRQHandler
                0x34002050                EXTI3_IRQHandler
                0x34002050                LPTIM4_IRQHandler
                0x34002050                GPDMA1_Channel5_IRQHandler
                0x34002050                EXTI8_IRQHandler
                0x34002050                LPTIM2_IRQHandler
                0x34002050                GFXMMU_IRQHandler
                0x34002050                LTDC_LO_ERR_IRQHandler
                0x34002050                I2C3_ER_IRQHandler
                0x34002050                RIFSC_TAMPER_IRQHandler
                0x34002050                USART10_IRQHandler
                0x34002050                MDF1_FLT2_IRQHandler
                0x34002050                LPTIM3_IRQHandler
                0x34002050                SAI2_A_IRQHandler
                0x34002050                EXTI0_IRQHandler
                0x34002050                HPDMA1_Channel9_IRQHandler
                0x34002050                I2C2_EV_IRQHandler
                0x34002050                GPU2D_IRQHandler
                0x34002050                FPU_IRQHandler
                0x34002050                GPDMA1_Channel3_IRQHandler
                0x34002050                GPDMA1_Channel7_IRQHandler
                0x34002050                MDF1_FLT4_IRQHandler
                0x34002050                FDCAN1_IT1_IRQHandler
                0x34002050                HPDMA1_Channel3_IRQHandler
                0x34002050                ADC1_2_IRQHandler
                0x34002050                GPDMA1_Channel9_IRQHandler
                0x34002050                SPI1_IRQHandler
                0x34002050                CACHEAXI_IRQHandler
                0x34002050                SAI1_B_IRQHandler
                0x34002050                GPDMA1_Channel2_IRQHandler
                0x34002050                PAHB_ERR_IRQHandler
                0x34002050                TIM8_UP_IRQHandler
                0x34002050                RCC_S_IRQHandler
                0x34002050                MDF1_FLT1_IRQHandler
                0x34002050                LTDC_UP_IRQHandler
                0x34002050                LOCKUP_IRQHandler
                0x34002050                PKA_IRQHandler
                0x34002050                USART6_IRQHandler
                0x34002050                HPDMA1_Channel2_IRQHandler
                0x34002050                MDF1_FLT5_IRQHandler
                0x34002050                MCE4_IRQHandler
                0x34002050                I3C2_ER_IRQHandler
                0x34002050                EXTI15_IRQHandler
                0x34002050                TIM17_IRQHandler
                0x34002050                USART3_IRQHandler
                0x34002050                HPDMA1_Channel6_IRQHandler
                0x34002050                CRYP_IRQHandler
                0x34002050                RTC_IRQHandler
                0x34002050                XSPI2_IRQHandler
                0x34002050                EXTI9_IRQHandler
                0x34002050                IAC_IRQHandler
                0x34002050                HPDMA1_Channel0_IRQHandler
                0x34002050                LPTIM5_IRQHandler
                0x34002050                HPDMA1_Channel1_IRQHandler
                0x34002050                UART5_IRQHandler
                0x34002050                TIM4_IRQHandler
                0x34002050                NPU3_IRQHandler
                0x34002050                I3C2_EV_IRQHandler
                0x34002050                I2C1_EV_IRQHandler
                0x34002050                FDCAN_CU_IRQHandler
                0x34002050                GPDMA1_Channel12_IRQHandler
                0x34002050                HPDMA1_Channel7_IRQHandler
                0x34002050                GPDMA1_Channel1_IRQHandler
                0x34002050                TIM16_IRQHandler
                0x34002050                GPDMA1_Channel15_IRQHandler
                0x34002050                UART4_IRQHandler
                0x34002050                TCM_ECC_IRQHandler
                0x34002050                TIM3_IRQHandler
                0x34002050                RCC_IRQHandler
                0x34002050                UART9_IRQHandler
                0x34002050                NPU1_IRQHandler
                0x34002050                SAI2_B_IRQHandler
                0x34002050                Default_Handler
                0x34002050                GPDMA1_Channel8_IRQHandler
                0x34002050                HPDMA1_Channel8_IRQHandler
                0x34002050                TIM18_IRQHandler
                0x34002050                TIM14_IRQHandler
                0x34002050                TIM13_IRQHandler
                0x34002050                CTI_INT1_IRQHandler
                0x34002050                GPDMA1_Channel11_IRQHandler
                0x34002050                GPU2D_ER_IRQHandler
                0x34002050                SPI5_IRQHandler
                0x34002050                TIM12_IRQHandler
                0x34002050                FDCAN3_IT1_IRQHandler
                0x34002050                HPDMA1_Channel10_IRQHandler
                0x34002050                SDMMC1_IRQHandler
                0x34002050                SAES_IRQHandler
                0x34002050                TIM5_IRQHandler
                0x34002050                UCPD1_IRQHandler
                0x34002050                GPDMA1_Channel0_IRQHandler
                0x34002050                I3C1_EV_IRQHandler
                0x34002050                HPDMA1_Channel5_IRQHandler
                0x34002050                TIM15_IRQHandler
                0x34002050                I2C3_EV_IRQHandler
                0x34002050                HPDMA1_Channel4_IRQHandler
                0x34002050                HPDMA1_Channel15_IRQHandler
                0x34002050                TIM9_IRQHandler
                0x34002050                ETH1_IRQHandler
                0x34002050                USB1_OTG_HS_IRQHandler
                0x34002050                PVD_PVM_IRQHandler
                0x34002050                SPI2_IRQHandler
                0x34002050                TIM1_TRG_CCU_IRQHandler
                0x34002050                HPDMA1_Channel11_IRQHandler
                0x34002050                EXTI14_IRQHandler
                0x34002050                EXTI11_IRQHandler
                0x34002050                VENC_IRQHandler
                0x34002050                GPDMA1_Channel14_IRQHandler
                0x34002050                EXTI4_IRQHandler
                0x34002050                RTC_S_IRQHandler
                0x34002050                GPDMA1_Channel13_IRQHandler
                0x34002050                RNG_IRQHandler
                0x34002050                XSPI3_IRQHandler
                0x34002050                FDCAN2_IT1_IRQHandler
                0x34002050                TIM1_UP_IRQHandler
                0x34002050                NPU0_IRQHandler
                0x34002050                BCK_ECC_IRQHandler
                0x34002050                WWDG_IRQHandler
                0x34002050                SPI6_IRQHandler
                0x34002050                MDIOS_IRQHandler
                0x34002050                I2C4_EV_IRQHandler
                0x34002050                FDCAN2_IT0_IRQHandler
                0x34002050                IWDG_IRQHandler
                0x34002050                HPDMA1_Channel14_IRQHandler
                0x34002050                LPUART1_IRQHandler
                0x34002050                FDCAN1_IT0_IRQHandler
                0x34002050                MDF1_FLT0_IRQHandler
                0x34002050                TIM2_IRQHandler
                0x34002050                MCE3_IRQHandler
                0x34002050                GPDMA1_Channel4_IRQHandler
                0x34002050                EXTI7_IRQHandler
                0x34002050                DMA2D_IRQHandler
                0x34002050                TIM1_BRK_IRQHandler
                0x34002050                EXTI1_IRQHandler
                0x34002050                SDMMC2_IRQHandler
                0x34002050                TIM11_IRQHandler
                0x34002050                LTDC_UP_ERR_IRQHandler
                0x34002050                UART7_IRQHandler
                0x34002050                DTS_IRQHandler
                0x34002050                MDF1_FLT3_IRQHandler
                0x34002050                USART2_IRQHandler
                0x34002050                GPDMA1_Channel6_IRQHandler
                0x34002050                ADF1_FLT0_IRQHandler
                0x34002050                I2C2_ER_IRQHandler
                0x34002050                MCE1_IRQHandler
                0x34002050                SPDIFRX_IRQHandler
                0x34002050                TIM8_BRK_IRQHandler
                0x34002050                HPDMA1_Channel12_IRQHandler
                0x34002050                USART1_IRQHandler
                0x34002050                EXTI10_IRQHandler
                0x34002050                SPI3_IRQHandler
                0x34002050                WAKEUP_PIN_IRQHandler
                0x34002050                DCMIPP_IRQHandler
                0x34002050                I2C1_ER_IRQHandler
                0x34002050                FMC_IRQHandler
                0x34002050                EXTI6_IRQHandler
                0x34002050                LPTIM1_IRQHandler
                0x34002050                DCMI_PSSI_IRQHandler
                0x34002050                TIM8_TRG_CCU_IRQHandler
                0x34002050                I2C4_ER_IRQHandler
                0x34002050                GPDMA1_Channel10_IRQHandler
                0x34002050                ICACHE_IRQHandler
                0x34002050                HASH_IRQHandler
 *fill*         0x34002052        0x2 
 .text.BSP_LED_Init
                0x34002054       0x64 ./Drivers/BSP/STM32N6xx_Nucleo/stm32n6xx_nucleo.o
                0x34002054                BSP_LED_Init
 .text.BSP_LED_Toggle
                0x340020b8       0x20 ./Drivers/BSP/STM32N6xx_Nucleo/stm32n6xx_nucleo.o
                0x340020b8                BSP_LED_Toggle
 .text.HAL_InitTick
                0x340020d8       0x4c ./Drivers/STM32N6xx_HAL_Driver/stm32n6xx_hal.o
                0x340020d8                HAL_InitTick
 .text.HAL_Init
                0x34002124       0x24 ./Drivers/STM32N6xx_HAL_Driver/stm32n6xx_hal.o
                0x34002124                HAL_Init
 .text.HAL_IncTick
                0x34002148       0x18 ./Drivers/STM32N6xx_HAL_Driver/stm32n6xx_hal.o
                0x34002148                HAL_IncTick
 .text.HAL_GetTick
                0x34002160        0xc ./Drivers/STM32N6xx_HAL_Driver/stm32n6xx_hal.o
                0x34002160                HAL_GetTick
 .text.HAL_CACHEAXI_Init
                0x3400216c       0x5c ./Drivers/STM32N6xx_HAL_Driver/stm32n6xx_hal_cacheaxi.o
                0x3400216c                HAL_CACHEAXI_Init
 .text.HAL_NVIC_SetPriorityGrouping
                0x340021c8       0x24 ./Drivers/STM32N6xx_HAL_Driver/stm32n6xx_hal_cortex.o
                0x340021c8                HAL_NVIC_SetPriorityGrouping
 .text.HAL_NVIC_SetPriority
                0x340021ec       0x74 ./Drivers/STM32N6xx_HAL_Driver/stm32n6xx_hal_cortex.o
                0x340021ec                HAL_NVIC_SetPriority
 .text.HAL_NVIC_EnableIRQ
                0x34002260       0x1c ./Drivers/STM32N6xx_HAL_Driver/stm32n6xx_hal_cortex.o
                0x34002260                HAL_NVIC_EnableIRQ
 .text.HAL_SYSTICK_Config
                0x3400227c       0x34 ./Drivers/STM32N6xx_HAL_Driver/stm32n6xx_hal_cortex.o
                0x3400227c                HAL_SYSTICK_Config
 .text.HAL_GPIO_Init
                0x340022b0      0x428 ./Drivers/STM32N6xx_HAL_Driver/stm32n6xx_hal_gpio.o
                0x340022b0                HAL_GPIO_Init
 .text.HAL_GPIO_WritePin
                0x340026d8        0xc ./Drivers/STM32N6xx_HAL_Driver/stm32n6xx_hal_gpio.o
                0x340026d8                HAL_GPIO_WritePin
 .text.HAL_GPIO_TogglePin
                0x340026e4       0x14 ./Drivers/STM32N6xx_HAL_Driver/stm32n6xx_hal_gpio.o
                0x340026e4                HAL_GPIO_TogglePin
 .text.HAL_GPIO_ConfigPinAttributes
                0x340026f8       0x38 ./Drivers/STM32N6xx_HAL_Driver/stm32n6xx_hal_gpio.o
                0x340026f8                HAL_GPIO_ConfigPinAttributes
 .text.HAL_PWREx_EnableVddIO2
                0x34002730       0x10 ./Drivers/STM32N6xx_HAL_Driver/stm32n6xx_hal_pwr_ex.o
                0x34002730                HAL_PWREx_EnableVddIO2
 .text.HAL_PWREx_EnableVddIO3
                0x34002740       0x10 ./Drivers/STM32N6xx_HAL_Driver/stm32n6xx_hal_pwr_ex.o
                0x34002740                HAL_PWREx_EnableVddIO3
 .text.HAL_PWREx_EnableVddIO4
                0x34002750       0x10 ./Drivers/STM32N6xx_HAL_Driver/stm32n6xx_hal_pwr_ex.o
                0x34002750                HAL_PWREx_EnableVddIO4
 .text.HAL_RAMCFG_Init
                0x34002760       0x40 ./Drivers/STM32N6xx_HAL_Driver/stm32n6xx_hal_ramcfg.o
                0x34002760                HAL_RAMCFG_Init
 .text.HAL_RCC_GetSysClockFreq
                0x340027a0       0xa4 ./Drivers/STM32N6xx_HAL_Driver/stm32n6xx_hal_rcc.o
                0x340027a0                HAL_RCC_GetSysClockFreq
 .text.HAL_RCCEx_PeriphCLKConfig
                0x34002844     0x1fcc ./Drivers/STM32N6xx_HAL_Driver/stm32n6xx_hal_rcc_ex.o
                0x34002844                HAL_RCCEx_PeriphCLKConfig
 .text.HAL_RCCEx_GetPLL1CLKFreq
                0x34004810      0x180 ./Drivers/STM32N6xx_HAL_Driver/stm32n6xx_hal_rcc_ex.o
                0x34004810                HAL_RCCEx_GetPLL1CLKFreq
 .text.HAL_RCCEx_GetPLL2CLKFreq
                0x34004990      0x180 ./Drivers/STM32N6xx_HAL_Driver/stm32n6xx_hal_rcc_ex.o
                0x34004990                HAL_RCCEx_GetPLL2CLKFreq
 .text.HAL_RCCEx_GetPLL3CLKFreq
                0x34004b10      0x180 ./Drivers/STM32N6xx_HAL_Driver/stm32n6xx_hal_rcc_ex.o
                0x34004b10                HAL_RCCEx_GetPLL3CLKFreq
 .text.HAL_RCCEx_GetPLL4CLKFreq
                0x34004c90      0x180 ./Drivers/STM32N6xx_HAL_Driver/stm32n6xx_hal_rcc_ex.o
                0x34004c90                HAL_RCCEx_GetPLL4CLKFreq
 .text.RCCEx_GetCLKPCLKFreq.constprop.0
                0x34004e10      0x128 ./Drivers/STM32N6xx_HAL_Driver/stm32n6xx_hal_rcc_ex.o
 .text.RCCEx_GetSPDIFRXCLKFreq.constprop.0
                0x34004f38       0xe8 ./Drivers/STM32N6xx_HAL_Driver/stm32n6xx_hal_rcc_ex.o
 .text.RCCEx_GetXSPICLKFreq
                0x34005020      0x114 ./Drivers/STM32N6xx_HAL_Driver/stm32n6xx_hal_rcc_ex.o
 .text.RCCEx_GetOTGPHYCLKFreq
                0x34005134      0x100 ./Drivers/STM32N6xx_HAL_Driver/stm32n6xx_hal_rcc_ex.o
 .text.RCCEx_GetUSARTCLKFreq
                0x34005234      0x268 ./Drivers/STM32N6xx_HAL_Driver/stm32n6xx_hal_rcc_ex.o
 .text.RCCEx_GetUARTCLKFreq
                0x3400549c      0x274 ./Drivers/STM32N6xx_HAL_Driver/stm32n6xx_hal_rcc_ex.o
 .text.RCCEx_GetSPICLKFreq
                0x34005710      0x2f0 ./Drivers/STM32N6xx_HAL_Driver/stm32n6xx_hal_rcc_ex.o
 .text.RCCEx_GetSAICLKFreq
                0x34005a00      0x18c ./Drivers/STM32N6xx_HAL_Driver/stm32n6xx_hal_rcc_ex.o
 .text.RCCEx_GetI3CCLKFreq
                0x34005b8c      0x140 ./Drivers/STM32N6xx_HAL_Driver/stm32n6xx_hal_rcc_ex.o
 .text.RCCEx_GetSDMMCCLKFreq
                0x34005ccc       0xe8 ./Drivers/STM32N6xx_HAL_Driver/stm32n6xx_hal_rcc_ex.o
 .text.RCCEx_GetI2CCLKFreq
                0x34005db4      0x1b4 ./Drivers/STM32N6xx_HAL_Driver/stm32n6xx_hal_rcc_ex.o
 .text.RCCEx_GetLPTIMCLKFreq
                0x34005f68      0x204 ./Drivers/STM32N6xx_HAL_Driver/stm32n6xx_hal_rcc_ex.o
 .text.HAL_RCCEx_GetPeriphCLKFreq
                0x3400616c     0x10f0 ./Drivers/STM32N6xx_HAL_Driver/stm32n6xx_hal_rcc_ex.o
                0x3400616c                HAL_RCCEx_GetPeriphCLKFreq
 .text.HAL_TIM_Base_Init
                0x3400725c      0x1b4 ./Drivers/STM32N6xx_HAL_Driver/stm32n6xx_hal_tim.o
                0x3400725c                HAL_TIM_Base_Init
 .text.HAL_TIM_Base_Start_IT
                0x34007410       0xd4 ./Drivers/STM32N6xx_HAL_Driver/stm32n6xx_hal_tim.o
                0x34007410                HAL_TIM_Base_Start_IT
 .text.HAL_TIM_Encoder_Init
                0x340074e4      0x238 ./Drivers/STM32N6xx_HAL_Driver/stm32n6xx_hal_tim.o
                0x340074e4                HAL_TIM_Encoder_Init
 .text.HAL_TIM_Encoder_Start
                0x3400771c       0xc4 ./Drivers/STM32N6xx_HAL_Driver/stm32n6xx_hal_tim.o
                0x3400771c                HAL_TIM_Encoder_Start
 .text.HAL_TIM_OC_DelayElapsedCallback
                0x340077e0        0x4 ./Drivers/STM32N6xx_HAL_Driver/stm32n6xx_hal_tim.o
                0x340077e0                HAL_TIM_OC_DelayElapsedCallback
 .text.HAL_TIM_IC_CaptureCallback
                0x340077e4        0x4 ./Drivers/STM32N6xx_HAL_Driver/stm32n6xx_hal_tim.o
                0x340077e4                HAL_TIM_IC_CaptureCallback
 .text.HAL_TIM_PWM_PulseFinishedCallback
                0x340077e8        0x4 ./Drivers/STM32N6xx_HAL_Driver/stm32n6xx_hal_tim.o
                0x340077e8                HAL_TIM_PWM_PulseFinishedCallback
 .text.HAL_TIM_TriggerCallback
                0x340077ec        0x4 ./Drivers/STM32N6xx_HAL_Driver/stm32n6xx_hal_tim.o
                0x340077ec                HAL_TIM_TriggerCallback
 .text.HAL_TIM_IRQHandler
                0x340077f0      0x1c4 ./Drivers/STM32N6xx_HAL_Driver/stm32n6xx_hal_tim.o
                0x340077f0                HAL_TIM_IRQHandler
 .text.TIM_ETR_SetConfig
                0x340079b4       0x14 ./Drivers/STM32N6xx_HAL_Driver/stm32n6xx_hal_tim.o
                0x340079b4                TIM_ETR_SetConfig
 .text.HAL_TIMEx_MasterConfigSynchronization
                0x340079c8       0xf4 ./Drivers/STM32N6xx_HAL_Driver/stm32n6xx_hal_tim_ex.o
                0x340079c8                HAL_TIMEx_MasterConfigSynchronization
 .text.HAL_TIMEx_ConfigEncoderIndex
                0x34007abc       0x58 ./Drivers/STM32N6xx_HAL_Driver/stm32n6xx_hal_tim_ex.o
                0x34007abc                HAL_TIMEx_ConfigEncoderIndex
 .text.HAL_TIMEx_EnableEncoderIndex
                0x34007b14       0x10 ./Drivers/STM32N6xx_HAL_Driver/stm32n6xx_hal_tim_ex.o
                0x34007b14                HAL_TIMEx_EnableEncoderIndex
 .text.HAL_TIMEx_CommutCallback
                0x34007b24        0x4 ./Drivers/STM32N6xx_HAL_Driver/stm32n6xx_hal_tim_ex.o
                0x34007b24                HAL_TIMEx_CommutCallback
 .text.HAL_TIMEx_BreakCallback
                0x34007b28        0x4 ./Drivers/STM32N6xx_HAL_Driver/stm32n6xx_hal_tim_ex.o
                0x34007b28                HAL_TIMEx_BreakCallback
 .text.HAL_TIMEx_Break2Callback
                0x34007b2c        0x4 ./Drivers/STM32N6xx_HAL_Driver/stm32n6xx_hal_tim_ex.o
                0x34007b2c                HAL_TIMEx_Break2Callback
 .text.HAL_TIMEx_EncoderIndexCallback
                0x34007b30        0x4 ./Drivers/STM32N6xx_HAL_Driver/stm32n6xx_hal_tim_ex.o
                0x34007b30                HAL_TIMEx_EncoderIndexCallback
 .text.HAL_TIMEx_DirectionChangeCallback
                0x34007b34        0x4 ./Drivers/STM32N6xx_HAL_Driver/stm32n6xx_hal_tim_ex.o
                0x34007b34                HAL_TIMEx_DirectionChangeCallback
 .text.HAL_TIMEx_IndexErrorCallback
                0x34007b38        0x4 ./Drivers/STM32N6xx_HAL_Driver/stm32n6xx_hal_tim_ex.o
                0x34007b38                HAL_TIMEx_IndexErrorCallback
 .text.HAL_TIMEx_TransitionErrorCallback
                0x34007b3c        0x4 ./Drivers/STM32N6xx_HAL_Driver/stm32n6xx_hal_tim_ex.o
                0x34007b3c                HAL_TIMEx_TransitionErrorCallback
 .text.HAL_UART_Transmit
                0x34007b40      0x11c ./Drivers/STM32N6xx_HAL_Driver/stm32n6xx_hal_uart.o
                0x34007b40                HAL_UART_Transmit
 .text.UART_AdvFeatureConfig
                0x34007c5c       0xb0 ./Drivers/STM32N6xx_HAL_Driver/stm32n6xx_hal_uart.o
                0x34007c5c                UART_AdvFeatureConfig
 .text.UART_CheckIdleState
                0x34007d0c      0x258 ./Drivers/STM32N6xx_HAL_Driver/stm32n6xx_hal_uart.o
                0x34007d0c                UART_CheckIdleState
 .text.HAL_UART_Init
                0x34007f64      0x2c8 ./Drivers/STM32N6xx_HAL_Driver/stm32n6xx_hal_uart.o
                0x34007f64                HAL_UART_Init
 .text.HAL_UARTEx_DisableFifoMode
                0x3400822c       0x3c ./Drivers/STM32N6xx_HAL_Driver/stm32n6xx_hal_uart_ex.o
                0x3400822c                HAL_UARTEx_DisableFifoMode
 .text.HAL_UARTEx_SetTxFifoThreshold
                0x34008268       0x88 ./Drivers/STM32N6xx_HAL_Driver/stm32n6xx_hal_uart_ex.o
                0x34008268                HAL_UARTEx_SetTxFifoThreshold
 .text.HAL_UARTEx_SetRxFifoThreshold
                0x340082f0       0x88 ./Drivers/STM32N6xx_HAL_Driver/stm32n6xx_hal_uart_ex.o
                0x340082f0                HAL_UARTEx_SetRxFifoThreshold
 .text.ai_run.part.0
                0x34008378       0x28 ./X-CUBE-AI/App/app_x-cube-ai.o
 .text.MX_X_CUBE_AI_Init
                0x340083a0      0x340 ./X-CUBE-AI/App/app_x-cube-ai.o
                0x340083a0                MX_X_CUBE_AI_Init
 .text.MX_X_CUBE_AI_Process
                0x340086e0      0x178 ./X-CUBE-AI/App/app_x-cube-ai.o
                0x340086e0                MX_X_CUBE_AI_Process
 .text.ai_network_get_error
                0x34008858        0x4 ./X-CUBE-AI/App/network.o
                0x34008858                ai_network_get_error
 .text.ai_network_inputs_get
                0x3400885c       0x1c ./X-CUBE-AI/App/network.o
                0x3400885c                ai_network_inputs_get
 .text.ai_network_outputs_get
                0x34008878       0x1c ./X-CUBE-AI/App/network.o
                0x34008878                ai_network_outputs_get
 .text.ai_network_init
                0x34008894      0x19c ./X-CUBE-AI/App/network.o
                0x34008894                ai_network_init
 .text.ai_network_create_and_init
                0x34008a30       0xb4 ./X-CUBE-AI/App/network.o
                0x34008a30                ai_network_create_and_init
 .text.ai_network_run
                0x34008ae4        0x4 ./X-CUBE-AI/App/network.o
                0x34008ae4                ai_network_run
 .text.ai_network_data_params_get
                0x34008ae8       0x38 ./X-CUBE-AI/App/network_data.o
                0x34008ae8                ai_network_data_params_get
 .text.ai_buffer_get_size
                0x34008b20       0x64 ../../Middlewares/ST/AI/Lib\NetworkRuntime1020_CM55_GCC.a(ai_platform.o)
                0x34008b20                ai_buffer_get_size
 .text.ai_buffer_array_sane
                0x34008b84       0x14 ../../Middlewares/ST/AI/Lib\NetworkRuntime1020_CM55_GCC.a(ai_platform.o)
                0x34008b84                ai_buffer_array_sane
 .text.ai_buffer_array_item_set_address
                0x34008b98       0x1c ../../Middlewares/ST/AI/Lib\NetworkRuntime1020_CM55_GCC.a(ai_platform.o)
                0x34008b98                ai_buffer_array_item_set_address
 .text.ai_platform_get_weights_map
                0x34008bb4       0xb0 ../../Middlewares/ST/AI/Lib\NetworkRuntime1020_CM55_GCC.a(ai_platform_interface.o)
                0x34008bb4                ai_platform_get_weights_map
 .text.ai_platform_get_activations_map
                0x34008c64       0xb0 ../../Middlewares/ST/AI/Lib\NetworkRuntime1020_CM55_GCC.a(ai_platform_interface.o)
                0x34008c64                ai_platform_get_activations_map
 .text.ai_platform_bind_network_params
                0x34008d14       0x44 ../../Middlewares/ST/AI/Lib\NetworkRuntime1020_CM55_GCC.a(ai_platform_interface.o)
                0x34008d14                ai_platform_bind_network_params
 .text.ai_platform_network_get_error
                0x34008d58       0x18 ../../Middlewares/ST/AI/Lib\NetworkRuntime1020_CM55_GCC.a(ai_platform_interface.o)
                0x34008d58                ai_platform_network_get_error
 .text.ai_platform_network_set_error
                0x34008d70        0xc ../../Middlewares/ST/AI/Lib\NetworkRuntime1020_CM55_GCC.a(ai_platform_interface.o)
                0x34008d70                ai_platform_network_set_error
 .text.ai_platform_inputs_get
                0x34008d7c       0xe8 ../../Middlewares/ST/AI/Lib\NetworkRuntime1020_CM55_GCC.a(ai_platform_interface.o)
                0x34008d7c                ai_platform_inputs_get
 .text.ai_platform_outputs_get
                0x34008e64       0xe4 ../../Middlewares/ST/AI/Lib\NetworkRuntime1020_CM55_GCC.a(ai_platform_interface.o)
                0x34008e64                ai_platform_outputs_get
 .text.ai_platform_network_create
                0x34008f48       0x84 ../../Middlewares/ST/AI/Lib\NetworkRuntime1020_CM55_GCC.a(ai_platform_interface.o)
                0x34008f48                ai_platform_network_create
 .text.ai_platform_network_init
                0x34008fcc      0x130 ../../Middlewares/ST/AI/Lib\NetworkRuntime1020_CM55_GCC.a(ai_platform_interface.o)
                0x34008fcc                ai_platform_network_init
 .text.ai_platform_network_post_init
                0x340090fc       0x58 ../../Middlewares/ST/AI/Lib\NetworkRuntime1020_CM55_GCC.a(ai_platform_interface.o)
                0x340090fc                ai_platform_network_post_init
 .text.ai_platform_network_process
                0x34009154      0x42c ../../Middlewares/ST/AI/Lib\NetworkRuntime1020_CM55_GCC.a(ai_platform_interface.o)
                0x34009154                ai_platform_network_process
 .text.core_init
                0x34009580        0x4 ../../Middlewares/ST/AI/Lib\NetworkRuntime1020_CM55_GCC.a(core_common.o)
                0x34009580                core_init
 .text.core_get_error
                0x34009584        0xc ../../Middlewares/ST/AI/Lib\NetworkRuntime1020_CM55_GCC.a(core_common.o)
                0x34009584                core_get_error
 .text.core_set_error
                0x34009590       0x18 ../../Middlewares/ST/AI/Lib\NetworkRuntime1020_CM55_GCC.a(core_common.o)
                0x34009590                core_set_error
 .text.ai_check_custom_types
                0x340095a8       0x50 ../../Middlewares/ST/AI/Lib\NetworkRuntime1020_CM55_GCC.a(layers.o)
                0x340095a8                ai_check_custom_types
 .text.ai_layers_init_all
                0x340095f8       0x20 ../../Middlewares/ST/AI/Lib\NetworkRuntime1020_CM55_GCC.a(layers.o)
                0x340095f8                ai_layers_init_all
 .text.ai_layers_post_init_all
                0x34009618       0x38 ../../Middlewares/ST/AI/Lib\NetworkRuntime1020_CM55_GCC.a(layers.o)
                0x34009618                ai_layers_post_init_all
 .text.ai_layers_forward_all
                0x34009650       0x8c ../../Middlewares/ST/AI/Lib\NetworkRuntime1020_CM55_GCC.a(layers.o)
                0x34009650                ai_layers_forward_all
 .text.forward_dense
                0x340096dc      0x10c ../../Middlewares/ST/AI/Lib\NetworkRuntime1020_CM55_GCC.a(layers_conv2d_generic_float.o)
                0x340096dc                forward_dense
 .text.nl_func_sigmoid_array_f32
                0x340097e8       0x50 ../../Middlewares/ST/AI/Lib\NetworkRuntime1020_CM55_GCC.a(layers_nl_generic_float.o)
                0x340097e8                nl_func_sigmoid_array_f32
 .text.nl_func_tanh_array_f32
                0x34009838       0x38 ../../Middlewares/ST/AI/Lib\NetworkRuntime1020_CM55_GCC.a(layers_nl_generic_float.o)
                0x34009838                nl_func_tanh_array_f32
 .text.forward_relu
                0x34009870      0x168 ../../Middlewares/ST/AI/Lib\NetworkRuntime1020_CM55_GCC.a(layers_nl_generic_float.o)
                0x34009870                forward_relu
 .text.forward_sm
                0x340099d8       0x8c ../../Middlewares/ST/AI/Lib\NetworkRuntime1020_CM55_GCC.a(layers_nl_generic_float.o)
                0x340099d8                forward_sm
 .text.array_f32_identity
                0x34009a64       0x14 ../../Middlewares/ST/AI/Lib\NetworkRuntime1020_CM55_GCC.a(layers_rnn_generic_float.o)
 .text.forward_lstm
                0x34009a78     0x1c48 ../../Middlewares/ST/AI/Lib\NetworkRuntime1020_CM55_GCC.a(layers_rnn_generic_float.o)
                0x34009a78                forward_lstm
 .text.forward_lite_nl_softmax_if32of32_kernel
                0x3400b6c0      0x238 ../../Middlewares/ST/AI/Lib\NetworkRuntime1020_CM55_GCC.a(lite_nl_softmax_if32of32.o)
                0x3400b6c0                forward_lite_nl_softmax_if32of32_kernel
 .text.forward_lite_nl_relu_generic_if32of32_kernel
                0x3400b8f8      0x1a8 ../../Middlewares/ST/AI/Lib\NetworkRuntime1020_CM55_GCC.a(lite_nl_relu_if32of32.o)
                0x3400b8f8                forward_lite_nl_relu_generic_if32of32_kernel
 .text.forward_lite_dense_if32of32wf32
                0x3400baa0      0x2cc ../../Middlewares/ST/AI/Lib\NetworkRuntime1020_CM55_GCC.a(lite_dense_if32.o)
                0x3400baa0                forward_lite_dense_if32of32wf32
 .text.forward_lite_dense_if32of32wf32_lut4
                0x3400bd6c      0x438 ../../Middlewares/ST/AI/Lib\NetworkRuntime1020_CM55_GCC.a(lite_dense_if32.o)
                0x3400bd6c                forward_lite_dense_if32of32wf32_lut4
 .text.forward_lite_dense_if32of32wf32_lut8
                0x3400c1a4      0x44c ../../Middlewares/ST/AI/Lib\NetworkRuntime1020_CM55_GCC.a(lite_dense_if32.o)
                0x3400c1a4                forward_lite_dense_if32of32wf32_lut8
 .text.forward_lite_nl_softmax_if32of32
                0x3400c5f0       0x64 ../../Middlewares/ST/AI/Lib\NetworkRuntime1020_CM55_GCC.a(lite_nl_generic_float.o)
                0x3400c5f0                forward_lite_nl_softmax_if32of32
 .text.st_int8_copy
                0x3400c654       0xc0 ../../Middlewares/ST/AI/Lib\NetworkRuntime1020_CM55_GCC.a(st_int8_fill.o)
                0x3400c654                st_int8_copy
 .text.st_int8_fill
                0x3400c714       0x94 ../../Middlewares/ST/AI/Lib\NetworkRuntime1020_CM55_GCC.a(st_int8_fill.o)
                0x3400c714                st_int8_fill
 .text.ai_array_to_buffer_fmt
                0x3400c7a8       0xd4 ../../Middlewares/ST/AI/Lib\NetworkRuntime1020_CM55_GCC.a(ai_datatypes_format.o)
                0x3400c7a8                ai_array_to_buffer_fmt
 .text.ai_array_get_data_byte_size
                0x3400c87c       0x20 ../../Middlewares/ST/AI/Lib\NetworkRuntime1020_CM55_GCC.a(ai_datatypes_format.o)
                0x3400c87c                ai_array_get_data_byte_size
 .text.ai_version_get
                0x3400c89c        0xc ../../Middlewares/ST/AI/Lib\NetworkRuntime1020_CM55_GCC.a(ai_datatypes_internal.o)
                0x3400c89c                ai_version_get
 .text.get_tensor_byte_size
                0x3400c8a8       0x30 ../../Middlewares/ST/AI/Lib\NetworkRuntime1020_CM55_GCC.a(ai_datatypes_internal.o)
                0x3400c8a8                get_tensor_byte_size
 .text.malloc   0x3400c8d8       0x10 C:/ST/STM32CubeIDE_1.19.0/STM32CubeIDE/plugins/com.st.stm32cube.ide.mcu.externaltools.gnu-tools-for-stm32.13.3.rel1.win32_1.0.0.202411081344/tools/bin/../lib/gcc/arm-none-eabi/13.3.1/../../../../arm-none-eabi/lib/thumb/v8-m.main+dp/hard\libc_nano.a(libc_a-malloc.o)
                0x3400c8d8                malloc
 .text.sbrk_aligned
                0x3400c8e8       0x44 C:/ST/STM32CubeIDE_1.19.0/STM32CubeIDE/plugins/com.st.stm32cube.ide.mcu.externaltools.gnu-tools-for-stm32.13.3.rel1.win32_1.0.0.202411081344/tools/bin/../lib/gcc/arm-none-eabi/13.3.1/../../../../arm-none-eabi/lib/thumb/v8-m.main+dp/hard\libc_nano.a(libc_a-mallocr.o)
 .text._malloc_r
                0x3400c92c      0x100 C:/ST/STM32CubeIDE_1.19.0/STM32CubeIDE/plugins/com.st.stm32cube.ide.mcu.externaltools.gnu-tools-for-stm32.13.3.rel1.win32_1.0.0.202411081344/tools/bin/../lib/gcc/arm-none-eabi/13.3.1/../../../../arm-none-eabi/lib/thumb/v8-m.main+dp/hard\libc_nano.a(libc_a-mallocr.o)
                0x3400c92c                _malloc_r
 .text.__malloc_lock
                0x3400ca2c        0xc C:/ST/STM32CubeIDE_1.19.0/STM32CubeIDE/plugins/com.st.stm32cube.ide.mcu.externaltools.gnu-tools-for-stm32.13.3.rel1.win32_1.0.0.202411081344/tools/bin/../lib/gcc/arm-none-eabi/13.3.1/../../../../arm-none-eabi/lib/thumb/v8-m.main+dp/hard\libc_nano.a(libc_a-mlock.o)
                0x3400ca2c                __malloc_lock
 .text.__malloc_unlock
                0x3400ca38        0xc C:/ST/STM32CubeIDE_1.19.0/STM32CubeIDE/plugins/com.st.stm32cube.ide.mcu.externaltools.gnu-tools-for-stm32.13.3.rel1.win32_1.0.0.202411081344/tools/bin/../lib/gcc/arm-none-eabi/13.3.1/../../../../arm-none-eabi/lib/thumb/v8-m.main+dp/hard\libc_nano.a(libc_a-mlock.o)
                0x3400ca38                __malloc_unlock
 .text.__cvt    0x3400ca44       0xa8 C:/ST/STM32CubeIDE_1.19.0/STM32CubeIDE/plugins/com.st.stm32cube.ide.mcu.externaltools.gnu-tools-for-stm32.13.3.rel1.win32_1.0.0.202411081344/tools/bin/../lib/gcc/arm-none-eabi/13.3.1/../../../../arm-none-eabi/lib/thumb/v8-m.main+dp/hard\libc_nano.a(libc_a-nano-vfprintf_float.o)
                0x3400ca44                __cvt
 .text.__exponent
                0x3400caec       0x72 C:/ST/STM32CubeIDE_1.19.0/STM32CubeIDE/plugins/com.st.stm32cube.ide.mcu.externaltools.gnu-tools-for-stm32.13.3.rel1.win32_1.0.0.202411081344/tools/bin/../lib/gcc/arm-none-eabi/13.3.1/../../../../arm-none-eabi/lib/thumb/v8-m.main+dp/hard\libc_nano.a(libc_a-nano-vfprintf_float.o)
                0x3400caec                __exponent
 *fill*         0x3400cb5e        0x2 
 .text._printf_float
                0x3400cb60      0x434 C:/ST/STM32CubeIDE_1.19.0/STM32CubeIDE/plugins/com.st.stm32cube.ide.mcu.externaltools.gnu-tools-for-stm32.13.3.rel1.win32_1.0.0.202411081344/tools/bin/../lib/gcc/arm-none-eabi/13.3.1/../../../../arm-none-eabi/lib/thumb/v8-m.main+dp/hard\libc_nano.a(libc_a-nano-vfprintf_float.o)
                0x3400cb60                _printf_float
 .text._printf_common
                0x3400cf94       0xe4 C:/ST/STM32CubeIDE_1.19.0/STM32CubeIDE/plugins/com.st.stm32cube.ide.mcu.externaltools.gnu-tools-for-stm32.13.3.rel1.win32_1.0.0.202411081344/tools/bin/../lib/gcc/arm-none-eabi/13.3.1/../../../../arm-none-eabi/lib/thumb/v8-m.main+dp/hard\libc_nano.a(libc_a-nano-vfprintf_i.o)
                0x3400cf94                _printf_common
 .text._printf_i
                0x3400d078      0x23c C:/ST/STM32CubeIDE_1.19.0/STM32CubeIDE/plugins/com.st.stm32cube.ide.mcu.externaltools.gnu-tools-for-stm32.13.3.rel1.win32_1.0.0.202411081344/tools/bin/../lib/gcc/arm-none-eabi/13.3.1/../../../../arm-none-eabi/lib/thumb/v8-m.main+dp/hard\libc_nano.a(libc_a-nano-vfprintf_i.o)
                0x3400d078                _printf_i
 .text.std      0x3400d2b4       0x6c C:/ST/STM32CubeIDE_1.19.0/STM32CubeIDE/plugins/com.st.stm32cube.ide.mcu.externaltools.gnu-tools-for-stm32.13.3.rel1.win32_1.0.0.202411081344/tools/bin/../lib/gcc/arm-none-eabi/13.3.1/../../../../arm-none-eabi/lib/thumb/v8-m.main+dp/hard\libc_nano.a(libc_a-findfp.o)
 .text.stdio_exit_handler
                0x3400d320       0x18 C:/ST/STM32CubeIDE_1.19.0/STM32CubeIDE/plugins/com.st.stm32cube.ide.mcu.externaltools.gnu-tools-for-stm32.13.3.rel1.win32_1.0.0.202411081344/tools/bin/../lib/gcc/arm-none-eabi/13.3.1/../../../../arm-none-eabi/lib/thumb/v8-m.main+dp/hard\libc_nano.a(libc_a-findfp.o)
 .text.cleanup_stdio
                0x3400d338       0x40 C:/ST/STM32CubeIDE_1.19.0/STM32CubeIDE/plugins/com.st.stm32cube.ide.mcu.externaltools.gnu-tools-for-stm32.13.3.rel1.win32_1.0.0.202411081344/tools/bin/../lib/gcc/arm-none-eabi/13.3.1/../../../../arm-none-eabi/lib/thumb/v8-m.main+dp/hard\libc_nano.a(libc_a-findfp.o)
 .text.global_stdio_init.part.0
                0x3400d378       0x3c C:/ST/STM32CubeIDE_1.19.0/STM32CubeIDE/plugins/com.st.stm32cube.ide.mcu.externaltools.gnu-tools-for-stm32.13.3.rel1.win32_1.0.0.202411081344/tools/bin/../lib/gcc/arm-none-eabi/13.3.1/../../../../arm-none-eabi/lib/thumb/v8-m.main+dp/hard\libc_nano.a(libc_a-findfp.o)
 .text.__sfp_lock_acquire
                0x3400d3b4        0xc C:/ST/STM32CubeIDE_1.19.0/STM32CubeIDE/plugins/com.st.stm32cube.ide.mcu.externaltools.gnu-tools-for-stm32.13.3.rel1.win32_1.0.0.202411081344/tools/bin/../lib/gcc/arm-none-eabi/13.3.1/../../../../arm-none-eabi/lib/thumb/v8-m.main+dp/hard\libc_nano.a(libc_a-findfp.o)
                0x3400d3b4                __sfp_lock_acquire
 .text.__sfp_lock_release
                0x3400d3c0        0xc C:/ST/STM32CubeIDE_1.19.0/STM32CubeIDE/plugins/com.st.stm32cube.ide.mcu.externaltools.gnu-tools-for-stm32.13.3.rel1.win32_1.0.0.202411081344/tools/bin/../lib/gcc/arm-none-eabi/13.3.1/../../../../arm-none-eabi/lib/thumb/v8-m.main+dp/hard\libc_nano.a(libc_a-findfp.o)
                0x3400d3c0                __sfp_lock_release
 .text.__sinit  0x3400d3cc       0x30 C:/ST/STM32CubeIDE_1.19.0/STM32CubeIDE/plugins/com.st.stm32cube.ide.mcu.externaltools.gnu-tools-for-stm32.13.3.rel1.win32_1.0.0.202411081344/tools/bin/../lib/gcc/arm-none-eabi/13.3.1/../../../../arm-none-eabi/lib/thumb/v8-m.main+dp/hard\libc_nano.a(libc_a-findfp.o)
                0x3400d3cc                __sinit
 .text._fwalk_sglue
                0x3400d3fc       0x3c C:/ST/STM32CubeIDE_1.19.0/STM32CubeIDE/plugins/com.st.stm32cube.ide.mcu.externaltools.gnu-tools-for-stm32.13.3.rel1.win32_1.0.0.202411081344/tools/bin/../lib/gcc/arm-none-eabi/13.3.1/../../../../arm-none-eabi/lib/thumb/v8-m.main+dp/hard\libc_nano.a(libc_a-fwalk.o)
                0x3400d3fc                _fwalk_sglue
 .text.printf   0x3400d438       0x24 C:/ST/STM32CubeIDE_1.19.0/STM32CubeIDE/plugins/com.st.stm32cube.ide.mcu.externaltools.gnu-tools-for-stm32.13.3.rel1.win32_1.0.0.202411081344/tools/bin/../lib/gcc/arm-none-eabi/13.3.1/../../../../arm-none-eabi/lib/thumb/v8-m.main+dp/hard\libc_nano.a(libc_a-printf.o)
                0x3400d438                iprintf
                0x3400d438                printf
 .text._puts_r  0x3400d45c       0xaa C:/ST/STM32CubeIDE_1.19.0/STM32CubeIDE/plugins/com.st.stm32cube.ide.mcu.externaltools.gnu-tools-for-stm32.13.3.rel1.win32_1.0.0.202411081344/tools/bin/../lib/gcc/arm-none-eabi/13.3.1/../../../../arm-none-eabi/lib/thumb/v8-m.main+dp/hard\libc_nano.a(libc_a-puts.o)
                0x3400d45c                _puts_r
 *fill*         0x3400d506        0x2 
 .text.puts     0x3400d508       0x10 C:/ST/STM32CubeIDE_1.19.0/STM32CubeIDE/plugins/com.st.stm32cube.ide.mcu.externaltools.gnu-tools-for-stm32.13.3.rel1.win32_1.0.0.202411081344/tools/bin/../lib/gcc/arm-none-eabi/13.3.1/../../../../arm-none-eabi/lib/thumb/v8-m.main+dp/hard\libc_nano.a(libc_a-puts.o)
                0x3400d508                puts
 .text.__sread  0x3400d518       0x22 C:/ST/STM32CubeIDE_1.19.0/STM32CubeIDE/plugins/com.st.stm32cube.ide.mcu.externaltools.gnu-tools-for-stm32.13.3.rel1.win32_1.0.0.202411081344/tools/bin/../lib/gcc/arm-none-eabi/13.3.1/../../../../arm-none-eabi/lib/thumb/v8-m.main+dp/hard\libc_nano.a(libc_a-stdio.o)
                0x3400d518                __sread
 .text.__swrite
                0x3400d53a       0x38 C:/ST/STM32CubeIDE_1.19.0/STM32CubeIDE/plugins/com.st.stm32cube.ide.mcu.externaltools.gnu-tools-for-stm32.13.3.rel1.win32_1.0.0.202411081344/tools/bin/../lib/gcc/arm-none-eabi/13.3.1/../../../../arm-none-eabi/lib/thumb/v8-m.main+dp/hard\libc_nano.a(libc_a-stdio.o)
                0x3400d53a                __swrite
 .text.__sseek  0x3400d572       0x24 C:/ST/STM32CubeIDE_1.19.0/STM32CubeIDE/plugins/com.st.stm32cube.ide.mcu.externaltools.gnu-tools-for-stm32.13.3.rel1.win32_1.0.0.202411081344/tools/bin/../lib/gcc/arm-none-eabi/13.3.1/../../../../arm-none-eabi/lib/thumb/v8-m.main+dp/hard\libc_nano.a(libc_a-stdio.o)
                0x3400d572                __sseek
 .text.__sclose
                0x3400d596        0x8 C:/ST/STM32CubeIDE_1.19.0/STM32CubeIDE/plugins/com.st.stm32cube.ide.mcu.externaltools.gnu-tools-for-stm32.13.3.rel1.win32_1.0.0.202411081344/tools/bin/../lib/gcc/arm-none-eabi/13.3.1/../../../../arm-none-eabi/lib/thumb/v8-m.main+dp/hard\libc_nano.a(libc_a-stdio.o)
                0x3400d596                __sclose
 .text.__swbuf_r
                0x3400d59e       0x7c C:/ST/STM32CubeIDE_1.19.0/STM32CubeIDE/plugins/com.st.stm32cube.ide.mcu.externaltools.gnu-tools-for-stm32.13.3.rel1.win32_1.0.0.202411081344/tools/bin/../lib/gcc/arm-none-eabi/13.3.1/../../../../arm-none-eabi/lib/thumb/v8-m.main+dp/hard\libc_nano.a(libc_a-wbuf.o)
                0x3400d59e                __swbuf_r
 *fill*         0x3400d61a        0x2 
 .text.__swsetup_r
                0x3400d61c       0xac C:/ST/STM32CubeIDE_1.19.0/STM32CubeIDE/plugins/com.st.stm32cube.ide.mcu.externaltools.gnu-tools-for-stm32.13.3.rel1.win32_1.0.0.202411081344/tools/bin/../lib/gcc/arm-none-eabi/13.3.1/../../../../arm-none-eabi/lib/thumb/v8-m.main+dp/hard\libc_nano.a(libc_a-wsetup.o)
                0x3400d61c                __swsetup_r
 .text.memset   0x3400d6c8       0x10 C:/ST/STM32CubeIDE_1.19.0/STM32CubeIDE/plugins/com.st.stm32cube.ide.mcu.externaltools.gnu-tools-for-stm32.13.3.rel1.win32_1.0.0.202411081344/tools/bin/../lib/gcc/arm-none-eabi/13.3.1/../../../../arm-none-eabi/lib/thumb/v8-m.main+dp/hard\libc_nano.a(libc_a-memset.o)
                0x3400d6c8                memset
 .text._localeconv_r
                0x3400d6d8        0x8 C:/ST/STM32CubeIDE_1.19.0/STM32CubeIDE/plugins/com.st.stm32cube.ide.mcu.externaltools.gnu-tools-for-stm32.13.3.rel1.win32_1.0.0.202411081344/tools/bin/../lib/gcc/arm-none-eabi/13.3.1/../../../../arm-none-eabi/lib/thumb/v8-m.main+dp/hard\libc_nano.a(libc_a-localeconv.o)
                0x3400d6d8                _localeconv_r
 .text._close_r
                0x3400d6e0       0x20 C:/ST/STM32CubeIDE_1.19.0/STM32CubeIDE/plugins/com.st.stm32cube.ide.mcu.externaltools.gnu-tools-for-stm32.13.3.rel1.win32_1.0.0.202411081344/tools/bin/../lib/gcc/arm-none-eabi/13.3.1/../../../../arm-none-eabi/lib/thumb/v8-m.main+dp/hard\libc_nano.a(libc_a-closer.o)
                0x3400d6e0                _close_r
 .text._lseek_r
                0x3400d700       0x24 C:/ST/STM32CubeIDE_1.19.0/STM32CubeIDE/plugins/com.st.stm32cube.ide.mcu.externaltools.gnu-tools-for-stm32.13.3.rel1.win32_1.0.0.202411081344/tools/bin/../lib/gcc/arm-none-eabi/13.3.1/../../../../arm-none-eabi/lib/thumb/v8-m.main+dp/hard\libc_nano.a(libc_a-lseekr.o)
                0x3400d700                _lseek_r
 .text._read_r  0x3400d724       0x24 C:/ST/STM32CubeIDE_1.19.0/STM32CubeIDE/plugins/com.st.stm32cube.ide.mcu.externaltools.gnu-tools-for-stm32.13.3.rel1.win32_1.0.0.202411081344/tools/bin/../lib/gcc/arm-none-eabi/13.3.1/../../../../arm-none-eabi/lib/thumb/v8-m.main+dp/hard\libc_nano.a(libc_a-readr.o)
                0x3400d724                _read_r
 .text._sbrk_r  0x3400d748       0x20 C:/ST/STM32CubeIDE_1.19.0/STM32CubeIDE/plugins/com.st.stm32cube.ide.mcu.externaltools.gnu-tools-for-stm32.13.3.rel1.win32_1.0.0.202411081344/tools/bin/../lib/gcc/arm-none-eabi/13.3.1/../../../../arm-none-eabi/lib/thumb/v8-m.main+dp/hard\libc_nano.a(libc_a-sbrkr.o)
                0x3400d748                _sbrk_r
 .text._write_r
                0x3400d768       0x24 C:/ST/STM32CubeIDE_1.19.0/STM32CubeIDE/plugins/com.st.stm32cube.ide.mcu.externaltools.gnu-tools-for-stm32.13.3.rel1.win32_1.0.0.202411081344/tools/bin/../lib/gcc/arm-none-eabi/13.3.1/../../../../arm-none-eabi/lib/thumb/v8-m.main+dp/hard\libc_nano.a(libc_a-writer.o)
                0x3400d768                _write_r
 .text.__errno  0x3400d78c        0xc C:/ST/STM32CubeIDE_1.19.0/STM32CubeIDE/plugins/com.st.stm32cube.ide.mcu.externaltools.gnu-tools-for-stm32.13.3.rel1.win32_1.0.0.202411081344/tools/bin/../lib/gcc/arm-none-eabi/13.3.1/../../../../arm-none-eabi/lib/thumb/v8-m.main+dp/hard\libc_nano.a(libc_a-errno.o)
                0x3400d78c                __errno
 .text.__libc_init_array
                0x3400d798       0x48 C:/ST/STM32CubeIDE_1.19.0/STM32CubeIDE/plugins/com.st.stm32cube.ide.mcu.externaltools.gnu-tools-for-stm32.13.3.rel1.win32_1.0.0.202411081344/tools/bin/../lib/gcc/arm-none-eabi/13.3.1/../../../../arm-none-eabi/lib/thumb/v8-m.main+dp/hard\libc_nano.a(libc_a-init.o)
                0x3400d798                __libc_init_array
 .text.__retarget_lock_init_recursive
                0x3400d7e0        0x2 C:/ST/STM32CubeIDE_1.19.0/STM32CubeIDE/plugins/com.st.stm32cube.ide.mcu.externaltools.gnu-tools-for-stm32.13.3.rel1.win32_1.0.0.202411081344/tools/bin/../lib/gcc/arm-none-eabi/13.3.1/../../../../arm-none-eabi/lib/thumb/v8-m.main+dp/hard\libc_nano.a(libc_a-lock.o)
                0x3400d7e0                __retarget_lock_init_recursive
 .text.__retarget_lock_acquire_recursive
                0x3400d7e2        0x2 C:/ST/STM32CubeIDE_1.19.0/STM32CubeIDE/plugins/com.st.stm32cube.ide.mcu.externaltools.gnu-tools-for-stm32.13.3.rel1.win32_1.0.0.202411081344/tools/bin/../lib/gcc/arm-none-eabi/13.3.1/../../../../arm-none-eabi/lib/thumb/v8-m.main+dp/hard\libc_nano.a(libc_a-lock.o)
                0x3400d7e2                __retarget_lock_acquire_recursive
 .text.__retarget_lock_release_recursive
                0x3400d7e4        0x2 C:/ST/STM32CubeIDE_1.19.0/STM32CubeIDE/plugins/com.st.stm32cube.ide.mcu.externaltools.gnu-tools-for-stm32.13.3.rel1.win32_1.0.0.202411081344/tools/bin/../lib/gcc/arm-none-eabi/13.3.1/../../../../arm-none-eabi/lib/thumb/v8-m.main+dp/hard\libc_nano.a(libc_a-lock.o)
                0x3400d7e4                __retarget_lock_release_recursive
 .text.memchr   0x3400d7e6       0x1c C:/ST/STM32CubeIDE_1.19.0/STM32CubeIDE/plugins/com.st.stm32cube.ide.mcu.externaltools.gnu-tools-for-stm32.13.3.rel1.win32_1.0.0.202411081344/tools/bin/../lib/gcc/arm-none-eabi/13.3.1/../../../../arm-none-eabi/lib/thumb/v8-m.main+dp/hard\libc_nano.a(libc_a-memchr-stub.o)
                0x3400d7e6                memchr
 .text.memcpy   0x3400d802       0x1a C:/ST/STM32CubeIDE_1.19.0/STM32CubeIDE/plugins/com.st.stm32cube.ide.mcu.externaltools.gnu-tools-for-stm32.13.3.rel1.win32_1.0.0.202411081344/tools/bin/../lib/gcc/arm-none-eabi/13.3.1/../../../../arm-none-eabi/lib/thumb/v8-m.main+dp/hard\libc_nano.a(libc_a-memcpy-stub.o)
                0x3400d802                memcpy
 .text.quorem   0x3400d81c      0x11a C:/ST/STM32CubeIDE_1.19.0/STM32CubeIDE/plugins/com.st.stm32cube.ide.mcu.externaltools.gnu-tools-for-stm32.13.3.rel1.win32_1.0.0.202411081344/tools/bin/../lib/gcc/arm-none-eabi/13.3.1/../../../../arm-none-eabi/lib/thumb/v8-m.main+dp/hard\libc_nano.a(libc_a-dtoa.o)
 *fill*         0x3400d936        0x2 
 .text._dtoa_r  0x3400d938      0xabc C:/ST/STM32CubeIDE_1.19.0/STM32CubeIDE/plugins/com.st.stm32cube.ide.mcu.externaltools.gnu-tools-for-stm32.13.3.rel1.win32_1.0.0.202411081344/tools/bin/../lib/gcc/arm-none-eabi/13.3.1/../../../../arm-none-eabi/lib/thumb/v8-m.main+dp/hard\libc_nano.a(libc_a-dtoa.o)
                0x3400d938                _dtoa_r
 .text._free_r  0x3400e3f4       0x94 C:/ST/STM32CubeIDE_1.19.0/STM32CubeIDE/plugins/com.st.stm32cube.ide.mcu.externaltools.gnu-tools-for-stm32.13.3.rel1.win32_1.0.0.202411081344/tools/bin/../lib/gcc/arm-none-eabi/13.3.1/../../../../arm-none-eabi/lib/thumb/v8-m.main+dp/hard\libc_nano.a(libc_a-freer.o)
                0x3400e3f4                _free_r
 .text._Balloc  0x3400e488       0x80 C:/ST/STM32CubeIDE_1.19.0/STM32CubeIDE/plugins/com.st.stm32cube.ide.mcu.externaltools.gnu-tools-for-stm32.13.3.rel1.win32_1.0.0.202411081344/tools/bin/../lib/gcc/arm-none-eabi/13.3.1/../../../../arm-none-eabi/lib/thumb/v8-m.main+dp/hard\libc_nano.a(libc_a-mprec.o)
                0x3400e488                _Balloc
 .text._Bfree   0x3400e508       0x44 C:/ST/STM32CubeIDE_1.19.0/STM32CubeIDE/plugins/com.st.stm32cube.ide.mcu.externaltools.gnu-tools-for-stm32.13.3.rel1.win32_1.0.0.202411081344/tools/bin/../lib/gcc/arm-none-eabi/13.3.1/../../../../arm-none-eabi/lib/thumb/v8-m.main+dp/hard\libc_nano.a(libc_a-mprec.o)
                0x3400e508                _Bfree
 .text.__multadd
                0x3400e54c       0x90 C:/ST/STM32CubeIDE_1.19.0/STM32CubeIDE/plugins/com.st.stm32cube.ide.mcu.externaltools.gnu-tools-for-stm32.13.3.rel1.win32_1.0.0.202411081344/tools/bin/../lib/gcc/arm-none-eabi/13.3.1/../../../../arm-none-eabi/lib/thumb/v8-m.main+dp/hard\libc_nano.a(libc_a-mprec.o)
                0x3400e54c                __multadd
 .text.__hi0bits
                0x3400e5dc       0x3e C:/ST/STM32CubeIDE_1.19.0/STM32CubeIDE/plugins/com.st.stm32cube.ide.mcu.externaltools.gnu-tools-for-stm32.13.3.rel1.win32_1.0.0.202411081344/tools/bin/../lib/gcc/arm-none-eabi/13.3.1/../../../../arm-none-eabi/lib/thumb/v8-m.main+dp/hard\libc_nano.a(libc_a-mprec.o)
                0x3400e5dc                __hi0bits
 .text.__lo0bits
                0x3400e61a       0x5a C:/ST/STM32CubeIDE_1.19.0/STM32CubeIDE/plugins/com.st.stm32cube.ide.mcu.externaltools.gnu-tools-for-stm32.13.3.rel1.win32_1.0.0.202411081344/tools/bin/../lib/gcc/arm-none-eabi/13.3.1/../../../../arm-none-eabi/lib/thumb/v8-m.main+dp/hard\libc_nano.a(libc_a-mprec.o)
                0x3400e61a                __lo0bits
 .text.__i2b    0x3400e674       0x2c C:/ST/STM32CubeIDE_1.19.0/STM32CubeIDE/plugins/com.st.stm32cube.ide.mcu.externaltools.gnu-tools-for-stm32.13.3.rel1.win32_1.0.0.202411081344/tools/bin/../lib/gcc/arm-none-eabi/13.3.1/../../../../arm-none-eabi/lib/thumb/v8-m.main+dp/hard\libc_nano.a(libc_a-mprec.o)
                0x3400e674                __i2b
 .text.__multiply
                0x3400e6a0      0x148 C:/ST/STM32CubeIDE_1.19.0/STM32CubeIDE/plugins/com.st.stm32cube.ide.mcu.externaltools.gnu-tools-for-stm32.13.3.rel1.win32_1.0.0.202411081344/tools/bin/../lib/gcc/arm-none-eabi/13.3.1/../../../../arm-none-eabi/lib/thumb/v8-m.main+dp/hard\libc_nano.a(libc_a-mprec.o)
                0x3400e6a0                __multiply
 .text.__pow5mult
                0x3400e7e8       0xb4 C:/ST/STM32CubeIDE_1.19.0/STM32CubeIDE/plugins/com.st.stm32cube.ide.mcu.externaltools.gnu-tools-for-stm32.13.3.rel1.win32_1.0.0.202411081344/tools/bin/../lib/gcc/arm-none-eabi/13.3.1/../../../../arm-none-eabi/lib/thumb/v8-m.main+dp/hard\libc_nano.a(libc_a-mprec.o)
                0x3400e7e8                __pow5mult
 .text.__lshift
                0x3400e89c       0xd8 C:/ST/STM32CubeIDE_1.19.0/STM32CubeIDE/plugins/com.st.stm32cube.ide.mcu.externaltools.gnu-tools-for-stm32.13.3.rel1.win32_1.0.0.202411081344/tools/bin/../lib/gcc/arm-none-eabi/13.3.1/../../../../arm-none-eabi/lib/thumb/v8-m.main+dp/hard\libc_nano.a(libc_a-mprec.o)
                0x3400e89c                __lshift
 .text.__mcmp   0x3400e974       0x36 C:/ST/STM32CubeIDE_1.19.0/STM32CubeIDE/plugins/com.st.stm32cube.ide.mcu.externaltools.gnu-tools-for-stm32.13.3.rel1.win32_1.0.0.202411081344/tools/bin/../lib/gcc/arm-none-eabi/13.3.1/../../../../arm-none-eabi/lib/thumb/v8-m.main+dp/hard\libc_nano.a(libc_a-mprec.o)
                0x3400e974                __mcmp
 *fill*         0x3400e9aa        0x2 
 .text.__mdiff  0x3400e9ac      0x130 C:/ST/STM32CubeIDE_1.19.0/STM32CubeIDE/plugins/com.st.stm32cube.ide.mcu.externaltools.gnu-tools-for-stm32.13.3.rel1.win32_1.0.0.202411081344/tools/bin/../lib/gcc/arm-none-eabi/13.3.1/../../../../arm-none-eabi/lib/thumb/v8-m.main+dp/hard\libc_nano.a(libc_a-mprec.o)
                0x3400e9ac                __mdiff
 .text.__d2b    0x3400eadc       0xb0 C:/ST/STM32CubeIDE_1.19.0/STM32CubeIDE/plugins/com.st.stm32cube.ide.mcu.externaltools.gnu-tools-for-stm32.13.3.rel1.win32_1.0.0.202411081344/tools/bin/../lib/gcc/arm-none-eabi/13.3.1/../../../../arm-none-eabi/lib/thumb/v8-m.main+dp/hard\libc_nano.a(libc_a-mprec.o)
                0x3400eadc                __d2b
 .text.__sfputc_r
                0x3400eb8c       0x2e C:/ST/STM32CubeIDE_1.19.0/STM32CubeIDE/plugins/com.st.stm32cube.ide.mcu.externaltools.gnu-tools-for-stm32.13.3.rel1.win32_1.0.0.202411081344/tools/bin/../lib/gcc/arm-none-eabi/13.3.1/../../../../arm-none-eabi/lib/thumb/v8-m.main+dp/hard\libc_nano.a(libc_a-nano-vfprintf.o)
 .text.__sfputs_r
                0x3400ebba       0x24 C:/ST/STM32CubeIDE_1.19.0/STM32CubeIDE/plugins/com.st.stm32cube.ide.mcu.externaltools.gnu-tools-for-stm32.13.3.rel1.win32_1.0.0.202411081344/tools/bin/../lib/gcc/arm-none-eabi/13.3.1/../../../../arm-none-eabi/lib/thumb/v8-m.main+dp/hard\libc_nano.a(libc_a-nano-vfprintf.o)
                0x3400ebba                __sfputs_r
 *fill*         0x3400ebde        0x2 
 .text._vfprintf_r
                0x3400ebe0      0x230 C:/ST/STM32CubeIDE_1.19.0/STM32CubeIDE/plugins/com.st.stm32cube.ide.mcu.externaltools.gnu-tools-for-stm32.13.3.rel1.win32_1.0.0.202411081344/tools/bin/../lib/gcc/arm-none-eabi/13.3.1/../../../../arm-none-eabi/lib/thumb/v8-m.main+dp/hard\libc_nano.a(libc_a-nano-vfprintf.o)
                0x3400ebe0                _vfprintf_r
                0x3400ebe0                _vfiprintf_r
 .text.__sflush_r
                0x3400ee10      0x108 C:/ST/STM32CubeIDE_1.19.0/STM32CubeIDE/plugins/com.st.stm32cube.ide.mcu.externaltools.gnu-tools-for-stm32.13.3.rel1.win32_1.0.0.202411081344/tools/bin/../lib/gcc/arm-none-eabi/13.3.1/../../../../arm-none-eabi/lib/thumb/v8-m.main+dp/hard\libc_nano.a(libc_a-fflush.o)
                0x3400ee10                __sflush_r
 .text._fflush_r
                0x3400ef18       0x50 C:/ST/STM32CubeIDE_1.19.0/STM32CubeIDE/plugins/com.st.stm32cube.ide.mcu.externaltools.gnu-tools-for-stm32.13.3.rel1.win32_1.0.0.202411081344/tools/bin/../lib/gcc/arm-none-eabi/13.3.1/../../../../arm-none-eabi/lib/thumb/v8-m.main+dp/hard\libc_nano.a(libc_a-fflush.o)
                0x3400ef18                _fflush_r
 .text.__swhatbuf_r
                0x3400ef68       0x4a C:/ST/STM32CubeIDE_1.19.0/STM32CubeIDE/plugins/com.st.stm32cube.ide.mcu.externaltools.gnu-tools-for-stm32.13.3.rel1.win32_1.0.0.202411081344/tools/bin/../lib/gcc/arm-none-eabi/13.3.1/../../../../arm-none-eabi/lib/thumb/v8-m.main+dp/hard\libc_nano.a(libc_a-makebuf.o)
                0x3400ef68                __swhatbuf_r
 .text.__smakebuf_r
                0x3400efb2       0x78 C:/ST/STM32CubeIDE_1.19.0/STM32CubeIDE/plugins/com.st.stm32cube.ide.mcu.externaltools.gnu-tools-for-stm32.13.3.rel1.win32_1.0.0.202411081344/tools/bin/../lib/gcc/arm-none-eabi/13.3.1/../../../../arm-none-eabi/lib/thumb/v8-m.main+dp/hard\libc_nano.a(libc_a-makebuf.o)
                0x3400efb2                __smakebuf_r
 *fill*         0x3400f02a        0x2 
 .text._fstat_r
                0x3400f02c       0x24 C:/ST/STM32CubeIDE_1.19.0/STM32CubeIDE/plugins/com.st.stm32cube.ide.mcu.externaltools.gnu-tools-for-stm32.13.3.rel1.win32_1.0.0.202411081344/tools/bin/../lib/gcc/arm-none-eabi/13.3.1/../../../../arm-none-eabi/lib/thumb/v8-m.main+dp/hard\libc_nano.a(libc_a-fstatr.o)
                0x3400f02c                _fstat_r
 .text._isatty_r
                0x3400f050       0x20 C:/ST/STM32CubeIDE_1.19.0/STM32CubeIDE/plugins/com.st.stm32cube.ide.mcu.externaltools.gnu-tools-for-stm32.13.3.rel1.win32_1.0.0.202411081344/tools/bin/../lib/gcc/arm-none-eabi/13.3.1/../../../../arm-none-eabi/lib/thumb/v8-m.main+dp/hard\libc_nano.a(libc_a-isattyr.o)
                0x3400f050                _isatty_r
 .text.__assert_func
                0x3400f070       0x3c C:/ST/STM32CubeIDE_1.19.0/STM32CubeIDE/plugins/com.st.stm32cube.ide.mcu.externaltools.gnu-tools-for-stm32.13.3.rel1.win32_1.0.0.202411081344/tools/bin/../lib/gcc/arm-none-eabi/13.3.1/../../../../arm-none-eabi/lib/thumb/v8-m.main+dp/hard\libc_nano.a(libc_a-assert.o)
                0x3400f070                __assert_func
 .text._calloc_r
                0x3400f0ac       0x28 C:/ST/STM32CubeIDE_1.19.0/STM32CubeIDE/plugins/com.st.stm32cube.ide.mcu.externaltools.gnu-tools-for-stm32.13.3.rel1.win32_1.0.0.202411081344/tools/bin/../lib/gcc/arm-none-eabi/13.3.1/../../../../arm-none-eabi/lib/thumb/v8-m.main+dp/hard\libc_nano.a(libc_a-callocr.o)
                0x3400f0ac                _calloc_r
 .text.__ascii_mbtowc
                0x3400f0d4       0x24 C:/ST/STM32CubeIDE_1.19.0/STM32CubeIDE/plugins/com.st.stm32cube.ide.mcu.externaltools.gnu-tools-for-stm32.13.3.rel1.win32_1.0.0.202411081344/tools/bin/../lib/gcc/arm-none-eabi/13.3.1/../../../../arm-none-eabi/lib/thumb/v8-m.main+dp/hard\libc_nano.a(libc_a-mbtowc_r.o)
                0x3400f0d4                __ascii_mbtowc
 .text.__ascii_wctomb
                0x3400f0f8       0x1a C:/ST/STM32CubeIDE_1.19.0/STM32CubeIDE/plugins/com.st.stm32cube.ide.mcu.externaltools.gnu-tools-for-stm32.13.3.rel1.win32_1.0.0.202411081344/tools/bin/../lib/gcc/arm-none-eabi/13.3.1/../../../../arm-none-eabi/lib/thumb/v8-m.main+dp/hard\libc_nano.a(libc_a-wctomb_r.o)
                0x3400f0f8                __ascii_wctomb
 *fill*         0x3400f112        0x2 
 .text.fprintf  0x3400f114       0x24 C:/ST/STM32CubeIDE_1.19.0/STM32CubeIDE/plugins/com.st.stm32cube.ide.mcu.externaltools.gnu-tools-for-stm32.13.3.rel1.win32_1.0.0.202411081344/tools/bin/../lib/gcc/arm-none-eabi/13.3.1/../../../../arm-none-eabi/lib/thumb/v8-m.main+dp/hard\libc_nano.a(libc_a-fprintf.o)
                0x3400f114                fiprintf
                0x3400f114                fprintf
 .text.abort    0x3400f138        0xe C:/ST/STM32CubeIDE_1.19.0/STM32CubeIDE/plugins/com.st.stm32cube.ide.mcu.externaltools.gnu-tools-for-stm32.13.3.rel1.win32_1.0.0.202411081344/tools/bin/../lib/gcc/arm-none-eabi/13.3.1/../../../../arm-none-eabi/lib/thumb/v8-m.main+dp/hard\libc_nano.a(libc_a-abort.o)
                0x3400f138                abort
 .text._raise_r
                0x3400f146       0x50 C:/ST/STM32CubeIDE_1.19.0/STM32CubeIDE/plugins/com.st.stm32cube.ide.mcu.externaltools.gnu-tools-for-stm32.13.3.rel1.win32_1.0.0.202411081344/tools/bin/../lib/gcc/arm-none-eabi/13.3.1/../../../../arm-none-eabi/lib/thumb/v8-m.main+dp/hard\libc_nano.a(libc_a-signal.o)
                0x3400f146                _raise_r
 *fill*         0x3400f196        0x2 
 .text.raise    0x3400f198       0x10 C:/ST/STM32CubeIDE_1.19.0/STM32CubeIDE/plugins/com.st.stm32cube.ide.mcu.externaltools.gnu-tools-for-stm32.13.3.rel1.win32_1.0.0.202411081344/tools/bin/../lib/gcc/arm-none-eabi/13.3.1/../../../../arm-none-eabi/lib/thumb/v8-m.main+dp/hard\libc_nano.a(libc_a-signal.o)
                0x3400f198                raise
 .text._kill_r  0x3400f1a8       0x24 C:/ST/STM32CubeIDE_1.19.0/STM32CubeIDE/plugins/com.st.stm32cube.ide.mcu.externaltools.gnu-tools-for-stm32.13.3.rel1.win32_1.0.0.202411081344/tools/bin/../lib/gcc/arm-none-eabi/13.3.1/../../../../arm-none-eabi/lib/thumb/v8-m.main+dp/hard\libc_nano.a(libc_a-signalr.o)
                0x3400f1a8                _kill_r
 .text._getpid_r
                0x3400f1cc        0x4 C:/ST/STM32CubeIDE_1.19.0/STM32CubeIDE/plugins/com.st.stm32cube.ide.mcu.externaltools.gnu-tools-for-stm32.13.3.rel1.win32_1.0.0.202411081344/tools/bin/../lib/gcc/arm-none-eabi/13.3.1/../../../../arm-none-eabi/lib/thumb/v8-m.main+dp/hard\libc_nano.a(libc_a-signalr.o)
                0x3400f1cc                _getpid_r
 .text.fabsf    0x3400f1d0        0xe C:/ST/STM32CubeIDE_1.19.0/STM32CubeIDE/plugins/com.st.stm32cube.ide.mcu.externaltools.gnu-tools-for-stm32.13.3.rel1.win32_1.0.0.202411081344/tools/bin/../lib/gcc/arm-none-eabi/13.3.1/../../../../arm-none-eabi/lib/thumb/v8-m.main+dp/hard\libm.a(libm_a-sf_fabs.o)
                0x3400f1d0                fabsf
 *fill*         0x3400f1de        0x2 
 .text.tanhf    0x3400f1e0       0xd4 C:/ST/STM32CubeIDE_1.19.0/STM32CubeIDE/plugins/com.st.stm32cube.ide.mcu.externaltools.gnu-tools-for-stm32.13.3.rel1.win32_1.0.0.202411081344/tools/bin/../lib/gcc/arm-none-eabi/13.3.1/../../../../arm-none-eabi/lib/thumb/v8-m.main+dp/hard\libm.a(libm_a-sf_tanh.o)
                0x3400f1e0                tanhf
 .text.expm1f   0x3400f2b4      0x24c C:/ST/STM32CubeIDE_1.19.0/STM32CubeIDE/plugins/com.st.stm32cube.ide.mcu.externaltools.gnu-tools-for-stm32.13.3.rel1.win32_1.0.0.202411081344/tools/bin/../lib/gcc/arm-none-eabi/13.3.1/../../../../arm-none-eabi/lib/thumb/v8-m.main+dp/hard\libm.a(libm_a-sf_expm1.o)
                0x3400f2b4                expm1f
 .text.expf     0x3400f500       0xe8 C:/ST/STM32CubeIDE_1.19.0/STM32CubeIDE/plugins/com.st.stm32cube.ide.mcu.externaltools.gnu-tools-for-stm32.13.3.rel1.win32_1.0.0.202411081344/tools/bin/../lib/gcc/arm-none-eabi/13.3.1/../../../../arm-none-eabi/lib/thumb/v8-m.main+dp/hard\libm.a(libm_a-sf_exp.o)
                0x3400f500                expf
 .text.with_errnof
                0x3400f5e8       0x1c C:/ST/STM32CubeIDE_1.19.0/STM32CubeIDE/plugins/com.st.stm32cube.ide.mcu.externaltools.gnu-tools-for-stm32.13.3.rel1.win32_1.0.0.202411081344/tools/bin/../lib/gcc/arm-none-eabi/13.3.1/../../../../arm-none-eabi/lib/thumb/v8-m.main+dp/hard\libm.a(libm_a-math_errf.o)
 .text.xflowf   0x3400f604       0x16 C:/ST/STM32CubeIDE_1.19.0/STM32CubeIDE/plugins/com.st.stm32cube.ide.mcu.externaltools.gnu-tools-for-stm32.13.3.rel1.win32_1.0.0.202411081344/tools/bin/../lib/gcc/arm-none-eabi/13.3.1/../../../../arm-none-eabi/lib/thumb/v8-m.main+dp/hard\libm.a(libm_a-math_errf.o)
 *fill*         0x3400f61a        0x2 
 .text.__math_uflowf
                0x3400f61c        0xc C:/ST/STM32CubeIDE_1.19.0/STM32CubeIDE/plugins/com.st.stm32cube.ide.mcu.externaltools.gnu-tools-for-stm32.13.3.rel1.win32_1.0.0.202411081344/tools/bin/../lib/gcc/arm-none-eabi/13.3.1/../../../../arm-none-eabi/lib/thumb/v8-m.main+dp/hard\libm.a(libm_a-math_errf.o)
                0x3400f61c                __math_uflowf
 .text.__math_may_uflowf
                0x3400f628        0xc C:/ST/STM32CubeIDE_1.19.0/STM32CubeIDE/plugins/com.st.stm32cube.ide.mcu.externaltools.gnu-tools-for-stm32.13.3.rel1.win32_1.0.0.202411081344/tools/bin/../lib/gcc/arm-none-eabi/13.3.1/../../../../arm-none-eabi/lib/thumb/v8-m.main+dp/hard\libm.a(libm_a-math_errf.o)
                0x3400f628                __math_may_uflowf
 .text.__math_oflowf
                0x3400f634        0xc C:/ST/STM32CubeIDE_1.19.0/STM32CubeIDE/plugins/com.st.stm32cube.ide.mcu.externaltools.gnu-tools-for-stm32.13.3.rel1.win32_1.0.0.202411081344/tools/bin/../lib/gcc/arm-none-eabi/13.3.1/../../../../arm-none-eabi/lib/thumb/v8-m.main+dp/hard\libm.a(libm_a-math_errf.o)
                0x3400f634                __math_oflowf
 *(.glue_7)
 .glue_7        0x3400f640        0x0 linker stubs
 *(.glue_7t)
 .glue_7t       0x3400f640        0x0 linker stubs
 *(.eh_frame)
 .eh_frame      0x3400f640        0x0 C:/ST/STM32CubeIDE_1.19.0/STM32CubeIDE/plugins/com.st.stm32cube.ide.mcu.externaltools.gnu-tools-for-stm32.13.3.rel1.win32_1.0.0.202411081344/tools/bin/../lib/gcc/arm-none-eabi/13.3.1/thumb/v8-m.main+dp/hard/crtbegin.o
 *(.RamFunc)
 *(.RamFunc*)
 *(.init)
 .init          0x3400f640        0x4 C:/ST/STM32CubeIDE_1.19.0/STM32CubeIDE/plugins/com.st.stm32cube.ide.mcu.externaltools.gnu-tools-for-stm32.13.3.rel1.win32_1.0.0.202411081344/tools/bin/../lib/gcc/arm-none-eabi/13.3.1/thumb/v8-m.main+dp/hard/crti.o
                0x3400f640                _init
 .init          0x3400f644        0x8 C:/ST/STM32CubeIDE_1.19.0/STM32CubeIDE/plugins/com.st.stm32cube.ide.mcu.externaltools.gnu-tools-for-stm32.13.3.rel1.win32_1.0.0.202411081344/tools/bin/../lib/gcc/arm-none-eabi/13.3.1/thumb/v8-m.main+dp/hard/crtn.o
 *(.fini)
 .fini          0x3400f64c        0x4 C:/ST/STM32CubeIDE_1.19.0/STM32CubeIDE/plugins/com.st.stm32cube.ide.mcu.externaltools.gnu-tools-for-stm32.13.3.rel1.win32_1.0.0.202411081344/tools/bin/../lib/gcc/arm-none-eabi/13.3.1/thumb/v8-m.main+dp/hard/crti.o
                0x3400f64c                _fini
 .fini          0x3400f650        0x8 C:/ST/STM32CubeIDE_1.19.0/STM32CubeIDE/plugins/com.st.stm32cube.ide.mcu.externaltools.gnu-tools-for-stm32.13.3.rel1.win32_1.0.0.202411081344/tools/bin/../lib/gcc/arm-none-eabi/13.3.1/thumb/v8-m.main+dp/hard/crtn.o
                0x3400f658                        . = ALIGN (0x4)
                0x3400f658                        _etext = .

.vfp11_veneer   0x3400f658        0x0
 .vfp11_veneer  0x3400f658        0x0 linker stubs

.v4_bx          0x3400f658        0x0
 .v4_bx         0x3400f658        0x0 linker stubs

.iplt           0x3400f658        0x0
 .iplt          0x3400f658        0x0 C:/ST/STM32CubeIDE_1.19.0/STM32CubeIDE/plugins/com.st.stm32cube.ide.mcu.externaltools.gnu-tools-for-stm32.13.3.rel1.win32_1.0.0.202411081344/tools/bin/../lib/gcc/arm-none-eabi/13.3.1/thumb/v8-m.main+dp/hard/crtbegin.o

.rodata         0x3400f660     0x6a98
                0x3400f660                        . = ALIGN (0x4)
 *(.rodata)
 .rodata        0x3400f660       0x10 ./X-CUBE-AI/App/network_data.o
 *(.rodata*)
 .rodata.EncSampler_Process.str1.4
                0x3400f670      0x3ff ./Core/Src/enc_sampler.o
                                 0x2a (size before relaxing)
 *fill*         0x3400fa6f        0x1 
 .rodata.gray2idx
                0x3400fa70        0x4 ./Core/Src/enc_sampler.o
 .rodata.main.str1.4
                0x3400fa74       0xde ./Core/Src/main.o
 .rodata.str1.4
                0x3400fa74       0x28 ./Core/Src/main.o
 *fill*         0x3400fa74        0x4 
 .rodata.MODEL_CLASSES
                0x3400fa78       0x10 ./Core/Src/main.o
 .rodata.HardFault_Handler.str1.4
                0x3400fa88       0x35 ./Core/Src/stm32n6xx_it.o
 .rodata.MemManage_Handler.str1.4
                0x3400fa88       0x45 ./Core/Src/stm32n6xx_it.o
 .rodata.BusFault_Handler.str1.4
                0x3400fa88       0x30 ./Core/Src/stm32n6xx_it.o
 .rodata.UsageFault_Handler.str1.4
                0x3400fa88       0x2e ./Core/Src/stm32n6xx_it.o
 .rodata.SecureFault_Handler.str1.4
                0x3400fa88       0x2d ./Core/Src/stm32n6xx_it.o
 .rodata.LED_PORT
                0x3400fa88        0xc ./Drivers/BSP/STM32N6xx_Nucleo/stm32n6xx_nucleo.o
 .rodata.LED_PIN
                0x3400fa94        0x6 ./Drivers/BSP/STM32N6xx_Nucleo/stm32n6xx_nucleo.o
 *fill*         0x3400fa9a        0x6 
 .rodata.UARTPrescTable
                0x3400faa0       0x18 ./Drivers/STM32N6xx_HAL_Driver/stm32n6xx_hal_uart.o
                0x3400faa0                UARTPrescTable
 .rodata.denominator.0
                0x3400fab8        0x8 ./Drivers/STM32N6xx_HAL_Driver/stm32n6xx_hal_uart_ex.o
 .rodata.numerator.1
                0x3400fac0        0x8 ./Drivers/STM32N6xx_HAL_Driver/stm32n6xx_hal_uart_ex.o
 .rodata.ai_run.part.0.str1.4
                0x3400fac8       0x42 ./X-CUBE-AI/App/app_x-cube-ai.o
 .rodata.MX_X_CUBE_AI_Init.str1.4
                0x3400fac8      0x12b ./X-CUBE-AI/App/app_x-cube-ai.o
 .rodata.MX_X_CUBE_AI_Process.str1.4
                0x3400fac8       0x4f ./X-CUBE-AI/App/app_x-cube-ai.o
 .rodata.MODEL_FEAT_SCALE
                0x3400fac8       0x28 ./X-CUBE-AI/App/app_x-cube-ai.o
 .rodata.MODEL_FEAT_MIN
                0x3400faf0       0x28 ./X-CUBE-AI/App/app_x-cube-ai.o
 .rodata.lstm_1_chain
                0x3400fb18        0x8 ./X-CUBE-AI/App/network.o
 .rodata.dense_1_dense_chain
                0x3400fb20        0x8 ./X-CUBE-AI/App/network.o
 .rodata.dense_1_chain
                0x3400fb28        0x8 ./X-CUBE-AI/App/network.o
 .rodata.output_dense_chain
                0x3400fb30        0x8 ./X-CUBE-AI/App/network.o
 .rodata.output_chain
                0x3400fb38        0x8 ./X-CUBE-AI/App/network.o
 .rodata.s_network_weights_array_u64
                0x3400fb40     0x60d0 ./X-CUBE-AI/App/network_data_params.o
                0x3400fb40                s_network_weights_array_u64
 .rodata.st_exp_tab
                0x34015c10       0x20 ../../Middlewares/ST/AI/Lib\NetworkRuntime1020_CM55_GCC.a(st_common_tables.o)
                0x34015c10                st_exp_tab
 .rodata._printf_float.str1.1
                0x34015c30      0x171 C:/ST/STM32CubeIDE_1.19.0/STM32CubeIDE/plugins/com.st.stm32cube.ide.mcu.externaltools.gnu-tools-for-stm32.13.3.rel1.win32_1.0.0.202411081344/tools/bin/../lib/gcc/arm-none-eabi/13.3.1/../../../../arm-none-eabi/lib/thumb/v8-m.main+dp/hard\libc_nano.a(libc_a-nano-vfprintf_float.o)
                                 0x12 (size before relaxing)
 .rodata._printf_i.str1.1
                0x34015da1       0x22 C:/ST/STM32CubeIDE_1.19.0/STM32CubeIDE/plugins/com.st.stm32cube.ide.mcu.externaltools.gnu-tools-for-stm32.13.3.rel1.win32_1.0.0.202411081344/tools/bin/../lib/gcc/arm-none-eabi/13.3.1/../../../../arm-none-eabi/lib/thumb/v8-m.main+dp/hard\libc_nano.a(libc_a-nano-vfprintf_i.o)
 .rodata._dtoa_r.str1.1
                0x34015da1       0x8f C:/ST/STM32CubeIDE_1.19.0/STM32CubeIDE/plugins/com.st.stm32cube.ide.mcu.externaltools.gnu-tools-for-stm32.13.3.rel1.win32_1.0.0.202411081344/tools/bin/../lib/gcc/arm-none-eabi/13.3.1/../../../../arm-none-eabi/lib/thumb/v8-m.main+dp/hard\libc_nano.a(libc_a-dtoa.o)
 .rodata._Balloc.str1.1
                0x34015da1       0x70 C:/ST/STM32CubeIDE_1.19.0/STM32CubeIDE/plugins/com.st.stm32cube.ide.mcu.externaltools.gnu-tools-for-stm32.13.3.rel1.win32_1.0.0.202411081344/tools/bin/../lib/gcc/arm-none-eabi/13.3.1/../../../../arm-none-eabi/lib/thumb/v8-m.main+dp/hard\libc_nano.a(libc_a-mprec.o)
 .rodata.__multadd.str1.1
                0x34015da1       0x11 C:/ST/STM32CubeIDE_1.19.0/STM32CubeIDE/plugins/com.st.stm32cube.ide.mcu.externaltools.gnu-tools-for-stm32.13.3.rel1.win32_1.0.0.202411081344/tools/bin/../lib/gcc/arm-none-eabi/13.3.1/../../../../arm-none-eabi/lib/thumb/v8-m.main+dp/hard\libc_nano.a(libc_a-mprec.o)
 *fill*         0x34015da1        0x3 
 .rodata.p05.0  0x34015da4        0xc C:/ST/STM32CubeIDE_1.19.0/STM32CubeIDE/plugins/com.st.stm32cube.ide.mcu.externaltools.gnu-tools-for-stm32.13.3.rel1.win32_1.0.0.202411081344/tools/bin/../lib/gcc/arm-none-eabi/13.3.1/../../../../arm-none-eabi/lib/thumb/v8-m.main+dp/hard\libc_nano.a(libc_a-mprec.o)
 .rodata.__mprec_bigtens
                0x34015db0       0x28 C:/ST/STM32CubeIDE_1.19.0/STM32CubeIDE/plugins/com.st.stm32cube.ide.mcu.externaltools.gnu-tools-for-stm32.13.3.rel1.win32_1.0.0.202411081344/tools/bin/../lib/gcc/arm-none-eabi/13.3.1/../../../../arm-none-eabi/lib/thumb/v8-m.main+dp/hard\libc_nano.a(libc_a-mprec.o)
                0x34015db0                __mprec_bigtens
 .rodata.__mprec_tens
                0x34015dd8       0xc8 C:/ST/STM32CubeIDE_1.19.0/STM32CubeIDE/plugins/com.st.stm32cube.ide.mcu.externaltools.gnu-tools-for-stm32.13.3.rel1.win32_1.0.0.202411081344/tools/bin/../lib/gcc/arm-none-eabi/13.3.1/../../../../arm-none-eabi/lib/thumb/v8-m.main+dp/hard\libc_nano.a(libc_a-mprec.o)
                0x34015dd8                __mprec_tens
 .rodata._vfprintf_r.str1.1
                0x34015ea0       0x11 C:/ST/STM32CubeIDE_1.19.0/STM32CubeIDE/plugins/com.st.stm32cube.ide.mcu.externaltools.gnu-tools-for-stm32.13.3.rel1.win32_1.0.0.202411081344/tools/bin/../lib/gcc/arm-none-eabi/13.3.1/../../../../arm-none-eabi/lib/thumb/v8-m.main+dp/hard\libc_nano.a(libc_a-nano-vfprintf.o)
 .rodata._setlocale_r.str1.1
                0x34015ea0        0x9 C:/ST/STM32CubeIDE_1.19.0/STM32CubeIDE/plugins/com.st.stm32cube.ide.mcu.externaltools.gnu-tools-for-stm32.13.3.rel1.win32_1.0.0.202411081344/tools/bin/../lib/gcc/arm-none-eabi/13.3.1/../../../../arm-none-eabi/lib/thumb/v8-m.main+dp/hard\libc_nano.a(libc_a-locale.o)
 .rodata.str1.1
                0x34015ea0        0x2 C:/ST/STM32CubeIDE_1.19.0/STM32CubeIDE/plugins/com.st.stm32cube.ide.mcu.externaltools.gnu-tools-for-stm32.13.3.rel1.win32_1.0.0.202411081344/tools/bin/../lib/gcc/arm-none-eabi/13.3.1/../../../../arm-none-eabi/lib/thumb/v8-m.main+dp/hard\libc_nano.a(libc_a-locale.o)
 .rodata.__assert_func.str1.1
                0x34015ea0       0x3d C:/ST/STM32CubeIDE_1.19.0/STM32CubeIDE/plugins/com.st.stm32cube.ide.mcu.externaltools.gnu-tools-for-stm32.13.3.rel1.win32_1.0.0.202411081344/tools/bin/../lib/gcc/arm-none-eabi/13.3.1/../../../../arm-none-eabi/lib/thumb/v8-m.main+dp/hard\libc_nano.a(libc_a-assert.o)
 .rodata._ctype_
                0x34015ea0      0x101 C:/ST/STM32CubeIDE_1.19.0/STM32CubeIDE/plugins/com.st.stm32cube.ide.mcu.externaltools.gnu-tools-for-stm32.13.3.rel1.win32_1.0.0.202411081344/tools/bin/../lib/gcc/arm-none-eabi/13.3.1/../../../../arm-none-eabi/lib/thumb/v8-m.main+dp/hard\libc_nano.a(libc_a-ctype_.o)
                0x34015ea0                _ctype_
 *fill*         0x34015fa1        0x3 
 .rodata.tiny   0x34015fa4        0x4 C:/ST/STM32CubeIDE_1.19.0/STM32CubeIDE/plugins/com.st.stm32cube.ide.mcu.externaltools.gnu-tools-for-stm32.13.3.rel1.win32_1.0.0.202411081344/tools/bin/../lib/gcc/arm-none-eabi/13.3.1/../../../../arm-none-eabi/lib/thumb/v8-m.main+dp/hard\libm.a(libm_a-sf_tanh.o)
 .rodata.two    0x34015fa8        0x4 C:/ST/STM32CubeIDE_1.19.0/STM32CubeIDE/plugins/com.st.stm32cube.ide.mcu.externaltools.gnu-tools-for-stm32.13.3.rel1.win32_1.0.0.202411081344/tools/bin/../lib/gcc/arm-none-eabi/13.3.1/../../../../arm-none-eabi/lib/thumb/v8-m.main+dp/hard\libm.a(libm_a-sf_tanh.o)
 .rodata.one    0x34015fac        0x4 C:/ST/STM32CubeIDE_1.19.0/STM32CubeIDE/plugins/com.st.stm32cube.ide.mcu.externaltools.gnu-tools-for-stm32.13.3.rel1.win32_1.0.0.202411081344/tools/bin/../lib/gcc/arm-none-eabi/13.3.1/../../../../arm-none-eabi/lib/thumb/v8-m.main+dp/hard\libm.a(libm_a-sf_tanh.o)
 .rodata.__exp2f_data
                0x34015fb0      0x148 C:/ST/STM32CubeIDE_1.19.0/STM32CubeIDE/plugins/com.st.stm32cube.ide.mcu.externaltools.gnu-tools-for-stm32.13.3.rel1.win32_1.0.0.202411081344/tools/bin/../lib/gcc/arm-none-eabi/13.3.1/../../../../arm-none-eabi/lib/thumb/v8-m.main+dp/hard\libm.a(libm_a-sf_exp2_data.o)
                0x34015fb0                __exp2f_data
                0x340160f8                        . = ALIGN (0x4)

.ARM.extab      0x340160f8        0x0
                0x340160f8                        . = ALIGN (0x4)
 *(.ARM.extab* .gnu.linkonce.armextab.*)
                0x340160f8                        . = ALIGN (0x4)

.ARM            0x340160f8        0x8
                0x340160f8                        . = ALIGN (0x4)
                0x340160f8                        __exidx_start = .
 *(.ARM.exidx*)
 .ARM.exidx     0x340160f8        0x8 C:/ST/STM32CubeIDE_1.19.0/STM32CubeIDE/plugins/com.st.stm32cube.ide.mcu.externaltools.gnu-tools-for-stm32.13.3.rel1.win32_1.0.0.202411081344/tools/bin/../lib/gcc/arm-none-eabi/13.3.1/../../../../arm-none-eabi/lib/thumb/v8-m.main+dp/hard\libc_nano.a(libc_a-strlen.o)
 .ARM.exidx     0x34016100        0x0 C:/ST/STM32CubeIDE_1.19.0/STM32CubeIDE/plugins/com.st.stm32cube.ide.mcu.externaltools.gnu-tools-for-stm32.13.3.rel1.win32_1.0.0.202411081344/tools/bin/../lib/gcc/arm-none-eabi/13.3.1/thumb/v8-m.main+dp/hard\libgcc.a(_udivmoddi4.o)
                                  0x8 (size before relaxing)
                0x34016100                        __exidx_end = .
                0x34016100                        . = ALIGN (0x4)

.preinit_array  0x34016100        0x0
                0x34016100                        . = ALIGN (0x4)
                0x34016100                        PROVIDE (__preinit_array_start = .)
 *(.preinit_array*)
                0x34016100                        PROVIDE (__preinit_array_end = .)
                0x34016100                        . = ALIGN (0x4)

.init_array     0x34016100        0x4
                0x34016100                        . = ALIGN (0x4)
                0x34016100                        PROVIDE (__init_array_start = .)
 *(SORT_BY_NAME(.init_array.*))
 *(.init_array*)
 .init_array    0x34016100        0x4 C:/ST/STM32CubeIDE_1.19.0/STM32CubeIDE/plugins/com.st.stm32cube.ide.mcu.externaltools.gnu-tools-for-stm32.13.3.rel1.win32_1.0.0.202411081344/tools/bin/../lib/gcc/arm-none-eabi/13.3.1/thumb/v8-m.main+dp/hard/crtbegin.o
                0x34016104                        PROVIDE (__init_array_end = .)
                0x34016104                        . = ALIGN (0x4)

.fini_array     0x34016104        0x4
                0x34016104                        . = ALIGN (0x4)
                [!provide]                        PROVIDE (__fini_array_start = .)
 *(SORT_BY_NAME(.fini_array.*))
 *(.fini_array*)
 .fini_array    0x34016104        0x4 C:/ST/STM32CubeIDE_1.19.0/STM32CubeIDE/plugins/com.st.stm32cube.ide.mcu.externaltools.gnu-tools-for-stm32.13.3.rel1.win32_1.0.0.202411081344/tools/bin/../lib/gcc/arm-none-eabi/13.3.1/thumb/v8-m.main+dp/hard/crtbegin.o
                [!provide]                        PROVIDE (__fini_array_end = .)
                0x34016108                        . = ALIGN (0x4)
                0x34016108                        _sidata = LOADADDR (.data)

.rel.dyn        0x34016108        0x0
 .rel.iplt      0x34016108        0x0 C:/ST/STM32CubeIDE_1.19.0/STM32CubeIDE/plugins/com.st.stm32cube.ide.mcu.externaltools.gnu-tools-for-stm32.13.3.rel1.win32_1.0.0.202411081344/tools/bin/../lib/gcc/arm-none-eabi/13.3.1/thumb/v8-m.main+dp/hard/crtbegin.o

.data           0x34016108      0x990
                0x34016108                        . = ALIGN (0x4)
                0x34016108                        _sdata = .
 *(.data)
 *(.data*)
 .data.SystemCoreClock
                0x34016108        0x4 ./Core/Src/system_stm32n6xx_s.o
                0x34016108                SystemCoreClock
 .data.uwTickFreq
                0x3401610c        0x1 ./Drivers/STM32N6xx_HAL_Driver/stm32n6xx_hal.o
                0x3401610c                uwTickFreq
 *fill*         0x3401610d        0x3 
 .data.uwTickPrio
                0x34016110        0x4 ./Drivers/STM32N6xx_HAL_Driver/stm32n6xx_hal.o
                0x34016110                uwTickPrio
 .data.data_activations0
                0x34016114        0x4 ./X-CUBE-AI/App/app_x-cube-ai.o
                0x34016114                data_activations0
 .data.g_network
                0x34016118       0x4c ./X-CUBE-AI/App/network.o
 .data.__compound_literal.69
                0x34016164       0x18 ./X-CUBE-AI/App/network.o
 .data.__compound_literal.68
                0x3401617c        0xc ./X-CUBE-AI/App/network.o
 .data.__compound_literal.64
                0x34016188        0x4 ./X-CUBE-AI/App/network.o
 .data.__compound_literal.63
                0x3401618c        0xc ./X-CUBE-AI/App/network.o
 .data.__compound_literal.59
                0x34016198        0x4 ./X-CUBE-AI/App/network.o
 .data.__compound_literal.58
                0x3401619c       0x1c ./X-CUBE-AI/App/network.o
 .data.__compound_literal.57
                0x340161b8       0x10 ./X-CUBE-AI/App/network.o
 .data.__compound_literal.56
                0x340161c8       0x1c ./X-CUBE-AI/App/network.o
 .data.__compound_literal.55
                0x340161e4       0x10 ./X-CUBE-AI/App/network.o
 .data.lstm_1_layer
                0x340161f4       0x44 ./X-CUBE-AI/App/network.o
 .data.__compound_literal.54
                0x34016238       0x30 ./X-CUBE-AI/App/network.o
 .data.__compound_literal.53
                0x34016268        0x4 ./X-CUBE-AI/App/network.o
 .data.__compound_literal.52
                0x3401626c       0x24 ./X-CUBE-AI/App/network.o
 .data.__compound_literal.51
                0x34016290        0x4 ./X-CUBE-AI/App/network.o
 .data.__compound_literal.50
                0x34016294        0x4 ./X-CUBE-AI/App/network.o
 .data.dense_1_dense_layer
                0x34016298       0x1c ./X-CUBE-AI/App/network.o
 .data.__compound_literal.49
                0x340162b4       0x30 ./X-CUBE-AI/App/network.o
 .data.__compound_literal.47
                0x340162e4        0x8 ./X-CUBE-AI/App/network.o
 .data.__compound_literal.46
                0x340162ec        0x4 ./X-CUBE-AI/App/network.o
 .data.__compound_literal.45
                0x340162f0        0x4 ./X-CUBE-AI/App/network.o
 .data.dense_1_layer
                0x340162f4       0x20 ./X-CUBE-AI/App/network.o
 .data.__compound_literal.44