2025-08-31 14:15:23,647 [INFO] WebApp:194 - Connection lost
2025-08-31 14:15:24,475 [INFO] WebApp:191 - Connection restablished
2025-08-31 14:15:27,027 [INFO] WebApp:194 - Connection lost
2025-08-31 14:15:29,913 [INFO] WebApp:191 - Connection restablished
2025-08-31 14:15:30,832 [INFO] WebApp:194 - Connection lost
2025-08-31 14:15:31,003 [INFO] WebApp:191 - Connection restablished
2025-08-31 14:18:21,273 [INFO] WebApp:194 - Connection lost
2025-08-31 14:18:21,410 [INFO] WebApp:191 - Connection restablished
2025-08-31 14:31:26,564 [INFO] WebApp:194 - Connection lost
2025-08-31 14:31:26,706 [INFO] WebApp:191 - Connection restablished
2025-08-31 16:53:12,569 [INFO] WebApp:194 - Connection lost
2025-08-31 16:53:12,743 [INFO] WebApp:191 - Connection restablished
2025-08-31 17:37:17,730 [INFO] AI:955 - getUI adding AI com.st.microxplorer.plugins.ip.ai.AI@7167237b on STMicroelectronics.X-CUBE-AI.10.2.0_Appli
2025-08-31 17:37:17,981 [INFO] BoardParameter:100 - Parameter not set IP=RCC name=PWR_Regulator_Voltage_Scale id=null desired value=PWR_REGULATOR_VOLTAGE_SCALE1 actual valuePWR_REGULATOR_VOLTAGE_SCALE0
2025-08-31 18:18:04,494 [INFO] AIModelDetailledView:2380 - Analysis status: -
2025-08-31 18:18:32,237 [INFO] AInterface:259 - ModelName:network; files:[C:\Users\ZOJOLDRI\OneDrive - Carl Zeiss AG\Dokumente\Zeiss\SMT\Bachelor\AB Encoder Model\AB_Encoder_Synthetic_Data\lstm_ab_encoder.h5]; type:Keras; compression:None
2025-08-31 18:18:32,238 [INFO] AInterface:526 - workspaceTempDir: C:/Users/ZOJOLDRI/AppData/Local/Temp/mxAI_workspace89132625643440017996736712595212386
2025-08-31 18:18:32,239 [INFO] AInterface:1176 - Setting Env: C:/Users/ZOJOLDRI/STM32Cube/Repository/Packs/STMicroelectronics/X-CUBE-AI/10.2.0/Utilities/windows
2025-08-31 18:18:32,340 [INFO] STM32CubeIDEBuilder:265 - Looking for gnu-tools-for-stm32 tools/bin/arm-none-eabi-gcc.exe in C:\ST\STM32CubeIDE_1.19.0\STM32CubeIDE
2025-08-31 18:18:32,347 [INFO] STM32CubeIDEBuilder:294 - checking C:\ST\STM32CubeIDE_1.19.0\STM32CubeIDE\plugins\com.st.stm32cube.ide.mcu.externaltools.gnu-tools-for-stm32.13.3.rel1.win32_1.0.0.202411081344\tools\bin\arm-none-eabi-gcc.exe
2025-08-31 18:18:32,348 [INFO] STM32CubeIDEBuilder:297 - ret=C:\ST\STM32CubeIDE_1.19.0\STM32CubeIDE\plugins\com.st.stm32cube.ide.mcu.externaltools.gnu-tools-for-stm32.13.3.rel1.win32_1.0.0.202411081344\tools\bin\arm-none-eabi-gcc.exe
2025-08-31 18:18:32,348 [INFO] STM32CubeIDEBuilder:311 - returning C:\ST\STM32CubeIDE_1.19.0\STM32CubeIDE\plugins\com.st.stm32cube.ide.mcu.externaltools.gnu-tools-for-stm32.13.3.rel1.win32_1.0.0.202411081344\tools\bin\arm-none-eabi-gcc.exe
2025-08-31 18:18:32,349 [INFO] AInterface:1233 - Custom PATH variable: C:/Users/ZOJOLDRI/STM32Cube/Repository/Packs/STMicroelectronics/X-CUBE-AI/10.2.0/Utilities/windows;C:/Users/ZOJOLDRI/STM32Cube/Repository/Packs/STMicroelectronics/X-CUBE-AI/10.2.0/Utilities/windows/mingw64/bin;C:/Users/ZOJOLDRI/STM32Cube/Repository/Packs/STMicroelectronics/X-CUBE-AI/10.2.0/Utilities/windows/mingw64/libexec/gcc/x86_64-w64-mingw32/7.3.0;;C:\ST\STM32CubeIDE_1.19.0\STM32CubeIDE\plugins\com.st.stm32cube.ide.mcu.externaltools.gnu-tools-for-stm32.13.3.rel1.win32_1.0.0.202411081344\tools\bin
2025-08-31 18:18:32,356 [INFO] CmdLine:115 - Command: C:/Users/ZOJOLDRI/STM32Cube/Repository/Packs/STMicroelectronics/X-CUBE-AI/10.2.0/Utilities/windows/stedgeai.exe analyze --target stm32n6 --name network -m C:/Users/ZOJOLDRI/OneDrive - Carl Zeiss AG/Dokumente/Zeiss/SMT/Bachelor/AB Encoder Model/AB_Encoder_Synthetic_Data/lstm_ab_encoder.h5 --compression none --verbosity 1 --workspace C:/Users/ZOJOLDRI/AppData/Local/Temp/mxAI_workspace89132625643440017996736712595212386 --output C:/Users/ZOJOLDRI/.stm32cubemx/network_output
2025-08-31 18:18:32,360 [INFO] AIModelDetailledView:2380 - Analysis status: pending
2025-08-31 18:18:38,662 [INFO] CmdLine:76 - ST Edge AI Core v2.2.0-20266 2adc00962
2025-08-31 18:19:37,493 [INFO] CmdLine:76 - Creating c (debug) info json file C:\Users\ZOJOLDRI\.stm32cubemx\network_output\network_c_info.json
2025-08-31 18:19:37,522 [INFO] CmdLine:76 -  
2025-08-31 18:19:37,522 [INFO] CmdLine:76 -  Exec/report summary (analyze)
2025-08-31 18:19:37,523 [INFO] CmdLine:76 -  ---------------------------------------------------------------------------------------------------------------------------------------------------------------
2025-08-31 18:19:37,523 [INFO] CmdLine:76 -  model file         :   C:\Users\ZOJOLDRI\OneDrive - Carl Zeiss AG\Dokumente\Zeiss\SMT\Bachelor\AB Encoder Model\AB_Encoder_Synthetic_Data\lstm_ab_encoder.h5   
2025-08-31 18:19:37,523 [INFO] CmdLine:76 -  type               :   keras                                                                                                                                   
2025-08-31 18:19:37,523 [INFO] CmdLine:76 -  c_name             :   network                                                                                                                                 
2025-08-31 18:19:37,524 [INFO] CmdLine:76 -  compression        :   none                                                                                                                                    
2025-08-31 18:19:37,524 [INFO] CmdLine:76 -  options            :   allocate-inputs, allocate-outputs                                                                                                       
2025-08-31 18:19:37,524 [INFO] CmdLine:76 -  optimization       :   balanced                                                                                                                                
2025-08-31 18:19:37,525 [INFO] CmdLine:76 -  target/series      :   stm32n6                                                                                                                                 
2025-08-31 18:19:37,525 [INFO] CmdLine:76 -  workspace dir      :   C:\Users\ZOJOLDRI\AppData\Local\Temp\mxAI_workspace89132625643440017996736712595212386                                                  
2025-08-31 18:19:37,525 [INFO] CmdLine:76 -  output dir         :   C:\Users\ZOJOLDRI\.stm32cubemx\network_output                                                                                           
2025-08-31 18:19:37,525 [INFO] CmdLine:76 -  model_fmt          :   float                                                                                                                                   
2025-08-31 18:19:37,526 [INFO] CmdLine:76 -  model_name         :   lstm_ab_encoder                                                                                                                         
2025-08-31 18:19:37,526 [INFO] CmdLine:76 -  model_hash         :   0xb9e6d1f2f93291781e52f63e3d49d785                                                                                                      
2025-08-31 18:19:37,526 [INFO] CmdLine:76 -  params #           :   6,083 items (23.76 KiB)                                                                                                                 
2025-08-31 18:19:37,526 [INFO] CmdLine:76 -  ---------------------------------------------------------------------------------------------------------------------------------------------------------------
2025-08-31 18:19:37,527 [INFO] CmdLine:76 -  input 1/1          :   'input_0', f32(1x20x10), 800 Bytes, activations                                                                                         
2025-08-31 18:19:37,527 [INFO] CmdLine:76 -  output 1/1         :   'output', f32(1x3), 12 Bytes, activations                                                                                               
2025-08-31 18:19:37,527 [INFO] CmdLine:76 -  macc               :   111,360                                                                                                                                 
2025-08-31 18:19:37,527 [INFO] CmdLine:76 -  weights (ro)       :   24,716 B (24.14 KiB) (1 segment) / +384(+1.6%) vs float model                                                                           
2025-08-31 18:19:37,528 [INFO] CmdLine:76 -  activations (rw)   :   1,824 B (1.78 KiB) (1 segment) *                                                                                                        
2025-08-31 18:19:37,528 [INFO] CmdLine:76 -  ram (total)        :   1,824 B (1.78 KiB) = 1,824 + 0 + 0                                                                                                      
2025-08-31 18:19:37,529 [INFO] CmdLine:76 -  ---------------------------------------------------------------------------------------------------------------------------------------------------------------
2025-08-31 18:19:37,529 [INFO] CmdLine:76 -  (*) 'input'/'output' buffers are allocated in the activations buffer
2025-08-31 18:19:37,530 [INFO] CmdLine:76 - Computing AI RT data/code size (target=stm32n6)..
2025-08-31 18:19:43,812 [INFO] CmdLine:76 -  Model name - lstm_ab_encoder
2025-08-31 18:19:43,812 [INFO] CmdLine:76 -  ------ ----------------------- ----------------- -------------- --------- ---------------
2025-08-31 18:19:43,813 [INFO] CmdLine:76 -  m_id   layer (original)        oshape            param/size          macc    connected to
2025-08-31 18:19:43,814 [INFO] CmdLine:76 -  ------ ----------------------- ----------------- -------------- --------- ---------------
2025-08-31 18:19:43,814 [INFO] CmdLine:76 -  0      input_0 (None)          [b:1,h:20,c:10]
2025-08-31 18:19:43,814 [INFO] CmdLine:76 -         lstm_1 (LSTM)           [b:1,c:32]        5,504/22,016     110,720         input_0
2025-08-31 18:19:43,815 [INFO] CmdLine:76 -  ------ ----------------------- ----------------- -------------- --------- ---------------
2025-08-31 18:19:43,816 [INFO] CmdLine:76 -  2      dense_1_dense (Dense)   [b:1,c:16]        528/2,112            528          lstm_1
2025-08-31 18:19:43,816 [INFO] CmdLine:76 -         dense_1 (Dense)         [b:1,c:16]                              16   dense_1_dense
2025-08-31 18:19:43,816 [INFO] CmdLine:76 -  ------ ----------------------- ----------------- -------------- --------- ---------------
2025-08-31 18:19:43,816 [INFO] CmdLine:76 -  4      output_dense (Dense)    [b:1,c:3]         51/204                51         dense_1
2025-08-31 18:19:43,817 [INFO] CmdLine:76 -         output (Dense)          [b:1,c:3]                               45    output_dense
2025-08-31 18:19:43,817 [INFO] CmdLine:76 -  ------ ----------------------- ----------------- -------------- --------- ---------------
2025-08-31 18:19:43,817 [INFO] CmdLine:76 -  model: macc=111,360 weights=24,332 activations=-- io=--
2025-08-31 18:19:43,817 [INFO] CmdLine:76 -  Number of operations per c-layer
2025-08-31 18:19:43,818 [INFO] CmdLine:76 -  ------- ------ ------------------------ --------- --------------
2025-08-31 18:19:43,818 [INFO] CmdLine:76 -  c_id    m_id   name (type)                    #op           type
2025-08-31 18:19:43,818 [INFO] CmdLine:76 -  ------- ------ ------------------------ --------- --------------
2025-08-31 18:19:43,818 [INFO] CmdLine:76 -  0       0      lstm_1 (LSTM)              110,720   smul_f32_f32
2025-08-31 18:19:43,820 [INFO] CmdLine:76 -  1       2      dense_1_dense (Dense)          528   smul_f32_f32
2025-08-31 18:19:43,820 [INFO] CmdLine:76 -  2       2      dense_1 (Nonlinearity)          16     op_f32_f32
2025-08-31 18:19:43,821 [INFO] CmdLine:76 -  3       4      output_dense (Dense)            51   smul_f32_f32
2025-08-31 18:19:43,822 [INFO] CmdLine:76 -  4       4      output (Nonlinearity)           45     op_f32_f32
2025-08-31 18:19:43,822 [INFO] CmdLine:76 -  ------- ------ ------------------------ --------- --------------
2025-08-31 18:19:43,824 [INFO] CmdLine:76 -  total                                     111,360
2025-08-31 18:19:43,824 [INFO] CmdLine:76 -  Number of operation types
2025-08-31 18:19:43,824 [INFO] CmdLine:76 -  ---------------- --------- -----------
2025-08-31 18:19:43,824 [INFO] CmdLine:76 -  operation type           #           %
2025-08-31 18:19:43,824 [INFO] CmdLine:76 -  ---------------- --------- -----------
2025-08-31 18:19:43,825 [INFO] CmdLine:76 -  smul_f32_f32       111,299       99.9%
2025-08-31 18:19:43,825 [INFO] CmdLine:76 -  op_f32_f32              61        0.1%
2025-08-31 18:19:43,825 [INFO] CmdLine:76 -  Complexity report (model)
2025-08-31 18:19:43,826 [INFO] CmdLine:76 -  ------ --------------- ------------------------- ------------------------- --------
2025-08-31 18:19:43,826 [INFO] CmdLine:76 -  m_id   name            c_macc                    c_rom                     c_id
2025-08-31 18:19:43,827 [INFO] CmdLine:76 -  ------ --------------- ------------------------- ------------------------- --------
2025-08-31 18:19:43,827 [INFO] CmdLine:76 -  0      input_0         ||||||||||||||||  99.4%   ||||||||||||||||  90.6%   [0]
2025-08-31 18:19:43,828 [INFO] CmdLine:76 -  2      dense_1_dense   |                  0.5%   ||                 8.5%   [1, 2]
2025-08-31 18:19:43,829 [INFO] CmdLine:76 -  4      output_dense    |                  0.1%   |                  0.8%   [3, 4]
2025-08-31 18:19:43,831 [INFO] CmdLine:76 -  ------ --------------- ------------------------- ------------------------- --------
2025-08-31 18:19:43,832 [INFO] CmdLine:76 -  macc=111,360 weights=24,716 act=1,824 ram_io=0
2025-08-31 18:19:43,832 [INFO] CmdLine:76 -  Requested memory size by section - "stm32n6" target
2025-08-31 18:19:43,833 [INFO] CmdLine:76 -  ------------------------------- -------- -------- ------- -------
2025-08-31 18:19:43,834 [INFO] CmdLine:76 -  module                              text   rodata    data     bss
2025-08-31 18:19:43,834 [INFO] CmdLine:76 -  ------------------------------- -------- -------- ------- -------
2025-08-31 18:19:43,834 [INFO] CmdLine:76 -  NetworkRuntime1020_CM55_GCC.a     15,800       32       0       0
2025-08-31 18:19:43,835 [INFO] CmdLine:76 -  network.o                            592       40   1,888     136
2025-08-31 18:19:43,836 [INFO] CmdLine:76 -  network_data.o                        48       16      88       0
2025-08-31 18:19:43,836 [INFO] CmdLine:76 -  lib (toolchain)*                   1,132      340       0       0
2025-08-31 18:19:43,837 [INFO] CmdLine:76 -  ------------------------------- -------- -------- ------- -------
2025-08-31 18:19:43,838 [INFO] CmdLine:76 -  RT total**                        17,572      428   1,976     136
2025-08-31 18:19:43,838 [INFO] CmdLine:76 -  ------------------------------- -------- -------- ------- -------
2025-08-31 18:19:43,839 [INFO] CmdLine:76 -  weights                                0   24,720       0       0
2025-08-31 18:19:43,840 [INFO] CmdLine:76 -  activations                            0        0       0   1,824
2025-08-31 18:19:43,841 [INFO] CmdLine:76 -  io                                     0        0       0       0
2025-08-31 18:19:43,841 [INFO] CmdLine:76 -  ------------------------------- -------- -------- ------- -------
2025-08-31 18:19:43,842 [INFO] CmdLine:76 -  TOTAL                             17,572   25,148   1,976   1,960
2025-08-31 18:19:43,843 [INFO] CmdLine:76 -  ------------------------------- -------- -------- ------- -------
2025-08-31 18:19:43,843 [INFO] CmdLine:76 -  *  toolchain objects (libm/libgcc*)
2025-08-31 18:19:43,843 [INFO] CmdLine:76 -  ** RT AI runtime objects (kernels+infrastructure)
2025-08-31 18:19:43,844 [INFO] CmdLine:76 -   Summary - "stm32n6" target
2025-08-31 18:19:43,845 [INFO] CmdLine:76 -   ---------------------------------------------------
2025-08-31 18:19:43,845 [INFO] CmdLine:76 -                FLASH (ro)      %*   RAM (rw)       %
2025-08-31 18:19:43,846 [INFO] CmdLine:76 -   ---------------------------------------------------
2025-08-31 18:19:43,846 [INFO] CmdLine:76 -   RT total         19,976   44.7%      2,112   53.7%
2025-08-31 18:19:43,848 [INFO] CmdLine:76 -   ---------------------------------------------------
2025-08-31 18:19:43,848 [INFO] CmdLine:76 -   TOTAL            44,696              3,936
2025-08-31 18:19:43,848 [INFO] CmdLine:76 -   ---------------------------------------------------
2025-08-31 18:19:43,849 [INFO] CmdLine:76 -   *  rt/total
2025-08-31 18:19:43,849 [INFO] CmdLine:76 - Creating txt report file C:\Users\ZOJOLDRI\.stm32cubemx\network_output\network_analyze_report.txt
2025-08-31 18:19:47,649 [INFO] CmdLine:76 - elapsed time (analyze): 68.987s
2025-08-31 18:19:48,058 [INFO] CmdLine:148 - stedgeai exit with status: 0
2025-08-31 18:19:48,078 [INFO] AIModelDetailledView:1184 - Model file:      lstm_ab_encoder.h5
2025-08-31 18:19:48,078 [INFO] AIModelDetailledView:1184 - Total Flash:     44692 B (43.64 KiB)
2025-08-31 18:19:48,079 [INFO] AIModelDetailledView:1184 -     Weights:     24716 B (24.14 KiB)
2025-08-31 18:19:48,079 [INFO] AIModelDetailledView:1184 -     Library:     19976 B (19.51 KiB)
2025-08-31 18:19:48,081 [INFO] AIModelDetailledView:1184 - Total Ram:       3936 B (3.84 KiB)
2025-08-31 18:19:48,081 [INFO] AIModelDetailledView:1184 -     Activations: 1824 B (1.78 KiB)
2025-08-31 18:19:48,081 [INFO] AIModelDetailledView:1184 -     Library:     2112 B (2.06 KiB)
2025-08-31 18:19:48,081 [INFO] AIModelDetailledView:1184 -     Input:       800 B (included in Activations)
2025-08-31 18:19:48,082 [INFO] AIModelDetailledView:1184 -     Output:      12 B (included in Activations)
2025-08-31 18:19:48,082 [INFO] AIModelDetailledView:1184 - Done
2025-08-31 18:19:48,082 [INFO] AIModelDetailledView:2715 - Analyze complete on AI model
2025-08-31 18:19:48,190 [INFO] AIModelDetailledView:2380 - Analysis status: done
