2025-08-26 11:34:57,805 [INFO] WebApp:194 - Connection lost
2025-08-26 11:35:15,380 [INFO] WebApp:191 - Connection restablished
2025-08-26 16:21:10,455 [INFO] Gpio:278 - dependency for GPIO [LPUART1, TIM1, XSPI2]
2025-08-26 16:21:14,340 [INFO] NvicIntPanel:101 - NVIC parent = com.st.microxplorer.plugins.ip.nvic.MultiNvicIntPanel[,2,27,1042x675,layout=javax.swing.BoxLayout,alignmentX=0.0,alignmentY=0.0,border=,flags=9,maximumSize=,minimumSize=,preferredSize=]
2025-08-26 16:21:14,349 [INFO] NvicIntPanel:101 - NVIC parent = com.st.microxplorer.plugins.ip.nvic.MultiNvicIntPanel[,2,27,1042x675,invalid,layout=javax.swing.BoxLayout,alignmentX=0.0,alignmentY=0.0,border=,flags=9,maximumSize=,minimumSize=,preferredSize=]
2025-08-26 17:41:34,172 [INFO] Gpio:278 - dependency for GPIO [LPUART1, TIM1, XSPI2]
2025-08-26 17:43:56,647 [INFO] UtilMem:75 - End SaveConfig() Used Memory: 932780096 Bytes (1073741824)
2025-08-26 17:43:57,672 [ERROR] IocParser:95 - Exception caught: null
2025-08-26 17:43:58,611 [INFO] UtilMem:75 - End SaveConfig() Used Memory: 971051072 Bytes (1073741824)
2025-08-26 17:43:59,957 [INFO] UtilMem:75 - End SaveConfig() Used Memory: 682406280 Bytes (1073741824)
2025-08-26 17:44:00,670 [ERROR] IocParser:95 - Exception caught: null
2025-08-26 17:44:01,001 [INFO] BlockDiagram:2775 - set Specific Code input for plugin: EXTMEM_MANAGER
2025-08-26 17:44:01,001 [INFO] BlockDiagram:2775 - set Specific Code input for plugin: RAMCFG
2025-08-26 17:44:01,001 [INFO] BlockDiagram:2775 - set Specific Code input for plugin: RCC
2025-08-26 17:44:01,001 [INFO] BlockDiagram:2775 - set Specific Code input for plugin: CORTEX_M55_FSBL
2025-08-26 17:44:01,001 [INFO] BlockDiagram:2775 - set Specific Code input for plugin: XSPIM
2025-08-26 17:44:01,001 [INFO] BlockDiagram:2775 - set Specific Code input for plugin: STMicroelectronics.X-CUBE-AI.10.2.0
2025-08-26 17:44:01,001 [INFO] BlockDiagram:2775 - set Specific Code input for plugin: XSPI
2025-08-26 17:44:01,001 [INFO] BlockDiagram:2775 - set Specific Code input for plugin: NUCLEO-N657X0-Q
2025-08-26 17:44:01,001 [INFO] BlockDiagram:2775 - set Specific Code input for plugin: TIM6_7N6
2025-08-26 17:44:01,001 [INFO] BlockDiagram:2775 - set Specific Code input for plugin: TIM1_8N6
2025-08-26 17:44:01,001 [INFO] BlockDiagram:2775 - set Specific Code input for plugin: CACHEAXI
2025-08-26 17:44:01,001 [INFO] BlockDiagram:2775 - set Specific Code input for plugin: BSEC
2025-08-26 17:44:01,001 [INFO] BlockDiagram:2775 - set Specific Code input for plugin: LPUART
2025-08-26 17:44:01,001 [INFO] BlockDiagram:2775 - set Specific Code input for plugin: NVIC
2025-08-26 17:44:01,001 [INFO] BlockDiagram:2775 - set Specific Code input for plugin: GPIO
2025-08-26 17:44:01,001 [INFO] BlockDiagram:2775 - set Specific Code input for plugin: RIF
2025-08-26 17:44:01,001 [INFO] BlockDiagram:2775 - set Specific Code input for plugin: NVIC1
2025-08-26 17:44:01,001 [INFO] CodeGenerator:892 - code generatio: config db path: C:\ST\STM32CubeIDE_1.19.0\STM32CubeIDE\plugins\com.st.stm32cube.common.mx_6.15.0.202507011659\\db\
2025-08-26 17:44:01,017 [WARN] IP:2250 - RefParam_XIP_memory not found: check if there is a RefParameter without a condition.
2025-08-26 17:44:01,017 [WARN] IP:2250 - RefParam_MEMORY_1_Size not found: check if there is a RefParameter without a condition.
2025-08-26 17:44:01,017 [WARN] IP:2250 - RefParam_MEMORY_1_FreqMax not found: check if there is a RefParameter without a condition.
2025-08-26 17:44:01,017 [WARN] IP:2250 - RefParam_MEMORY_1_ReadReg not found: check if there is a RefParameter without a condition.
2025-08-26 17:44:01,017 [WARN] IP:2250 - RefParam_MEMORY_1_WriteReg not found: check if there is a RefParameter without a condition.
2025-08-26 17:44:01,017 [WARN] IP:2250 - RefParam_MEMORY_1_RegSize not found: check if there is a RefParameter without a condition.
2025-08-26 17:44:01,017 [WARN] IP:2250 - RefParam_MEMORY_1_RegDummyCycle not found: check if there is a RefParameter without a condition.
2025-08-26 17:44:01,017 [WARN] IP:2250 - RefParam_MEMORY_1_WriteCommand not found: check if there is a RefParameter without a condition.
2025-08-26 17:44:01,017 [WARN] IP:2250 - RefParam_MEMORY_1_WriteDummyCycle not found: check if there is a RefParameter without a condition.
2025-08-26 17:44:01,017 [WARN] IP:2250 - RefParam_MEMORY_1_ReadCommand not found: check if there is a RefParameter without a condition.
2025-08-26 17:44:01,017 [WARN] IP:2250 - RefParam_MEMORY_1_WrapReadCommand not found: check if there is a RefParameter without a condition.
2025-08-26 17:44:01,017 [WARN] IP:2250 - RefParam_MEMORY_1_ReadDummyCycle not found: check if there is a RefParameter without a condition.
2025-08-26 17:44:01,017 [WARN] IP:2250 - RefParam_MEMORY_1_NumberOfConfig not found: check if there is a RefParameter without a condition.
2025-08-26 17:44:01,017 [WARN] IP:2250 - RefParam_MEMORY_1_Config1_WriteMask not found: check if there is a RefParameter without a condition.
2025-08-26 17:44:01,017 [WARN] IP:2250 - RefParam_MEMORY_1_Config1_WriteValue not found: check if there is a RefParameter without a condition.
2025-08-26 17:44:01,017 [WARN] IP:2250 - RefParam_MEMORY_1_Config1_RegAddress not found: check if there is a RefParameter without a condition.
2025-08-26 17:44:01,017 [WARN] IP:2250 - RefParam_MEMORY_1_Config2_WriteMask not found: check if there is a RefParameter without a condition.
2025-08-26 17:44:01,017 [WARN] IP:2250 - RefParam_MEMORY_1_Config2_WriteValue not found: check if there is a RefParameter without a condition.
2025-08-26 17:44:01,017 [WARN] IP:2250 - RefParam_MEMORY_1_Config2_RegAddress not found: check if there is a RefParameter without a condition.
2025-08-26 17:44:01,017 [WARN] IP:2250 - RefParam_MEMORY_1_Config3_WriteMask not found: check if there is a RefParameter without a condition.
2025-08-26 17:44:01,017 [WARN] IP:2250 - RefParam_MEMORY_1_Config3_WriteValue not found: check if there is a RefParameter without a condition.
2025-08-26 17:44:01,017 [WARN] IP:2250 - RefParam_MEMORY_1_Config3_RegAddress not found: check if there is a RefParameter without a condition.
2025-08-26 17:44:01,017 [WARN] IP:2250 - RefParam_MEMORY_2_Instance not found: check if there is a RefParameter without a condition.
2025-08-26 17:44:01,017 [WARN] IP:2250 - RefParam_MEMORY_2_ConfigType not found: check if there is a RefParameter without a condition.
2025-08-26 17:44:01,017 [WARN] IP:2250 - RefParam_MEMORY_2_Size not found: check if there is a RefParameter without a condition.
2025-08-26 17:44:01,017 [WARN] IP:2250 - RefParam_MEMORY_2_FreqMax not found: check if there is a RefParameter without a condition.
2025-08-26 17:44:01,017 [WARN] IP:2250 - RefParam_MEMORY_2_ReadReg not found: check if there is a RefParameter without a condition.
2025-08-26 17:44:01,017 [WARN] IP:2250 - RefParam_MEMORY_2_WriteReg not found: check if there is a RefParameter without a condition.
2025-08-26 17:44:01,017 [WARN] IP:2250 - RefParam_MEMORY_2_RegSize not found: check if there is a RefParameter without a condition.
2025-08-26 17:44:01,017 [WARN] IP:2250 - RefParam_MEMORY_2_RegDummyCycle not found: check if there is a RefParameter without a condition.
2025-08-26 17:44:01,017 [WARN] IP:2250 - RefParam_MEMORY_2_WriteCommand not found: check if there is a RefParameter without a condition.
2025-08-26 17:44:01,017 [WARN] IP:2250 - RefParam_MEMORY_2_WriteDummyCycle not found: check if there is a RefParameter without a condition.
2025-08-26 17:44:01,017 [WARN] IP:2250 - RefParam_MEMORY_2_ReadCommand not found: check if there is a RefParameter without a condition.
2025-08-26 17:44:01,017 [WARN] IP:2250 - RefParam_MEMORY_2_WrapReadCommand not found: check if there is a RefParameter without a condition.
2025-08-26 17:44:01,017 [WARN] IP:2250 - RefParam_MEMORY_2_ReadDummyCycle not found: check if there is a RefParameter without a condition.
2025-08-26 17:44:01,017 [WARN] IP:2250 - RefParam_MEMORY_2_NumberOfConfig not found: check if there is a RefParameter without a condition.
2025-08-26 17:44:01,017 [WARN] IP:2250 - RefParam_MEMORY_2_Config1_WriteMask not found: check if there is a RefParameter without a condition.
2025-08-26 17:44:01,017 [WARN] IP:2250 - RefParam_MEMORY_2_Config1_WriteValue not found: check if there is a RefParameter without a condition.
2025-08-26 17:44:01,017 [WARN] IP:2250 - RefParam_MEMORY_2_Config1_RegAddress not found: check if there is a RefParameter without a condition.
2025-08-26 17:44:01,017 [WARN] IP:2250 - RefParam_MEMORY_2_Config2_WriteMask not found: check if there is a RefParameter without a condition.
2025-08-26 17:44:01,017 [WARN] IP:2250 - RefParam_MEMORY_2_Config2_WriteValue not found: check if there is a RefParameter without a condition.
2025-08-26 17:44:01,017 [WARN] IP:2250 - RefParam_MEMORY_2_Config2_RegAddress not found: check if there is a RefParameter without a condition.
2025-08-26 17:44:01,017 [WARN] IP:2250 - RefParam_MEMORY_2_Config3_WriteMask not found: check if there is a RefParameter without a condition.
2025-08-26 17:44:01,017 [WARN] IP:2250 - RefParam_MEMORY_2_Config3_WriteValue not found: check if there is a RefParameter without a condition.
2025-08-26 17:44:01,017 [WARN] IP:2250 - RefParam_MEMORY_2_Config3_RegAddress not found: check if there is a RefParameter without a condition.
2025-08-26 17:44:01,149 [INFO] Middleware:1452 - No code input for Bsp Dependency
2025-08-26 17:44:01,152 [INFO] Middleware:1452 - No code input for Bsp Dependency
2025-08-26 17:44:01,153 [INFO] Middleware:1452 - No code input for Bsp Dependency
2025-08-26 17:44:01,153 [INFO] Middleware:1452 - No code input for Bsp Dependency
2025-08-26 17:44:01,153 [INFO] Middleware:1452 - No code input for Bsp Dependency
2025-08-26 17:44:01,153 [INFO] IP:3329 - RTE Config file name : RTE_Component
2025-08-26 17:44:01,153 [INFO] IP:3347 - RTE template : RTE_Components.ftl
2025-08-26 17:44:01,153 [INFO] Middleware:1452 - No code input for Bsp Dependency
2025-08-26 17:44:01,153 [INFO] Middleware:1452 - No code input for Bsp Dependency
2025-08-26 17:44:01,153 [INFO] Middleware:1452 - No code input for Bsp Dependency
2025-08-26 17:44:01,153 [INFO] CodeGenerator:1619 - *******************Project context FSBL selected
2025-08-26 17:44:01,200 [INFO] CodeEngine:265 - oldGeneratedFile, C:\ST\AB_LSTM\AB_LSTM\MXTmpFiles\license.tmp_save
2025-08-26 17:44:01,506 [INFO] CodeEngine:289 - Generated code: C:\ST\AB_LSTM\AB_LSTM\MXTmpFiles\license.tmp
2025-08-26 17:44:01,564 [INFO] CodeEngine:265 - oldGeneratedFile, C:\ST\AB_LSTM\AB_LSTM\FSBL\MXTmpFiles\gpio.tmp_save
2025-08-26 17:44:01,771 [INFO] CodeEngine:289 - Generated code: C:\ST\AB_LSTM\AB_LSTM\FSBL\MXTmpFiles\gpio.tmp
2025-08-26 17:44:01,961 [WARN] IPConfigManager:103 - WARNING: Missing Config File for XSPIM ip!!
2025-08-26 17:44:02,018 [INFO] Middleware:1452 - No code input for Bsp Dependency
2025-08-26 17:44:02,030 [INFO] CodeEngine:265 - oldGeneratedFile, C:\ST\AB_LSTM\AB_LSTM\FSBL\MXTmpFiles\boot_code.tmp_save
2025-08-26 17:44:02,187 [INFO] CodeEngine:289 - Generated code: C:\ST\AB_LSTM\AB_LSTM\FSBL\MXTmpFiles\boot_code.tmp
2025-08-26 17:44:02,208 [INFO] CodeEngine:265 - oldGeneratedFile, C:\ST\AB_LSTM\AB_LSTM\FSBL\MXTmpFiles\cortex.tmp_save
2025-08-26 17:44:02,369 [INFO] CodeEngine:289 - Generated code: C:\ST\AB_LSTM\AB_LSTM\FSBL\MXTmpFiles\cortex.tmp
2025-08-26 17:44:02,384 [INFO] Middleware:1452 - No code input for Bsp Dependency
2025-08-26 17:44:02,395 [INFO] CodeEngine:265 - oldGeneratedFile, C:\ST\AB_LSTM\AB_LSTM\FSBL\Core\Inc\extmem_manager.h_save
2025-08-26 17:44:02,572 [INFO] CodeEngine:289 - Generated code: C:\ST\AB_LSTM\AB_LSTM\FSBL\Core\Inc\extmem_manager.h
2025-08-26 17:44:02,582 [INFO] CodeEngine:265 - oldGeneratedFile, C:\ST\AB_LSTM\AB_LSTM\FSBL\Core\Src\extmem_manager.c_save
2025-08-26 17:44:02,701 [INFO] CodeEngine:289 - Generated code: C:\ST\AB_LSTM\AB_LSTM\FSBL\Core\Src\extmem_manager.c
2025-08-26 17:44:02,711 [INFO] CodeEngine:265 - oldGeneratedFile, C:\ST\AB_LSTM\AB_LSTM\FSBL\Core\Inc\stm32_extmem_conf.h_save
2025-08-26 17:44:02,839 [INFO] CodeEngine:289 - Generated code: C:\ST\AB_LSTM\AB_LSTM\FSBL\Core\Inc\stm32_extmem_conf.h
2025-08-26 17:44:02,849 [INFO] CodeEngine:265 - oldGeneratedFile, C:\ST\AB_LSTM\AB_LSTM\FSBL\MXTmpFiles\boot_code.tmp_save
2025-08-26 17:44:02,903 [INFO] CodeEngine:289 - Generated code: C:\ST\AB_LSTM\AB_LSTM\FSBL\MXTmpFiles\boot_code.tmp
2025-08-26 17:44:02,935 [INFO] CodeEngine:265 - oldGeneratedFile, C:\ST\AB_LSTM\AB_LSTM\FSBL\Core\Src\stm32n6xx_it.c_save
2025-08-26 17:44:03,223 [INFO] CodeEngine:289 - Generated code: C:\ST\AB_LSTM\AB_LSTM\FSBL\Core\Src\stm32n6xx_it.c
2025-08-26 17:44:03,237 [INFO] CodeEngine:265 - oldGeneratedFile, C:\ST\AB_LSTM\AB_LSTM\FSBL\Core\Inc\stm32n6xx_it.h_save
2025-08-26 17:44:03,333 [INFO] CodeEngine:289 - Generated code: C:\ST\AB_LSTM\AB_LSTM\FSBL\Core\Inc\stm32n6xx_it.h
2025-08-26 17:44:03,450 [INFO] CodeEngine:265 - oldGeneratedFile, C:\ST\AB_LSTM\AB_LSTM\FSBL\Core\Src\stm32n6xx_hal_msp.c_save
2025-08-26 17:44:03,687 [INFO] CodeEngine:289 - Generated code: C:\ST\AB_LSTM\AB_LSTM\FSBL\Core\Src\stm32n6xx_hal_msp.c
2025-08-26 17:44:03,700 [INFO] CodeEngine:265 - oldGeneratedFile, C:\ST\AB_LSTM\AB_LSTM\FSBL\MXTmpFiles\system.tmp_save
2025-08-26 17:44:03,765 [INFO] CodeEngine:289 - Generated code: C:\ST\AB_LSTM\AB_LSTM\FSBL\MXTmpFiles\system.tmp
2025-08-26 17:44:03,784 [INFO] CodeEngine:321 - oldGeneratedFile, C:\ST\AB_LSTM\AB_LSTM\FSBL\Core\Inc\stm32n6xx_hal_conf.h_save
2025-08-26 17:44:03,883 [INFO] CodeEngine:345 - Generated code: C:\ST\AB_LSTM\AB_LSTM\FSBL\Core\Inc\stm32n6xx_hal_conf.h
2025-08-26 17:44:03,912 [WARN] IPConfigManager:3238 - Warning: the RefConfig RCC_ConfigVoltageScaling is not available in your config.xml file
2025-08-26 17:44:03,914 [WARN] IPConfigManager:3238 - Warning: the RefConfig RCC_RTC_HSEDIV is not available in your config.xml file
2025-08-26 17:44:03,914 [ERROR] ApiDbMcu:560 - Cannot parse XSPIM_Config file : file do not exist
2025-08-26 17:44:03,938 [INFO] CodeEngine:265 - oldGeneratedFile, C:\ST\AB_LSTM\AB_LSTM\FSBL\Core\Inc\main.h_save
2025-08-26 17:44:04,095 [INFO] CodeEngine:289 - Generated code: C:\ST\AB_LSTM\AB_LSTM\FSBL\Core\Inc\main.h
2025-08-26 17:44:04,104 [INFO] CodeEngine:265 - oldGeneratedFile, C:\ST\AB_LSTM\AB_LSTM\FSBL\Core\Src\main.c_save
2025-08-26 17:44:04,247 [INFO] CodeEngine:289 - Generated code: C:\ST\AB_LSTM\AB_LSTM\FSBL\Core\Src\main.c
2025-08-26 17:44:04,287 [INFO] CodeGenerator:1619 - *******************Project context Appli selected
2025-08-26 17:44:04,318 [INFO] IP:3329 - RTE Config file name : RTE_Component
2025-08-26 17:44:04,318 [INFO] IP:3347 - RTE template : RTE_Components.ftl
2025-08-26 17:44:04,334 [INFO] CodeEngine:265 - oldGeneratedFile, C:\ST\AB_LSTM\AB_LSTM\MXTmpFiles\license.tmp_save
2025-08-26 17:44:04,403 [INFO] CodeEngine:289 - Generated code: C:\ST\AB_LSTM\AB_LSTM\MXTmpFiles\license.tmp
2025-08-26 17:44:04,438 [INFO] CodeEngine:265 - oldGeneratedFile, C:\ST\AB_LSTM\AB_LSTM\Appli\MXTmpFiles\gpio.tmp_save
2025-08-26 17:44:04,550 [INFO] CodeEngine:289 - Generated code: C:\ST\AB_LSTM\AB_LSTM\Appli\MXTmpFiles\gpio.tmp
2025-08-26 17:44:04,621 [WARN] IPConfigManager:103 - WARNING: Missing Config File for NVIC ip!!
2025-08-26 17:44:04,725 [INFO] Middleware:1452 - No code input for Bsp Dependency
2025-08-26 17:44:04,725 [INFO] Middleware:1452 - No code input for Bsp Dependency
2025-08-26 17:44:04,725 [INFO] IP:3329 - RTE Config file name : RTE_Component
2025-08-26 17:44:04,725 [INFO] IP:3347 - RTE template : RTE_Components.ftl
2025-08-26 17:44:04,734 [INFO] CodeEngine:265 - oldGeneratedFile, C:\ST\AB_LSTM\AB_LSTM\Appli\MXTmpFiles\cortex.tmp_save
2025-08-26 17:44:04,833 [INFO] CodeEngine:289 - Generated code: C:\ST\AB_LSTM\AB_LSTM\Appli\MXTmpFiles\cortex.tmp
2025-08-26 17:44:04,860 [INFO] CodeEngine:265 - oldGeneratedFile, C:\ST\AB_LSTM\AB_LSTM\Appli\Core\Inc\stm32n6xx_nucleo_conf.h_save
2025-08-26 17:44:04,969 [INFO] CodeEngine:289 - Generated code: C:\ST\AB_LSTM\AB_LSTM\Appli\Core\Inc\stm32n6xx_nucleo_conf.h
2025-08-26 17:44:04,975 [INFO] CodeEngine:265 - oldGeneratedFile, C:\ST\AB_LSTM\AB_LSTM\Appli\MXTmpFiles\bsp_inc.tmp_save
2025-08-26 17:44:05,024 [INFO] CodeEngine:289 - Generated code: C:\ST\AB_LSTM\AB_LSTM\Appli\MXTmpFiles\bsp_inc.tmp
2025-08-26 17:44:05,036 [INFO] CodeEngine:265 - oldGeneratedFile, C:\ST\AB_LSTM\AB_LSTM\Appli\MXTmpFiles\bsp_common_vars.tmp_save
2025-08-26 17:44:05,077 [INFO] CodeEngine:289 - Generated code: C:\ST\AB_LSTM\AB_LSTM\Appli\MXTmpFiles\bsp_common_vars.tmp
2025-08-26 17:44:05,082 [INFO] CodeEngine:265 - oldGeneratedFile, C:\ST\AB_LSTM\AB_LSTM\Appli\MXTmpFiles\bsp_common_init.tmp_save
2025-08-26 17:44:05,136 [INFO] CodeEngine:289 - Generated code: C:\ST\AB_LSTM\AB_LSTM\Appli\MXTmpFiles\bsp_common_init.tmp
2025-08-26 17:44:05,149 [INFO] CodeEngine:265 - oldGeneratedFile, C:\ST\AB_LSTM\AB_LSTM\Appli\MXTmpFiles\bsp_common_demo_before_while.tmp_save
2025-08-26 17:44:05,189 [INFO] CodeEngine:289 - Generated code: C:\ST\AB_LSTM\AB_LSTM\Appli\MXTmpFiles\bsp_common_demo_before_while.tmp
2025-08-26 17:44:05,194 [INFO] CodeEngine:265 - oldGeneratedFile, C:\ST\AB_LSTM\AB_LSTM\Appli\MXTmpFiles\bsp_common_demo_inside_while.tmp_save
2025-08-26 17:44:05,230 [INFO] CodeEngine:289 - Generated code: C:\ST\AB_LSTM\AB_LSTM\Appli\MXTmpFiles\bsp_common_demo_inside_while.tmp
2025-08-26 17:44:05,235 [INFO] CodeEngine:265 - oldGeneratedFile, C:\ST\AB_LSTM\AB_LSTM\Appli\MXTmpFiles\bsp_common_demo_fct.tmp_save
2025-08-26 17:44:05,280 [INFO] CodeEngine:289 - Generated code: C:\ST\AB_LSTM\AB_LSTM\Appli\MXTmpFiles\bsp_common_demo_fct.tmp
2025-08-26 17:44:05,284 [INFO] Middleware:1452 - No code input for Bsp Dependency
2025-08-26 17:44:05,285 [INFO] Middleware:1452 - No code input for Bsp Dependency
2025-08-26 17:44:05,285 [INFO] IP:3329 - RTE Config file name : RTE_Component
2025-08-26 17:44:05,285 [INFO] IP:3347 - RTE template : RTE_Components.ftl
2025-08-26 17:44:05,294 [INFO] CodeEngine:265 - oldGeneratedFile, C:\ST\AB_LSTM\AB_LSTM\Appli\X-CUBE-AI\App\app_x-cube-ai.h_save
2025-08-26 17:44:05,458 [INFO] CodeEngine:289 - Generated code: C:\ST\AB_LSTM\AB_LSTM\Appli\X-CUBE-AI\App\app_x-cube-ai.h
2025-08-26 17:44:05,465 [INFO] CodeEngine:265 - oldGeneratedFile, C:\ST\AB_LSTM\AB_LSTM\Appli\X-CUBE-AI\constants_ai.h_save
2025-08-26 17:44:05,534 [INFO] CodeEngine:289 - Generated code: C:\ST\AB_LSTM\AB_LSTM\Appli\X-CUBE-AI\constants_ai.h
2025-08-26 17:44:05,543 [INFO] CodeEngine:265 - oldGeneratedFile, C:\ST\AB_LSTM\AB_LSTM\Appli\X-CUBE-AI\App\app_x-cube-ai.c_save
2025-08-26 17:44:05,642 [INFO] CodeEngine:289 - Generated code: C:\ST\AB_LSTM\AB_LSTM\Appli\X-CUBE-AI\App\app_x-cube-ai.c
2025-08-26 17:44:05,682 [INFO] CodeEngine:265 - oldGeneratedFile, C:\ST\AB_LSTM\AB_LSTM\Appli\Core\Src\stm32n6xx_it.c_save
2025-08-26 17:44:05,908 [INFO] CodeEngine:289 - Generated code: C:\ST\AB_LSTM\AB_LSTM\Appli\Core\Src\stm32n6xx_it.c
2025-08-26 17:44:05,915 [INFO] CodeEngine:265 - oldGeneratedFile, C:\ST\AB_LSTM\AB_LSTM\Appli\Core\Inc\stm32n6xx_it.h_save
2025-08-26 17:44:05,991 [INFO] CodeEngine:289 - Generated code: C:\ST\AB_LSTM\AB_LSTM\Appli\Core\Inc\stm32n6xx_it.h
2025-08-26 17:44:05,996 [INFO] IP:3329 - RTE Config file name : RTE_Component
2025-08-26 17:44:05,996 [INFO] IP:3347 - RTE template : RTE_Components.ftl
2025-08-26 17:44:05,996 [INFO] CodeGenerator:2312 - Add RTE Code Input 
2025-08-26 17:44:06,006 [INFO] CodeEngine:265 - oldGeneratedFile, C:\ST\AB_LSTM\AB_LSTM\Appli\Core\Inc\RTE_Components.h_save
2025-08-26 17:44:06,144 [INFO] CodeEngine:289 - Generated code: C:\ST\AB_LSTM\AB_LSTM\Appli\Core\Inc\RTE_Components.h
2025-08-26 17:44:06,156 [INFO] CodeEngine:265 - oldGeneratedFile, C:\ST\AB_LSTM\AB_LSTM\Appli\MXTmpFiles\RIFInit.tmp_save
2025-08-26 17:44:06,287 [INFO] CodeEngine:289 - Generated code: C:\ST\AB_LSTM\AB_LSTM\Appli\MXTmpFiles\RIFInit.tmp
2025-08-26 17:44:06,374 [INFO] CodeEngine:265 - oldGeneratedFile, C:\ST\AB_LSTM\AB_LSTM\Appli\Core\Src\stm32n6xx_hal_msp.c_save
2025-08-26 17:44:06,615 [INFO] CodeEngine:289 - Generated code: C:\ST\AB_LSTM\AB_LSTM\Appli\Core\Src\stm32n6xx_hal_msp.c
2025-08-26 17:44:06,622 [INFO] CodeEngine:265 - oldGeneratedFile, C:\ST\AB_LSTM\AB_LSTM\Appli\MXTmpFiles\system.tmp_save
2025-08-26 17:44:06,658 [INFO] CodeEngine:289 - Generated code: C:\ST\AB_LSTM\AB_LSTM\Appli\MXTmpFiles\system.tmp
2025-08-26 17:44:06,668 [INFO] CodeEngine:321 - oldGeneratedFile, C:\ST\AB_LSTM\AB_LSTM\Appli\Core\Inc\stm32n6xx_hal_conf.h_save
2025-08-26 17:44:06,806 [INFO] CodeEngine:345 - Generated code: C:\ST\AB_LSTM\AB_LSTM\Appli\Core\Inc\stm32n6xx_hal_conf.h
2025-08-26 17:44:06,822 [WARN] IPConfigManager:3238 - Warning: the RefConfig RCC_ConfigVoltageScaling is not available in your config.xml file
2025-08-26 17:44:06,823 [WARN] IPConfigManager:3238 - Warning: the RefConfig RCC_RTC_HSEDIV is not available in your config.xml file
2025-08-26 17:44:06,833 [WARN] IPConfigManager:3811 - IP not found : TIM
2025-08-26 17:44:06,834 [WARN] CodeGenerator:4259 - IP not found : null
2025-08-26 17:44:06,845 [INFO] CodeEngine:265 - oldGeneratedFile, C:\ST\AB_LSTM\AB_LSTM\Appli\Core\Inc\main.h_save
2025-08-26 17:44:07,014 [INFO] CodeEngine:289 - Generated code: C:\ST\AB_LSTM\AB_LSTM\Appli\Core\Inc\main.h
2025-08-26 17:44:07,026 [INFO] CodeEngine:265 - oldGeneratedFile, C:\ST\AB_LSTM\AB_LSTM\Appli\Core\Src\main.c_save
2025-08-26 17:44:07,160 [INFO] CodeEngine:289 - Generated code: C:\ST\AB_LSTM\AB_LSTM\Appli\Core\Src\main.c
2025-08-26 17:44:07,172 [INFO] CodeEngine:265 - oldGeneratedFile, C:\ST\AB_LSTM\AB_LSTM\Appli\Core\Src\secure_nsc.c_save
2025-08-26 17:44:07,279 [INFO] CodeEngine:289 - Generated code: C:\ST\AB_LSTM\AB_LSTM\Appli\Core\Src\secure_nsc.c
2025-08-26 17:44:07,286 [INFO] CodeEngine:265 - oldGeneratedFile, C:\ST\AB_LSTM\AB_LSTM\Appli\Core\Inc\partition_stm32n657xx.h_save
2025-08-26 17:44:07,362 [INFO] CodeEngine:289 - Generated code: C:\ST\AB_LSTM\AB_LSTM\Appli\Core\Inc\partition_stm32n657xx.h
2025-08-26 17:44:07,370 [INFO] CodeEngine:265 - oldGeneratedFile, C:\ST\AB_LSTM\AB_LSTM\Secure_nsclib\secure_nsc.h_save
2025-08-26 17:44:07,426 [INFO] CodeEngine:289 - Generated code: C:\ST\AB_LSTM\AB_LSTM\Secure_nsclib\secure_nsc.h
2025-08-26 17:44:07,463 [INFO] CodeGenerator:1707 - *******************Project context ExtMemLoader Not selected
2025-08-26 17:44:08,521 [INFO] AInterface:322 - ModelName:network; files:[C:\Users\ZOJOLDRI\OneDrive - Carl Zeiss AG\Dokumente\Zeiss\SMT\Bachelor\AB Encoder Model\AB_Encoder_Synthetic_Data\lstm_ab_encoder.h5]; type:Keras; compression:None
2025-08-26 17:44:08,521 [INFO] AInterface:526 - workspaceTempDir: C:/Users/ZOJOLDRI/AppData/Local/Temp/mxAI_workspace45718962460810017148900542068792296
2025-08-26 17:44:08,522 [INFO] AInterface:1176 - Setting Env: C:/Users/ZOJOLDRI/STM32Cube/Repository/Packs/STMicroelectronics/X-CUBE-AI/10.2.0/Utilities/windows
2025-08-26 17:44:08,532 [INFO] STM32CubeIDEBuilder:265 - Looking for gnu-tools-for-stm32 tools/bin/arm-none-eabi-gcc.exe in C:\ST\STM32CubeIDE_1.19.0\STM32CubeIDE
2025-08-26 17:44:08,545 [INFO] STM32CubeIDEBuilder:294 - checking C:\ST\STM32CubeIDE_1.19.0\STM32CubeIDE\plugins\com.st.stm32cube.ide.mcu.externaltools.gnu-tools-for-stm32.13.3.rel1.win32_1.0.0.202411081344\tools\bin\arm-none-eabi-gcc.exe
2025-08-26 17:44:08,546 [INFO] STM32CubeIDEBuilder:297 - ret=C:\ST\STM32CubeIDE_1.19.0\STM32CubeIDE\plugins\com.st.stm32cube.ide.mcu.externaltools.gnu-tools-for-stm32.13.3.rel1.win32_1.0.0.202411081344\tools\bin\arm-none-eabi-gcc.exe
2025-08-26 17:44:08,546 [INFO] STM32CubeIDEBuilder:311 - returning C:\ST\STM32CubeIDE_1.19.0\STM32CubeIDE\plugins\com.st.stm32cube.ide.mcu.externaltools.gnu-tools-for-stm32.13.3.rel1.win32_1.0.0.202411081344\tools\bin\arm-none-eabi-gcc.exe
2025-08-26 17:44:08,546 [INFO] AInterface:1233 - Custom PATH variable: C:/Users/ZOJOLDRI/STM32Cube/Repository/Packs/STMicroelectronics/X-CUBE-AI/10.2.0/Utilities/windows;C:/Users/ZOJOLDRI/STM32Cube/Repository/Packs/STMicroelectronics/X-CUBE-AI/10.2.0/Utilities/windows/mingw64/bin;C:/Users/ZOJOLDRI/STM32Cube/Repository/Packs/STMicroelectronics/X-CUBE-AI/10.2.0/Utilities/windows/mingw64/libexec/gcc/x86_64-w64-mingw32/7.3.0;;C:\ST\STM32CubeIDE_1.19.0\STM32CubeIDE\plugins\com.st.stm32cube.ide.mcu.externaltools.gnu-tools-for-stm32.13.3.rel1.win32_1.0.0.202411081344\tools\bin
2025-08-26 17:44:08,549 [INFO] CmdLine:115 - Command: C:/Users/ZOJOLDRI/STM32Cube/Repository/Packs/STMicroelectronics/X-CUBE-AI/10.2.0/Utilities/windows/stedgeai.exe generate --target stm32n6 --name network -m C:/Users/ZOJOLDRI/OneDrive - Carl Zeiss AG/Dokumente/Zeiss/SMT/Bachelor/AB Encoder Model/AB_Encoder_Synthetic_Data/lstm_ab_encoder.h5 --compression none --verbosity 1 --workspace C:/Users/ZOJOLDRI/AppData/Local/Temp/mxAI_workspace45718962460810017148900542068792296 --output C:/Users/ZOJOLDRI/.stm32cubemx/network_output
2025-08-26 17:44:08,549 [INFO] AIModelDetailledView:2380 - Analysis status: pending
2025-08-26 17:44:15,733 [INFO] CmdLine:76 - ST Edge AI Core v2.2.0-20266 2adc00962
2025-08-26 17:45:26,040 [INFO] CmdLine:76 - Creating c (debug) info json file C:\Users\ZOJOLDRI\.stm32cubemx\network_output\network_c_info.json
2025-08-26 17:45:26,071 [INFO] CmdLine:76 -  
2025-08-26 17:45:26,072 [INFO] CmdLine:76 -  Exec/report summary (generate)
2025-08-26 17:45:26,072 [INFO] CmdLine:76 -  ---------------------------------------------------------------------------------------------------------------------------------------------------------------
2025-08-26 17:45:26,072 [INFO] CmdLine:76 -  model file         :   C:\Users\ZOJOLDRI\OneDrive - Carl Zeiss AG\Dokumente\Zeiss\SMT\Bachelor\AB Encoder Model\AB_Encoder_Synthetic_Data\lstm_ab_encoder.h5   
2025-08-26 17:45:26,072 [INFO] CmdLine:76 -  type               :   keras                                                                                                                                   
2025-08-26 17:45:26,073 [INFO] CmdLine:76 -  c_name             :   network                                                                                                                                 
2025-08-26 17:45:26,073 [INFO] CmdLine:76 -  compression        :   none                                                                                                                                    
2025-08-26 17:45:26,073 [INFO] CmdLine:76 -  options            :   allocate-inputs, allocate-outputs                                                                                                       
2025-08-26 17:45:26,073 [INFO] CmdLine:76 -  optimization       :   balanced                                                                                                                                
2025-08-26 17:45:26,074 [INFO] CmdLine:76 -  target/series      :   stm32n6                                                                                                                                 
2025-08-26 17:45:26,074 [INFO] CmdLine:76 -  workspace dir      :   C:\Users\ZOJOLDRI\AppData\Local\Temp\mxAI_workspace45718962460810017148900542068792296                                                  
2025-08-26 17:45:26,074 [INFO] CmdLine:76 -  output dir         :   C:\Users\ZOJOLDRI\.stm32cubemx\network_output                                                                                           
2025-08-26 17:45:26,074 [INFO] CmdLine:76 -  model_fmt          :   float                                                                                                                                   
2025-08-26 17:45:26,074 [INFO] CmdLine:76 -  model_name         :   lstm_ab_encoder                                                                                                                         
2025-08-26 17:45:26,075 [INFO] CmdLine:76 -  model_hash         :   0xa47bada8397fa61bef25ba35fe6f4e01                                                                                                      
2025-08-26 17:45:26,075 [INFO] CmdLine:76 -  params #           :   6,100 items (23.83 KiB)                                                                                                                 
2025-08-26 17:45:26,075 [INFO] CmdLine:76 -  ---------------------------------------------------------------------------------------------------------------------------------------------------------------
2025-08-26 17:45:26,075 [INFO] CmdLine:76 -  input 1/1          :   'input_0', f32(1x20x10), 800 Bytes, activations                                                                                         
2025-08-26 17:45:26,076 [INFO] CmdLine:76 -  output 1/1         :   'output', f32(1x4), 16 Bytes, activations                                                                                               
2025-08-26 17:45:26,076 [INFO] CmdLine:76 -  macc               :   111,392                                                                                                                                 
2025-08-26 17:45:26,076 [INFO] CmdLine:76 -  weights (ro)       :   24,784 B (24.20 KiB) (1 segment) / +384(+1.6%) vs float model                                                                           
2025-08-26 17:45:26,076 [INFO] CmdLine:76 -  activations (rw)   :   1,824 B (1.78 KiB) (1 segment) *                                                                                                        
2025-08-26 17:45:26,076 [INFO] CmdLine:76 -  ram (total)        :   1,824 B (1.78 KiB) = 1,824 + 0 + 0                                                                                                      
2025-08-26 17:45:26,076 [INFO] CmdLine:76 -  ---------------------------------------------------------------------------------------------------------------------------------------------------------------
2025-08-26 17:45:26,076 [INFO] CmdLine:76 -  (*) 'input'/'output' buffers are allocated in the activations buffer
2025-08-26 17:45:26,079 [INFO] CmdLine:76 - Computing AI RT data/code size (target=stm32n6)..
2025-08-26 17:45:32,624 [INFO] CmdLine:76 -  Requested memory size by section - "stm32n6" target
2025-08-26 17:45:32,624 [INFO] CmdLine:76 -  ------------------------------- -------- -------- ------- -------
2025-08-26 17:45:32,625 [INFO] CmdLine:76 -  module                              text   rodata    data     bss
2025-08-26 17:45:32,625 [INFO] CmdLine:76 -  ------------------------------- -------- -------- ------- -------
2025-08-26 17:45:32,625 [INFO] CmdLine:76 -  NetworkRuntime1020_CM55_GCC.a     15,800       32       0       0
2025-08-26 17:45:32,625 [INFO] CmdLine:76 -  network.o                            596       40   1,888     136
2025-08-26 17:45:32,626 [INFO] CmdLine:76 -  network_data.o                        48       16      88       0
2025-08-26 17:45:32,626 [INFO] CmdLine:76 -  lib (toolchain)*                   1,132      340       0       0
2025-08-26 17:45:32,626 [INFO] CmdLine:76 -  ------------------------------- -------- -------- ------- -------
2025-08-26 17:45:32,627 [INFO] CmdLine:76 -  RT total**                        17,576      428   1,976     136
2025-08-26 17:45:32,627 [INFO] CmdLine:76 -  ------------------------------- -------- -------- ------- -------
2025-08-26 17:45:32,627 [INFO] CmdLine:76 -  weights                                0   24,784       0       0
2025-08-26 17:45:32,627 [INFO] CmdLine:76 -  activations                            0        0       0   1,824
2025-08-26 17:45:32,627 [INFO] CmdLine:76 -  io                                     0        0       0       0
2025-08-26 17:45:32,628 [INFO] CmdLine:76 -  ------------------------------- -------- -------- ------- -------
2025-08-26 17:45:32,628 [INFO] CmdLine:76 -  TOTAL                             17,576   25,212   1,976   1,960
2025-08-26 17:45:32,628 [INFO] CmdLine:76 -  ------------------------------- -------- -------- ------- -------
2025-08-26 17:45:32,628 [INFO] CmdLine:76 -  *  toolchain objects (libm/libgcc*)
2025-08-26 17:45:32,629 [INFO] CmdLine:76 -  ** RT AI runtime objects (kernels+infrastructure)
2025-08-26 17:45:32,629 [INFO] CmdLine:76 -   Summary - "stm32n6" target
2025-08-26 17:45:32,629 [INFO] CmdLine:76 -   ---------------------------------------------------
2025-08-26 17:45:32,629 [INFO] CmdLine:76 -                FLASH (ro)      %*   RAM (rw)       %
2025-08-26 17:45:32,629 [INFO] CmdLine:76 -   ---------------------------------------------------
2025-08-26 17:45:32,630 [INFO] CmdLine:76 -   RT total         19,980   44.6%      2,112   53.7%
2025-08-26 17:45:32,630 [INFO] CmdLine:76 -   ---------------------------------------------------
2025-08-26 17:45:32,630 [INFO] CmdLine:76 -   TOTAL            44,764              3,936
2025-08-26 17:45:32,630 [INFO] CmdLine:76 -   ---------------------------------------------------
2025-08-26 17:45:32,631 [INFO] CmdLine:76 -   *  rt/total
2025-08-26 17:45:32,631 [INFO] CmdLine:76 -  Generated files (7)
2025-08-26 17:45:32,631 [INFO] CmdLine:76 -  ---------------------------------------------------------------------
2025-08-26 17:45:32,632 [INFO] CmdLine:76 -  C:\Users\ZOJOLDRI\.stm32cubemx\network_output\network_data_params.h
2025-08-26 17:45:32,632 [INFO] CmdLine:76 -  C:\Users\ZOJOLDRI\.stm32cubemx\network_output\network_data_params.c
2025-08-26 17:45:32,633 [INFO] CmdLine:76 -  C:\Users\ZOJOLDRI\.stm32cubemx\network_output\network_data.h
2025-08-26 17:45:32,633 [INFO] CmdLine:76 -  C:\Users\ZOJOLDRI\.stm32cubemx\network_output\network_data.c
2025-08-26 17:45:32,633 [INFO] CmdLine:76 -  C:\Users\ZOJOLDRI\.stm32cubemx\network_output\network_config.h
2025-08-26 17:45:32,634 [INFO] CmdLine:76 -  C:\Users\ZOJOLDRI\.stm32cubemx\network_output\network.h
2025-08-26 17:45:32,634 [INFO] CmdLine:76 -  C:\Users\ZOJOLDRI\.stm32cubemx\network_output\network.c
2025-08-26 17:45:32,634 [INFO] CmdLine:76 - Creating txt report file C:\Users\ZOJOLDRI\.stm32cubemx\network_output\network_generate_report.txt
2025-08-26 17:45:35,948 [INFO] CmdLine:76 - elapsed time (generate): 80.214s
2025-08-26 17:45:36,363 [INFO] CmdLine:148 - stedgeai exit with status: 0
2025-08-26 17:45:36,378 [INFO] AIModelDetailledView:2380 - Analysis status: done
2025-08-26 17:45:37,350 [INFO] ProjectBuilder:3606 - Time for Copy HAL[1] : 494mS.
2025-08-26 17:45:37,350 [ERROR] Middleware:2950 - Invalid RefComponent list
2025-08-26 17:45:37,350 [ERROR] Middleware:2950 - Invalid RefComponent list
2025-08-26 17:45:37,350 [ERROR] Middleware:2950 - Invalid RefComponent list
2025-08-26 17:45:37,350 [ERROR] Middleware:2950 - Invalid RefComponent list
2025-08-26 17:45:37,350 [ERROR] Middleware:2950 - Invalid RefComponent list
2025-08-26 17:45:37,350 [ERROR] Middleware:2950 - Invalid RefComponent list
2025-08-26 17:45:37,350 [ERROR] Middleware:2950 - Invalid RefComponent list
2025-08-26 17:45:37,350 [ERROR] Middleware:2950 - Invalid RefComponent list
2025-08-26 17:45:37,350 [ERROR] Middleware:2950 - Invalid RefComponent list
2025-08-26 17:45:37,350 [ERROR] Middleware:2950 - Invalid RefComponent list
2025-08-26 17:45:37,350 [ERROR] Middleware:2950 - Invalid RefComponent list
2025-08-26 17:45:37,350 [ERROR] Middleware:2950 - Invalid RefComponent list
2025-08-26 17:45:37,350 [ERROR] Middleware:2950 - Invalid RefComponent list
2025-08-26 17:45:37,350 [ERROR] Middleware:2950 - Invalid RefComponent list
2025-08-26 17:45:37,350 [ERROR] Middleware:2950 - Invalid RefComponent list
2025-08-26 17:45:37,350 [ERROR] Middleware:2950 - Invalid RefComponent list
2025-08-26 17:45:37,350 [ERROR] Middleware:2950 - Invalid RefComponent list
2025-08-26 17:45:37,350 [ERROR] Middleware:2950 - Invalid RefComponent list
2025-08-26 17:45:37,350 [ERROR] Middleware:2950 - Invalid RefComponent list
2025-08-26 17:45:37,350 [ERROR] Middleware:2950 - Invalid RefComponent list
2025-08-26 17:45:37,350 [ERROR] Middleware:2950 - Invalid RefComponent list
2025-08-26 17:45:37,350 [ERROR] Middleware:2950 - Invalid RefComponent list
2025-08-26 17:45:37,350 [ERROR] Middleware:2950 - Invalid RefComponent list
2025-08-26 17:45:37,350 [ERROR] Middleware:2950 - Invalid RefComponent list
2025-08-26 17:45:37,350 [ERROR] Middleware:2950 - Invalid RefComponent list
2025-08-26 17:45:37,351 [ERROR] Middleware:2950 - Invalid RefComponent list
2025-08-26 17:45:37,351 [ERROR] Middleware:2950 - Invalid RefComponent list
2025-08-26 17:45:37,351 [ERROR] Middleware:2950 - Invalid RefComponent list
2025-08-26 17:45:37,351 [ERROR] Middleware:2950 - Invalid RefComponent list
2025-08-26 17:45:37,351 [ERROR] Middleware:2950 - Invalid RefComponent list
2025-08-26 17:45:37,351 [ERROR] Middleware:2950 - Invalid RefComponent list
2025-08-26 17:45:37,351 [ERROR] Middleware:2950 - Invalid RefComponent list
2025-08-26 17:45:37,351 [ERROR] Middleware:2950 - Invalid RefComponent list
2025-08-26 17:45:37,351 [ERROR] Middleware:2950 - Invalid RefComponent list
2025-08-26 17:45:37,351 [ERROR] Middleware:2950 - Invalid RefComponent list
2025-08-26 17:45:37,351 [ERROR] Middleware:2950 - Invalid RefComponent list
2025-08-26 17:45:37,351 [ERROR] Middleware:2950 - Invalid RefComponent list
2025-08-26 17:45:37,351 [ERROR] Middleware:2950 - Invalid RefComponent list
2025-08-26 17:45:37,351 [ERROR] Middleware:2950 - Invalid RefComponent list
2025-08-26 17:45:37,351 [ERROR] Middleware:2950 - Invalid RefComponent list
2025-08-26 17:45:37,351 [ERROR] Middleware:2950 - Invalid RefComponent list
2025-08-26 17:45:37,352 [ERROR] Middleware:2950 - Invalid RefComponent list
2025-08-26 17:45:37,352 [ERROR] Middleware:2950 - Invalid RefComponent list
2025-08-26 17:45:37,352 [ERROR] Middleware:2950 - Invalid RefComponent list
2025-08-26 17:45:37,352 [ERROR] Middleware:2950 - Invalid RefComponent list
2025-08-26 17:45:37,352 [ERROR] Middleware:2950 - Invalid RefComponent list
2025-08-26 17:45:37,352 [ERROR] Middleware:2950 - Invalid RefComponent list
2025-08-26 17:45:37,352 [ERROR] Middleware:2950 - Invalid RefComponent list
2025-08-26 17:45:37,352 [ERROR] Middleware:2950 - Invalid RefComponent list
2025-08-26 17:45:37,352 [ERROR] Middleware:2950 - Invalid RefComponent list
2025-08-26 17:45:37,352 [ERROR] Middleware:2950 - Invalid RefComponent list
2025-08-26 17:45:37,352 [ERROR] Middleware:2950 - Invalid RefComponent list
2025-08-26 17:45:37,352 [ERROR] Middleware:2950 - Invalid RefComponent list
2025-08-26 17:45:37,352 [ERROR] Middleware:2950 - Invalid RefComponent list
2025-08-26 17:45:37,352 [ERROR] Middleware:2950 - Invalid RefComponent list
2025-08-26 17:45:37,352 [ERROR] Middleware:2950 - Invalid RefComponent list
2025-08-26 17:45:37,352 [ERROR] Middleware:2950 - Invalid RefComponent list
2025-08-26 17:45:37,352 [ERROR] Middleware:2950 - Invalid RefComponent list
2025-08-26 17:45:37,352 [ERROR] Middleware:2950 - Invalid RefComponent list
2025-08-26 17:45:37,352 [ERROR] Middleware:2950 - Invalid RefComponent list
2025-08-26 17:45:37,352 [ERROR] Middleware:2950 - Invalid RefComponent list
2025-08-26 17:45:37,352 [ERROR] Middleware:2950 - Invalid RefComponent list
2025-08-26 17:45:37,352 [ERROR] Middleware:2950 - Invalid RefComponent list
2025-08-26 17:45:37,352 [ERROR] Middleware:2950 - Invalid RefComponent list
2025-08-26 17:45:37,353 [ERROR] Middleware:2950 - Invalid RefComponent list
2025-08-26 17:45:37,353 [ERROR] Middleware:2950 - Invalid RefComponent list
2025-08-26 17:45:37,353 [ERROR] Middleware:2950 - Invalid RefComponent list
2025-08-26 17:45:37,353 [ERROR] Middleware:2950 - Invalid RefComponent list
2025-08-26 17:45:37,353 [ERROR] Middleware:2950 - Invalid RefComponent list
2025-08-26 17:45:37,353 [ERROR] Middleware:2950 - Invalid RefComponent list
2025-08-26 17:45:37,369 [INFO] ProjectBuilder:5216 - Project Generator version: 4.7.0-B52
2025-08-26 17:45:37,424 [INFO] ConfigFileManager:1595 - The Die is : DIE486
2025-08-26 17:45:47,175 [INFO] ProjectBuilder:5056 - Time for Generating toolchain IDE Files: 9806mS.
2025-08-26 17:45:47,177 [INFO] ProjectBuilder:3463 - Time for Copy CMSIS : 1mS.
2025-08-26 17:45:47,189 [INFO] ProjectBuilder:3463 - Time for Copy CMSIS : 0mS.
2025-08-26 23:01:54,158 [INFO] WebApp:194 - Connection lost
