2025-09-04 08:21:36,846 [INFO] WebApp:194 - Connection lost
2025-09-04 08:21:54,844 [INFO] WebApp:191 - Connection restablished
2025-09-04 08:53:09,231 [INFO] MainUpdater:2872 - connection check result : 10
2025-09-04 08:53:09,232 [INFO] MainUpdater:2872 - connection check result : 10
2025-09-04 08:53:09,251 [ERROR] IocParser:95 - Exception caught: null
2025-09-04 08:53:09,341 [INFO] MicroXplorer:468 - Change Database Path : 
2025-09-04 08:53:09,341 [INFO] MicroXplorer:498 - Change Database Version : DB.6.0.150
2025-09-04 08:53:09,419 [ERROR] ProjectManagerView:395 - 
java.lang.NullPointerException: Cannot invoke "javax.swing.JTextField.getText()" because the return value of "java.util.List.get(int)" is null
	at com.st.microxplorer.plugins.projectmanager.gui.ProjectChoiceTab$9.caretUpdate(ProjectChoiceTab.java:2706) ~[filemanager.jar:?]
	at javax.swing.text.JTextComponent.fireCaretUpdate(JTextComponent.java:408) ~[?:?]
	at javax.swing.text.JTextComponent$MutableCaretEvent.fire(JTextComponent.java:4484) ~[?:?]
	at javax.swing.text.JTextComponent$MutableCaretEvent.stateChanged(JTextComponent.java:4506) ~[?:?]
	at javax.swing.text.DefaultCaret.fireStateChanged(DefaultCaret.java:857) ~[?:?]
	at javax.swing.text.DefaultCaret.changeCaretPosition(DefaultCaret.java:1343) ~[?:?]
	at javax.swing.text.DefaultCaret.handleSetDot(DefaultCaret.java:1242) ~[?:?]
	at javax.swing.text.DefaultCaret.setDot(DefaultCaret.java:1223) ~[?:?]
	at javax.swing.text.DefaultCaret$Handler.insertUpdate(DefaultCaret.java:1819) ~[?:?]
	at javax.swing.text.AbstractDocument.fireInsertUpdate(AbstractDocument.java:227) ~[?:?]
	at javax.swing.text.AbstractDocument.handleInsertString(AbstractDocument.java:781) ~[?:?]
	at javax.swing.text.AbstractDocument.insertString(AbstractDocument.java:740) ~[?:?]
	at javax.swing.text.PlainDocument.insertString(PlainDocument.java:131) ~[?:?]
	at javax.swing.text.AbstractDocument.replace(AbstractDocument.java:699) ~[?:?]
	at javax.swing.text.JTextComponent.setText(JTextComponent.java:1725) ~[?:?]
	at com.st.microxplorer.plugins.projectmanager.gui.ProjectChoiceTab.createHeapStackFields(ProjectChoiceTab.java:993) ~[filemanager.jar:?]
	at com.st.microxplorer.plugins.projectmanager.gui.ProjectChoiceTab.buildLinkSettingsPanel(ProjectChoiceTab.java:3813) ~[filemanager.jar:?]
	at com.st.microxplorer.plugins.projectmanager.gui.ProjectChoiceTab.defineWindowsFields(ProjectChoiceTab.java:1987) ~[filemanager.jar:?]
	at com.st.microxplorer.plugins.projectmanager.gui.ProjectChoiceTab.updateSettings(ProjectChoiceTab.java:558) ~[filemanager.jar:?]
	at com.st.microxplorer.plugins.projectmanager.gui.ProjectSettingsPanel.UpdateDialog(ProjectSettingsPanel.java:247) ~[filemanager.jar:?]
	at com.st.microxplorer.plugins.projectmanager.ProjectManagerView.propertyChange(ProjectManagerView.java:392) ~[filemanager.jar:?]
	at java.beans.PropertyChangeSupport.fire(PropertyChangeSupport.java:343) ~[?:?]
	at java.beans.PropertyChangeSupport.firePropertyChange(PropertyChangeSupport.java:335) ~[?:?]
	at java.beans.PropertyChangeSupport.firePropertyChange(PropertyChangeSupport.java:268) ~[?:?]
	at com.st.microxplorer.util.MXPropertyChangeSupport.firePropertyChange(MXPropertyChangeSupport.java:54) ~[STM32CubeMX.jar:?]
	at com.st.microxplorer.mxsystem.MxSystem.closeConfig(MxSystem.java:899) ~[STM32CubeMX.jar:?]
	at com.st.microxplorer.maingui.MainPanel.closeConfig(MainPanel.java:792) ~[STM32CubeMX.jar:?]
	at com.st.microxplorer.plugins.filemanager.engine.OpenFileManager.loadConfigurationFile(OpenFileManager.java:288) ~[filemanager.jar:?]
	at com.st.microxplorer.plugins.filemanager.engine.MainFileManager.userLoadConfig(MainFileManager.java:364) ~[filemanager.jar:?]
	at com.st.microxplorer.plugins.filemanager.engine.MainFileManager.userLoadConfig(MainFileManager.java:342) ~[filemanager.jar:?]
	at com.st.microxplorer.plugins.filemanager.FileManagerView.getSpecificTask(FileManagerView.java:264) ~[filemanager.jar:?]
	at com.st.stm32cube.common.mx.editor.CubeMxEditor.getMxTabbedPaneInstance(CubeMxEditor.java:1198) ~[com.st.stm32cube.common.mx_6.15.0.202507011659/:?]
	at com.st.stm32cube.common.mx.editor.CubeMxEditor$12$1.createSwingComponent(CubeMxEditor.java:1068) ~[com.st.stm32cube.common.mx_6.15.0.202507011659/:?]
	at com.st.stm32cube.common.mx.oss.core.awtswtbridge.EmbeddedSwingComposite.doComponentCreation(EmbeddedSwingComposite.java:492) ~[com.st.stm32cube.common.mx.oss_6.15.0.202507011659/:?]
	at com.st.stm32cube.common.mx.oss.core.awtswtbridge.EmbeddedSwingComposite$4.run(EmbeddedSwingComposite.java:291) ~[com.st.stm32cube.common.mx.oss_6.15.0.202507011659/:?]
	at com.st.stm32cube.common.mx.oss.core.awtswtbridge.AwtEnvironment$2.run(AwtEnvironment.java:166) ~[com.st.stm32cube.common.mx.oss_6.15.0.202507011659/:?]
	at java.awt.event.InvocationEvent.dispatch(InvocationEvent.java:318) ~[?:?]
	at java.awt.EventQueue.dispatchEventImpl(EventQueue.java:773) ~[?:?]
	at java.awt.EventQueue$4.run(EventQueue.java:720) ~[?:?]
	at java.awt.EventQueue$4.run(EventQueue.java:714) ~[?:?]
	at java.security.AccessController.doPrivileged(AccessController.java:400) ~[?:?]
	at java.security.ProtectionDomain$JavaSecurityAccessImpl.doIntersectionPrivilege(ProtectionDomain.java:87) ~[?:?]
	at java.awt.EventQueue.dispatchEvent(EventQueue.java:742) ~[?:?]
	at java.awt.EventDispatchThread.pumpOneEventForFilters(EventDispatchThread.java:203) ~[?:?]
	at java.awt.EventDispatchThread.pumpEventsForFilter(EventDispatchThread.java:124) ~[?:?]
	at java.awt.EventDispatchThread.pumpEventsForHierarchy(EventDispatchThread.java:113) ~[?:?]
	at java.awt.EventDispatchThread.pumpEvents(EventDispatchThread.java:109) ~[?:?]
	at java.awt.EventDispatchThread.pumpEvents(EventDispatchThread.java:101) ~[?:?]
	at java.awt.EventDispatchThread.run(EventDispatchThread.java:90) ~[?:?]
2025-09-04 08:53:09,453 [WARN] ThirdParty:871 - waiting for thirdparty lock release [close project]
2025-09-04 08:53:09,453 [INFO] ThirdParty:873 - entering critical section [close project]
2025-09-04 08:53:09,453 [INFO] ThirdParty:883 - exiting critical section [close project]
2025-09-04 08:53:09,460 [INFO] PinOutPanel:1589 - setPackage(No Configuration,No Configuration)
2025-09-04 08:53:09,475 [INFO] AI:982 - onDisable adding AI com.st.microxplorer.plugins.ip.ai.AI@7167237b on STMicroelectronics.X-CUBE-AI.10.2.0_Appli
2025-09-04 08:53:09,793 [INFO] UtilMem:75 - Begin LoadConfig() Used Memory: 885679016 Bytes (1073741824)
2025-09-04 08:53:09,795 [INFO] MicroXplorer:468 - Change Database Path : 
2025-09-04 08:53:09,795 [INFO] MicroXplorer:498 - Change Database Version : DB.6.0.150
2025-09-04 08:53:09,795 [INFO] OpenFileManager:355 - Change cursor
2025-09-04 08:53:09,990 [INFO] RulesReader:64 - Compatibility file has been processed (317 Rules)
2025-09-04 08:53:10,023 [INFO] Mcu:2029 - Initializing MCU STM32N657X0HxQ STM32N657X0HxQ STM32N657X0H3Q
2025-09-04 08:53:16,228 [INFO] Context:786 - Trying to add GPIOservice into a context  which must be forbidden
2025-09-04 08:53:16,228 [INFO] Context:786 - Trying to add GPIOservice into a context  which must be forbidden
2025-09-04 08:53:16,228 [INFO] Context:786 - Trying to add GPIOservice into a context  which must be forbidden
2025-09-04 08:53:16,229 [INFO] Context:786 - Trying to add GPIOservice into a context  which must be forbidden
2025-09-04 08:53:16,229 [INFO] Context:786 - Trying to add GPIOservice into a context  which must be forbidden
2025-09-04 08:53:18,521 [INFO] ApiDbMcu:532 - Load IP Config File for STMicroelectronics.X-CUBE-AI.10.2.0_Appli
2025-09-04 08:53:18,728 [INFO] ApiDbMcu:532 - Load IP Config File for NUCLEO-N657X0-Q
2025-09-04 08:53:18,897 [INFO] Context:786 - Trying to add GPIOservice into a context  which must be forbidden
2025-09-04 08:53:18,902 [INFO] Context:786 - Trying to add GPIOservice into a context  which must be forbidden
2025-09-04 08:53:18,905 [ERROR] Context:921 - The IP RIF is not set in context FSBL
2025-09-04 08:53:18,912 [INFO] Context:786 - Trying to add GPIOservice into a context  which must be forbidden
2025-09-04 08:53:18,943 [INFO] ImportTextPane:234 - (OptionalMessage_ERROR) Unable to find key (Mcu.IP15) in loaded IOC file
2025-09-04 08:53:18,944 [INFO] ImportTextPane:234 - (OptionalMessage_ERROR) Unknown IP (dummy)
2025-09-04 08:53:19,086 [WARN] ModelIntegratedComponent:63 - No mode defined for component null
2025-09-04 08:53:19,087 [WARN] ModelIntegratedComponent:63 - No mode defined for component null
2025-09-04 08:53:19,087 [WARN] ModelIntegratedComponent:63 - No mode defined for component null
2025-09-04 08:53:19,087 [WARN] ModelIntegratedComponent:63 - No mode defined for component null
2025-09-04 08:53:19,087 [WARN] ModelIntegratedComponent:63 - No mode defined for component null
2025-09-04 08:53:19,087 [WARN] ModelIntegratedComponent:63 - No mode defined for component null
2025-09-04 08:53:19,087 [WARN] ModelIntegratedComponent:63 - No mode defined for component null
2025-09-04 08:53:19,087 [WARN] ModelIntegratedComponent:63 - No mode defined for component null
2025-09-04 08:53:19,087 [WARN] ModelIntegratedComponent:63 - No mode defined for component null
2025-09-04 08:53:19,087 [WARN] ModelIntegratedComponent:63 - No mode defined for component null
2025-09-04 08:53:19,087 [WARN] ModelIntegratedComponent:63 - No mode defined for component null
2025-09-04 08:53:19,088 [WARN] ModelIntegratedComponent:63 - No mode defined for component null
2025-09-04 08:53:19,088 [WARN] ModelIntegratedComponent:63 - No mode defined for component null
2025-09-04 08:53:19,088 [WARN] ModelIntegratedComponent:63 - No mode defined for component null
2025-09-04 08:53:19,088 [WARN] ModelIntegratedComponent:63 - No mode defined for component null
2025-09-04 08:53:19,088 [WARN] ModelIntegratedComponent:63 - No mode defined for component null
2025-09-04 08:53:19,088 [WARN] ModelIntegratedComponent:63 - No mode defined for component null
2025-09-04 08:53:19,088 [WARN] ModelIntegratedComponent:63 - No mode defined for component null
2025-09-04 08:53:19,088 [WARN] ModelIntegratedComponent:63 - No mode defined for component null
2025-09-04 08:53:19,088 [WARN] ModelIntegratedComponent:63 - No mode defined for component null
2025-09-04 08:53:19,088 [WARN] ModelIntegratedComponent:63 - No mode defined for component null
2025-09-04 08:53:19,088 [WARN] ModelIntegratedComponent:63 - No mode defined for component null
2025-09-04 08:53:19,088 [WARN] ModelIntegratedComponent:63 - No mode defined for component null
2025-09-04 08:53:19,089 [WARN] ModelIntegratedComponent:63 - No mode defined for component null
2025-09-04 08:53:19,089 [WARN] ModelIntegratedComponent:63 - No mode defined for component null
2025-09-04 08:53:19,089 [WARN] ModelIntegratedComponent:63 - No mode defined for component null
2025-09-04 08:53:19,089 [WARN] ModelIntegratedComponent:63 - No mode defined for component null
2025-09-04 08:53:19,089 [WARN] ModelIntegratedComponent:63 - No mode defined for component null
2025-09-04 08:53:19,089 [WARN] ModelIntegratedComponent:63 - No mode defined for component null
2025-09-04 08:53:19,089 [WARN] ModelIntegratedComponent:63 - No mode defined for component null
2025-09-04 08:53:19,089 [WARN] ModelIntegratedComponent:63 - No mode defined for component null
2025-09-04 08:53:19,089 [WARN] ModelIntegratedComponent:63 - No mode defined for component null
2025-09-04 08:53:19,089 [WARN] ModelIntegratedComponent:63 - No mode defined for component null
2025-09-04 08:53:19,089 [WARN] ModelIntegratedComponent:63 - No mode defined for component null
2025-09-04 08:53:19,089 [WARN] ModelIntegratedComponent:63 - No mode defined for component null
2025-09-04 08:53:19,089 [WARN] ModelPack:524 - Component already loaded: STMicroelectronics:HAL Drivers:0.0.0:STMicroelectronics:Device:STMicro_Driver:XSPI:HAL::0.0.1:HAL_XSPI
2025-09-04 08:53:19,098 [INFO] RtosManager:558 - Registered RTOS mode: class=RTOS, group=ThreadX, mode=Core, owner=THREADX
2025-09-04 08:53:19,219 [WARN] ModelIntegratedComponent:63 - No mode defined for component null
2025-09-04 08:53:19,220 [WARN] ModelIntegratedComponent:63 - No mode defined for component null
2025-09-04 08:53:19,220 [WARN] ModelIntegratedComponent:63 - No mode defined for component null
2025-09-04 08:53:19,220 [WARN] ModelIntegratedComponent:63 - No mode defined for component null
2025-09-04 08:53:19,220 [WARN] ModelIntegratedComponent:63 - No mode defined for component null
2025-09-04 08:53:19,220 [WARN] ModelIntegratedComponent:63 - No mode defined for component null
2025-09-04 08:53:19,220 [WARN] ModelIntegratedComponent:63 - No mode defined for component null
2025-09-04 08:53:19,220 [WARN] ModelIntegratedComponent:63 - No mode defined for component null
2025-09-04 08:53:19,220 [WARN] ModelIntegratedComponent:63 - No mode defined for component null
2025-09-04 08:53:19,220 [WARN] ModelIntegratedComponent:63 - No mode defined for component null
2025-09-04 08:53:19,220 [WARN] ModelIntegratedComponent:63 - No mode defined for component null
2025-09-04 08:53:19,220 [WARN] ModelIntegratedComponent:63 - No mode defined for component null
2025-09-04 08:53:19,221 [WARN] ModelIntegratedComponent:63 - No mode defined for component null
2025-09-04 08:53:19,221 [WARN] ModelIntegratedComponent:63 - No mode defined for component null
2025-09-04 08:53:19,221 [WARN] ModelIntegratedComponent:63 - No mode defined for component null
2025-09-04 08:53:19,221 [WARN] ModelIntegratedComponent:63 - No mode defined for component null
2025-09-04 08:53:19,221 [WARN] ModelIntegratedComponent:63 - No mode defined for component null
2025-09-04 08:53:19,221 [WARN] ModelIntegratedComponent:63 - No mode defined for component null
2025-09-04 08:53:19,221 [WARN] ModelIntegratedComponent:63 - No mode defined for component null
2025-09-04 08:53:19,221 [WARN] ModelIntegratedComponent:63 - No mode defined for component null
2025-09-04 08:53:19,221 [WARN] ModelIntegratedComponent:63 - No mode defined for component null
2025-09-04 08:53:19,222 [WARN] ModelIntegratedComponent:63 - No mode defined for component null
2025-09-04 08:53:19,222 [WARN] ModelIntegratedComponent:63 - No mode defined for component null
2025-09-04 08:53:19,222 [WARN] ModelIntegratedComponent:63 - No mode defined for component null
2025-09-04 08:53:19,222 [WARN] ModelIntegratedComponent:63 - No mode defined for component null
2025-09-04 08:53:19,222 [WARN] ModelIntegratedComponent:63 - No mode defined for component null
2025-09-04 08:53:19,222 [WARN] ModelIntegratedComponent:63 - No mode defined for component null
2025-09-04 08:53:19,222 [WARN] ModelIntegratedComponent:63 - No mode defined for component null
2025-09-04 08:53:19,222 [WARN] ModelIntegratedComponent:63 - No mode defined for component null
2025-09-04 08:53:19,222 [WARN] ModelIntegratedComponent:63 - No mode defined for component null
2025-09-04 08:53:19,222 [WARN] ModelIntegratedComponent:63 - No mode defined for component null
2025-09-04 08:53:19,222 [WARN] ModelIntegratedComponent:63 - No mode defined for component null
2025-09-04 08:53:19,222 [WARN] ModelIntegratedComponent:63 - No mode defined for component null
2025-09-04 08:53:19,222 [WARN] ModelIntegratedComponent:63 - No mode defined for component null
2025-09-04 08:53:19,222 [WARN] ModelIntegratedComponent:63 - No mode defined for component null
2025-09-04 08:53:19,222 [WARN] ModelPack:524 - Component already loaded: STMicroelectronics:HAL Drivers:0.0.0:STMicroelectronics:Device:STMicro_Driver:XSPI:HAL::0.0.1:HAL_XSPI
2025-09-04 08:53:19,226 [INFO] RtosManager:558 - Registered RTOS mode: class=RTOS, group=ThreadX, mode=Core, owner=THREADX
2025-09-04 08:53:19,277 [WARN] ModelIntegratedComponent:63 - No mode defined for component null
2025-09-04 08:53:19,277 [WARN] ModelIntegratedComponent:63 - No mode defined for component null
2025-09-04 08:53:19,277 [WARN] ModelIntegratedComponent:63 - No mode defined for component null
2025-09-04 08:53:19,277 [WARN] ModelIntegratedComponent:63 - No mode defined for component null
2025-09-04 08:53:19,278 [WARN] ModelIntegratedComponent:63 - No mode defined for component null
2025-09-04 08:53:19,278 [WARN] ModelIntegratedComponent:63 - No mode defined for component null
2025-09-04 08:53:19,278 [WARN] ModelIntegratedComponent:63 - No mode defined for component null
2025-09-04 08:53:19,278 [WARN] ModelIntegratedComponent:63 - No mode defined for component null
2025-09-04 08:53:19,278 [WARN] ModelIntegratedComponent:63 - No mode defined for component null
2025-09-04 08:53:19,279 [WARN] ModelIntegratedComponent:63 - No mode defined for component null
2025-09-04 08:53:19,279 [WARN] ModelIntegratedComponent:63 - No mode defined for component null
2025-09-04 08:53:19,279 [WARN] ModelIntegratedComponent:63 - No mode defined for component null
2025-09-04 08:53:19,279 [WARN] ModelIntegratedComponent:63 - No mode defined for component null
2025-09-04 08:53:19,279 [WARN] ModelIntegratedComponent:63 - No mode defined for component null
2025-09-04 08:53:19,279 [WARN] ModelIntegratedComponent:63 - No mode defined for component null
2025-09-04 08:53:19,279 [WARN] ModelIntegratedComponent:63 - No mode defined for component null
2025-09-04 08:53:19,279 [WARN] ModelIntegratedComponent:63 - No mode defined for component null
2025-09-04 08:53:19,279 [WARN] ModelIntegratedComponent:63 - No mode defined for component null
2025-09-04 08:53:19,279 [WARN] ModelIntegratedComponent:63 - No mode defined for component null
2025-09-04 08:53:19,280 [WARN] ModelIntegratedComponent:63 - No mode defined for component null
2025-09-04 08:53:19,280 [WARN] ModelIntegratedComponent:63 - No mode defined for component null
2025-09-04 08:53:19,280 [WARN] ModelIntegratedComponent:63 - No mode defined for component null
2025-09-04 08:53:19,280 [WARN] ModelIntegratedComponent:63 - No mode defined for component null
2025-09-04 08:53:19,280 [WARN] ModelIntegratedComponent:63 - No mode defined for component null
2025-09-04 08:53:19,280 [WARN] ModelIntegratedComponent:63 - No mode defined for component null
2025-09-04 08:53:19,280 [WARN] ModelIntegratedComponent:63 - No mode defined for component null
2025-09-04 08:53:19,280 [WARN] ModelIntegratedComponent:63 - No mode defined for component null
2025-09-04 08:53:19,280 [WARN] ModelIntegratedComponent:63 - No mode defined for component null
2025-09-04 08:53:19,280 [WARN] ModelIntegratedComponent:63 - No mode defined for component null
2025-09-04 08:53:19,280 [WARN] ModelIntegratedComponent:63 - No mode defined for component null
2025-09-04 08:53:19,280 [WARN] ModelIntegratedComponent:63 - No mode defined for component null
2025-09-04 08:53:19,280 [WARN] ModelIntegratedComponent:63 - No mode defined for component null
2025-09-04 08:53:19,280 [WARN] ModelIntegratedComponent:63 - No mode defined for component null
2025-09-04 08:53:19,280 [WARN] ModelIntegratedComponent:63 - No mode defined for component null
2025-09-04 08:53:19,280 [WARN] ModelIntegratedComponent:63 - No mode defined for component null
2025-09-04 08:53:19,281 [WARN] ModelPack:524 - Component already loaded: STMicroelectronics:HAL Drivers:0.0.0:STMicroelectronics:Device:STMicro_Driver:XSPI:HAL::0.0.1:HAL_XSPI
2025-09-04 08:53:19,284 [INFO] RtosManager:558 - Registered RTOS mode: class=RTOS, group=ThreadX, mode=Core, owner=THREADX
2025-09-04 08:53:19,335 [ERROR] ThirdPartyModel:1051 - Thirdparty pack not in same context : STMicroelectronics.X-CUBE-AI.10.2.0_Appli
2025-09-04 08:53:19,335 [ERROR] ThirdPartyModel:1051 - Thirdparty pack not in same context : STMicroelectronics.X-CUBE-AI.10.2.0_Appli
2025-09-04 08:53:20,547 [INFO] ApiDbMcu:532 - Load IP Config File for EXTMEM_MANAGER
2025-09-04 08:53:20,573 [INFO] ThirdPartyModel:298 - Start build external matchings
2025-09-04 08:53:20,931 [INFO] ThirdPartyModel:316 - End build external matchings
2025-09-04 08:53:20,941 [INFO] ThirdPartyModel:298 - Start build external matchings
2025-09-04 08:53:21,215 [INFO] ThirdPartyModel:316 - End build external matchings
2025-09-04 08:53:21,219 [INFO] ThirdPartyModel:298 - Start build external matchings
2025-09-04 08:53:21,404 [INFO] ThirdPartyModel:316 - End build external matchings
2025-09-04 08:53:21,411 [INFO] ImportTextPane:234 - (OptionalMessage_ERROR) IP (CORTEX_M55_FSBL) : Invalid parameter (Attributes0)
2025-09-04 08:53:21,411 [INFO] ImportTextPane:234 - (OptionalMessage_ERROR) IP (CORTEX_M55_FSBL) : Invalid parameter (Memorytype0)
2025-09-04 08:53:21,411 [INFO] ImportTextPane:234 - (OptionalMessage_ERROR) IP (CORTEX_M55_FSBL) : Parameter (CacheableAttribute0) has invalid value (MPU_WRITE_BACK)
2025-09-04 08:53:21,411 [INFO] ImportTextPane:234 - (OptionalMessage_ERROR) IP (CORTEX_M55_FSBL) : Parameter (TransientAttribute0) has invalid value (MPU_NON_TRANSIENT)
2025-09-04 08:53:21,411 [INFO] ImportTextPane:234 - (OptionalMessage_ERROR) IP (CORTEX_M55_FSBL) : Parameter (AllocateAttribute0) has invalid value (MPU_R_ALLOCATE)
2025-09-04 08:53:21,412 [WARN] IP:2250 - RefParam_XIP_memory not found: check if there is a RefParameter without a condition.
2025-09-04 08:53:21,412 [WARN] IP:2250 - RefParam_MEMORY_1_Size not found: check if there is a RefParameter without a condition.
2025-09-04 08:53:21,412 [WARN] IP:2250 - RefParam_MEMORY_1_FreqMax not found: check if there is a RefParameter without a condition.
2025-09-04 08:53:21,412 [WARN] IP:2250 - RefParam_MEMORY_1_ReadReg not found: check if there is a RefParameter without a condition.
2025-09-04 08:53:21,412 [WARN] IP:2250 - RefParam_MEMORY_1_WriteReg not found: check if there is a RefParameter without a condition.
2025-09-04 08:53:21,412 [WARN] IP:2250 - RefParam_MEMORY_1_RegSize not found: check if there is a RefParameter without a condition.
2025-09-04 08:53:21,412 [WARN] IP:2250 - RefParam_MEMORY_1_RegDummyCycle not found: check if there is a RefParameter without a condition.
2025-09-04 08:53:21,413 [WARN] IP:2250 - RefParam_MEMORY_1_WriteCommand not found: check if there is a RefParameter without a condition.
2025-09-04 08:53:21,413 [WARN] IP:2250 - RefParam_MEMORY_1_WriteDummyCycle not found: check if there is a RefParameter without a condition.
2025-09-04 08:53:21,413 [WARN] IP:2250 - RefParam_MEMORY_1_ReadCommand not found: check if there is a RefParameter without a condition.
2025-09-04 08:53:21,413 [WARN] IP:2250 - RefParam_MEMORY_1_WrapReadCommand not found: check if there is a RefParameter without a condition.
2025-09-04 08:53:21,413 [WARN] IP:2250 - RefParam_MEMORY_1_ReadDummyCycle not found: check if there is a RefParameter without a condition.
2025-09-04 08:53:21,413 [WARN] IP:2250 - RefParam_MEMORY_1_NumberOfConfig not found: check if there is a RefParameter without a condition.
2025-09-04 08:53:21,413 [WARN] IP:2250 - RefParam_MEMORY_1_Config1_WriteMask not found: check if there is a RefParameter without a condition.
2025-09-04 08:53:21,413 [WARN] IP:2250 - RefParam_MEMORY_1_Config1_WriteValue not found: check if there is a RefParameter without a condition.
2025-09-04 08:53:21,413 [WARN] IP:2250 - RefParam_MEMORY_1_Config1_RegAddress not found: check if there is a RefParameter without a condition.
2025-09-04 08:53:21,413 [WARN] IP:2250 - RefParam_MEMORY_1_Config2_WriteMask not found: check if there is a RefParameter without a condition.
2025-09-04 08:53:21,413 [WARN] IP:2250 - RefParam_MEMORY_1_Config2_WriteValue not found: check if there is a RefParameter without a condition.
2025-09-04 08:53:21,413 [WARN] IP:2250 - RefParam_MEMORY_1_Config2_RegAddress not found: check if there is a RefParameter without a condition.
2025-09-04 08:53:21,413 [WARN] IP:2250 - RefParam_MEMORY_1_Config3_WriteMask not found: check if there is a RefParameter without a condition.
2025-09-04 08:53:21,413 [WARN] IP:2250 - RefParam_MEMORY_1_Config3_WriteValue not found: check if there is a RefParameter without a condition.
2025-09-04 08:53:21,413 [WARN] IP:2250 - RefParam_MEMORY_1_Config3_RegAddress not found: check if there is a RefParameter without a condition.
2025-09-04 08:53:21,413 [WARN] IP:2250 - RefParam_MEMORY_2_Instance not found: check if there is a RefParameter without a condition.
2025-09-04 08:53:21,413 [WARN] IP:2250 - RefParam_MEMORY_2_ConfigType not found: check if there is a RefParameter without a condition.
2025-09-04 08:53:21,413 [WARN] IP:2250 - RefParam_MEMORY_2_Size not found: check if there is a RefParameter without a condition.
2025-09-04 08:53:21,413 [WARN] IP:2250 - RefParam_MEMORY_2_FreqMax not found: check if there is a RefParameter without a condition.
2025-09-04 08:53:21,414 [WARN] IP:2250 - RefParam_MEMORY_2_ReadReg not found: check if there is a RefParameter without a condition.
2025-09-04 08:53:21,414 [WARN] IP:2250 - RefParam_MEMORY_2_WriteReg not found: check if there is a RefParameter without a condition.
2025-09-04 08:53:21,414 [WARN] IP:2250 - RefParam_MEMORY_2_RegSize not found: check if there is a RefParameter without a condition.
2025-09-04 08:53:21,414 [WARN] IP:2250 - RefParam_MEMORY_2_RegDummyCycle not found: check if there is a RefParameter without a condition.
2025-09-04 08:53:21,414 [WARN] IP:2250 - RefParam_MEMORY_2_WriteCommand not found: check if there is a RefParameter without a condition.
2025-09-04 08:53:21,414 [WARN] IP:2250 - RefParam_MEMORY_2_WriteDummyCycle not found: check if there is a RefParameter without a condition.
2025-09-04 08:53:21,414 [WARN] IP:2250 - RefParam_MEMORY_2_ReadCommand not found: check if there is a RefParameter without a condition.
2025-09-04 08:53:21,414 [WARN] IP:2250 - RefParam_MEMORY_2_WrapReadCommand not found: check if there is a RefParameter without a condition.
2025-09-04 08:53:21,414 [WARN] IP:2250 - RefParam_MEMORY_2_ReadDummyCycle not found: check if there is a RefParameter without a condition.
2025-09-04 08:53:21,414 [WARN] IP:2250 - RefParam_MEMORY_2_NumberOfConfig not found: check if there is a RefParameter without a condition.
2025-09-04 08:53:21,414 [WARN] IP:2250 - RefParam_MEMORY_2_Config1_WriteMask not found: check if there is a RefParameter without a condition.
2025-09-04 08:53:21,414 [WARN] IP:2250 - RefParam_MEMORY_2_Config1_WriteValue not found: check if there is a RefParameter without a condition.
2025-09-04 08:53:21,414 [WARN] IP:2250 - RefParam_MEMORY_2_Config1_RegAddress not found: check if there is a RefParameter without a condition.
2025-09-04 08:53:21,414 [WARN] IP:2250 - RefParam_MEMORY_2_Config2_WriteMask not found: check if there is a RefParameter without a condition.
2025-09-04 08:53:21,414 [WARN] IP:2250 - RefParam_MEMORY_2_Config2_WriteValue not found: check if there is a RefParameter without a condition.
2025-09-04 08:53:21,414 [WARN] IP:2250 - RefParam_MEMORY_2_Config2_RegAddress not found: check if there is a RefParameter without a condition.
2025-09-04 08:53:21,414 [WARN] IP:2250 - RefParam_MEMORY_2_Config3_WriteMask not found: check if there is a RefParameter without a condition.
2025-09-04 08:53:21,414 [WARN] IP:2250 - RefParam_MEMORY_2_Config3_WriteValue not found: check if there is a RefParameter without a condition.
2025-09-04 08:53:21,414 [WARN] IP:2250 - RefParam_MEMORY_2_Config3_RegAddress not found: check if there is a RefParameter without a condition.
2025-09-04 08:53:21,427 [INFO] ImportTextPane:234 - (OptionalMessage_ERROR) IP (RIF) : Invalid parameter ()
2025-09-04 08:53:21,427 [INFO] ImportTextPane:234 - (OptionalMessage_ERROR) IP (RIF) : Invalid parameter ()
2025-09-04 08:53:21,427 [INFO] ImportTextPane:234 - (OptionalMessage_ERROR) IP (RIF) : Invalid parameter ()
2025-09-04 08:53:21,428 [INFO] ImportTextPane:234 - (OptionalMessage_ERROR) IP (RIF) : Invalid parameter ()
2025-09-04 08:53:21,428 [INFO] ImportTextPane:234 - (OptionalMessage_ERROR) IP (RIF) : Invalid parameter ()
2025-09-04 08:53:21,428 [INFO] ImportTextPane:234 - (OptionalMessage_ERROR) IP (STMicroelectronics.X-CUBE-AI.10.2.0_Appli) : Parameter (ModelName) has Id (f791fad752eeb64fd5ada2722a9584e122ebc38b9eccb3c0c9cfd36ad2dc72e4) currently not set
2025-09-04 08:53:21,428 [INFO] ImportTextPane:234 - (OptionalMessage_ERROR) IP (STMicroelectronics.X-CUBE-AI.10.2.0_Appli) : Parameter (ModelKind) has Id (f791fad752eeb64fd5ada2722a9584e122ebc38b9eccb3c0c9cfd36ad2dc72e4) currently not set
2025-09-04 08:53:21,428 [INFO] ImportTextPane:234 - (OptionalMessage_ERROR) IP (STMicroelectronics.X-CUBE-AI.10.2.0_Appli) : Parameter (ModelCompression) has Id (f791fad752eeb64fd5ada2722a9584e122ebc38b9eccb3c0c9cfd36ad2dc72e4) currently not set
2025-09-04 08:53:21,428 [INFO] ImportTextPane:234 - (OptionalMessage_ERROR) IP (STMicroelectronics.X-CUBE-AI.10.2.0_Appli) : Invalid parameter (LatestDirectoryUsed)
2025-09-04 08:53:21,428 [INFO] ImportTextPane:234 - (OptionalMessage_ERROR) IP (STMicroelectronics.X-CUBE-AI.10.2.0_Appli) : Parameter (ModelStructureFile) has Id (f791fad752eeb64fd5ada2722a9584e122ebc38b9eccb3c0c9cfd36ad2dc72e4) currently not set
2025-09-04 08:53:21,428 [INFO] ImportTextPane:234 - (OptionalMessage_ERROR) IP (STMicroelectronics.X-CUBE-AI.10.2.0_Appli) : Parameter (ModelMacc) has Id (f791fad752eeb64fd5ada2722a9584e122ebc38b9eccb3c0c9cfd36ad2dc72e4) currently not set
2025-09-04 08:53:21,428 [INFO] ImportTextPane:234 - (OptionalMessage_ERROR) IP (STMicroelectronics.X-CUBE-AI.10.2.0_Appli) : Parameter (ModelActualCompression) has Id (f791fad752eeb64fd5ada2722a9584e122ebc38b9eccb3c0c9cfd36ad2dc72e4) currently not set
2025-09-04 08:53:21,428 [INFO] ImportTextPane:234 - (OptionalMessage_ERROR) IP (STMicroelectronics.X-CUBE-AI.10.2.0_Appli) : Parameter (ModelRamOccupation) has Id (f791fad752eeb64fd5ada2722a9584e122ebc38b9eccb3c0c9cfd36ad2dc72e4) currently not set
2025-09-04 08:53:21,428 [INFO] ImportTextPane:234 - (OptionalMessage_ERROR) IP (STMicroelectronics.X-CUBE-AI.10.2.0_Appli) : Parameter (ModelFlashOccupation) has Id (f791fad752eeb64fd5ada2722a9584e122ebc38b9eccb3c0c9cfd36ad2dc72e4) currently not set
2025-09-04 08:53:21,428 [INFO] ImportTextPane:234 - (OptionalMessage_ERROR) IP (STMicroelectronics.X-CUBE-AI.10.2.0_Appli) : Parameter (copyWeightToRam) has Id (f791fad752eeb64fd5ada2722a9584e122ebc38b9eccb3c0c9cfd36ad2dc72e4) currently not set
2025-09-04 08:53:21,428 [INFO] ImportTextPane:234 - (OptionalMessage_ERROR) IP (STMicroelectronics.X-CUBE-AI.10.2.0_Appli) : Invalid parameter (useInputAllocation)
2025-09-04 08:53:21,428 [INFO] ImportTextPane:234 - (OptionalMessage_ERROR) IP (STMicroelectronics.X-CUBE-AI.10.2.0_Appli) : Invalid parameter (useOutputAllocation)
2025-09-04 08:53:21,428 [INFO] ImportTextPane:234 - (OptionalMessage_ERROR) IP (STMicroelectronics.X-CUBE-AI.10.2.0_Appli) : Invalid parameter (customLayerConfigEnabled)
2025-09-04 08:53:21,428 [INFO] ImportTextPane:234 - (OptionalMessage_ERROR) IP (STMicroelectronics.X-CUBE-AI.10.2.0_Appli) : Invalid parameter (noOnnxIoTranspose)
2025-09-04 08:53:21,428 [INFO] ImportTextPane:234 - (OptionalMessage_ERROR) IP (STMicroelectronics.X-CUBE-AI.10.2.0_Appli) : Parameter (ModelType) has Id (f791fad752eeb64fd5ada2722a9584e122ebc38b9eccb3c0c9cfd36ad2dc72e4) currently not set
2025-09-04 08:53:21,428 [INFO] ImportTextPane:234 - (OptionalMessage_ERROR) IP (STMicroelectronics.X-CUBE-AI.10.2.0_Appli) : Invalid parameter (MaximumNumberOfInputLayer)
2025-09-04 08:53:21,428 [INFO] ImportTextPane:234 - (OptionalMessage_ERROR) IP (STMicroelectronics.X-CUBE-AI.10.2.0_Appli) : Invalid parameter (MaximumNumberOfOutputLayer)
2025-09-04 08:53:21,428 [INFO] ImportTextPane:234 - (OptionalMessage_ERROR) IP (STMicroelectronics.X-CUBE-AI.10.2.0_Appli) : Invalid parameter (ValidationInputFileHistory)
2025-09-04 08:53:21,428 [INFO] ImportTextPane:234 - (OptionalMessage_ERROR) IP (STMicroelectronics.X-CUBE-AI.10.2.0_Appli) : Invalid parameter (useInputAllocation)
2025-09-04 08:53:21,428 [INFO] ImportTextPane:234 - (OptionalMessage_ERROR) IP (STMicroelectronics.X-CUBE-AI.10.2.0_Appli) : Invalid parameter (useOutputAllocation)
2025-09-04 08:53:21,428 [INFO] ImportTextPane:234 - (OptionalMessage_ERROR) IP (STMicroelectronics.X-CUBE-AI.10.2.0_Appli) : Invalid parameter (customLayerConfigEnabled)
2025-09-04 08:53:21,428 [INFO] ImportTextPane:234 - (OptionalMessage_ERROR) IP (STMicroelectronics.X-CUBE-AI.10.2.0_Appli) : Invalid parameter (noOnnxIoTranspose)
2025-09-04 08:53:21,428 [INFO] ImportTextPane:234 - (OptionalMessage_ERROR) IP (STMicroelectronics.X-CUBE-AI.10.2.0_Appli) : Invalid parameter (ValidationInputFile)
2025-09-04 08:53:21,697 [INFO] UtilMem:75 - End LoadConfig() Used Memory: 723274896 Bytes (1073741824)
2025-09-04 08:53:21,724 [WARN] ThirdParty:833 - waiting for thirdparty lock release [change project]
2025-09-04 08:53:21,724 [INFO] ThirdParty:835 - entering critical section [change project]
2025-09-04 08:53:21,724 [INFO] ThirdParty:1030 - CMSIS Pack Vendor :STMicroelectronics X-CUBE-PM33A1 1.0.0
2025-09-04 08:53:21,724 [INFO] ThirdParty:1030 - CMSIS Pack Vendor :STMicroelectronics USBPD 4.1
2025-09-04 08:53:21,724 [INFO] ThirdParty:1030 - CMSIS Pack Vendor :STMicroelectronics X-CUBE-NFC9 1.0.0
2025-09-04 08:53:21,724 [INFO] ThirdParty:1030 - CMSIS Pack Vendor :wolfSSL I-CUBE-wolfSSL 5.8.0
2025-09-04 08:53:21,724 [INFO] ThirdParty:1030 - CMSIS Pack Vendor :STMicroelectronics USB_HOST 2.0.0
2025-09-04 08:53:21,724 [INFO] ThirdParty:1030 - CMSIS Pack Vendor :STMicroelectronics FP-SNS-MOTENVWB1 1.4.0
2025-09-04 08:53:21,724 [INFO] ThirdParty:1030 - CMSIS Pack Vendor :STMicroelectronics X-CUBE-AZRTOS-F4 1.1.0
2025-09-04 08:53:21,724 [INFO] ThirdParty:1030 - CMSIS Pack Vendor :STMicroelectronics LIBJPEG 8.0.0
2025-09-04 08:53:21,724 [INFO] ThirdParty:1030 - CMSIS Pack Vendor :STMicroelectronics FP-ATR-ASTRA1 2.0.2
2025-09-04 08:53:21,724 [INFO] ThirdParty:1030 - CMSIS Pack Vendor :STMicroelectronics X-CUBE-BLE1 7.1.0
2025-09-04 08:53:21,724 [INFO] ThirdParty:1030 - CMSIS Pack Vendor :Avnet-IotConnect X-CUBE-IoTC-DA16k-PMOD 1.0.0
2025-09-04 08:53:21,724 [INFO] ThirdParty:1030 - CMSIS Pack Vendor :STMicroelectronics X-CUBE-SMBUS 2.1.0
2025-09-04 08:53:21,724 [INFO] ThirdParty:1030 - CMSIS Pack Vendor :wolfSSL I-CUBE-wolfMQTT 1.19.2
2025-09-04 08:53:21,724 [INFO] ThirdParty:1030 - CMSIS Pack Vendor :STMicroelectronics USB_DEVICE 3.0.0
2025-09-04 08:53:21,725 [INFO] ThirdParty:1030 - CMSIS Pack Vendor :STMicroelectronics X-CUBE-ISPU 2.1.0
2025-09-04 08:53:21,725 [INFO] ThirdParty:1030 - CMSIS Pack Vendor :STMicroelectronics X-CUBE-EEPRMA1 5.2.0
2025-09-04 08:53:21,725 [INFO] ThirdParty:1030 - CMSIS Pack Vendor :STMicroelectronics X-CUBE-BLEMGR 4.1.0
2025-09-04 08:53:21,725 [INFO] ThirdParty:1030 - CMSIS Pack Vendor :STMicroelectronics X-CUBE-AZRTOS-WB 2.0.0
2025-09-04 08:53:21,725 [INFO] ThirdParty:1030 - CMSIS Pack Vendor :STMicroelectronics X-CUBE-ST60 1.0.0
2025-09-04 08:53:21,725 [INFO] ThirdParty:1030 - CMSIS Pack Vendor :STMicroelectronics X-CUBE-GNSS1 7.0.1
2025-09-04 08:53:21,725 [INFO] ThirdParty:1030 - CMSIS Pack Vendor :STMicroelectronics X-CUBE-NFC12 1.0.0
2025-09-04 08:53:21,725 [INFO] ThirdParty:1030 - CMSIS Pack Vendor :STMicroelectronics X-CUBE-AZRTOS-F7 1.1.0
2025-09-04 08:53:21,725 [INFO] ThirdParty:1030 - CMSIS Pack Vendor :STMicroelectronics X-CUBE-AZRTOS-L5 2.0.0
2025-09-04 08:53:21,725 [INFO] ThirdParty:1030 - CMSIS Pack Vendor :STMicroelectronics X-CUBE-TOUCHGFX 4.25.0
2025-09-04 08:53:21,725 [INFO] ThirdParty:1030 - CMSIS Pack Vendor :STMicroelectronics USB_DEVICE 2.0.0
2025-09-04 08:53:21,725 [INFO] ThirdParty:1030 - CMSIS Pack Vendor :STMicroelectronics X-CUBE-NFC6 3.1.0
2025-09-04 08:53:21,725 [INFO] ThirdParty:1030 - CMSIS Pack Vendor :STMicroelectronics X-CUBE-AI 10.1.0
2025-09-04 08:53:21,725 [INFO] ThirdParty:1030 - CMSIS Pack Vendor :STMicroelectronics FP-SNS-STBOX1 2.0.0
2025-09-04 08:53:21,725 [INFO] ThirdParty:1030 - CMSIS Pack Vendor :quantropi X-CUBE-qispace-sdk-base 2.1.0
2025-09-04 08:53:21,725 [INFO] ThirdParty:1030 - CMSIS Pack Vendor :STMicroelectronics FreeRTOS 0.0.1
2025-09-04 08:53:21,725 [INFO] ThirdParty:1030 - CMSIS Pack Vendor :STMicroelectronics X-CUBE-AZRTOS-G0 1.1.0
2025-09-04 08:53:21,726 [INFO] ThirdParty:1030 - CMSIS Pack Vendor :STMicroelectronics X-CUBE-SAFEA1 1.2.2
2025-09-04 08:53:21,726 [INFO] ThirdParty:1030 - CMSIS Pack Vendor :STMicroelectronics X-CUBE-NFC4 3.0.0
2025-09-04 08:53:21,726 [INFO] ThirdParty:1030 - CMSIS Pack Vendor :STMicroelectronics X-CUBE-SUBG2 5.0.0
2025-09-04 08:53:21,726 [INFO] ThirdParty:1030 - CMSIS Pack Vendor :STMicroelectronics X-CUBE-AZRTOS-H7RS 1.1.0
2025-09-04 08:53:21,726 [INFO] ThirdParty:1030 - CMSIS Pack Vendor :STMicroelectronics STM32_WPAN 1.0.0
2025-09-04 08:53:21,726 [INFO] ThirdParty:1030 - CMSIS Pack Vendor :EmbeddedOffice I-CUBE-FS-RTOS 1.0.1
2025-09-04 08:53:21,726 [INFO] ThirdParty:1030 - CMSIS Pack Vendor :STMicroelectronics lwIP 2.0.3
2025-09-04 08:53:21,726 [INFO] ThirdParty:1030 - CMSIS Pack Vendor :Cesanta I-CUBE-Mongoose 7.13.0
2025-09-04 08:53:21,726 [INFO] ThirdParty:1030 - CMSIS Pack Vendor :STMicroelectronics USB_HOST 1.0.0
2025-09-04 08:53:21,726 [INFO] ThirdParty:1030 - CMSIS Pack Vendor :Infineon AIROC-Wi-Fi-Bluetooth-STM32 1.7.1
2025-09-04 08:53:21,726 [INFO] ThirdParty:1030 - CMSIS Pack Vendor :STMicroelectronics X-CUBE-AZRTOS-G4 2.0.0
2025-09-04 08:53:21,726 [INFO] ThirdParty:1030 - CMSIS Pack Vendor :STMicroelectronics X-CUBE-WB05N 2.0.0
2025-09-04 08:53:21,726 [INFO] ThirdParty:1030 - CMSIS Pack Vendor :STMicroelectronics PDM2PCM 3.1.0
2025-09-04 08:53:21,726 [INFO] ThirdParty:1030 - CMSIS Pack Vendor :STMicroelectronics PDM2PCM 3.3.0
2025-09-04 08:53:21,726 [INFO] ThirdParty:1030 - CMSIS Pack Vendor :wolfSSL I-CUBE-wolfTPM 3.8.0
2025-09-04 08:53:21,726 [INFO] ThirdParty:1030 - CMSIS Pack Vendor :STMicroelectronics X-CUBE-AZRTOS-H7 3.4.0
2025-09-04 08:53:21,726 [INFO] ThirdParty:1030 - CMSIS Pack Vendor :STMicroelectronics X-CUBE-DISPLAY 3.0.0
2025-09-04 08:53:21,726 [INFO] ThirdParty:1030 - CMSIS Pack Vendor :wolfSSL I-CUBE-wolfSSH 1.4.20
2025-09-04 08:53:21,726 [INFO] ThirdParty:1030 - CMSIS Pack Vendor :STMicroelectronics X-CUBE-NFC7 2.0.0
2025-09-04 08:53:21,726 [INFO] ThirdParty:1030 - CMSIS Pack Vendor :STMicroelectronics X-CUBE-TCPP 4.2.0
2025-09-04 08:53:21,727 [INFO] ThirdParty:1030 - CMSIS Pack Vendor :RealThread X-CUBE-RT-Thread_Nano 4.1.1
2025-09-04 08:53:21,727 [INFO] ThirdParty:1030 - CMSIS Pack Vendor :STMicroelectronics FP-ATR-SIGFOX1 3.2.0
2025-09-04 08:53:21,727 [INFO] ThirdParty:1030 - CMSIS Pack Vendor :STMicroelectronics X-CUBE-NFC10 1.0.0
2025-09-04 08:53:21,727 [INFO] ThirdParty:1030 - CMSIS Pack Vendor :STMicroelectronics X-CUBE-FREERTOS 1.3.1
2025-09-04 08:53:21,727 [INFO] ThirdParty:1030 - CMSIS Pack Vendor :STMicroelectronics HAL Drivers 0.0.0
2025-09-04 08:53:21,727 [INFO] ThirdParty:1030 - CMSIS Pack Vendor :STMicroelectronics MBEDTLS 2.16.2
2025-09-04 08:53:21,727 [INFO] ThirdParty:1030 - CMSIS Pack Vendor :STMicroelectronics X-CUBE-IPS 3.1.0
2025-09-04 08:53:21,727 [INFO] ThirdParty:1030 - CMSIS Pack Vendor :STMicroelectronics X-CUBE-ALS 1.0.2
2025-09-04 08:53:21,727 [INFO] ThirdParty:1030 - CMSIS Pack Vendor :emotas I-CUBE-CANOPEN 1.3.0
2025-09-04 08:53:21,727 [INFO] ThirdParty:1030 - CMSIS Pack Vendor :STMicroelectronics MBEDTLS 2.14.1
2025-09-04 08:53:21,727 [INFO] ThirdParty:1030 - CMSIS Pack Vendor :ITTIA_DB I-CUBE-ITTIADB 8.9.0
2025-09-04 08:53:21,727 [INFO] ThirdParty:1030 - CMSIS Pack Vendor :portGmbH I-Cube-SoM-uGOAL 1.1.0
2025-09-04 08:53:21,727 [INFO] ThirdParty:1030 - CMSIS Pack Vendor :STMicroelectronics X-CUBE-ST67W61 1.0.0
2025-09-04 08:53:21,727 [INFO] ThirdParty:1030 - CMSIS Pack Vendor :STMicroelectronics FP-SNS-STBOX1 2.1.0
2025-09-04 08:53:21,727 [INFO] ThirdParty:1030 - CMSIS Pack Vendor :STMicroelectronics X-CUBE-AI 10.2.0
2025-09-04 08:53:21,727 [INFO] ThirdParty:1030 - CMSIS Pack Vendor :STMicroelectronics FP-SNS-STAIOTCFT 1.0.0
2025-09-04 08:53:21,727 [INFO] ThirdParty:1030 - CMSIS Pack Vendor :STMicroelectronics ThreadX 1.0.0
2025-09-04 08:53:21,727 [INFO] ThirdParty:1030 - CMSIS Pack Vendor :STMicroelectronics FP-SNS-SMARTAG2 1.2.0
2025-09-04 08:53:21,727 [INFO] ThirdParty:1030 - CMSIS Pack Vendor :STMicroelectronics FP-SNS-FLIGHT1 5.1.0
2025-09-04 08:53:21,727 [INFO] ThirdParty:1030 - CMSIS Pack Vendor :STMicroelectronics X-CUBE-AZRTOS-WL 2.0.0
2025-09-04 08:53:21,727 [INFO] ThirdParty:1030 - CMSIS Pack Vendor :SEGGER I-CUBE-embOS 1.3.1
2025-09-04 08:53:21,727 [INFO] ThirdParty:1030 - CMSIS Pack Vendor :STMicroelectronics X-CUBE-ALGOBUILD 1.4.0
2025-09-04 08:53:21,727 [INFO] ThirdParty:1030 - CMSIS Pack Vendor :STMicroelectronics X-CUBE-DPower 1.3.0
2025-09-04 08:53:21,727 [INFO] ThirdParty:1030 - CMSIS Pack Vendor :STMicroelectronics X-CUBE-MEMS1 11.3.0
2025-09-04 08:53:21,728 [INFO] ThirdParty:1030 - CMSIS Pack Vendor :STMicroelectronics FP-SNS-MOTENV1 5.0.0
2025-09-04 08:53:21,728 [INFO] ThirdParty:1030 - CMSIS Pack Vendor :STMicroelectronics USB_DEVICE 1.0.0
2025-09-04 08:53:21,728 [INFO] ThirdParty:1030 - CMSIS Pack Vendor :STMicroelectronics X-CUBE-AZRTOS-L4 2.0.0
2025-09-04 08:53:21,728 [INFO] ThirdParty:1030 - CMSIS Pack Vendor :STMicroelectronics ThreadX 0.0.2
2025-09-04 08:53:21,728 [INFO] ThirdParty:1030 - CMSIS Pack Vendor :WES I-CUBE-Cesium 1.3.0
2025-09-04 08:53:21,728 [INFO] ThirdParty:1030 - CMSIS Pack Vendor :STMicroelectronics lwIP 2.1.2
2025-09-04 08:53:21,728 [INFO] ThirdParty:1030 - CMSIS Pack Vendor :STMicroelectronics X-CUBE-SFXS2LP1 4.0.0
2025-09-04 08:53:21,728 [INFO] ThirdParty:1030 - CMSIS Pack Vendor :STMicroelectronics X-CUBE-BLE2 3.3.0
2025-09-04 08:53:21,728 [INFO] ThirdParty:1030 - CMSIS Pack Vendor :STMicroelectronics X-CUBE-TOF1 3.4.3
2025-09-04 08:53:21,728 [INFO] ThirdParty:1030 - CMSIS Pack Vendor :STMicroelectronics PDM2PCM 3.2.0
2025-09-04 08:53:21,728 [INFO] ThirdParty:841 - exiting critical section [change project]
2025-09-04 08:53:22,152 [INFO] PinOutPanel:1589 - setPackage(No Configuration,No Configuration)
2025-09-04 08:53:22,156 [INFO] PinOutPanel:1589 - setPackage(STM32N657X0HxQ,VFBGA264)
2025-09-04 08:53:22,908 [INFO] UtilMem:75 - Before build in PCC Used Memory: 771502784 Bytes (1073741824)
2025-09-04 08:53:23,228 [INFO] UtilMem:75 - After build in PCC Used Memory: 828617128 Bytes (1073741824)
2025-09-04 08:53:23,265 [INFO] IPUIPlugin:80 - create IPUIPlugin
2025-09-04 08:53:23,265 [INFO] IPUIPlugin:80 - create IPUIPlugin
2025-09-04 08:53:23,265 [INFO] IPUIPlugin:80 - create IPUIPlugin
2025-09-04 08:53:23,265 [INFO] IPUIPlugin:80 - create IPUIPlugin
2025-09-04 08:53:23,266 [INFO] IPUIPlugin:80 - create IPUIPlugin
2025-09-04 08:53:23,266 [INFO] IPUIPlugin:80 - create IPUIPlugin
2025-09-04 08:53:23,266 [INFO] IPUIPlugin:80 - create IPUIPlugin
2025-09-04 08:53:23,266 [INFO] IPUIPlugin:80 - create IPUIPlugin
2025-09-04 08:53:23,266 [INFO] IPUIPlugin:80 - create IPUIPlugin
2025-09-04 08:53:23,266 [INFO] IPUIPlugin:80 - create IPUIPlugin
2025-09-04 08:53:23,266 [INFO] IPUIPlugin:80 - create IPUIPlugin
2025-09-04 08:53:23,266 [INFO] IPUIPlugin:80 - create IPUIPlugin
2025-09-04 08:53:23,266 [INFO] IPUIPlugin:80 - create IPUIPlugin
2025-09-04 08:53:23,266 [INFO] IPUIPlugin:80 - create IPUIPlugin
2025-09-04 08:53:23,266 [INFO] IPUIPlugin:80 - create IPUIPlugin
2025-09-04 08:53:23,266 [INFO] IPUIPlugin:80 - create IPUIPlugin
2025-09-04 08:53:23,266 [INFO] IPUIPlugin:80 - create IPUIPlugin
2025-09-04 08:53:23,267 [INFO] IPUIPlugin:80 - create IPUIPlugin
2025-09-04 08:53:23,267 [INFO] IPUIPlugin:80 - create IPUIPlugin
2025-09-04 08:53:23,267 [INFO] IPUIPlugin:80 - create IPUIPlugin
2025-09-04 08:53:23,267 [INFO] IPUIPlugin:80 - create IPUIPlugin
2025-09-04 08:53:23,267 [INFO] IPUIPlugin:80 - create IPUIPlugin
2025-09-04 08:53:23,267 [INFO] IPUIPlugin:80 - create IPUIPlugin
2025-09-04 08:53:23,267 [INFO] IPUIPlugin:80 - create IPUIPlugin
2025-09-04 08:53:23,267 [INFO] IPUIPlugin:80 - create IPUIPlugin
2025-09-04 08:53:23,267 [INFO] IPUIPlugin:80 - create IPUIPlugin
2025-09-04 08:53:23,267 [INFO] IPUIPlugin:80 - create IPUIPlugin
2025-09-04 08:53:23,267 [INFO] IPUIPlugin:80 - create IPUIPlugin
2025-09-04 08:53:23,267 [INFO] IPUIPlugin:80 - create IPUIPlugin
2025-09-04 08:53:23,268 [INFO] IPUIPlugin:80 - create IPUIPlugin
2025-09-04 08:53:23,268 [INFO] IPUIPlugin:80 - create IPUIPlugin
2025-09-04 08:53:23,268 [INFO] IPUIPlugin:80 - create IPUIPlugin
2025-09-04 08:53:23,268 [INFO] IPUIPlugin:80 - create IPUIPlugin
2025-09-04 08:53:23,268 [INFO] IPUIPlugin:80 - create IPUIPlugin
2025-09-04 08:53:23,268 [INFO] IPUIPlugin:80 - create IPUIPlugin
2025-09-04 08:53:23,269 [INFO] IPUIPlugin:80 - create IPUIPlugin
2025-09-04 08:53:23,269 [INFO] IPUIPlugin:80 - create IPUIPlugin
2025-09-04 08:53:23,269 [INFO] IPUIPlugin:80 - create IPUIPlugin
2025-09-04 08:53:23,269 [INFO] IPUIPlugin:80 - create IPUIPlugin
2025-09-04 08:53:23,269 [INFO] IPUIPlugin:80 - create IPUIPlugin
2025-09-04 08:53:23,269 [INFO] IPUIPlugin:80 - create IPUIPlugin
2025-09-04 08:53:23,269 [INFO] IPUIPlugin:80 - create IPUIPlugin
2025-09-04 08:53:23,269 [INFO] IPUIPlugin:80 - create IPUIPlugin
2025-09-04 08:53:23,269 [INFO] IPUIPlugin:80 - create IPUIPlugin
2025-09-04 08:53:23,270 [INFO] IPUIPlugin:80 - create IPUIPlugin
2025-09-04 08:53:23,270 [INFO] IPUIPlugin:80 - create IPUIPlugin
2025-09-04 08:53:23,270 [INFO] IPUIPlugin:80 - create IPUIPlugin
2025-09-04 08:53:23,270 [INFO] IPUIPlugin:80 - create IPUIPlugin
2025-09-04 08:53:23,270 [INFO] IPUIPlugin:80 - create IPUIPlugin
2025-09-04 08:53:23,270 [INFO] IPUIPlugin:80 - create IPUIPlugin
2025-09-04 08:53:23,271 [INFO] IPUIPlugin:80 - create IPUIPlugin
2025-09-04 08:53:23,271 [INFO] IPUIPlugin:80 - create IPUIPlugin
2025-09-04 08:53:23,271 [INFO] IPUIPlugin:80 - create IPUIPlugin
2025-09-04 08:53:23,271 [INFO] IPUIPlugin:80 - create IPUIPlugin
2025-09-04 08:53:23,271 [INFO] IPUIPlugin:80 - create IPUIPlugin
2025-09-04 08:53:23,272 [INFO] IPUIPlugin:80 - create IPUIPlugin
2025-09-04 08:53:23,272 [INFO] IPUIPlugin:80 - create IPUIPlugin
2025-09-04 08:53:23,272 [INFO] IPUIPlugin:80 - create IPUIPlugin
2025-09-04 08:53:23,272 [INFO] IPUIPlugin:80 - create IPUIPlugin
2025-09-04 08:53:23,272 [INFO] IPUIPlugin:80 - create IPUIPlugin
2025-09-04 08:53:23,273 [INFO] IPUIPlugin:80 - create IPUIPlugin
2025-09-04 08:53:23,273 [INFO] IPUIPlugin:80 - create IPUIPlugin
2025-09-04 08:53:23,273 [INFO] IPUIPlugin:80 - create IPUIPlugin
2025-09-04 08:53:23,273 [INFO] IPUIPlugin:80 - create IPUIPlugin
2025-09-04 08:53:23,273 [INFO] IPUIPlugin:80 - create IPUIPlugin
2025-09-04 08:53:23,273 [INFO] IPUIPlugin:80 - create IPUIPlugin
2025-09-04 08:53:23,274 [INFO] IPUIPlugin:80 - create IPUIPlugin
2025-09-04 08:53:23,274 [INFO] IPUIPlugin:80 - create IPUIPlugin
2025-09-04 08:53:23,274 [INFO] IPUIPlugin:80 - create IPUIPlugin
2025-09-04 08:53:23,274 [INFO] IPUIPlugin:80 - create IPUIPlugin
2025-09-04 08:53:23,275 [INFO] IPUIPlugin:80 - create IPUIPlugin
2025-09-04 08:53:23,275 [INFO] IPUIPlugin:80 - create IPUIPlugin
2025-09-04 08:53:23,275 [INFO] IPUIPlugin:80 - create IPUIPlugin
2025-09-04 08:53:23,275 [INFO] IPUIPlugin:80 - create IPUIPlugin
2025-09-04 08:53:23,276 [INFO] IPUIPlugin:80 - create IPUIPlugin
2025-09-04 08:53:23,276 [INFO] IPUIPlugin:80 - create IPUIPlugin
2025-09-04 08:53:23,276 [INFO] IPUIPlugin:80 - create IPUIPlugin
2025-09-04 08:53:23,276 [INFO] IPUIPlugin:80 - create IPUIPlugin
2025-09-04 08:53:23,277 [INFO] IPUIPlugin:80 - create IPUIPlugin
2025-09-04 08:53:23,277 [INFO] IPUIPlugin:80 - create IPUIPlugin
2025-09-04 08:53:23,277 [INFO] IPUIPlugin:80 - create IPUIPlugin
2025-09-04 08:53:23,278 [INFO] IPUIPlugin:80 - create IPUIPlugin
2025-09-04 08:53:23,278 [INFO] IPUIPlugin:80 - create IPUIPlugin
2025-09-04 08:53:23,278 [INFO] IPUIPlugin:80 - create IPUIPlugin
2025-09-04 08:53:23,279 [INFO] IPUIPlugin:80 - create IPUIPlugin
2025-09-04 08:53:23,279 [INFO] IPUIPlugin:80 - create IPUIPlugin
2025-09-04 08:53:23,279 [INFO] IPUIPlugin:80 - create IPUIPlugin
2025-09-04 08:53:23,280 [INFO] IPUIPlugin:80 - create IPUIPlugin
2025-09-04 08:53:23,281 [INFO] IPUIPlugin:80 - create IPUIPlugin
2025-09-04 08:53:23,282 [INFO] IPUIPlugin:80 - create IPUIPlugin
2025-09-04 08:53:23,282 [INFO] IPUIPlugin:80 - create IPUIPlugin
2025-09-04 08:53:23,283 [INFO] IPUIPlugin:80 - create IPUIPlugin
2025-09-04 08:53:23,283 [INFO] IPUIPlugin:80 - create IPUIPlugin
2025-09-04 08:53:23,283 [INFO] IPUIPlugin:80 - create IPUIPlugin
2025-09-04 08:53:23,283 [INFO] IPUIPlugin:80 - create IPUIPlugin
2025-09-04 08:53:23,284 [INFO] IPUIPlugin:80 - create IPUIPlugin
2025-09-04 08:53:23,284 [INFO] IPUIPlugin:80 - create IPUIPlugin
2025-09-04 08:53:23,284 [INFO] IPUIPlugin:80 - create IPUIPlugin
2025-09-04 08:53:23,285 [INFO] IPUIPlugin:80 - create IPUIPlugin
2025-09-04 08:53:23,285 [INFO] IPUIPlugin:80 - create IPUIPlugin
2025-09-04 08:53:23,285 [INFO] IPUIPlugin:80 - create IPUIPlugin
2025-09-04 08:53:23,286 [INFO] IPUIPlugin:80 - create IPUIPlugin
2025-09-04 08:53:23,286 [INFO] IPUIPlugin:80 - create IPUIPlugin
2025-09-04 08:53:23,286 [INFO] IPUIPlugin:80 - create IPUIPlugin
2025-09-04 08:53:23,287 [INFO] IPUIPlugin:80 - create IPUIPlugin
2025-09-04 08:53:23,287 [INFO] IPUIPlugin:80 - create IPUIPlugin
2025-09-04 08:53:23,287 [INFO] IPUIPlugin:80 - create IPUIPlugin
2025-09-04 08:53:23,287 [INFO] IPUIPlugin:80 - create IPUIPlugin
2025-09-04 08:53:23,288 [INFO] IPUIPlugin:80 - create IPUIPlugin
2025-09-04 08:53:23,288 [INFO] IPUIPlugin:80 - create IPUIPlugin
2025-09-04 08:53:23,289 [INFO] IPUIPlugin:80 - create IPUIPlugin
2025-09-04 08:53:23,289 [INFO] IPUIPlugin:80 - create IPUIPlugin
2025-09-04 08:53:23,289 [INFO] IPUIPlugin:80 - create IPUIPlugin
2025-09-04 08:53:23,290 [INFO] IPUIPlugin:80 - create IPUIPlugin
2025-09-04 08:53:23,290 [INFO] IPUIPlugin:80 - create IPUIPlugin
2025-09-04 08:53:23,291 [INFO] IPUIPlugin:80 - create IPUIPlugin
2025-09-04 08:53:23,291 [INFO] IPUIPlugin:80 - create IPUIPlugin
2025-09-04 08:53:23,292 [INFO] IPUIPlugin:80 - create IPUIPlugin
2025-09-04 08:53:23,292 [INFO] IPUIPlugin:80 - create IPUIPlugin
2025-09-04 08:53:23,292 [INFO] IPUIPlugin:80 - create IPUIPlugin
2025-09-04 08:53:23,293 [INFO] IPUIPlugin:80 - create IPUIPlugin
2025-09-04 08:53:23,293 [INFO] IPUIPlugin:80 - create IPUIPlugin
2025-09-04 08:53:23,294 [INFO] IPUIPlugin:80 - create IPUIPlugin
2025-09-04 08:53:23,294 [INFO] IPUIPlugin:80 - create IPUIPlugin
2025-09-04 08:53:23,295 [INFO] IPUIPlugin:80 - create IPUIPlugin
2025-09-04 08:53:23,295 [INFO] IPUIPlugin:80 - create IPUIPlugin
2025-09-04 08:53:23,296 [INFO] IPUIPlugin:80 - create IPUIPlugin
2025-09-04 08:53:23,296 [INFO] IPUIPlugin:80 - create IPUIPlugin
2025-09-04 08:53:23,297 [INFO] IPUIPlugin:80 - create IPUIPlugin
2025-09-04 08:53:23,298 [INFO] IPUIPlugin:80 - create IPUIPlugin
2025-09-04 08:53:23,299 [INFO] IPUIPlugin:80 - create IPUIPlugin
2025-09-04 08:53:23,299 [INFO] IPUIPlugin:80 - create IPUIPlugin
2025-09-04 08:53:23,305 [INFO] AI:982 - onDisable adding AI com.st.microxplorer.plugins.ip.ai.AI@edad5e6 on STMicroelectronics.X-CUBE-AI.10.2.0_Appli
2025-09-04 08:53:23,314 [WARN] IP:2250 - RefParam_XIP_memory not found: check if there is a RefParameter without a condition.
2025-09-04 08:53:23,315 [WARN] IP:2250 - RefParam_MEMORY_1_Size not found: check if there is a RefParameter without a condition.
2025-09-04 08:53:23,315 [WARN] IP:2250 - RefParam_MEMORY_1_FreqMax not found: check if there is a RefParameter without a condition.
2025-09-04 08:53:23,315 [WARN] IP:2250 - RefParam_MEMORY_1_ReadReg not found: check if there is a RefParameter without a condition.
2025-09-04 08:53:23,315 [WARN] IP:2250 - RefParam_MEMORY_1_WriteReg not found: check if there is a RefParameter without a condition.
2025-09-04 08:53:23,315 [WARN] IP:2250 - RefParam_MEMORY_1_RegSize not found: check if there is a RefParameter without a condition.
2025-09-04 08:53:23,315 [WARN] IP:2250 - RefParam_MEMORY_1_RegDummyCycle not found: check if there is a RefParameter without a condition.
2025-09-04 08:53:23,315 [WARN] IP:2250 - RefParam_MEMORY_1_WriteCommand not found: check if there is a RefParameter without a condition.
2025-09-04 08:53:23,315 [WARN] IP:2250 - RefParam_MEMORY_1_WriteDummyCycle not found: check if there is a RefParameter without a condition.
2025-09-04 08:53:23,315 [WARN] IP:2250 - RefParam_MEMORY_1_ReadCommand not found: check if there is a RefParameter without a condition.
2025-09-04 08:53:23,315 [WARN] IP:2250 - RefParam_MEMORY_1_WrapReadCommand not found: check if there is a RefParameter without a condition.
2025-09-04 08:53:23,315 [WARN] IP:2250 - RefParam_MEMORY_1_ReadDummyCycle not found: check if there is a RefParameter without a condition.
2025-09-04 08:53:23,315 [WARN] IP:2250 - RefParam_MEMORY_1_NumberOfConfig not found: check if there is a RefParameter without a condition.
2025-09-04 08:53:23,315 [WARN] IP:2250 - RefParam_MEMORY_1_Config1_WriteMask not found: check if there is a RefParameter without a condition.
2025-09-04 08:53:23,315 [WARN] IP:2250 - RefParam_MEMORY_1_Config1_WriteValue not found: check if there is a RefParameter without a condition.
2025-09-04 08:53:23,315 [WARN] IP:2250 - RefParam_MEMORY_1_Config1_RegAddress not found: check if there is a RefParameter without a condition.
2025-09-04 08:53:23,315 [WARN] IP:2250 - RefParam_MEMORY_1_Config2_WriteMask not found: check if there is a RefParameter without a condition.
2025-09-04 08:53:23,315 [WARN] IP:2250 - RefParam_MEMORY_1_Config2_WriteValue not found: check if there is a RefParameter without a condition.
2025-09-04 08:53:23,315 [WARN] IP:2250 - RefParam_MEMORY_1_Config2_RegAddress not found: check if there is a RefParameter without a condition.
2025-09-04 08:53:23,315 [WARN] IP:2250 - RefParam_MEMORY_1_Config3_WriteMask not found: check if there is a RefParameter without a condition.
2025-09-04 08:53:23,315 [WARN] IP:2250 - RefParam_MEMORY_1_Config3_WriteValue not found: check if there is a RefParameter without a condition.
2025-09-04 08:53:23,315 [WARN] IP:2250 - RefParam_MEMORY_1_Config3_RegAddress not found: check if there is a RefParameter without a condition.
2025-09-04 08:53:23,315 [WARN] IP:2250 - RefParam_MEMORY_2_Instance not found: check if there is a RefParameter without a condition.
2025-09-04 08:53:23,315 [WARN] IP:2250 - RefParam_MEMORY_2_ConfigType not found: check if there is a RefParameter without a condition.
2025-09-04 08:53:23,315 [WARN] IP:2250 - RefParam_MEMORY_2_Size not found: check if there is a RefParameter without a condition.
2025-09-04 08:53:23,315 [WARN] IP:2250 - RefParam_MEMORY_2_FreqMax not found: check if there is a RefParameter without a condition.
2025-09-04 08:53:23,315 [WARN] IP:2250 - RefParam_MEMORY_2_ReadReg not found: check if there is a RefParameter without a condition.
2025-09-04 08:53:23,315 [WARN] IP:2250 - RefParam_MEMORY_2_WriteReg not found: check if there is a RefParameter without a condition.
2025-09-04 08:53:23,316 [WARN] IP:2250 - RefParam_MEMORY_2_RegSize not found: check if there is a RefParameter without a condition.
2025-09-04 08:53:23,316 [WARN] IP:2250 - RefParam_MEMORY_2_RegDummyCycle not found: check if there is a RefParameter without a condition.
2025-09-04 08:53:23,316 [WARN] IP:2250 - RefParam_MEMORY_2_WriteCommand not found: check if there is a RefParameter without a condition.
2025-09-04 08:53:23,316 [WARN] IP:2250 - RefParam_MEMORY_2_WriteDummyCycle not found: check if there is a RefParameter without a condition.
2025-09-04 08:53:23,316 [WARN] IP:2250 - RefParam_MEMORY_2_ReadCommand not found: check if there is a RefParameter without a condition.
2025-09-04 08:53:23,316 [WARN] IP:2250 - RefParam_MEMORY_2_WrapReadCommand not found: check if there is a RefParameter without a condition.
2025-09-04 08:53:23,316 [WARN] IP:2250 - RefParam_MEMORY_2_ReadDummyCycle not found: check if there is a RefParameter without a condition.
2025-09-04 08:53:23,316 [WARN] IP:2250 - RefParam_MEMORY_2_NumberOfConfig not found: check if there is a RefParameter without a condition.
2025-09-04 08:53:23,316 [WARN] IP:2250 - RefParam_MEMORY_2_Config1_WriteMask not found: check if there is a RefParameter without a condition.
2025-09-04 08:53:23,316 [WARN] IP:2250 - RefParam_MEMORY_2_Config1_WriteValue not found: check if there is a RefParameter without a condition.
2025-09-04 08:53:23,316 [WARN] IP:2250 - RefParam_MEMORY_2_Config1_RegAddress not found: check if there is a RefParameter without a condition.
2025-09-04 08:53:23,316 [WARN] IP:2250 - RefParam_MEMORY_2_Config2_WriteMask not found: check if there is a RefParameter without a condition.
2025-09-04 08:53:23,316 [WARN] IP:2250 - RefParam_MEMORY_2_Config2_WriteValue not found: check if there is a RefParameter without a condition.
2025-09-04 08:53:23,316 [WARN] IP:2250 - RefParam_MEMORY_2_Config2_RegAddress not found: check if there is a RefParameter without a condition.
2025-09-04 08:53:23,316 [WARN] IP:2250 - RefParam_MEMORY_2_Config3_WriteMask not found: check if there is a RefParameter without a condition.
2025-09-04 08:53:23,316 [WARN] IP:2250 - RefParam_MEMORY_2_Config3_WriteValue not found: check if there is a RefParameter without a condition.
2025-09-04 08:53:23,316 [WARN] IP:2250 - RefParam_MEMORY_2_Config3_RegAddress not found: check if there is a RefParameter without a condition.
2025-09-04 08:53:23,532 [INFO] CADModel:165 - CPN selected for project levelSTM32N657X0H3Q
2025-09-04 08:53:23,532 [INFO] CADModel:114 - Register for checkConnection events
2025-09-04 08:53:24,070 [ERROR] Context:921 - The IP LTDC is not set in context FSBL
2025-09-04 08:53:24,071 [ERROR] Context:921 - The IP LTDC is not set in context Appli
2025-09-04 08:53:24,071 [ERROR] Context:921 - The IP LTDC is not set in context ExtMemLoader
2025-09-04 08:53:24,774 [ERROR] Context:921 - The IP PWR is not set in context FSBL
2025-09-04 08:53:24,775 [ERROR] Context:921 - The IP PWR is not set in context Appli
2025-09-04 08:53:24,775 [ERROR] Context:921 - The IP PWR is not set in context ExtMemLoader
2025-09-04 08:53:25,080 [ERROR] Context:921 - The IP RTC is not set in context FSBL
2025-09-04 08:53:25,080 [ERROR] Context:921 - The IP RTC is not set in context Appli
2025-09-04 08:53:25,080 [ERROR] Context:921 - The IP RTC is not set in context ExtMemLoader
2025-09-04 08:53:25,503 [INFO] OpenFileManager:386 - Restore cursor
2025-09-04 08:53:25,865 [WARN] IP:2250 - RefParam_XIP_memory not found: check if there is a RefParameter without a condition.
2025-09-04 08:53:25,866 [WARN] IP:2250 - RefParam_MEMORY_1_Size not found: check if there is a RefParameter without a condition.
2025-09-04 08:53:25,866 [WARN] IP:2250 - RefParam_MEMORY_1_FreqMax not found: check if there is a RefParameter without a condition.
2025-09-04 08:53:25,866 [WARN] IP:2250 - RefParam_MEMORY_1_ReadReg not found: check if there is a RefParameter without a condition.
2025-09-04 08:53:25,866 [WARN] IP:2250 - RefParam_MEMORY_1_WriteReg not found: check if there is a RefParameter without a condition.
2025-09-04 08:53:25,866 [WARN] IP:2250 - RefParam_MEMORY_1_RegSize not found: check if there is a RefParameter without a condition.
2025-09-04 08:53:25,866 [WARN] IP:2250 - RefParam_MEMORY_1_RegDummyCycle not found: check if there is a RefParameter without a condition.
2025-09-04 08:53:25,866 [WARN] IP:2250 - RefParam_MEMORY_1_WriteCommand not found: check if there is a RefParameter without a condition.
2025-09-04 08:53:25,866 [WARN] IP:2250 - RefParam_MEMORY_1_WriteDummyCycle not found: check if there is a RefParameter without a condition.
2025-09-04 08:53:25,866 [WARN] IP:2250 - RefParam_MEMORY_1_ReadCommand not found: check if there is a RefParameter without a condition.
2025-09-04 08:53:25,866 [WARN] IP:2250 - RefParam_MEMORY_1_WrapReadCommand not found: check if there is a RefParameter without a condition.
2025-09-04 08:53:25,866 [WARN] IP:2250 - RefParam_MEMORY_1_ReadDummyCycle not found: check if there is a RefParameter without a condition.
2025-09-04 08:53:25,866 [WARN] IP:2250 - RefParam_MEMORY_1_NumberOfConfig not found: check if there is a RefParameter without a condition.
2025-09-04 08:53:25,866 [WARN] IP:2250 - RefParam_MEMORY_1_Config1_WriteMask not found: check if there is a RefParameter without a condition.
2025-09-04 08:53:25,866 [WARN] IP:2250 - RefParam_MEMORY_1_Config1_WriteValue not found: check if there is a RefParameter without a condition.
2025-09-04 08:53:25,866 [WARN] IP:2250 - RefParam_MEMORY_1_Config1_RegAddress not found: check if there is a RefParameter without a condition.
2025-09-04 08:53:25,866 [WARN] IP:2250 - RefParam_MEMORY_1_Config2_WriteMask not found: check if there is a RefParameter without a condition.
2025-09-04 08:53:25,866 [WARN] IP:2250 - RefParam_MEMORY_1_Config2_WriteValue not found: check if there is a RefParameter without a condition.
2025-09-04 08:53:25,866 [WARN] IP:2250 - RefParam_MEMORY_1_Config2_RegAddress not found: check if there is a RefParameter without a condition.
2025-09-04 08:53:25,866 [WARN] IP:2250 - RefParam_MEMORY_1_Config3_WriteMask not found: check if there is a RefParameter without a condition.
2025-09-04 08:53:25,866 [WARN] IP:2250 - RefParam_MEMORY_1_Config3_WriteValue not found: check if there is a RefParameter without a condition.
2025-09-04 08:53:25,866 [WARN] IP:2250 - RefParam_MEMORY_1_Config3_RegAddress not found: check if there is a RefParameter without a condition.
2025-09-04 08:53:25,866 [WARN] IP:2250 - RefParam_MEMORY_2_Instance not found: check if there is a RefParameter without a condition.
2025-09-04 08:53:25,866 [WARN] IP:2250 - RefParam_MEMORY_2_ConfigType not found: check if there is a RefParameter without a condition.
2025-09-04 08:53:25,866 [WARN] IP:2250 - RefParam_MEMORY_2_Size not found: check if there is a RefParameter without a condition.
2025-09-04 08:53:25,866 [WARN] IP:2250 - RefParam_MEMORY_2_FreqMax not found: check if there is a RefParameter without a condition.
2025-09-04 08:53:25,866 [WARN] IP:2250 - RefParam_MEMORY_2_ReadReg not found: check if there is a RefParameter without a condition.
2025-09-04 08:53:25,866 [WARN] IP:2250 - RefParam_MEMORY_2_WriteReg not found: check if there is a RefParameter without a condition.
2025-09-04 08:53:25,866 [WARN] IP:2250 - RefParam_MEMORY_2_RegSize not found: check if there is a RefParameter without a condition.
2025-09-04 08:53:25,866 [WARN] IP:2250 - RefParam_MEMORY_2_RegDummyCycle not found: check if there is a RefParameter without a condition.
2025-09-04 08:53:25,866 [WARN] IP:2250 - RefParam_MEMORY_2_WriteCommand not found: check if there is a RefParameter without a condition.
2025-09-04 08:53:25,866 [WARN] IP:2250 - RefParam_MEMORY_2_WriteDummyCycle not found: check if there is a RefParameter without a condition.
2025-09-04 08:53:25,866 [WARN] IP:2250 - RefParam_MEMORY_2_ReadCommand not found: check if there is a RefParameter without a condition.
2025-09-04 08:53:25,866 [WARN] IP:2250 - RefParam_MEMORY_2_WrapReadCommand not found: check if there is a RefParameter without a condition.
2025-09-04 08:53:25,866 [WARN] IP:2250 - RefParam_MEMORY_2_ReadDummyCycle not found: check if there is a RefParameter without a condition.
2025-09-04 08:53:25,866 [WARN] IP:2250 - RefParam_MEMORY_2_NumberOfConfig not found: check if there is a RefParameter without a condition.
2025-09-04 08:53:25,866 [WARN] IP:2250 - RefParam_MEMORY_2_Config1_WriteMask not found: check if there is a RefParameter without a condition.
2025-09-04 08:53:25,866 [WARN] IP:2250 - RefParam_MEMORY_2_Config1_WriteValue not found: check if there is a RefParameter without a condition.
2025-09-04 08:53:25,866 [WARN] IP:2250 - RefParam_MEMORY_2_Config1_RegAddress not found: check if there is a RefParameter without a condition.
2025-09-04 08:53:25,866 [WARN] IP:2250 - RefParam_MEMORY_2_Config2_WriteMask not found: check if there is a RefParameter without a condition.
2025-09-04 08:53:25,867 [WARN] IP:2250 - RefParam_MEMORY_2_Config2_WriteValue not found: check if there is a RefParameter without a condition.
2025-09-04 08:53:25,867 [WARN] IP:2250 - RefParam_MEMORY_2_Config2_RegAddress not found: check if there is a RefParameter without a condition.
2025-09-04 08:53:25,867 [WARN] IP:2250 - RefParam_MEMORY_2_Config3_WriteMask not found: check if there is a RefParameter without a condition.
2025-09-04 08:53:25,867 [WARN] IP:2250 - RefParam_MEMORY_2_Config3_WriteValue not found: check if there is a RefParameter without a condition.
2025-09-04 08:53:25,867 [WARN] IP:2250 - RefParam_MEMORY_2_Config3_RegAddress not found: check if there is a RefParameter without a condition.
2025-09-04 08:53:26,116 [INFO] AIMainUI:1270 - Restoring parameters from IP...
2025-09-04 08:53:26,116 [INFO] AIMainUI:1393 - No old model detected
2025-09-04 08:53:26,168 [INFO] AInterface:116 - AInterface using toolDir: C:/Users/ZOJOLDRI/STM32Cube/Repository/Packs/STMicroelectronics/X-CUBE-AI/10.2.0/Utilities/windows
2025-09-04 08:53:26,174 [INFO] AIModelDetailledView:2380 - Analysis status: -
2025-09-04 08:53:26,175 [INFO] AIModelDetailledView:929 - Selected model: Keras
2025-09-04 08:53:26,242 [INFO] AIModelDetailledView:2380 - Analysis status: done
2025-09-04 08:53:58,524 [INFO] NvicIntPanel:101 - NVIC parent = com.st.microxplorer.plugins.ip.nvic.MultiNvicIntPanel[,0,0,537x272,layout=javax.swing.BoxLayout,alignmentX=0.0,alignmentY=0.0,border=,flags=9,maximumSize=,minimumSize=,preferredSize=]
