2025-09-23 12:20:54,311 [INFO] WebApp:194 - Connection lost
2025-09-23 12:21:22,222 [INFO] WebApp:191 - Connection restablished
2025-09-23 13:51:22,301 [INFO] NvicIntPanel:101 - NVIC parent = com.st.microxplorer.plugins.ip.nvic.MultiNvicIntPanel[,0,0,0x0,invalid,layout=javax.swing.BoxLayout,alignmentX=0.0,alignmentY=0.0,border=,flags=9,maximumSize=,minimumSize=,preferredSize=]
2025-09-23 13:51:56,667 [INFO] UtilMem:75 - End SaveConfig() Used Memory: 652986624 Bytes (1073741824)
2025-09-23 13:51:57,617 [ERROR] IocParser:95 - Exception caught: Cannot invoke "java.lang.CharSequence.length()" because "this.text" is null
2025-09-23 13:51:58,086 [INFO] UtilMem:75 - End SaveConfig() Used Memory: 691261696 Bytes (1073741824)
2025-09-23 13:52:00,037 [INFO] UtilMem:75 - End SaveConfig() Used Memory: 990296048 Bytes (1073741824)
2025-09-23 13:52:00,681 [ERROR] IocParser:95 - Exception caught: Cannot invoke "java.lang.CharSequence.length()" because "this.text" is null
2025-09-23 13:52:01,017 [INFO] BlockDiagram:2775 - set Specific Code input for plugin: EXTMEM_MANAGER
2025-09-23 13:52:01,017 [INFO] BlockDiagram:2775 - set Specific Code input for plugin: RAMCFG
2025-09-23 13:52:01,017 [INFO] BlockDiagram:2775 - set Specific Code input for plugin: RCC
2025-09-23 13:52:01,017 [INFO] BlockDiagram:2775 - set Specific Code input for plugin: CORTEX_M55_FSBL
2025-09-23 13:52:01,017 [INFO] BlockDiagram:2775 - set Specific Code input for plugin: XSPIM
2025-09-23 13:52:01,018 [INFO] BlockDiagram:2775 - set Specific Code input for plugin: STMicroelectronics.X-CUBE-AI.10.2.0
2025-09-23 13:52:01,018 [INFO] BlockDiagram:2775 - set Specific Code input for plugin: XSPI
2025-09-23 13:52:01,018 [INFO] BlockDiagram:2775 - set Specific Code input for plugin: NUCLEO-N657X0-Q
2025-09-23 13:52:01,018 [INFO] BlockDiagram:2775 - set Specific Code input for plugin: TIM1_8N6
2025-09-23 13:52:01,018 [INFO] BlockDiagram:2775 - set Specific Code input for plugin: CACHEAXI
2025-09-23 13:52:01,018 [INFO] BlockDiagram:2775 - set Specific Code input for plugin: BSEC
2025-09-23 13:52:01,018 [INFO] BlockDiagram:2775 - set Specific Code input for plugin: LPUART
2025-09-23 13:52:01,018 [INFO] BlockDiagram:2775 - set Specific Code input for plugin: NVIC
2025-09-23 13:52:01,019 [INFO] BlockDiagram:2775 - set Specific Code input for plugin: GPIO
2025-09-23 13:52:01,019 [INFO] BlockDiagram:2775 - set Specific Code input for plugin: RIF
2025-09-23 13:52:01,019 [INFO] BlockDiagram:2775 - set Specific Code input for plugin: NVIC1
2025-09-23 13:52:01,021 [INFO] CodeGenerator:892 - code generatio: config db path: C:\ST\STM32CubeIDE_1.19.0\STM32CubeIDE\plugins\com.st.stm32cube.common.mx_6.15.0.202507011659\\db\
2025-09-23 13:52:01,039 [WARN] IP:2250 - RefParam_XIP_memory not found: check if there is a RefParameter without a condition.
2025-09-23 13:52:01,039 [WARN] IP:2250 - RefParam_MEMORY_1_Size not found: check if there is a RefParameter without a condition.
2025-09-23 13:52:01,039 [WARN] IP:2250 - RefParam_MEMORY_1_FreqMax not found: check if there is a RefParameter without a condition.
2025-09-23 13:52:01,039 [WARN] IP:2250 - RefParam_MEMORY_1_ReadReg not found: check if there is a RefParameter without a condition.
2025-09-23 13:52:01,039 [WARN] IP:2250 - RefParam_MEMORY_1_WriteReg not found: check if there is a RefParameter without a condition.
2025-09-23 13:52:01,039 [WARN] IP:2250 - RefParam_MEMORY_1_RegSize not found: check if there is a RefParameter without a condition.
2025-09-23 13:52:01,039 [WARN] IP:2250 - RefParam_MEMORY_1_RegDummyCycle not found: check if there is a RefParameter without a condition.
2025-09-23 13:52:01,039 [WARN] IP:2250 - RefParam_MEMORY_1_WriteCommand not found: check if there is a RefParameter without a condition.
2025-09-23 13:52:01,039 [WARN] IP:2250 - RefParam_MEMORY_1_WriteDummyCycle not found: check if there is a RefParameter without a condition.
2025-09-23 13:52:01,039 [WARN] IP:2250 - RefParam_MEMORY_1_ReadCommand not found: check if there is a RefParameter without a condition.
2025-09-23 13:52:01,040 [WARN] IP:2250 - RefParam_MEMORY_1_WrapReadCommand not found: check if there is a RefParameter without a condition.
2025-09-23 13:52:01,040 [WARN] IP:2250 - RefParam_MEMORY_1_ReadDummyCycle not found: check if there is a RefParameter without a condition.
2025-09-23 13:52:01,040 [WARN] IP:2250 - RefParam_MEMORY_1_NumberOfConfig not found: check if there is a RefParameter without a condition.
2025-09-23 13:52:01,040 [WARN] IP:2250 - RefParam_MEMORY_1_Config1_WriteMask not found: check if there is a RefParameter without a condition.
2025-09-23 13:52:01,040 [WARN] IP:2250 - RefParam_MEMORY_1_Config1_WriteValue not found: check if there is a RefParameter without a condition.
2025-09-23 13:52:01,040 [WARN] IP:2250 - RefParam_MEMORY_1_Config1_RegAddress not found: check if there is a RefParameter without a condition.
2025-09-23 13:52:01,040 [WARN] IP:2250 - RefParam_MEMORY_1_Config2_WriteMask not found: check if there is a RefParameter without a condition.
2025-09-23 13:52:01,040 [WARN] IP:2250 - RefParam_MEMORY_1_Config2_WriteValue not found: check if there is a RefParameter without a condition.
2025-09-23 13:52:01,040 [WARN] IP:2250 - RefParam_MEMORY_1_Config2_RegAddress not found: check if there is a RefParameter without a condition.
2025-09-23 13:52:01,040 [WARN] IP:2250 - RefParam_MEMORY_1_Config3_WriteMask not found: check if there is a RefParameter without a condition.
2025-09-23 13:52:01,040 [WARN] IP:2250 - RefParam_MEMORY_1_Config3_WriteValue not found: check if there is a RefParameter without a condition.
2025-09-23 13:52:01,040 [WARN] IP:2250 - RefParam_MEMORY_1_Config3_RegAddress not found: check if there is a RefParameter without a condition.
2025-09-23 13:52:01,040 [WARN] IP:2250 - RefParam_MEMORY_2_Instance not found: check if there is a RefParameter without a condition.
2025-09-23 13:52:01,040 [WARN] IP:2250 - RefParam_MEMORY_2_ConfigType not found: check if there is a RefParameter without a condition.
2025-09-23 13:52:01,040 [WARN] IP:2250 - RefParam_MEMORY_2_Size not found: check if there is a RefParameter without a condition.
2025-09-23 13:52:01,040 [WARN] IP:2250 - RefParam_MEMORY_2_FreqMax not found: check if there is a RefParameter without a condition.
2025-09-23 13:52:01,041 [WARN] IP:2250 - RefParam_MEMORY_2_ReadReg not found: check if there is a RefParameter without a condition.
2025-09-23 13:52:01,041 [WARN] IP:2250 - RefParam_MEMORY_2_WriteReg not found: check if there is a RefParameter without a condition.
2025-09-23 13:52:01,041 [WARN] IP:2250 - RefParam_MEMORY_2_RegSize not found: check if there is a RefParameter without a condition.
2025-09-23 13:52:01,041 [WARN] IP:2250 - RefParam_MEMORY_2_RegDummyCycle not found: check if there is a RefParameter without a condition.
2025-09-23 13:52:01,041 [WARN] IP:2250 - RefParam_MEMORY_2_WriteCommand not found: check if there is a RefParameter without a condition.
2025-09-23 13:52:01,041 [WARN] IP:2250 - RefParam_MEMORY_2_WriteDummyCycle not found: check if there is a RefParameter without a condition.
2025-09-23 13:52:01,041 [WARN] IP:2250 - RefParam_MEMORY_2_ReadCommand not found: check if there is a RefParameter without a condition.
2025-09-23 13:52:01,041 [WARN] IP:2250 - RefParam_MEMORY_2_WrapReadCommand not found: check if there is a RefParameter without a condition.
2025-09-23 13:52:01,041 [WARN] IP:2250 - RefParam_MEMORY_2_ReadDummyCycle not found: check if there is a RefParameter without a condition.
2025-09-23 13:52:01,041 [WARN] IP:2250 - RefParam_MEMORY_2_NumberOfConfig not found: check if there is a RefParameter without a condition.
2025-09-23 13:52:01,041 [WARN] IP:2250 - RefParam_MEMORY_2_Config1_WriteMask not found: check if there is a RefParameter without a condition.
2025-09-23 13:52:01,041 [WARN] IP:2250 - RefParam_MEMORY_2_Config1_WriteValue not found: check if there is a RefParameter without a condition.
2025-09-23 13:52:01,041 [WARN] IP:2250 - RefParam_MEMORY_2_Config1_RegAddress not found: check if there is a RefParameter without a condition.
2025-09-23 13:52:01,041 [WARN] IP:2250 - RefParam_MEMORY_2_Config2_WriteMask not found: check if there is a RefParameter without a condition.
2025-09-23 13:52:01,041 [WARN] IP:2250 - RefParam_MEMORY_2_Config2_WriteValue not found: check if there is a RefParameter without a condition.
2025-09-23 13:52:01,041 [WARN] IP:2250 - RefParam_MEMORY_2_Config2_RegAddress not found: check if there is a RefParameter without a condition.
2025-09-23 13:52:01,041 [WARN] IP:2250 - RefParam_MEMORY_2_Config3_WriteMask not found: check if there is a RefParameter without a condition.
2025-09-23 13:52:01,041 [WARN] IP:2250 - RefParam_MEMORY_2_Config3_WriteValue not found: check if there is a RefParameter without a condition.
2025-09-23 13:52:01,041 [WARN] IP:2250 - RefParam_MEMORY_2_Config3_RegAddress not found: check if there is a RefParameter without a condition.
2025-09-23 13:52:01,154 [INFO] Middleware:1452 - No code input for Bsp Dependency
2025-09-23 13:52:01,156 [INFO] Middleware:1452 - No code input for Bsp Dependency
2025-09-23 13:52:01,158 [INFO] Middleware:1452 - No code input for Bsp Dependency
2025-09-23 13:52:01,159 [INFO] Middleware:1452 - No code input for Bsp Dependency
2025-09-23 13:52:01,159 [INFO] Middleware:1452 - No code input for Bsp Dependency
2025-09-23 13:52:01,159 [INFO] IP:3329 - RTE Config file name : RTE_Component
2025-09-23 13:52:01,159 [INFO] IP:3347 - RTE template : RTE_Components.ftl
2025-09-23 13:52:01,161 [INFO] Middleware:1452 - No code input for Bsp Dependency
2025-09-23 13:52:01,162 [INFO] Middleware:1452 - No code input for Bsp Dependency
2025-09-23 13:52:01,163 [INFO] Middleware:1452 - No code input for Bsp Dependency
2025-09-23 13:52:01,164 [INFO] CodeGenerator:1619 - *******************Project context FSBL selected
2025-09-23 13:52:01,214 [INFO] CodeEngine:265 - oldGeneratedFile, C:\ST\AB_LSTM\AB_LSTM\MXTmpFiles\license.tmp_save
2025-09-23 13:52:01,437 [INFO] CodeEngine:289 - Generated code: C:\ST\AB_LSTM\AB_LSTM\MXTmpFiles\license.tmp
2025-09-23 13:52:01,495 [INFO] CodeEngine:265 - oldGeneratedFile, C:\ST\AB_LSTM\AB_LSTM\FSBL\MXTmpFiles\gpio.tmp_save
2025-09-23 13:52:01,654 [INFO] CodeEngine:289 - Generated code: C:\ST\AB_LSTM\AB_LSTM\FSBL\MXTmpFiles\gpio.tmp
2025-09-23 13:52:01,812 [WARN] IPConfigManager:103 - WARNING: Missing Config File for XSPIM ip!!
2025-09-23 13:52:01,872 [INFO] Middleware:1452 - No code input for Bsp Dependency
2025-09-23 13:52:01,881 [INFO] CodeEngine:265 - oldGeneratedFile, C:\ST\AB_LSTM\AB_LSTM\FSBL\MXTmpFiles\boot_code.tmp_save
2025-09-23 13:52:01,991 [INFO] CodeEngine:289 - Generated code: C:\ST\AB_LSTM\AB_LSTM\FSBL\MXTmpFiles\boot_code.tmp
2025-09-23 13:52:02,014 [INFO] CodeEngine:265 - oldGeneratedFile, C:\ST\AB_LSTM\AB_LSTM\FSBL\MXTmpFiles\cortex.tmp_save
2025-09-23 13:52:02,126 [INFO] CodeEngine:289 - Generated code: C:\ST\AB_LSTM\AB_LSTM\FSBL\MXTmpFiles\cortex.tmp
2025-09-23 13:52:02,143 [INFO] Middleware:1452 - No code input for Bsp Dependency
2025-09-23 13:52:02,159 [INFO] CodeEngine:265 - oldGeneratedFile, C:\ST\AB_LSTM\AB_LSTM\FSBL\Core\Inc\extmem_manager.h_save
2025-09-23 13:52:02,299 [INFO] CodeEngine:289 - Generated code: C:\ST\AB_LSTM\AB_LSTM\FSBL\Core\Inc\extmem_manager.h
2025-09-23 13:52:02,310 [INFO] CodeEngine:265 - oldGeneratedFile, C:\ST\AB_LSTM\AB_LSTM\FSBL\Core\Src\extmem_manager.c_save
2025-09-23 13:52:02,470 [INFO] CodeEngine:289 - Generated code: C:\ST\AB_LSTM\AB_LSTM\FSBL\Core\Src\extmem_manager.c
2025-09-23 13:52:02,486 [INFO] CodeEngine:265 - oldGeneratedFile, C:\ST\AB_LSTM\AB_LSTM\FSBL\Core\Inc\stm32_extmem_conf.h_save
2025-09-23 13:52:02,605 [INFO] CodeEngine:289 - Generated code: C:\ST\AB_LSTM\AB_LSTM\FSBL\Core\Inc\stm32_extmem_conf.h
2025-09-23 13:52:02,614 [INFO] CodeEngine:265 - oldGeneratedFile, C:\ST\AB_LSTM\AB_LSTM\FSBL\MXTmpFiles\boot_code.tmp_save
2025-09-23 13:52:02,658 [INFO] CodeEngine:289 - Generated code: C:\ST\AB_LSTM\AB_LSTM\FSBL\MXTmpFiles\boot_code.tmp
2025-09-23 13:52:02,689 [INFO] CodeEngine:265 - oldGeneratedFile, C:\ST\AB_LSTM\AB_LSTM\FSBL\Core\Src\stm32n6xx_it.c_save
2025-09-23 13:52:02,894 [INFO] CodeEngine:289 - Generated code: C:\ST\AB_LSTM\AB_LSTM\FSBL\Core\Src\stm32n6xx_it.c
2025-09-23 13:52:02,903 [INFO] CodeEngine:265 - oldGeneratedFile, C:\ST\AB_LSTM\AB_LSTM\FSBL\Core\Inc\stm32n6xx_it.h_save
2025-09-23 13:52:02,984 [INFO] CodeEngine:289 - Generated code: C:\ST\AB_LSTM\AB_LSTM\FSBL\Core\Inc\stm32n6xx_it.h
2025-09-23 13:52:03,110 [INFO] CodeEngine:265 - oldGeneratedFile, C:\ST\AB_LSTM\AB_LSTM\FSBL\Core\Src\stm32n6xx_hal_msp.c_save
2025-09-23 13:52:03,304 [INFO] CodeEngine:289 - Generated code: C:\ST\AB_LSTM\AB_LSTM\FSBL\Core\Src\stm32n6xx_hal_msp.c
2025-09-23 13:52:03,316 [INFO] CodeEngine:265 - oldGeneratedFile, C:\ST\AB_LSTM\AB_LSTM\FSBL\MXTmpFiles\system.tmp_save
2025-09-23 13:52:03,362 [INFO] CodeEngine:289 - Generated code: C:\ST\AB_LSTM\AB_LSTM\FSBL\MXTmpFiles\system.tmp
2025-09-23 13:52:03,381 [INFO] CodeEngine:321 - oldGeneratedFile, C:\ST\AB_LSTM\AB_LSTM\FSBL\Core\Inc\stm32n6xx_hal_conf.h_save
2025-09-23 13:52:03,482 [INFO] CodeEngine:345 - Generated code: C:\ST\AB_LSTM\AB_LSTM\FSBL\Core\Inc\stm32n6xx_hal_conf.h
2025-09-23 13:52:03,500 [WARN] IPConfigManager:3238 - Warning: the RefConfig RCC_ConfigVoltageScaling is not available in your config.xml file
2025-09-23 13:52:03,506 [WARN] IPConfigManager:3238 - Warning: the RefConfig RCC_RTC_HSEDIV is not available in your config.xml file
2025-09-23 13:52:03,514 [ERROR] ApiDbMcu:560 - Cannot parse XSPIM_Config file : file do not exist
2025-09-23 13:52:03,530 [INFO] CodeEngine:265 - oldGeneratedFile, C:\ST\AB_LSTM\AB_LSTM\FSBL\Core\Inc\main.h_save
2025-09-23 13:52:03,642 [INFO] CodeEngine:289 - Generated code: C:\ST\AB_LSTM\AB_LSTM\FSBL\Core\Inc\main.h
2025-09-23 13:52:03,649 [INFO] CodeEngine:265 - oldGeneratedFile, C:\ST\AB_LSTM\AB_LSTM\FSBL\Core\Src\main.c_save
2025-09-23 13:52:03,767 [INFO] CodeEngine:289 - Generated code: C:\ST\AB_LSTM\AB_LSTM\FSBL\Core\Src\main.c
2025-09-23 13:52:03,805 [INFO] CodeGenerator:1619 - *******************Project context Appli selected
2025-09-23 13:52:03,832 [INFO] IP:3329 - RTE Config file name : RTE_Component
2025-09-23 13:52:03,833 [INFO] IP:3347 - RTE template : RTE_Components.ftl
2025-09-23 13:52:03,841 [INFO] CodeEngine:265 - oldGeneratedFile, C:\ST\AB_LSTM\AB_LSTM\MXTmpFiles\license.tmp_save
2025-09-23 13:52:03,902 [INFO] CodeEngine:289 - Generated code: C:\ST\AB_LSTM\AB_LSTM\MXTmpFiles\license.tmp
2025-09-23 13:52:03,922 [INFO] CodeEngine:265 - oldGeneratedFile, C:\ST\AB_LSTM\AB_LSTM\Appli\MXTmpFiles\gpio.tmp_save
2025-09-23 13:52:04,003 [INFO] CodeEngine:289 - Generated code: C:\ST\AB_LSTM\AB_LSTM\Appli\MXTmpFiles\gpio.tmp
2025-09-23 13:52:04,087 [WARN] IPConfigManager:103 - WARNING: Missing Config File for NVIC ip!!
2025-09-23 13:52:04,178 [INFO] Middleware:1452 - No code input for Bsp Dependency
2025-09-23 13:52:04,179 [INFO] Middleware:1452 - No code input for Bsp Dependency
2025-09-23 13:52:04,180 [INFO] IP:3329 - RTE Config file name : RTE_Component
2025-09-23 13:52:04,180 [INFO] IP:3347 - RTE template : RTE_Components.ftl
2025-09-23 13:52:04,188 [INFO] CodeEngine:265 - oldGeneratedFile, C:\ST\AB_LSTM\AB_LSTM\Appli\MXTmpFiles\cortex.tmp_save
2025-09-23 13:52:04,252 [INFO] CodeEngine:289 - Generated code: C:\ST\AB_LSTM\AB_LSTM\Appli\MXTmpFiles\cortex.tmp
2025-09-23 13:52:04,278 [INFO] CodeEngine:265 - oldGeneratedFile, C:\ST\AB_LSTM\AB_LSTM\Appli\Core\Inc\stm32n6xx_nucleo_conf.h_save
2025-09-23 13:52:04,365 [INFO] CodeEngine:289 - Generated code: C:\ST\AB_LSTM\AB_LSTM\Appli\Core\Inc\stm32n6xx_nucleo_conf.h
2025-09-23 13:52:04,371 [INFO] CodeEngine:265 - oldGeneratedFile, C:\ST\AB_LSTM\AB_LSTM\Appli\MXTmpFiles\bsp_inc.tmp_save
2025-09-23 13:52:04,415 [INFO] CodeEngine:289 - Generated code: C:\ST\AB_LSTM\AB_LSTM\Appli\MXTmpFiles\bsp_inc.tmp
2025-09-23 13:52:04,426 [INFO] CodeEngine:265 - oldGeneratedFile, C:\ST\AB_LSTM\AB_LSTM\Appli\MXTmpFiles\bsp_common_vars.tmp_save
2025-09-23 13:52:04,463 [INFO] CodeEngine:289 - Generated code: C:\ST\AB_LSTM\AB_LSTM\Appli\MXTmpFiles\bsp_common_vars.tmp
2025-09-23 13:52:04,468 [INFO] CodeEngine:265 - oldGeneratedFile, C:\ST\AB_LSTM\AB_LSTM\Appli\MXTmpFiles\bsp_common_init.tmp_save
2025-09-23 13:52:04,512 [INFO] CodeEngine:289 - Generated code: C:\ST\AB_LSTM\AB_LSTM\Appli\MXTmpFiles\bsp_common_init.tmp
2025-09-23 13:52:04,524 [INFO] CodeEngine:265 - oldGeneratedFile, C:\ST\AB_LSTM\AB_LSTM\Appli\MXTmpFiles\bsp_common_demo_before_while.tmp_save
2025-09-23 13:52:04,563 [INFO] CodeEngine:289 - Generated code: C:\ST\AB_LSTM\AB_LSTM\Appli\MXTmpFiles\bsp_common_demo_before_while.tmp
2025-09-23 13:52:04,568 [INFO] CodeEngine:265 - oldGeneratedFile, C:\ST\AB_LSTM\AB_LSTM\Appli\MXTmpFiles\bsp_common_demo_inside_while.tmp_save
2025-09-23 13:52:04,604 [INFO] CodeEngine:289 - Generated code: C:\ST\AB_LSTM\AB_LSTM\Appli\MXTmpFiles\bsp_common_demo_inside_while.tmp
2025-09-23 13:52:04,607 [INFO] CodeEngine:265 - oldGeneratedFile, C:\ST\AB_LSTM\AB_LSTM\Appli\MXTmpFiles\bsp_common_demo_fct.tmp_save
2025-09-23 13:52:04,644 [INFO] CodeEngine:289 - Generated code: C:\ST\AB_LSTM\AB_LSTM\Appli\MXTmpFiles\bsp_common_demo_fct.tmp
2025-09-23 13:52:04,647 [INFO] Middleware:1452 - No code input for Bsp Dependency
2025-09-23 13:52:04,648 [INFO] Middleware:1452 - No code input for Bsp Dependency
2025-09-23 13:52:04,648 [INFO] IP:3329 - RTE Config file name : RTE_Component
2025-09-23 13:52:04,648 [INFO] IP:3347 - RTE template : RTE_Components.ftl
2025-09-23 13:52:04,656 [INFO] CodeEngine:265 - oldGeneratedFile, C:\ST\AB_LSTM\AB_LSTM\Appli\X-CUBE-AI\App\app_x-cube-ai.h_save
2025-09-23 13:52:04,747 [INFO] CodeEngine:289 - Generated code: C:\ST\AB_LSTM\AB_LSTM\Appli\X-CUBE-AI\App\app_x-cube-ai.h
2025-09-23 13:52:04,756 [INFO] CodeEngine:265 - oldGeneratedFile, C:\ST\AB_LSTM\AB_LSTM\Appli\X-CUBE-AI\constants_ai.h_save
2025-09-23 13:52:04,815 [INFO] CodeEngine:289 - Generated code: C:\ST\AB_LSTM\AB_LSTM\Appli\X-CUBE-AI\constants_ai.h
2025-09-23 13:52:04,822 [INFO] CodeEngine:265 - oldGeneratedFile, C:\ST\AB_LSTM\AB_LSTM\Appli\X-CUBE-AI\App\app_x-cube-ai.c_save
2025-09-23 13:52:04,896 [INFO] CodeEngine:289 - Generated code: C:\ST\AB_LSTM\AB_LSTM\Appli\X-CUBE-AI\App\app_x-cube-ai.c
2025-09-23 13:52:04,930 [INFO] CodeEngine:265 - oldGeneratedFile, C:\ST\AB_LSTM\AB_LSTM\Appli\Core\Src\stm32n6xx_it.c_save
2025-09-23 13:52:05,059 [INFO] CodeEngine:289 - Generated code: C:\ST\AB_LSTM\AB_LSTM\Appli\Core\Src\stm32n6xx_it.c
2025-09-23 13:52:05,064 [INFO] CodeEngine:265 - oldGeneratedFile, C:\ST\AB_LSTM\AB_LSTM\Appli\Core\Inc\stm32n6xx_it.h_save
2025-09-23 13:52:05,123 [INFO] CodeEngine:289 - Generated code: C:\ST\AB_LSTM\AB_LSTM\Appli\Core\Inc\stm32n6xx_it.h
2025-09-23 13:52:05,127 [INFO] IP:3329 - RTE Config file name : RTE_Component
2025-09-23 13:52:05,127 [INFO] IP:3347 - RTE template : RTE_Components.ftl
2025-09-23 13:52:05,127 [INFO] CodeGenerator:2312 - Add RTE Code Input 
2025-09-23 13:52:05,137 [INFO] CodeEngine:265 - oldGeneratedFile, C:\ST\AB_LSTM\AB_LSTM\Appli\Core\Inc\RTE_Components.h_save
2025-09-23 13:52:05,311 [INFO] CodeEngine:289 - Generated code: C:\ST\AB_LSTM\AB_LSTM\Appli\Core\Inc\RTE_Components.h
2025-09-23 13:52:05,324 [INFO] CodeEngine:265 - oldGeneratedFile, C:\ST\AB_LSTM\AB_LSTM\Appli\MXTmpFiles\RIFInit.tmp_save
2025-09-23 13:52:05,407 [INFO] CodeEngine:289 - Generated code: C:\ST\AB_LSTM\AB_LSTM\Appli\MXTmpFiles\RIFInit.tmp
2025-09-23 13:52:05,473 [INFO] CodeEngine:265 - oldGeneratedFile, C:\ST\AB_LSTM\AB_LSTM\Appli\Core\Src\stm32n6xx_hal_msp.c_save
2025-09-23 13:52:05,604 [INFO] CodeEngine:289 - Generated code: C:\ST\AB_LSTM\AB_LSTM\Appli\Core\Src\stm32n6xx_hal_msp.c
2025-09-23 13:52:05,616 [INFO] CodeEngine:265 - oldGeneratedFile, C:\ST\AB_LSTM\AB_LSTM\Appli\MXTmpFiles\system.tmp_save
2025-09-23 13:52:05,645 [INFO] CodeEngine:289 - Generated code: C:\ST\AB_LSTM\AB_LSTM\Appli\MXTmpFiles\system.tmp
2025-09-23 13:52:05,655 [INFO] CodeEngine:321 - oldGeneratedFile, C:\ST\AB_LSTM\AB_LSTM\Appli\Core\Inc\stm32n6xx_hal_conf.h_save
2025-09-23 13:52:05,747 [INFO] CodeEngine:345 - Generated code: C:\ST\AB_LSTM\AB_LSTM\Appli\Core\Inc\stm32n6xx_hal_conf.h
2025-09-23 13:52:05,760 [WARN] IPConfigManager:3238 - Warning: the RefConfig RCC_ConfigVoltageScaling is not available in your config.xml file
2025-09-23 13:52:05,761 [WARN] IPConfigManager:3238 - Warning: the RefConfig RCC_RTC_HSEDIV is not available in your config.xml file
2025-09-23 13:52:05,770 [WARN] IPConfigManager:3811 - IP not found : TIM
2025-09-23 13:52:05,771 [WARN] CodeGenerator:4259 - IP not found : null
2025-09-23 13:52:05,777 [INFO] CodeEngine:265 - oldGeneratedFile, C:\ST\AB_LSTM\AB_LSTM\Appli\Core\Inc\main.h_save
2025-09-23 13:52:05,877 [INFO] CodeEngine:289 - Generated code: C:\ST\AB_LSTM\AB_LSTM\Appli\Core\Inc\main.h
2025-09-23 13:52:05,888 [INFO] CodeEngine:265 - oldGeneratedFile, C:\ST\AB_LSTM\AB_LSTM\Appli\Core\Src\main.c_save
2025-09-23 13:52:06,003 [INFO] CodeEngine:289 - Generated code: C:\ST\AB_LSTM\AB_LSTM\Appli\Core\Src\main.c
2025-09-23 13:52:06,013 [INFO] CodeEngine:265 - oldGeneratedFile, C:\ST\AB_LSTM\AB_LSTM\Appli\Core\Src\secure_nsc.c_save
2025-09-23 13:52:06,091 [INFO] CodeEngine:289 - Generated code: C:\ST\AB_LSTM\AB_LSTM\Appli\Core\Src\secure_nsc.c
2025-09-23 13:52:06,098 [INFO] CodeEngine:265 - oldGeneratedFile, C:\ST\AB_LSTM\AB_LSTM\Appli\Core\Inc\partition_stm32n657xx.h_save
2025-09-23 13:52:06,171 [INFO] CodeEngine:289 - Generated code: C:\ST\AB_LSTM\AB_LSTM\Appli\Core\Inc\partition_stm32n657xx.h
2025-09-23 13:52:06,177 [INFO] CodeEngine:265 - oldGeneratedFile, C:\ST\AB_LSTM\AB_LSTM\Secure_nsclib\secure_nsc.h_save
2025-09-23 13:52:06,235 [INFO] CodeEngine:289 - Generated code: C:\ST\AB_LSTM\AB_LSTM\Secure_nsclib\secure_nsc.h
2025-09-23 13:52:06,261 [INFO] CodeGenerator:1707 - *******************Project context ExtMemLoader Not selected
2025-09-23 13:52:07,180 [INFO] AInterface:322 - ModelName:network; files:[C:\Users\ZOJOLDRI\OneDrive - Carl Zeiss AG\Dokumente\Zeiss\SMT\Bachelor\AB Encoder Model\AB_Encoder_Synthetic_Data\lstm_ab_encoder.h5]; type:Keras; compression:None
2025-09-23 13:52:07,180 [INFO] AInterface:526 - workspaceTempDir: C:/Users/ZOJOLDRI/AppData/Local/Temp/mxAI_workspace48374185012470010921663025243141447
2025-09-23 13:52:07,181 [INFO] AInterface:1176 - Setting Env: C:/Users/ZOJOLDRI/STM32Cube/Repository/Packs/STMicroelectronics/X-CUBE-AI/10.2.0/Utilities/windows
2025-09-23 13:52:07,188 [INFO] STM32CubeIDEBuilder:265 - Looking for gnu-tools-for-stm32 tools/bin/arm-none-eabi-gcc.exe in C:\ST\STM32CubeIDE_1.19.0\STM32CubeIDE
2025-09-23 13:52:07,189 [INFO] STM32CubeIDEBuilder:294 - checking C:\ST\STM32CubeIDE_1.19.0\STM32CubeIDE\plugins\com.st.stm32cube.ide.mcu.externaltools.gnu-tools-for-stm32.13.3.rel1.win32_1.0.0.202411081344\tools\bin\arm-none-eabi-gcc.exe
2025-09-23 13:52:07,190 [INFO] STM32CubeIDEBuilder:297 - ret=C:\ST\STM32CubeIDE_1.19.0\STM32CubeIDE\plugins\com.st.stm32cube.ide.mcu.externaltools.gnu-tools-for-stm32.13.3.rel1.win32_1.0.0.202411081344\tools\bin\arm-none-eabi-gcc.exe
2025-09-23 13:52:07,190 [INFO] STM32CubeIDEBuilder:311 - returning C:\ST\STM32CubeIDE_1.19.0\STM32CubeIDE\plugins\com.st.stm32cube.ide.mcu.externaltools.gnu-tools-for-stm32.13.3.rel1.win32_1.0.0.202411081344\tools\bin\arm-none-eabi-gcc.exe
2025-09-23 13:52:07,190 [INFO] AInterface:1233 - Custom PATH variable: C:/Users/ZOJOLDRI/STM32Cube/Repository/Packs/STMicroelectronics/X-CUBE-AI/10.2.0/Utilities/windows;C:/Users/ZOJOLDRI/STM32Cube/Repository/Packs/STMicroelectronics/X-CUBE-AI/10.2.0/Utilities/windows/mingw64/bin;C:/Users/ZOJOLDRI/STM32Cube/Repository/Packs/STMicroelectronics/X-CUBE-AI/10.2.0/Utilities/windows/mingw64/libexec/gcc/x86_64-w64-mingw32/7.3.0;;C:\ST\STM32CubeIDE_1.19.0\STM32CubeIDE\plugins\com.st.stm32cube.ide.mcu.externaltools.gnu-tools-for-stm32.13.3.rel1.win32_1.0.0.202411081344\tools\bin
2025-09-23 13:52:07,191 [INFO] CmdLine:115 - Command: C:/Users/ZOJOLDRI/STM32Cube/Repository/Packs/STMicroelectronics/X-CUBE-AI/10.2.0/Utilities/windows/stedgeai.exe generate --target stm32n6 --name network -m C:/Users/ZOJOLDRI/OneDrive - Carl Zeiss AG/Dokumente/Zeiss/SMT/Bachelor/AB Encoder Model/AB_Encoder_Synthetic_Data/lstm_ab_encoder.h5 --compression none --verbosity 1 --workspace C:/Users/ZOJOLDRI/AppData/Local/Temp/mxAI_workspace48374185012470010921663025243141447 --output C:/Users/ZOJOLDRI/.stm32cubemx/network_output
2025-09-23 13:52:07,191 [INFO] AIModelDetailledView:2380 - Analysis status: pending
2025-09-23 13:52:13,887 [INFO] CmdLine:76 - ST Edge AI Core v2.2.0-20266 2adc00962
2025-09-23 13:53:32,441 [INFO] CmdLine:76 - Creating c (debug) info json file C:\Users\ZOJOLDRI\.stm32cubemx\network_output\network_c_info.json
2025-09-23 13:53:32,468 [INFO] CmdLine:76 -  
2025-09-23 13:53:32,469 [INFO] CmdLine:76 -  Exec/report summary (generate)
2025-09-23 13:53:32,469 [INFO] CmdLine:76 -  ---------------------------------------------------------------------------------------------------------------------------------------------------------------
2025-09-23 13:53:32,469 [INFO] CmdLine:76 -  model file         :   C:\Users\ZOJOLDRI\OneDrive - Carl Zeiss AG\Dokumente\Zeiss\SMT\Bachelor\AB Encoder Model\AB_Encoder_Synthetic_Data\lstm_ab_encoder.h5   
2025-09-23 13:53:32,469 [INFO] CmdLine:76 -  type               :   keras                                                                                                                                   
2025-09-23 13:53:32,469 [INFO] CmdLine:76 -  c_name             :   network                                                                                                                                 
2025-09-23 13:53:32,471 [INFO] CmdLine:76 -  compression        :   none                                                                                                                                    
2025-09-23 13:53:32,471 [INFO] CmdLine:76 -  options            :   allocate-inputs, allocate-outputs                                                                                                       
2025-09-23 13:53:32,471 [INFO] CmdLine:76 -  optimization       :   balanced                                                                                                                                
2025-09-23 13:53:32,471 [INFO] CmdLine:76 -  target/series      :   stm32n6                                                                                                                                 
2025-09-23 13:53:32,471 [INFO] CmdLine:76 -  workspace dir      :   C:\Users\ZOJOLDRI\AppData\Local\Temp\mxAI_workspace48374185012470010921663025243141447                                                  
2025-09-23 13:53:32,471 [INFO] CmdLine:76 -  output dir         :   C:\Users\ZOJOLDRI\.stm32cubemx\network_output                                                                                           
2025-09-23 13:53:32,471 [INFO] CmdLine:76 -  model_fmt          :   float                                                                                                                                   
2025-09-23 13:53:32,471 [INFO] CmdLine:76 -  model_name         :   lstm_ab_encoder                                                                                                                         
2025-09-23 13:53:32,471 [INFO] CmdLine:76 -  model_hash         :   0xf75b47901dfe24cc2f67df89a9743232                                                                                                      
2025-09-23 13:53:32,471 [INFO] CmdLine:76 -  params #           :   6,083 items (23.76 KiB)                                                                                                                 
2025-09-23 13:53:32,471 [INFO] CmdLine:76 -  ---------------------------------------------------------------------------------------------------------------------------------------------------------------
2025-09-23 13:53:32,471 [INFO] CmdLine:76 -  input 1/1          :   'input_0', f32(1x20x10), 800 Bytes, activations                                                                                         
2025-09-23 13:53:32,473 [INFO] CmdLine:76 -  output 1/1         :   'output', f32(1x3), 12 Bytes, activations                                                                                               
2025-09-23 13:53:32,473 [INFO] CmdLine:76 -  macc               :   111,360                                                                                                                                 
2025-09-23 13:53:32,473 [INFO] CmdLine:76 -  weights (ro)       :   24,716 B (24.14 KiB) (1 segment) / +384(+1.6%) vs float model                                                                           
2025-09-23 13:53:32,473 [INFO] CmdLine:76 -  activations (rw)   :   1,824 B (1.78 KiB) (1 segment) *                                                                                                        
2025-09-23 13:53:32,473 [INFO] CmdLine:76 -  ram (total)        :   1,824 B (1.78 KiB) = 1,824 + 0 + 0                                                                                                      
2025-09-23 13:53:32,473 [INFO] CmdLine:76 -  ---------------------------------------------------------------------------------------------------------------------------------------------------------------
2025-09-23 13:53:32,473 [INFO] CmdLine:76 -  (*) 'input'/'output' buffers are allocated in the activations buffer
2025-09-23 13:53:32,473 [INFO] CmdLine:76 - Computing AI RT data/code size (target=stm32n6)..
2025-09-23 13:53:35,303 [INFO] CmdLine:76 -  Requested memory size by section - "stm32n6" target
2025-09-23 13:53:35,304 [INFO] CmdLine:76 -  ------------------------------- -------- -------- ------- -------
2025-09-23 13:53:35,304 [INFO] CmdLine:76 -  module                              text   rodata    data     bss
2025-09-23 13:53:35,305 [INFO] CmdLine:76 -  ------------------------------- -------- -------- ------- -------
2025-09-23 13:53:35,306 [INFO] CmdLine:76 -  NetworkRuntime1020_CM55_GCC.a     15,800       32       0       0
2025-09-23 13:53:35,306 [INFO] CmdLine:76 -  network.o                            592       40   1,888     136
2025-09-23 13:53:35,307 [INFO] CmdLine:76 -  network_data.o                        48       16      88       0
2025-09-23 13:53:35,307 [INFO] CmdLine:76 -  lib (toolchain)*                   1,132      340       0       0
2025-09-23 13:53:35,307 [INFO] CmdLine:76 -  ------------------------------- -------- -------- ------- -------
2025-09-23 13:53:35,307 [INFO] CmdLine:76 -  RT total**                        17,572      428   1,976     136
2025-09-23 13:53:35,307 [INFO] CmdLine:76 -  ------------------------------- -------- -------- ------- -------
2025-09-23 13:53:35,308 [INFO] CmdLine:76 -  weights                                0   24,720       0       0
2025-09-23 13:53:35,308 [INFO] CmdLine:76 -  activations                            0        0       0   1,824
2025-09-23 13:53:35,308 [INFO] CmdLine:76 -  io                                     0        0       0       0
2025-09-23 13:53:35,308 [INFO] CmdLine:76 -  ------------------------------- -------- -------- ------- -------
2025-09-23 13:53:35,309 [INFO] CmdLine:76 -  TOTAL                             17,572   25,148   1,976   1,960
2025-09-23 13:53:35,309 [INFO] CmdLine:76 -  ------------------------------- -------- -------- ------- -------
2025-09-23 13:53:35,309 [INFO] CmdLine:76 -  *  toolchain objects (libm/libgcc*)
2025-09-23 13:53:35,309 [INFO] CmdLine:76 -  ** RT AI runtime objects (kernels+infrastructure)
2025-09-23 13:53:35,310 [INFO] CmdLine:76 -   Summary - "stm32n6" target
2025-09-23 13:53:35,311 [INFO] CmdLine:76 -   ---------------------------------------------------
2025-09-23 13:53:35,311 [INFO] CmdLine:76 -                FLASH (ro)      %*   RAM (rw)       %
2025-09-23 13:53:35,311 [INFO] CmdLine:76 -   ---------------------------------------------------
2025-09-23 13:53:35,311 [INFO] CmdLine:76 -   RT total         19,976   44.7%      2,112   53.7%
2025-09-23 13:53:35,311 [INFO] CmdLine:76 -   ---------------------------------------------------
2025-09-23 13:53:35,311 [INFO] CmdLine:76 -   TOTAL            44,696              3,936
2025-09-23 13:53:35,312 [INFO] CmdLine:76 -   ---------------------------------------------------
2025-09-23 13:53:35,312 [INFO] CmdLine:76 -   *  rt/total
2025-09-23 13:53:35,312 [INFO] CmdLine:76 -  Generated files (7)
2025-09-23 13:53:35,312 [INFO] CmdLine:76 -  ---------------------------------------------------------------------
2025-09-23 13:53:35,313 [INFO] CmdLine:76 -  C:\Users\ZOJOLDRI\.stm32cubemx\network_output\network_data_params.h
2025-09-23 13:53:35,313 [INFO] CmdLine:76 -  C:\Users\ZOJOLDRI\.stm32cubemx\network_output\network_data_params.c
2025-09-23 13:53:35,313 [INFO] CmdLine:76 -  C:\Users\ZOJOLDRI\.stm32cubemx\network_output\network_data.h
2025-09-23 13:53:35,313 [INFO] CmdLine:76 -  C:\Users\ZOJOLDRI\.stm32cubemx\network_output\network_data.c
2025-09-23 13:53:35,313 [INFO] CmdLine:76 -  C:\Users\ZOJOLDRI\.stm32cubemx\network_output\network_config.h
2025-09-23 13:53:35,313 [INFO] CmdLine:76 -  C:\Users\ZOJOLDRI\.stm32cubemx\network_output\network.h
2025-09-23 13:53:35,314 [INFO] CmdLine:76 -  C:\Users\ZOJOLDRI\.stm32cubemx\network_output\network.c
2025-09-23 13:53:35,314 [INFO] CmdLine:76 - Creating txt report file C:\Users\ZOJOLDRI\.stm32cubemx\network_output\network_generate_report.txt
2025-09-23 13:53:37,898 [INFO] CmdLine:76 - elapsed time (generate): 84.010s
2025-09-23 13:53:38,286 [INFO] CmdLine:148 - stedgeai exit with status: 0
2025-09-23 13:53:38,303 [INFO] AIModelDetailledView:2380 - Analysis status: done
2025-09-23 13:53:39,261 [INFO] ProjectBuilder:3606 - Time for Copy HAL[1] : 479mS.
2025-09-23 13:53:39,262 [ERROR] Middleware:2950 - Invalid RefComponent list
2025-09-23 13:53:39,262 [ERROR] Middleware:2950 - Invalid RefComponent list
2025-09-23 13:53:39,262 [ERROR] Middleware:2950 - Invalid RefComponent list
2025-09-23 13:53:39,262 [ERROR] Middleware:2950 - Invalid RefComponent list
2025-09-23 13:53:39,262 [ERROR] Middleware:2950 - Invalid RefComponent list
2025-09-23 13:53:39,262 [ERROR] Middleware:2950 - Invalid RefComponent list
2025-09-23 13:53:39,262 [ERROR] Middleware:2950 - Invalid RefComponent list
2025-09-23 13:53:39,262 [ERROR] Middleware:2950 - Invalid RefComponent list
2025-09-23 13:53:39,262 [ERROR] Middleware:2950 - Invalid RefComponent list
2025-09-23 13:53:39,262 [ERROR] Middleware:2950 - Invalid RefComponent list
2025-09-23 13:53:39,262 [ERROR] Middleware:2950 - Invalid RefComponent list
2025-09-23 13:53:39,262 [ERROR] Middleware:2950 - Invalid RefComponent list
2025-09-23 13:53:39,262 [ERROR] Middleware:2950 - Invalid RefComponent list
2025-09-23 13:53:39,262 [ERROR] Middleware:2950 - Invalid RefComponent list
2025-09-23 13:53:39,262 [ERROR] Middleware:2950 - Invalid RefComponent list
2025-09-23 13:53:39,262 [ERROR] Middleware:2950 - Invalid RefComponent list
2025-09-23 13:53:39,262 [ERROR] Middleware:2950 - Invalid RefComponent list
2025-09-23 13:53:39,262 [ERROR] Middleware:2950 - Invalid RefComponent list
2025-09-23 13:53:39,262 [ERROR] Middleware:2950 - Invalid RefComponent list
2025-09-23 13:53:39,262 [ERROR] Middleware:2950 - Invalid RefComponent list
2025-09-23 13:53:39,262 [ERROR] Middleware:2950 - Invalid RefComponent list
2025-09-23 13:53:39,262 [ERROR] Middleware:2950 - Invalid RefComponent list
2025-09-23 13:53:39,262 [ERROR] Middleware:2950 - Invalid RefComponent list
2025-09-23 13:53:39,262 [ERROR] Middleware:2950 - Invalid RefComponent list
2025-09-23 13:53:39,262 [ERROR] Middleware:2950 - Invalid RefComponent list
2025-09-23 13:53:39,262 [ERROR] Middleware:2950 - Invalid RefComponent list
2025-09-23 13:53:39,262 [ERROR] Middleware:2950 - Invalid RefComponent list
2025-09-23 13:53:39,262 [ERROR] Middleware:2950 - Invalid RefComponent list
2025-09-23 13:53:39,262 [ERROR] Middleware:2950 - Invalid RefComponent list
2025-09-23 13:53:39,262 [ERROR] Middleware:2950 - Invalid RefComponent list
2025-09-23 13:53:39,262 [ERROR] Middleware:2950 - Invalid RefComponent list
2025-09-23 13:53:39,262 [ERROR] Middleware:2950 - Invalid RefComponent list
2025-09-23 13:53:39,262 [ERROR] Middleware:2950 - Invalid RefComponent list
2025-09-23 13:53:39,262 [ERROR] Middleware:2950 - Invalid RefComponent list
2025-09-23 13:53:39,262 [ERROR] Middleware:2950 - Invalid RefComponent list
2025-09-23 13:53:39,262 [ERROR] Middleware:2950 - Invalid RefComponent list
2025-09-23 13:53:39,262 [ERROR] Middleware:2950 - Invalid RefComponent list
2025-09-23 13:53:39,262 [ERROR] Middleware:2950 - Invalid RefComponent list
2025-09-23 13:53:39,262 [ERROR] Middleware:2950 - Invalid RefComponent list
2025-09-23 13:53:39,262 [ERROR] Middleware:2950 - Invalid RefComponent list
2025-09-23 13:53:39,262 [ERROR] Middleware:2950 - Invalid RefComponent list
2025-09-23 13:53:39,262 [ERROR] Middleware:2950 - Invalid RefComponent list
2025-09-23 13:53:39,262 [ERROR] Middleware:2950 - Invalid RefComponent list
2025-09-23 13:53:39,262 [ERROR] Middleware:2950 - Invalid RefComponent list
2025-09-23 13:53:39,262 [ERROR] Middleware:2950 - Invalid RefComponent list
2025-09-23 13:53:39,262 [ERROR] Middleware:2950 - Invalid RefComponent list
2025-09-23 13:53:39,262 [ERROR] Middleware:2950 - Invalid RefComponent list
2025-09-23 13:53:39,262 [ERROR] Middleware:2950 - Invalid RefComponent list
2025-09-23 13:53:39,262 [ERROR] Middleware:2950 - Invalid RefComponent list
2025-09-23 13:53:39,262 [ERROR] Middleware:2950 - Invalid RefComponent list
2025-09-23 13:53:39,262 [ERROR] Middleware:2950 - Invalid RefComponent list
2025-09-23 13:53:39,262 [ERROR] Middleware:2950 - Invalid RefComponent list
2025-09-23 13:53:39,262 [ERROR] Middleware:2950 - Invalid RefComponent list
2025-09-23 13:53:39,263 [ERROR] Middleware:2950 - Invalid RefComponent list
2025-09-23 13:53:39,263 [ERROR] Middleware:2950 - Invalid RefComponent list
2025-09-23 13:53:39,263 [ERROR] Middleware:2950 - Invalid RefComponent list
2025-09-23 13:53:39,263 [ERROR] Middleware:2950 - Invalid RefComponent list
2025-09-23 13:53:39,263 [ERROR] Middleware:2950 - Invalid RefComponent list
2025-09-23 13:53:39,263 [ERROR] Middleware:2950 - Invalid RefComponent list
2025-09-23 13:53:39,263 [ERROR] Middleware:2950 - Invalid RefComponent list
2025-09-23 13:53:39,263 [ERROR] Middleware:2950 - Invalid RefComponent list
2025-09-23 13:53:39,263 [ERROR] Middleware:2950 - Invalid RefComponent list
2025-09-23 13:53:39,263 [ERROR] Middleware:2950 - Invalid RefComponent list
2025-09-23 13:53:39,263 [ERROR] Middleware:2950 - Invalid RefComponent list
2025-09-23 13:53:39,263 [ERROR] Middleware:2950 - Invalid RefComponent list
2025-09-23 13:53:39,263 [ERROR] Middleware:2950 - Invalid RefComponent list
2025-09-23 13:53:39,263 [ERROR] Middleware:2950 - Invalid RefComponent list
2025-09-23 13:53:39,263 [ERROR] Middleware:2950 - Invalid RefComponent list
2025-09-23 13:53:39,263 [ERROR] Middleware:2950 - Invalid RefComponent list
2025-09-23 13:53:39,263 [ERROR] Middleware:2950 - Invalid RefComponent list
2025-09-23 13:53:39,278 [INFO] ProjectBuilder:5216 - Project Generator version: 4.7.0-B52
2025-09-23 13:53:39,329 [INFO] ConfigFileManager:1595 - The Die is : DIE486
2025-09-23 13:53:47,091 [INFO] ProjectBuilder:5056 - Time for Generating toolchain IDE Files: 7813mS.
2025-09-23 13:53:47,093 [INFO] ProjectBuilder:3463 - Time for Copy CMSIS : 2mS.
2025-09-23 13:53:47,108 [INFO] ProjectBuilder:3463 - Time for Copy CMSIS : 0mS.
2025-09-23 16:36:53,222 [INFO] NvicIntPanel:101 - NVIC parent = com.st.microxplorer.plugins.ip.nvic.MultiNvicIntPanel[,0,0,0x0,invalid,layout=javax.swing.BoxLayout,alignmentX=0.0,alignmentY=0.0,border=,flags=9,maximumSize=,minimumSize=,preferredSize=]
2025-09-23 16:36:55,441 [INFO] NvicIntPanel:101 - NVIC parent = com.st.microxplorer.plugins.ip.nvic.MultiNvicIntPanel[,0,0,0x0,invalid,layout=javax.swing.BoxLayout,alignmentX=0.0,alignmentY=0.0,border=,flags=9,maximumSize=,minimumSize=,preferredSize=]
2025-09-23 16:38:02,986 [INFO] AI:955 - getUI adding AI com.st.microxplorer.plugins.ip.ai.AI@3d014428 on STMicroelectronics.X-CUBE-AI.10.2.0_Appli
2025-09-23 16:38:33,391 [INFO] AIModelDetailledView:2380 - Analysis status: -
2025-09-23 16:38:38,677 [INFO] AInterface:259 - ModelName:network; files:[C:\Users\ZOJOLDRI\OneDrive - Carl Zeiss AG\Dokumente\Zeiss\SMT\Bachelor\AB Encoder Model\AB_Encoder_Synthetic_Data\lstm_ab_encoder.h5]; type:Keras; compression:None
2025-09-23 16:38:38,678 [INFO] AInterface:526 - workspaceTempDir: C:/Users/ZOJOLDRI/AppData/Local/Temp/mxAI_workspace493733348161700229350930825658699
2025-09-23 16:38:38,678 [INFO] AInterface:1176 - Setting Env: C:/Users/ZOJOLDRI/STM32Cube/Repository/Packs/STMicroelectronics/X-CUBE-AI/10.2.0/Utilities/windows
2025-09-23 16:38:38,686 [INFO] STM32CubeIDEBuilder:265 - Looking for gnu-tools-for-stm32 tools/bin/arm-none-eabi-gcc.exe in C:\ST\STM32CubeIDE_1.19.0\STM32CubeIDE
2025-09-23 16:38:38,689 [INFO] STM32CubeIDEBuilder:294 - checking C:\ST\STM32CubeIDE_1.19.0\STM32CubeIDE\plugins\com.st.stm32cube.ide.mcu.externaltools.gnu-tools-for-stm32.13.3.rel1.win32_1.0.0.202411081344\tools\bin\arm-none-eabi-gcc.exe
2025-09-23 16:38:38,690 [INFO] STM32CubeIDEBuilder:297 - ret=C:\ST\STM32CubeIDE_1.19.0\STM32CubeIDE\plugins\com.st.stm32cube.ide.mcu.externaltools.gnu-tools-for-stm32.13.3.rel1.win32_1.0.0.202411081344\tools\bin\arm-none-eabi-gcc.exe
2025-09-23 16:38:38,690 [INFO] STM32CubeIDEBuilder:311 - returning C:\ST\STM32CubeIDE_1.19.0\STM32CubeIDE\plugins\com.st.stm32cube.ide.mcu.externaltools.gnu-tools-for-stm32.13.3.rel1.win32_1.0.0.202411081344\tools\bin\arm-none-eabi-gcc.exe
2025-09-23 16:38:38,690 [INFO] AInterface:1233 - Custom PATH variable: C:/Users/ZOJOLDRI/STM32Cube/Repository/Packs/STMicroelectronics/X-CUBE-AI/10.2.0/Utilities/windows;C:/Users/ZOJOLDRI/STM32Cube/Repository/Packs/STMicroelectronics/X-CUBE-AI/10.2.0/Utilities/windows/mingw64/bin;C:/Users/ZOJOLDRI/STM32Cube/Repository/Packs/STMicroelectronics/X-CUBE-AI/10.2.0/Utilities/windows/mingw64/libexec/gcc/x86_64-w64-mingw32/7.3.0;;C:\ST\STM32CubeIDE_1.19.0\STM32CubeIDE\plugins\com.st.stm32cube.ide.mcu.externaltools.gnu-tools-for-stm32.13.3.rel1.win32_1.0.0.202411081344\tools\bin
2025-09-23 16:38:38,694 [INFO] CmdLine:115 - Command: C:/Users/ZOJOLDRI/STM32Cube/Repository/Packs/STMicroelectronics/X-CUBE-AI/10.2.0/Utilities/windows/stedgeai.exe analyze --target stm32n6 --name network -m C:/Users/ZOJOLDRI/OneDrive - Carl Zeiss AG/Dokumente/Zeiss/SMT/Bachelor/AB Encoder Model/AB_Encoder_Synthetic_Data/lstm_ab_encoder.h5 --compression none --verbosity 1 -O time --workspace C:/Users/ZOJOLDRI/AppData/Local/Temp/mxAI_workspace493733348161700229350930825658699 --output C:/Users/ZOJOLDRI/.stm32cubemx/network_output
2025-09-23 16:38:38,698 [INFO] AIModelDetailledView:2380 - Analysis status: pending
2025-09-23 16:38:44,565 [INFO] CmdLine:76 - ST Edge AI Core v2.2.0-20266 2adc00962
2025-09-23 16:39:36,707 [INFO] CmdLine:76 - Creating c (debug) info json file C:\Users\ZOJOLDRI\.stm32cubemx\network_output\network_c_info.json
2025-09-23 16:39:36,734 [INFO] CmdLine:76 -  
2025-09-23 16:39:36,735 [INFO] CmdLine:76 -  Exec/report summary (analyze)
2025-09-23 16:39:36,735 [INFO] CmdLine:76 -  ---------------------------------------------------------------------------------------------------------------------------------------------------------------
2025-09-23 16:39:36,735 [INFO] CmdLine:76 -  model file         :   C:\Users\ZOJOLDRI\OneDrive - Carl Zeiss AG\Dokumente\Zeiss\SMT\Bachelor\AB Encoder Model\AB_Encoder_Synthetic_Data\lstm_ab_encoder.h5   
2025-09-23 16:39:36,736 [INFO] CmdLine:76 -  type               :   keras                                                                                                                                   
2025-09-23 16:39:36,736 [INFO] CmdLine:76 -  c_name             :   network                                                                                                                                 
2025-09-23 16:39:36,737 [INFO] CmdLine:76 -  compression        :   none                                                                                                                                    
2025-09-23 16:39:36,737 [INFO] CmdLine:76 -  options            :   allocate-inputs, allocate-outputs                                                                                                       
2025-09-23 16:39:36,737 [INFO] CmdLine:76 -  optimization       :   time                                                                                                                                    
2025-09-23 16:39:36,738 [INFO] CmdLine:76 -  target/series      :   stm32n6                                                                                                                                 
2025-09-23 16:39:36,738 [INFO] CmdLine:76 -  workspace dir      :   C:\Users\ZOJOLDRI\AppData\Local\Temp\mxAI_workspace493733348161700229350930825658699                                                    
2025-09-23 16:39:36,739 [INFO] CmdLine:76 -  output dir         :   C:\Users\ZOJOLDRI\.stm32cubemx\network_output                                                                                           
2025-09-23 16:39:36,739 [INFO] CmdLine:76 -  model_fmt          :   float                                                                                                                                   
2025-09-23 16:39:36,739 [INFO] CmdLine:76 -  model_name         :   lstm_ab_encoder                                                                                                                         
2025-09-23 16:39:36,741 [INFO] CmdLine:76 -  model_hash         :   0xf75b47901dfe24cc2f67df89a9743232                                                                                                      
2025-09-23 16:39:36,741 [INFO] CmdLine:76 -  params #           :   6,083 items (23.76 KiB)                                                                                                                 
2025-09-23 16:39:36,741 [INFO] CmdLine:76 -  ---------------------------------------------------------------------------------------------------------------------------------------------------------------
2025-09-23 16:39:36,741 [INFO] CmdLine:76 -  input 1/1          :   'input_0', f32(1x20x10), 800 Bytes, activations                                                                                         
2025-09-23 16:39:36,741 [INFO] CmdLine:76 -  output 1/1         :   'output', f32(1x3), 12 Bytes, activations                                                                                               
2025-09-23 16:39:36,741 [INFO] CmdLine:76 -  macc               :   111,360                                                                                                                                 
2025-09-23 16:39:36,741 [INFO] CmdLine:76 -  weights (ro)       :   24,716 B (24.14 KiB) (1 segment) / +384(+1.6%) vs float model                                                                           
2025-09-23 16:39:36,741 [INFO] CmdLine:76 -  activations (rw)   :   1,824 B (1.78 KiB) (1 segment) *                                                                                                        
2025-09-23 16:39:36,741 [INFO] CmdLine:76 -  ram (total)        :   1,824 B (1.78 KiB) = 1,824 + 0 + 0                                                                                                      
2025-09-23 16:39:36,741 [INFO] CmdLine:76 -  ---------------------------------------------------------------------------------------------------------------------------------------------------------------
2025-09-23 16:39:36,741 [INFO] CmdLine:76 -  (*) 'input'/'output' buffers are allocated in the activations buffer
2025-09-23 16:39:36,741 [INFO] CmdLine:76 - Computing AI RT data/code size (target=stm32n6)..
2025-09-23 16:39:39,852 [INFO] CmdLine:76 -  Model name - lstm_ab_encoder
2025-09-23 16:39:39,853 [INFO] CmdLine:76 -  ------ ----------------------- ----------------- -------------- --------- ---------------
2025-09-23 16:39:39,854 [INFO] CmdLine:76 -  m_id   layer (original)        oshape            param/size          macc    connected to
2025-09-23 16:39:39,855 [INFO] CmdLine:76 -  ------ ----------------------- ----------------- -------------- --------- ---------------
2025-09-23 16:39:39,855 [INFO] CmdLine:76 -  0      input_0 (None)          [b:1,h:20,c:10]
2025-09-23 16:39:39,855 [INFO] CmdLine:76 -         lstm_1 (LSTM)           [b:1,c:32]        5,504/22,016     110,720         input_0
2025-09-23 16:39:39,858 [INFO] CmdLine:76 -  ------ ----------------------- ----------------- -------------- --------- ---------------
2025-09-23 16:39:39,858 [INFO] CmdLine:76 -  2      dense_1_dense (Dense)   [b:1,c:16]        528/2,112            528          lstm_1
2025-09-23 16:39:39,858 [INFO] CmdLine:76 -         dense_1 (Dense)         [b:1,c:16]                              16   dense_1_dense
2025-09-23 16:39:39,858 [INFO] CmdLine:76 -  ------ ----------------------- ----------------- -------------- --------- ---------------
2025-09-23 16:39:39,858 [INFO] CmdLine:76 -  4      output_dense (Dense)    [b:1,c:3]         51/204                51         dense_1
2025-09-23 16:39:39,858 [INFO] CmdLine:76 -         output (Dense)          [b:1,c:3]                               45    output_dense
2025-09-23 16:39:39,858 [INFO] CmdLine:76 -  ------ ----------------------- ----------------- -------------- --------- ---------------
2025-09-23 16:39:39,858 [INFO] CmdLine:76 -  model: macc=111,360 weights=24,332 activations=-- io=--
2025-09-23 16:39:39,858 [INFO] CmdLine:76 -  Number of operations per c-layer
2025-09-23 16:39:39,858 [INFO] CmdLine:76 -  ------- ------ ------------------------ --------- --------------
2025-09-23 16:39:39,858 [INFO] CmdLine:76 -  c_id    m_id   name (type)                    #op           type
2025-09-23 16:39:39,858 [INFO] CmdLine:76 -  ------- ------ ------------------------ --------- --------------
2025-09-23 16:39:39,859 [INFO] CmdLine:76 -  0       0      lstm_1 (LSTM)              110,720   smul_f32_f32
2025-09-23 16:39:39,859 [INFO] CmdLine:76 -  1       2      dense_1_dense (Dense)          528   smul_f32_f32
2025-09-23 16:39:39,859 [INFO] CmdLine:76 -  2       2      dense_1 (Nonlinearity)          16     op_f32_f32
2025-09-23 16:39:39,859 [INFO] CmdLine:76 -  3       4      output_dense (Dense)            51   smul_f32_f32
2025-09-23 16:39:39,859 [INFO] CmdLine:76 -  4       4      output (Nonlinearity)           45     op_f32_f32
2025-09-23 16:39:39,859 [INFO] CmdLine:76 -  ------- ------ ------------------------ --------- --------------
2025-09-23 16:39:39,859 [INFO] CmdLine:76 -  total                                     111,360
2025-09-23 16:39:39,859 [INFO] CmdLine:76 -  Number of operation types
2025-09-23 16:39:39,859 [INFO] CmdLine:76 -  ---------------- --------- -----------
2025-09-23 16:39:39,859 [INFO] CmdLine:76 -  operation type           #           %
2025-09-23 16:39:39,860 [INFO] CmdLine:76 -  ---------------- --------- -----------
2025-09-23 16:39:39,860 [INFO] CmdLine:76 -  smul_f32_f32       111,299       99.9%
2025-09-23 16:39:39,860 [INFO] CmdLine:76 -  op_f32_f32              61        0.1%
2025-09-23 16:39:39,860 [INFO] CmdLine:76 -  Complexity report (model)
2025-09-23 16:39:39,860 [INFO] CmdLine:76 -  ------ --------------- ------------------------- ------------------------- --------
2025-09-23 16:39:39,860 [INFO] CmdLine:76 -  m_id   name            c_macc                    c_rom                     c_id
2025-09-23 16:39:39,861 [INFO] CmdLine:76 -  ------ --------------- ------------------------- ------------------------- --------
2025-09-23 16:39:39,861 [INFO] CmdLine:76 -  0      input_0         ||||||||||||||||  99.4%   ||||||||||||||||  90.6%   [0]
2025-09-23 16:39:39,861 [INFO] CmdLine:76 -  2      dense_1_dense   |                  0.5%   ||                 8.5%   [1, 2]
2025-09-23 16:39:39,861 [INFO] CmdLine:76 -  4      output_dense    |                  0.1%   |                  0.8%   [3, 4]
2025-09-23 16:39:39,861 [INFO] CmdLine:76 -  ------ --------------- ------------------------- ------------------------- --------
2025-09-23 16:39:39,861 [INFO] CmdLine:76 -  macc=111,360 weights=24,716 act=1,824 ram_io=0
2025-09-23 16:39:39,862 [INFO] CmdLine:76 -  Requested memory size by section - "stm32n6" target
2025-09-23 16:39:39,862 [INFO] CmdLine:76 -  ------------------------------- -------- -------- ------- -------
2025-09-23 16:39:39,862 [INFO] CmdLine:76 -  module                              text   rodata    data     bss
2025-09-23 16:39:39,862 [INFO] CmdLine:76 -  ------------------------------- -------- -------- ------- -------
2025-09-23 16:39:39,862 [INFO] CmdLine:76 -  NetworkRuntime1020_CM55_GCC.a     15,800       32       0       0
2025-09-23 16:39:39,863 [INFO] CmdLine:76 -  network.o                            592       40   1,888     136
2025-09-23 16:39:39,863 [INFO] CmdLine:76 -  network_data.o                        48       16      88       0
2025-09-23 16:39:39,863 [INFO] CmdLine:76 -  lib (toolchain)*                   1,132      340       0       0
2025-09-23 16:39:39,863 [INFO] CmdLine:76 -  ------------------------------- -------- -------- ------- -------
2025-09-23 16:39:39,863 [INFO] CmdLine:76 -  RT total**                        17,572      428   1,976     136
2025-09-23 16:39:39,863 [INFO] CmdLine:76 -  ------------------------------- -------- -------- ------- -------
2025-09-23 16:39:39,863 [INFO] CmdLine:76 -  weights                                0   24,720       0       0
2025-09-23 16:39:39,863 [INFO] CmdLine:76 -  activations                            0        0       0   1,824
2025-09-23 16:39:39,864 [INFO] CmdLine:76 -  io                                     0        0       0       0
2025-09-23 16:39:39,864 [INFO] CmdLine:76 -  ------------------------------- -------- -------- ------- -------
2025-09-23 16:39:39,864 [INFO] CmdLine:76 -  TOTAL                             17,572   25,148   1,976   1,960
2025-09-23 16:39:39,864 [INFO] CmdLine:76 -  ------------------------------- -------- -------- ------- -------
2025-09-23 16:39:39,864 [INFO] CmdLine:76 -  *  toolchain objects (libm/libgcc*)
2025-09-23 16:39:39,864 [INFO] CmdLine:76 -  ** RT AI runtime objects (kernels+infrastructure)
2025-09-23 16:39:39,864 [INFO] CmdLine:76 -   Summary - "stm32n6" target
2025-09-23 16:39:39,864 [INFO] CmdLine:76 -   ---------------------------------------------------
2025-09-23 16:39:39,864 [INFO] CmdLine:76 -                FLASH (ro)      %*   RAM (rw)       %
2025-09-23 16:39:39,865 [INFO] CmdLine:76 -   ---------------------------------------------------
2025-09-23 16:39:39,865 [INFO] CmdLine:76 -   RT total         19,976   44.7%      2,112   53.7%
2025-09-23 16:39:39,865 [INFO] CmdLine:76 -   ---------------------------------------------------
2025-09-23 16:39:39,865 [INFO] CmdLine:76 -   TOTAL            44,696              3,936
2025-09-23 16:39:39,865 [INFO] CmdLine:76 -   ---------------------------------------------------
2025-09-23 16:39:39,865 [INFO] CmdLine:76 -   *  rt/total
2025-09-23 16:39:39,865 [INFO] CmdLine:76 - Creating txt report file C:\Users\ZOJOLDRI\.stm32cubemx\network_output\network_analyze_report.txt
2025-09-23 16:39:42,176 [INFO] CmdLine:76 - elapsed time (analyze): 57.609s
2025-09-23 16:39:42,661 [INFO] CmdLine:148 - stedgeai exit with status: 0
2025-09-23 16:39:42,675 [INFO] AIModelDetailledView:1184 - Model file:      lstm_ab_encoder.h5
2025-09-23 16:39:42,675 [INFO] AIModelDetailledView:1184 - Total Flash:     44692 B (43.64 KiB)
2025-09-23 16:39:42,676 [INFO] AIModelDetailledView:1184 -     Weights:     24716 B (24.14 KiB)
2025-09-23 16:39:42,676 [INFO] AIModelDetailledView:1184 -     Library:     19976 B (19.51 KiB)
2025-09-23 16:39:42,678 [INFO] AIModelDetailledView:1184 - Total Ram:       3936 B (3.84 KiB)
2025-09-23 16:39:42,678 [INFO] AIModelDetailledView:1184 -     Activations: 1824 B (1.78 KiB)
2025-09-23 16:39:42,678 [INFO] AIModelDetailledView:1184 -     Library:     2112 B (2.06 KiB)
2025-09-23 16:39:42,678 [INFO] AIModelDetailledView:1184 -     Input:       800 B (included in Activations)
2025-09-23 16:39:42,678 [INFO] AIModelDetailledView:1184 -     Output:      12 B (included in Activations)
2025-09-23 16:39:42,679 [INFO] AIModelDetailledView:1184 - Done
2025-09-23 16:39:42,679 [INFO] AIModelDetailledView:2715 - Analyze complete on AI model
2025-09-23 16:39:42,682 [INFO] AIModelDetailledView:2380 - Analysis status: done
2025-09-23 16:41:05,701 [INFO] UtilMem:75 - End SaveConfig() Used Memory: 823313088 Bytes (1073741824)
2025-09-23 16:41:06,064 [INFO] AIModelDetailledView:2380 - Analysis status: -
2025-09-23 16:41:06,067 [INFO] AInterface:259 - ModelName:network; files:[C:\Users\ZOJOLDRI\OneDrive - Carl Zeiss AG\Dokumente\Zeiss\SMT\Bachelor\AB Encoder Model\AB_Encoder_Synthetic_Data\lstm_ab_encoder.h5]; type:Keras; compression:None
2025-09-23 16:41:06,068 [INFO] AInterface:526 - workspaceTempDir: C:/Users/ZOJOLDRI/AppData/Local/Temp/mxAI_workspace49388073779290010248843333989523550
2025-09-23 16:41:06,068 [INFO] AInterface:1176 - Setting Env: C:/Users/ZOJOLDRI/STM32Cube/Repository/Packs/STMicroelectronics/X-CUBE-AI/10.2.0/Utilities/windows
2025-09-23 16:41:06,071 [INFO] STM32CubeIDEBuilder:265 - Looking for gnu-tools-for-stm32 tools/bin/arm-none-eabi-gcc.exe in C:\ST\STM32CubeIDE_1.19.0\STM32CubeIDE
2025-09-23 16:41:06,073 [INFO] STM32CubeIDEBuilder:294 - checking C:\ST\STM32CubeIDE_1.19.0\STM32CubeIDE\plugins\com.st.stm32cube.ide.mcu.externaltools.gnu-tools-for-stm32.13.3.rel1.win32_1.0.0.202411081344\tools\bin\arm-none-eabi-gcc.exe
2025-09-23 16:41:06,073 [INFO] STM32CubeIDEBuilder:297 - ret=C:\ST\STM32CubeIDE_1.19.0\STM32CubeIDE\plugins\com.st.stm32cube.ide.mcu.externaltools.gnu-tools-for-stm32.13.3.rel1.win32_1.0.0.202411081344\tools\bin\arm-none-eabi-gcc.exe
2025-09-23 16:41:06,073 [INFO] STM32CubeIDEBuilder:311 - returning C:\ST\STM32CubeIDE_1.19.0\STM32CubeIDE\plugins\com.st.stm32cube.ide.mcu.externaltools.gnu-tools-for-stm32.13.3.rel1.win32_1.0.0.202411081344\tools\bin\arm-none-eabi-gcc.exe
2025-09-23 16:41:06,074 [INFO] AInterface:1233 - Custom PATH variable: C:/Users/ZOJOLDRI/STM32Cube/Repository/Packs/STMicroelectronics/X-CUBE-AI/10.2.0/Utilities/windows;C:/Users/ZOJOLDRI/STM32Cube/Repository/Packs/STMicroelectronics/X-CUBE-AI/10.2.0/Utilities/windows/mingw64/bin;C:/Users/ZOJOLDRI/STM32Cube/Repository/Packs/STMicroelectronics/X-CUBE-AI/10.2.0/Utilities/windows/mingw64/libexec/gcc/x86_64-w64-mingw32/7.3.0;;C:\ST\STM32CubeIDE_1.19.0\STM32CubeIDE\plugins\com.st.stm32cube.ide.mcu.externaltools.gnu-tools-for-stm32.13.3.rel1.win32_1.0.0.202411081344\tools\bin
2025-09-23 16:41:06,077 [INFO] CmdLine:115 - Command: C:/Users/ZOJOLDRI/STM32Cube/Repository/Packs/STMicroelectronics/X-CUBE-AI/10.2.0/Utilities/windows/stedgeai.exe analyze --target stm32n6 --name network -m C:/Users/ZOJOLDRI/OneDrive - Carl Zeiss AG/Dokumente/Zeiss/SMT/Bachelor/AB Encoder Model/AB_Encoder_Synthetic_Data/lstm_ab_encoder.h5 --compression none --verbosity 1 -O time --workspace C:/Users/ZOJOLDRI/AppData/Local/Temp/mxAI_workspace49388073779290010248843333989523550 --output C:/Users/ZOJOLDRI/.stm32cubemx/network_output
2025-09-23 16:41:06,079 [INFO] AIModelDetailledView:2380 - Analysis status: pending
2025-09-23 16:41:06,679 [INFO] CmdLine:76 - ST Edge AI Core v2.2.0-20266 2adc00962
2025-09-23 16:41:06,727 [ERROR] IocParser:95 - Exception caught: Cannot invoke "java.lang.CharSequence.length()" because "this.text" is null
2025-09-23 16:41:11,342 [INFO] CmdLine:76 - Creating c (debug) info json file C:\Users\ZOJOLDRI\.stm32cubemx\network_output\network_c_info.json
2025-09-23 16:41:11,375 [INFO] CmdLine:76 -  
2025-09-23 16:41:11,376 [INFO] CmdLine:76 -  Exec/report summary (analyze)
2025-09-23 16:41:11,376 [INFO] CmdLine:76 -  ---------------------------------------------------------------------------------------------------------------------------------------------------------------
2025-09-23 16:41:11,376 [INFO] CmdLine:76 -  model file         :   C:\Users\ZOJOLDRI\OneDrive - Carl Zeiss AG\Dokumente\Zeiss\SMT\Bachelor\AB Encoder Model\AB_Encoder_Synthetic_Data\lstm_ab_encoder.h5   
2025-09-23 16:41:11,376 [INFO] CmdLine:76 -  type               :   keras                                                                                                                                   
2025-09-23 16:41:11,376 [INFO] CmdLine:76 -  c_name             :   network                                                                                                                                 
2025-09-23 16:41:11,376 [INFO] CmdLine:76 -  compression        :   none                                                                                                                                    
2025-09-23 16:41:11,376 [INFO] CmdLine:76 -  options            :   allocate-inputs, allocate-outputs                                                                                                       
2025-09-23 16:41:11,376 [INFO] CmdLine:76 -  optimization       :   time                                                                                                                                    
2025-09-23 16:41:11,376 [INFO] CmdLine:76 -  target/series      :   stm32n6                                                                                                                                 
2025-09-23 16:41:11,376 [INFO] CmdLine:76 -  workspace dir      :   C:\Users\ZOJOLDRI\AppData\Local\Temp\mxAI_workspace49388073779290010248843333989523550                                                  
2025-09-23 16:41:11,376 [INFO] CmdLine:76 -  output dir         :   C:\Users\ZOJOLDRI\.stm32cubemx\network_output                                                                                           
2025-09-23 16:41:11,376 [INFO] CmdLine:76 -  model_fmt          :   float                                                                                                                                   
2025-09-23 16:41:11,376 [INFO] CmdLine:76 -  model_name         :   lstm_ab_encoder                                                                                                                         
2025-09-23 16:41:11,376 [INFO] CmdLine:76 -  model_hash         :   0xf75b47901dfe24cc2f67df89a9743232                                                                                                      
2025-09-23 16:41:11,376 [INFO] CmdLine:76 -  params #           :   6,083 items (23.76 KiB)                                                                                                                 
2025-09-23 16:41:11,376 [INFO] CmdLine:76 -  ---------------------------------------------------------------------------------------------------------------------------------------------------------------
2025-09-23 16:41:11,376 [INFO] CmdLine:76 -  input 1/1          :   'input_0', f32(1x20x10), 800 Bytes, activations                                                                                         
2025-09-23 16:41:11,376 [INFO] CmdLine:76 -  output 1/1         :   'output', f32(1x3), 12 Bytes, activations                                                                                               
2025-09-23 16:41:11,376 [INFO] CmdLine:76 -  macc               :   111,360                                                                                                                                 
2025-09-23 16:41:11,376 [INFO] CmdLine:76 -  weights (ro)       :   24,716 B (24.14 KiB) (1 segment) / +384(+1.6%) vs float model                                                                           
2025-09-23 16:41:11,376 [INFO] CmdLine:76 -  activations (rw)   :   1,824 B (1.78 KiB) (1 segment) *                                                                                                        
2025-09-23 16:41:11,376 [INFO] CmdLine:76 -  ram (total)        :   1,824 B (1.78 KiB) = 1,824 + 0 + 0                                                                                                      
2025-09-23 16:41:11,376 [INFO] CmdLine:76 -  ---------------------------------------------------------------------------------------------------------------------------------------------------------------
2025-09-23 16:41:11,376 [INFO] CmdLine:76 -  (*) 'input'/'output' buffers are allocated in the activations buffer
2025-09-23 16:41:11,380 [INFO] CmdLine:76 - Computing AI RT data/code size (target=stm32n6)..
2025-09-23 16:41:13,257 [INFO] CmdLine:76 -  Model name - lstm_ab_encoder
2025-09-23 16:41:13,257 [INFO] CmdLine:76 -  ------ ----------------------- ----------------- -------------- --------- ---------------
2025-09-23 16:41:13,257 [INFO] CmdLine:76 -  m_id   layer (original)        oshape            param/size          macc    connected to
2025-09-23 16:41:13,257 [INFO] CmdLine:76 -  ------ ----------------------- ----------------- -------------- --------- ---------------
2025-09-23 16:41:13,257 [INFO] CmdLine:76 -  0      input_0 (None)          [b:1,h:20,c:10]
2025-09-23 16:41:13,258 [INFO] CmdLine:76 -         lstm_1 (LSTM)           [b:1,c:32]        5,504/22,016     110,720         input_0
2025-09-23 16:41:13,258 [INFO] CmdLine:76 -  ------ ----------------------- ----------------- -------------- --------- ---------------
2025-09-23 16:41:13,258 [INFO] CmdLine:76 -  2      dense_1_dense (Dense)   [b:1,c:16]        528/2,112            528          lstm_1
2025-09-23 16:41:13,258 [INFO] CmdLine:76 -         dense_1 (Dense)         [b:1,c:16]                              16   dense_1_dense
2025-09-23 16:41:13,258 [INFO] CmdLine:76 -  ------ ----------------------- ----------------- -------------- --------- ---------------
2025-09-23 16:41:13,258 [INFO] CmdLine:76 -  4      output_dense (Dense)    [b:1,c:3]         51/204                51         dense_1
2025-09-23 16:41:13,258 [INFO] CmdLine:76 -         output (Dense)          [b:1,c:3]                               45    output_dense
2025-09-23 16:41:13,258 [INFO] CmdLine:76 -  ------ ----------------------- ----------------- -------------- --------- ---------------
2025-09-23 16:41:13,258 [INFO] CmdLine:76 -  model: macc=111,360 weights=24,332 activations=-- io=--
2025-09-23 16:41:13,258 [INFO] CmdLine:76 -  Number of operations per c-layer
2025-09-23 16:41:13,258 [INFO] CmdLine:76 -  ------- ------ ------------------------ --------- --------------
2025-09-23 16:41:13,258 [INFO] CmdLine:76 -  c_id    m_id   name (type)                    #op           type
2025-09-23 16:41:13,258 [INFO] CmdLine:76 -  ------- ------ ------------------------ --------- --------------
2025-09-23 16:41:13,258 [INFO] CmdLine:76 -  0       0      lstm_1 (LSTM)              110,720   smul_f32_f32
2025-09-23 16:41:13,259 [INFO] CmdLine:76 -  1       2      dense_1_dense (Dense)          528   smul_f32_f32
2025-09-23 16:41:13,259 [INFO] CmdLine:76 -  2       2      dense_1 (Nonlinearity)          16     op_f32_f32
2025-09-23 16:41:13,259 [INFO] CmdLine:76 -  3       4      output_dense (Dense)            51   smul_f32_f32
2025-09-23 16:41:13,259 [INFO] CmdLine:76 -  4       4      output (Nonlinearity)           45     op_f32_f32
2025-09-23 16:41:13,259 [INFO] CmdLine:76 -  ------- ------ ------------------------ --------- --------------
2025-09-23 16:41:13,259 [INFO] CmdLine:76 -  total                                     111,360
2025-09-23 16:41:13,259 [INFO] CmdLine:76 -  Number of operation types
2025-09-23 16:41:13,259 [INFO] CmdLine:76 -  ---------------- --------- -----------
2025-09-23 16:41:13,259 [INFO] CmdLine:76 -  operation type           #           %
2025-09-23 16:41:13,259 [INFO] CmdLine:76 -  ---------------- --------- -----------
2025-09-23 16:41:13,259 [INFO] CmdLine:76 -  smul_f32_f32       111,299       99.9%
2025-09-23 16:41:13,259 [INFO] CmdLine:76 -  op_f32_f32              61        0.1%
2025-09-23 16:41:13,259 [INFO] CmdLine:76 -  Complexity report (model)
2025-09-23 16:41:13,259 [INFO] CmdLine:76 -  ------ --------------- ------------------------- ------------------------- --------
2025-09-23 16:41:13,259 [INFO] CmdLine:76 -  m_id   name            c_macc                    c_rom                     c_id
2025-09-23 16:41:13,259 [INFO] CmdLine:76 -  ------ --------------- ------------------------- ------------------------- --------
2025-09-23 16:41:13,260 [INFO] CmdLine:76 -  0      input_0         ||||||||||||||||  99.4%   ||||||||||||||||  90.6%   [0]
2025-09-23 16:41:13,260 [INFO] CmdLine:76 -  2      dense_1_dense   |                  0.5%   ||                 8.5%   [1, 2]
2025-09-23 16:41:13,260 [INFO] CmdLine:76 -  4      output_dense    |                  0.1%   |                  0.8%   [3, 4]
2025-09-23 16:41:13,260 [INFO] CmdLine:76 -  ------ --------------- ------------------------- ------------------------- --------
2025-09-23 16:41:13,260 [INFO] CmdLine:76 -  macc=111,360 weights=24,716 act=1,824 ram_io=0
2025-09-23 16:41:13,260 [INFO] CmdLine:76 -  Requested memory size by section - "stm32n6" target
2025-09-23 16:41:13,260 [INFO] CmdLine:76 -  ------------------------------- -------- -------- ------- -------
2025-09-23 16:41:13,260 [INFO] CmdLine:76 -  module                              text   rodata    data     bss
2025-09-23 16:41:13,260 [INFO] CmdLine:76 -  ------------------------------- -------- -------- ------- -------
2025-09-23 16:41:13,260 [INFO] CmdLine:76 -  NetworkRuntime1020_CM55_GCC.a     15,800       32       0       0
2025-09-23 16:41:13,260 [INFO] CmdLine:76 -  network.o                            592       40   1,888     136
2025-09-23 16:41:13,260 [INFO] CmdLine:76 -  network_data.o                        48       16      88       0
2025-09-23 16:41:13,260 [INFO] CmdLine:76 -  lib (toolchain)*                   1,132      340       0       0
2025-09-23 16:41:13,260 [INFO] CmdLine:76 -  ------------------------------- -------- -------- ------- -------
2025-09-23 16:41:13,260 [INFO] CmdLine:76 -  RT total**                        17,572      428   1,976     136
2025-09-23 16:41:13,261 [INFO] CmdLine:76 -  ------------------------------- -------- -------- ------- -------
2025-09-23 16:41:13,261 [INFO] CmdLine:76 -  weights                                0   24,720       0       0
2025-09-23 16:41:13,261 [INFO] CmdLine:76 -  activations                            0        0       0   1,824
2025-09-23 16:41:13,261 [INFO] CmdLine:76 -  io                                     0        0       0       0
2025-09-23 16:41:13,261 [INFO] CmdLine:76 -  ------------------------------- -------- -------- ------- -------
2025-09-23 16:41:13,261 [INFO] CmdLine:76 -  TOTAL                             17,572   25,148   1,976   1,960
2025-09-23 16:41:13,261 [INFO] CmdLine:76 -  ------------------------------- -------- -------- ------- -------
2025-09-23 16:41:13,261 [INFO] CmdLine:76 -  *  toolchain objects (libm/libgcc*)
2025-09-23 16:41:13,261 [INFO] CmdLine:76 -  ** RT AI runtime objects (kernels+infrastructure)
2025-09-23 16:41:13,261 [INFO] CmdLine:76 -   Summary - "stm32n6" target
2025-09-23 16:41:13,261 [INFO] CmdLine:76 -   ---------------------------------------------------
2025-09-23 16:41:13,261 [INFO] CmdLine:76 -                FLASH (ro)      %*   RAM (rw)       %
2025-09-23 16:41:13,261 [INFO] CmdLine:76 -   ---------------------------------------------------
2025-09-23 16:41:13,261 [INFO] CmdLine:76 -   RT total         19,976   44.7%      2,112   53.7%
2025-09-23 16:41:13,261 [INFO] CmdLine:76 -   ---------------------------------------------------
2025-09-23 16:41:13,261 [INFO] CmdLine:76 -   TOTAL            44,696              3,936
2025-09-23 16:41:13,262 [INFO] CmdLine:76 -   ---------------------------------------------------
2025-09-23 16:41:13,262 [INFO] CmdLine:76 -   *  rt/total
2025-09-23 16:41:13,262 [INFO] CmdLine:76 - Creating txt report file C:\Users\ZOJOLDRI\.stm32cubemx\network_output\network_analyze_report.txt
2025-09-23 16:41:13,280 [INFO] CmdLine:76 - elapsed time (analyze): 6.602s
2025-09-23 16:41:13,634 [INFO] CmdLine:148 - stedgeai exit with status: 0
2025-09-23 16:41:13,645 [INFO] AIModelDetailledView:2715 - Analyze complete on AI model
2025-09-23 16:41:13,646 [INFO] AIModelDetailledView:2380 - Analysis status: done
