2025-08-22 01:18:38,009 [INFO] WebApp:194 - Connection lost
2025-08-22 01:18:38,121 [INFO] WebApp:191 - Connection restablished
2025-08-22 01:21:39,000 [INFO] WebApp:194 - Connection lost
2025-08-22 01:21:39,111 [INFO] WebApp:191 - Connection restablished
2025-08-22 07:41:55,020 [INFO] WebApp:194 - Connection lost
2025-08-22 07:43:19,173 [INFO] WebApp:191 - Connection restablished
2025-08-22 07:44:56,549 [INFO] WebApp:194 - Connection lost
2025-08-22 07:44:56,799 [INFO] WebApp:191 - Connection restablished
2025-08-22 08:33:41,727 [INFO] NvicIntPanel:101 - NVIC parent = com.st.microxplorer.plugins.ip.nvic.MultiNvicIntPanel[,0,0,0x0,invalid,layout=javax.swing.BoxLayout,alignmentX=0.0,alignmentY=0.0,border=,flags=9,maximumSize=,minimumSize=,preferredSize=]
2025-08-22 11:42:13,579 [INFO] WebApp:194 - Connection lost
2025-08-22 11:42:13,872 [INFO] WebApp:191 - Connection restablished
2025-08-22 13:02:16,792 [INFO] WebApp:194 - Connection lost
2025-08-22 13:02:17,084 [INFO] WebApp:191 - Connection restablished
2025-08-22 13:23:24,753 [INFO] WebApp:194 - Connection lost
2025-08-22 13:23:25,077 [INFO] WebApp:191 - Connection restablished
2025-08-22 14:09:22,261 [INFO] WebApp:194 - Connection lost
2025-08-22 14:09:25,497 [INFO] WebApp:191 - Connection restablished
2025-08-22 14:42:09,743 [INFO] WebApp:194 - Connection lost
2025-08-22 14:42:10,120 [INFO] WebApp:191 - Connection restablished
2025-08-22 14:42:16,192 [INFO] WebApp:194 - Connection lost
2025-08-22 14:42:16,563 [INFO] WebApp:191 - Connection restablished
2025-08-22 14:57:31,232 [WARN] IpParametersView:155 - Warning: This peripheral hasn't parameters
2025-08-22 14:57:35,671 [INFO] AI:955 - getUI adding AI com.st.microxplorer.plugins.ip.ai.AI@2396ca34 on STMicroelectronics.X-CUBE-AI.10.2.0_Appli
2025-08-22 14:57:46,862 [INFO] AIModelDetailledView:2380 - Analysis status: -
2025-08-22 14:57:58,802 [INFO] AInterface:259 - ModelName:network; files:[C:\Users\ZOJOLDRI\OneDrive - Carl Zeiss AG\Dokumente\Zeiss\SMT\Bachelor\AB Encoder Model\AB_Encoder_Synthetic_Data\lstm_ab_encoder.h5]; type:Keras; compression:None
2025-08-22 14:57:58,804 [INFO] AInterface:526 - workspaceTempDir: C:/Users/ZOJOLDRI/AppData/Local/Temp/mxAI_workspace101589624683700927265579942437805
2025-08-22 14:57:58,806 [INFO] AInterface:1176 - Setting Env: C:/Users/ZOJOLDRI/STM32Cube/Repository/Packs/STMicroelectronics/X-CUBE-AI/10.2.0/Utilities/windows
2025-08-22 14:57:58,819 [INFO] STM32CubeIDEBuilder:265 - Looking for gnu-tools-for-stm32 tools/bin/arm-none-eabi-gcc.exe in C:\ST\STM32CubeIDE_1.19.0\STM32CubeIDE
2025-08-22 14:57:58,850 [INFO] STM32CubeIDEBuilder:294 - checking C:\ST\STM32CubeIDE_1.19.0\STM32CubeIDE\plugins\com.st.stm32cube.ide.mcu.externaltools.gnu-tools-for-stm32.13.3.rel1.win32_1.0.0.202411081344\tools\bin\arm-none-eabi-gcc.exe
2025-08-22 14:57:58,851 [INFO] STM32CubeIDEBuilder:297 - ret=C:\ST\STM32CubeIDE_1.19.0\STM32CubeIDE\plugins\com.st.stm32cube.ide.mcu.externaltools.gnu-tools-for-stm32.13.3.rel1.win32_1.0.0.202411081344\tools\bin\arm-none-eabi-gcc.exe
2025-08-22 14:57:58,851 [INFO] STM32CubeIDEBuilder:311 - returning C:\ST\STM32CubeIDE_1.19.0\STM32CubeIDE\plugins\com.st.stm32cube.ide.mcu.externaltools.gnu-tools-for-stm32.13.3.rel1.win32_1.0.0.202411081344\tools\bin\arm-none-eabi-gcc.exe
2025-08-22 14:57:58,851 [INFO] AInterface:1233 - Custom PATH variable: C:/Users/ZOJOLDRI/STM32Cube/Repository/Packs/STMicroelectronics/X-CUBE-AI/10.2.0/Utilities/windows;C:/Users/ZOJOLDRI/STM32Cube/Repository/Packs/STMicroelectronics/X-CUBE-AI/10.2.0/Utilities/windows/mingw64/bin;C:/Users/ZOJOLDRI/STM32Cube/Repository/Packs/STMicroelectronics/X-CUBE-AI/10.2.0/Utilities/windows/mingw64/libexec/gcc/x86_64-w64-mingw32/7.3.0;;C:\ST\STM32CubeIDE_1.19.0\STM32CubeIDE\plugins\com.st.stm32cube.ide.mcu.externaltools.gnu-tools-for-stm32.13.3.rel1.win32_1.0.0.202411081344\tools\bin
2025-08-22 14:57:58,858 [INFO] CmdLine:115 - Command: C:/Users/ZOJOLDRI/STM32Cube/Repository/Packs/STMicroelectronics/X-CUBE-AI/10.2.0/Utilities/windows/stedgeai.exe analyze --target stm32n6 --name network -m C:/Users/ZOJOLDRI/OneDrive - Carl Zeiss AG/Dokumente/Zeiss/SMT/Bachelor/AB Encoder Model/AB_Encoder_Synthetic_Data/lstm_ab_encoder.h5 --compression none --verbosity 1 --workspace C:/Users/ZOJOLDRI/AppData/Local/Temp/mxAI_workspace101589624683700927265579942437805 --output C:/Users/ZOJOLDRI/.stm32cubemx/network_output
2025-08-22 14:57:58,863 [INFO] AIModelDetailledView:2380 - Analysis status: pending
2025-08-22 14:58:04,842 [INFO] CmdLine:76 - ST Edge AI Core v2.2.0-20266 2adc00962
2025-08-22 14:58:55,329 [INFO] CmdLine:76 - Creating c (debug) info json file C:\Users\ZOJOLDRI\.stm32cubemx\network_output\network_c_info.json
2025-08-22 14:58:55,351 [INFO] CmdLine:76 -  
2025-08-22 14:58:55,352 [INFO] CmdLine:76 -  Exec/report summary (analyze)
2025-08-22 14:58:55,352 [INFO] CmdLine:76 -  ---------------------------------------------------------------------------------------------------------------------------------------------------------------
2025-08-22 14:58:55,352 [INFO] CmdLine:76 -  model file         :   C:\Users\ZOJOLDRI\OneDrive - Carl Zeiss AG\Dokumente\Zeiss\SMT\Bachelor\AB Encoder Model\AB_Encoder_Synthetic_Data\lstm_ab_encoder.h5   
2025-08-22 14:58:55,352 [INFO] CmdLine:76 -  type               :   keras                                                                                                                                   
2025-08-22 14:58:55,353 [INFO] CmdLine:76 -  c_name             :   network                                                                                                                                 
2025-08-22 14:58:55,353 [INFO] CmdLine:76 -  compression        :   none                                                                                                                                    
2025-08-22 14:58:55,353 [INFO] CmdLine:76 -  options            :   allocate-inputs, allocate-outputs                                                                                                       
2025-08-22 14:58:55,353 [INFO] CmdLine:76 -  optimization       :   balanced                                                                                                                                
2025-08-22 14:58:55,353 [INFO] CmdLine:76 -  target/series      :   stm32n6                                                                                                                                 
2025-08-22 14:58:55,356 [INFO] CmdLine:76 -  workspace dir      :   C:\Users\ZOJOLDRI\AppData\Local\Temp\mxAI_workspace101589624683700927265579942437805                                                    
2025-08-22 14:58:55,357 [INFO] CmdLine:76 -  output dir         :   C:\Users\ZOJOLDRI\.stm32cubemx\network_output                                                                                           
2025-08-22 14:58:55,358 [INFO] CmdLine:76 -  model_fmt          :   float                                                                                                                                   
2025-08-22 14:58:55,358 [INFO] CmdLine:76 -  model_name         :   lstm_ab_encoder                                                                                                                         
2025-08-22 14:58:55,358 [INFO] CmdLine:76 -  model_hash         :   0xa47bada8397fa61bef25ba35fe6f4e01                                                                                                      
2025-08-22 14:58:55,359 [INFO] CmdLine:76 -  params #           :   6,100 items (23.83 KiB)                                                                                                                 
2025-08-22 14:58:55,359 [INFO] CmdLine:76 -  ---------------------------------------------------------------------------------------------------------------------------------------------------------------
2025-08-22 14:58:55,359 [INFO] CmdLine:76 -  input 1/1          :   'input_0', f32(1x20x10), 800 Bytes, activations                                                                                         
2025-08-22 14:58:55,360 [INFO] CmdLine:76 -  output 1/1         :   'output', f32(1x4), 16 Bytes, activations                                                                                               
2025-08-22 14:58:55,360 [INFO] CmdLine:76 -  macc               :   111,392                                                                                                                                 
2025-08-22 14:58:55,361 [INFO] CmdLine:76 -  weights (ro)       :   24,784 B (24.20 KiB) (1 segment) / +384(+1.6%) vs float model                                                                           
2025-08-22 14:58:55,361 [INFO] CmdLine:76 -  activations (rw)   :   1,824 B (1.78 KiB) (1 segment) *                                                                                                        
2025-08-22 14:58:55,362 [INFO] CmdLine:76 -  ram (total)        :   1,824 B (1.78 KiB) = 1,824 + 0 + 0                                                                                                      
2025-08-22 14:58:55,362 [INFO] CmdLine:76 -  ---------------------------------------------------------------------------------------------------------------------------------------------------------------
2025-08-22 14:58:55,363 [INFO] CmdLine:76 -  (*) 'input'/'output' buffers are allocated in the activations buffer
2025-08-22 14:58:55,364 [INFO] CmdLine:76 - Computing AI RT data/code size (target=stm32n6)..
2025-08-22 14:59:01,544 [INFO] CmdLine:76 -  Model name - lstm_ab_encoder
2025-08-22 14:59:01,545 [INFO] CmdLine:76 -  ------ ----------------------- ----------------- -------------- --------- ---------------
2025-08-22 14:59:01,545 [INFO] CmdLine:76 -  m_id   layer (original)        oshape            param/size          macc    connected to
2025-08-22 14:59:01,546 [INFO] CmdLine:76 -  ------ ----------------------- ----------------- -------------- --------- ---------------
2025-08-22 14:59:01,547 [INFO] CmdLine:76 -  0      input_0 (None)          [b:1,h:20,c:10]
2025-08-22 14:59:01,547 [INFO] CmdLine:76 -         lstm_1 (LSTM)           [b:1,c:32]        5,504/22,016     110,720         input_0
2025-08-22 14:59:01,548 [INFO] CmdLine:76 -  ------ ----------------------- ----------------- -------------- --------- ---------------
2025-08-22 14:59:01,549 [INFO] CmdLine:76 -  2      dense_1_dense (Dense)   [b:1,c:16]        528/2,112            528          lstm_1
2025-08-22 14:59:01,549 [INFO] CmdLine:76 -         dense_1 (Dense)         [b:1,c:16]                              16   dense_1_dense
2025-08-22 14:59:01,550 [INFO] CmdLine:76 -  ------ ----------------------- ----------------- -------------- --------- ---------------
2025-08-22 14:59:01,550 [INFO] CmdLine:76 -  4      output_dense (Dense)    [b:1,c:4]         68/272                68         dense_1
2025-08-22 14:59:01,551 [INFO] CmdLine:76 -         output (Dense)          [b:1,c:4]                               60    output_dense
2025-08-22 14:59:01,551 [INFO] CmdLine:76 -  ------ ----------------------- ----------------- -------------- --------- ---------------
2025-08-22 14:59:01,551 [INFO] CmdLine:76 -  model: macc=111,392 weights=24,400 activations=-- io=--
2025-08-22 14:59:01,552 [INFO] CmdLine:76 -  Number of operations per c-layer
2025-08-22 14:59:01,552 [INFO] CmdLine:76 -  ------- ------ ------------------------ --------- --------------
2025-08-22 14:59:01,552 [INFO] CmdLine:76 -  c_id    m_id   name (type)                    #op           type
2025-08-22 14:59:01,553 [INFO] CmdLine:76 -  ------- ------ ------------------------ --------- --------------
2025-08-22 14:59:01,553 [INFO] CmdLine:76 -  0       0      lstm_1 (LSTM)              110,720   smul_f32_f32
2025-08-22 14:59:01,553 [INFO] CmdLine:76 -  1       2      dense_1_dense (Dense)          528   smul_f32_f32
2025-08-22 14:59:01,554 [INFO] CmdLine:76 -  2       2      dense_1 (Nonlinearity)          16     op_f32_f32
2025-08-22 14:59:01,554 [INFO] CmdLine:76 -  3       4      output_dense (Dense)            68   smul_f32_f32
2025-08-22 14:59:01,555 [INFO] CmdLine:76 -  4       4      output (Nonlinearity)           60     op_f32_f32
2025-08-22 14:59:01,556 [INFO] CmdLine:76 -  ------- ------ ------------------------ --------- --------------
2025-08-22 14:59:01,556 [INFO] CmdLine:76 -  total                                     111,392
2025-08-22 14:59:01,557 [INFO] CmdLine:76 -  Number of operation types
2025-08-22 14:59:01,558 [INFO] CmdLine:76 -  ---------------- --------- -----------
2025-08-22 14:59:01,558 [INFO] CmdLine:76 -  operation type           #           %
2025-08-22 14:59:01,558 [INFO] CmdLine:76 -  ---------------- --------- -----------
2025-08-22 14:59:01,559 [INFO] CmdLine:76 -  smul_f32_f32       111,316       99.9%
2025-08-22 14:59:01,559 [INFO] CmdLine:76 -  op_f32_f32              76        0.1%
2025-08-22 14:59:01,560 [INFO] CmdLine:76 -  Complexity report (model)
2025-08-22 14:59:01,560 [INFO] CmdLine:76 -  ------ --------------- ------------------------- ------------------------- --------
2025-08-22 14:59:01,561 [INFO] CmdLine:76 -  m_id   name            c_macc                    c_rom                     c_id
2025-08-22 14:59:01,562 [INFO] CmdLine:76 -  ------ --------------- ------------------------- ------------------------- --------
2025-08-22 14:59:01,562 [INFO] CmdLine:76 -  0      input_0         ||||||||||||||||  99.4%   ||||||||||||||||  90.4%   [0]
2025-08-22 14:59:01,563 [INFO] CmdLine:76 -  2      dense_1_dense   |                  0.5%   ||                 8.5%   [1, 2]
2025-08-22 14:59:01,563 [INFO] CmdLine:76 -  4      output_dense    |                  0.1%   |                  1.1%   [3, 4]
2025-08-22 14:59:01,564 [INFO] CmdLine:76 -  ------ --------------- ------------------------- ------------------------- --------
2025-08-22 14:59:01,565 [INFO] CmdLine:76 -  macc=111,392 weights=24,784 act=1,824 ram_io=0
2025-08-22 14:59:01,565 [INFO] CmdLine:76 -  Requested memory size by section - "stm32n6" target
2025-08-22 14:59:01,566 [INFO] CmdLine:76 -  ------------------------------- -------- -------- ------- -------
2025-08-22 14:59:01,567 [INFO] CmdLine:76 -  module                              text   rodata    data     bss
2025-08-22 14:59:01,567 [INFO] CmdLine:76 -  ------------------------------- -------- -------- ------- -------
2025-08-22 14:59:01,568 [INFO] CmdLine:76 -  NetworkRuntime1020_CM55_GCC.a     15,800       32       0       0
2025-08-22 14:59:01,569 [INFO] CmdLine:76 -  network.o                            596       40   1,888     136
2025-08-22 14:59:01,569 [INFO] CmdLine:76 -  network_data.o                        48       16      88       0
2025-08-22 14:59:01,570 [INFO] CmdLine:76 -  lib (toolchain)*                   1,132      340       0       0
2025-08-22 14:59:01,570 [INFO] CmdLine:76 -  ------------------------------- -------- -------- ------- -------
2025-08-22 14:59:01,580 [INFO] CmdLine:76 -  RT total**                        17,576      428   1,976     136
2025-08-22 14:59:01,580 [INFO] CmdLine:76 -  ------------------------------- -------- -------- ------- -------
2025-08-22 14:59:01,581 [INFO] CmdLine:76 -  weights                                0   24,784       0       0
2025-08-22 14:59:01,581 [INFO] CmdLine:76 -  activations                            0        0       0   1,824
2025-08-22 14:59:01,582 [INFO] CmdLine:76 -  io                                     0        0       0       0
2025-08-22 14:59:01,582 [INFO] CmdLine:76 -  ------------------------------- -------- -------- ------- -------
2025-08-22 14:59:01,583 [INFO] CmdLine:76 -  TOTAL                             17,576   25,212   1,976   1,960
2025-08-22 14:59:01,583 [INFO] CmdLine:76 -  ------------------------------- -------- -------- ------- -------
2025-08-22 14:59:01,584 [INFO] CmdLine:76 -  *  toolchain objects (libm/libgcc*)
2025-08-22 14:59:01,584 [INFO] CmdLine:76 -  ** RT AI runtime objects (kernels+infrastructure)
2025-08-22 14:59:01,585 [INFO] CmdLine:76 -   Summary - "stm32n6" target
2025-08-22 14:59:01,585 [INFO] CmdLine:76 -   ---------------------------------------------------
2025-08-22 14:59:01,586 [INFO] CmdLine:76 -                FLASH (ro)      %*   RAM (rw)       %
2025-08-22 14:59:01,586 [INFO] CmdLine:76 -   ---------------------------------------------------
2025-08-22 14:59:01,587 [INFO] CmdLine:76 -   RT total         19,980   44.6%      2,112   53.7%
2025-08-22 14:59:01,587 [INFO] CmdLine:76 -   ---------------------------------------------------
2025-08-22 14:59:01,588 [INFO] CmdLine:76 -   TOTAL            44,764              3,936
2025-08-22 14:59:01,588 [INFO] CmdLine:76 -   ---------------------------------------------------
2025-08-22 14:59:01,589 [INFO] CmdLine:76 -   *  rt/total
2025-08-22 14:59:01,589 [INFO] CmdLine:76 - Creating txt report file C:\Users\ZOJOLDRI\.stm32cubemx\network_output\network_analyze_report.txt
2025-08-22 14:59:06,073 [INFO] CmdLine:76 - elapsed time (analyze): 61.231s
2025-08-22 14:59:06,459 [INFO] CmdLine:148 - stedgeai exit with status: 0
2025-08-22 14:59:06,474 [INFO] AIModelDetailledView:1184 - Model file:      lstm_ab_encoder.h5
2025-08-22 14:59:06,474 [INFO] AIModelDetailledView:1184 - Total Flash:     44764 B (43.71 KiB)
2025-08-22 14:59:06,476 [INFO] AIModelDetailledView:1184 -     Weights:     24784 B (24.20 KiB)
2025-08-22 14:59:06,477 [INFO] AIModelDetailledView:1184 -     Library:     19980 B (19.51 KiB)
2025-08-22 14:59:06,477 [INFO] AIModelDetailledView:1184 - Total Ram:       3936 B (3.84 KiB)
2025-08-22 14:59:06,478 [INFO] AIModelDetailledView:1184 -     Activations: 1824 B (1.78 KiB)
2025-08-22 14:59:06,478 [INFO] AIModelDetailledView:1184 -     Library:     2112 B (2.06 KiB)
2025-08-22 14:59:06,479 [INFO] AIModelDetailledView:1184 -     Input:       800 B (included in Activations)
2025-08-22 14:59:06,479 [INFO] AIModelDetailledView:1184 -     Output:      16 B (included in Activations)
2025-08-22 14:59:06,479 [INFO] AIModelDetailledView:1184 - Done
2025-08-22 14:59:06,481 [INFO] AIModelDetailledView:2715 - Analyze complete on AI model
2025-08-22 14:59:06,484 [INFO] AIModelDetailledView:2380 - Analysis status: done
2025-08-22 15:00:09,398 [INFO] UtilMem:75 - End SaveConfig() Used Memory: 835970312 Bytes (1073741824)
2025-08-22 15:00:10,574 [INFO] UtilMem:75 - End SaveConfig() Used Memory: 872492328 Bytes (1073741824)
2025-08-22 15:00:10,804 [ERROR] IocParser:95 - Exception caught: Cannot invoke "java.lang.CharSequence.length()" because "this.text" is null
2025-08-22 15:00:12,264 [INFO] UtilMem:75 - End SaveConfig() Used Memory: 959373384 Bytes (1073741824)
2025-08-22 15:00:13,010 [ERROR] IocParser:95 - Exception caught: Cannot invoke "java.lang.CharSequence.length()" because "this.text" is null
2025-08-22 15:00:13,327 [INFO] BlockDiagram:2775 - set Specific Code input for plugin: EXTMEM_MANAGER
2025-08-22 15:00:13,327 [INFO] BlockDiagram:2775 - set Specific Code input for plugin: RAMCFG
2025-08-22 15:00:13,327 [INFO] BlockDiagram:2775 - set Specific Code input for plugin: RCC
2025-08-22 15:00:13,327 [INFO] BlockDiagram:2775 - set Specific Code input for plugin: CORTEX_M55_FSBL
2025-08-22 15:00:13,327 [INFO] BlockDiagram:2775 - set Specific Code input for plugin: XSPIM
2025-08-22 15:00:13,327 [INFO] BlockDiagram:2775 - set Specific Code input for plugin: STMicroelectronics.X-CUBE-AI.10.2.0
2025-08-22 15:00:13,327 [INFO] BlockDiagram:2775 - set Specific Code input for plugin: XSPI
2025-08-22 15:00:13,327 [INFO] BlockDiagram:2775 - set Specific Code input for plugin: NUCLEO-N657X0-Q
2025-08-22 15:00:13,327 [INFO] BlockDiagram:2775 - set Specific Code input for plugin: TIM6_7N6
2025-08-22 15:00:13,327 [INFO] BlockDiagram:2775 - set Specific Code input for plugin: TIM1_8N6
2025-08-22 15:00:13,327 [INFO] BlockDiagram:2775 - set Specific Code input for plugin: CACHEAXI
2025-08-22 15:00:13,327 [INFO] BlockDiagram:2775 - set Specific Code input for plugin: BSEC
2025-08-22 15:00:13,327 [INFO] BlockDiagram:2775 - set Specific Code input for plugin: LPUART
2025-08-22 15:00:13,327 [INFO] BlockDiagram:2775 - set Specific Code input for plugin: NVIC
2025-08-22 15:00:13,328 [INFO] BlockDiagram:2775 - set Specific Code input for plugin: GPIO
2025-08-22 15:00:13,328 [INFO] BlockDiagram:2775 - set Specific Code input for plugin: RIF
2025-08-22 15:00:13,328 [INFO] BlockDiagram:2775 - set Specific Code input for plugin: NVIC1
2025-08-22 15:00:13,332 [INFO] CodeGenerator:892 - code generatio: config db path: C:\ST\STM32CubeIDE_1.19.0\STM32CubeIDE\plugins\com.st.stm32cube.common.mx_6.15.0.202507011659\\db\
2025-08-22 15:00:13,370 [WARN] IP:2250 - RefParam_XIP_memory not found: check if there is a RefParameter without a condition.
2025-08-22 15:00:13,371 [WARN] IP:2250 - RefParam_MEMORY_1_Size not found: check if there is a RefParameter without a condition.
2025-08-22 15:00:13,371 [WARN] IP:2250 - RefParam_MEMORY_1_FreqMax not found: check if there is a RefParameter without a condition.
2025-08-22 15:00:13,371 [WARN] IP:2250 - RefParam_MEMORY_1_ReadReg not found: check if there is a RefParameter without a condition.
2025-08-22 15:00:13,371 [WARN] IP:2250 - RefParam_MEMORY_1_WriteReg not found: check if there is a RefParameter without a condition.
2025-08-22 15:00:13,371 [WARN] IP:2250 - RefParam_MEMORY_1_RegSize not found: check if there is a RefParameter without a condition.
2025-08-22 15:00:13,371 [WARN] IP:2250 - RefParam_MEMORY_1_RegDummyCycle not found: check if there is a RefParameter without a condition.
2025-08-22 15:00:13,371 [WARN] IP:2250 - RefParam_MEMORY_1_WriteCommand not found: check if there is a RefParameter without a condition.
2025-08-22 15:00:13,371 [WARN] IP:2250 - RefParam_MEMORY_1_WriteDummyCycle not found: check if there is a RefParameter without a condition.
2025-08-22 15:00:13,371 [WARN] IP:2250 - RefParam_MEMORY_1_ReadCommand not found: check if there is a RefParameter without a condition.
2025-08-22 15:00:13,371 [WARN] IP:2250 - RefParam_MEMORY_1_WrapReadCommand not found: check if there is a RefParameter without a condition.
2025-08-22 15:00:13,371 [WARN] IP:2250 - RefParam_MEMORY_1_ReadDummyCycle not found: check if there is a RefParameter without a condition.
2025-08-22 15:00:13,371 [WARN] IP:2250 - RefParam_MEMORY_1_NumberOfConfig not found: check if there is a RefParameter without a condition.
2025-08-22 15:00:13,371 [WARN] IP:2250 - RefParam_MEMORY_1_Config1_WriteMask not found: check if there is a RefParameter without a condition.
2025-08-22 15:00:13,372 [WARN] IP:2250 - RefParam_MEMORY_1_Config1_WriteValue not found: check if there is a RefParameter without a condition.
2025-08-22 15:00:13,372 [WARN] IP:2250 - RefParam_MEMORY_1_Config1_RegAddress not found: check if there is a RefParameter without a condition.
2025-08-22 15:00:13,372 [WARN] IP:2250 - RefParam_MEMORY_1_Config2_WriteMask not found: check if there is a RefParameter without a condition.
2025-08-22 15:00:13,372 [WARN] IP:2250 - RefParam_MEMORY_1_Config2_WriteValue not found: check if there is a RefParameter without a condition.
2025-08-22 15:00:13,372 [WARN] IP:2250 - RefParam_MEMORY_1_Config2_RegAddress not found: check if there is a RefParameter without a condition.
2025-08-22 15:00:13,372 [WARN] IP:2250 - RefParam_MEMORY_1_Config3_WriteMask not found: check if there is a RefParameter without a condition.
2025-08-22 15:00:13,372 [WARN] IP:2250 - RefParam_MEMORY_1_Config3_WriteValue not found: check if there is a RefParameter without a condition.
2025-08-22 15:00:13,372 [WARN] IP:2250 - RefParam_MEMORY_1_Config3_RegAddress not found: check if there is a RefParameter without a condition.
2025-08-22 15:00:13,372 [WARN] IP:2250 - RefParam_MEMORY_2_Instance not found: check if there is a RefParameter without a condition.
2025-08-22 15:00:13,372 [WARN] IP:2250 - RefParam_MEMORY_2_ConfigType not found: check if there is a RefParameter without a condition.
2025-08-22 15:00:13,372 [WARN] IP:2250 - RefParam_MEMORY_2_Size not found: check if there is a RefParameter without a condition.
2025-08-22 15:00:13,372 [WARN] IP:2250 - RefParam_MEMORY_2_FreqMax not found: check if there is a RefParameter without a condition.
2025-08-22 15:00:13,372 [WARN] IP:2250 - RefParam_MEMORY_2_ReadReg not found: check if there is a RefParameter without a condition.
2025-08-22 15:00:13,372 [WARN] IP:2250 - RefParam_MEMORY_2_WriteReg not found: check if there is a RefParameter without a condition.
2025-08-22 15:00:13,372 [WARN] IP:2250 - RefParam_MEMORY_2_RegSize not found: check if there is a RefParameter without a condition.
2025-08-22 15:00:13,372 [WARN] IP:2250 - RefParam_MEMORY_2_RegDummyCycle not found: check if there is a RefParameter without a condition.
2025-08-22 15:00:13,372 [WARN] IP:2250 - RefParam_MEMORY_2_WriteCommand not found: check if there is a RefParameter without a condition.
2025-08-22 15:00:13,372 [WARN] IP:2250 - RefParam_MEMORY_2_WriteDummyCycle not found: check if there is a RefParameter without a condition.
2025-08-22 15:00:13,372 [WARN] IP:2250 - RefParam_MEMORY_2_ReadCommand not found: check if there is a RefParameter without a condition.
2025-08-22 15:00:13,372 [WARN] IP:2250 - RefParam_MEMORY_2_WrapReadCommand not found: check if there is a RefParameter without a condition.
2025-08-22 15:00:13,372 [WARN] IP:2250 - RefParam_MEMORY_2_ReadDummyCycle not found: check if there is a RefParameter without a condition.
2025-08-22 15:00:13,372 [WARN] IP:2250 - RefParam_MEMORY_2_NumberOfConfig not found: check if there is a RefParameter without a condition.
2025-08-22 15:00:13,372 [WARN] IP:2250 - RefParam_MEMORY_2_Config1_WriteMask not found: check if there is a RefParameter without a condition.
2025-08-22 15:00:13,372 [WARN] IP:2250 - RefParam_MEMORY_2_Config1_WriteValue not found: check if there is a RefParameter without a condition.
2025-08-22 15:00:13,372 [WARN] IP:2250 - RefParam_MEMORY_2_Config1_RegAddress not found: check if there is a RefParameter without a condition.
2025-08-22 15:00:13,372 [WARN] IP:2250 - RefParam_MEMORY_2_Config2_WriteMask not found: check if there is a RefParameter without a condition.
2025-08-22 15:00:13,372 [WARN] IP:2250 - RefParam_MEMORY_2_Config2_WriteValue not found: check if there is a RefParameter without a condition.
2025-08-22 15:00:13,372 [WARN] IP:2250 - RefParam_MEMORY_2_Config2_RegAddress not found: check if there is a RefParameter without a condition.
2025-08-22 15:00:13,372 [WARN] IP:2250 - RefParam_MEMORY_2_Config3_WriteMask not found: check if there is a RefParameter without a condition.
2025-08-22 15:00:13,372 [WARN] IP:2250 - RefParam_MEMORY_2_Config3_WriteValue not found: check if there is a RefParameter without a condition.
2025-08-22 15:00:13,372 [WARN] IP:2250 - RefParam_MEMORY_2_Config3_RegAddress not found: check if there is a RefParameter without a condition.
2025-08-22 15:00:13,554 [INFO] Middleware:1452 - No code input for Bsp Dependency
2025-08-22 15:00:13,557 [INFO] Middleware:1452 - No code input for Bsp Dependency
2025-08-22 15:00:13,558 [INFO] Middleware:1452 - No code input for Bsp Dependency
2025-08-22 15:00:13,559 [INFO] Middleware:1452 - No code input for Bsp Dependency
2025-08-22 15:00:13,559 [INFO] Middleware:1452 - No code input for Bsp Dependency
2025-08-22 15:00:13,560 [INFO] IP:3329 - RTE Config file name : RTE_Component
2025-08-22 15:00:13,560 [INFO] IP:3347 - RTE template : RTE_Components.ftl
2025-08-22 15:00:13,561 [INFO] Middleware:1452 - No code input for Bsp Dependency
2025-08-22 15:00:13,561 [INFO] Middleware:1452 - No code input for Bsp Dependency
2025-08-22 15:00:13,562 [INFO] Middleware:1452 - No code input for Bsp Dependency
2025-08-22 15:00:13,562 [INFO] CodeGenerator:1619 - *******************Project context FSBL selected
2025-08-22 15:00:13,617 [INFO] CodeEngine:265 - oldGeneratedFile, C:\ST\AB_LSTM\AB_LSTM\MXTmpFiles\license.tmp_save
2025-08-22 15:00:13,828 [INFO] CodeEngine:289 - Generated code: C:\ST\AB_LSTM\AB_LSTM\MXTmpFiles\license.tmp
2025-08-22 15:00:13,895 [INFO] CodeEngine:265 - oldGeneratedFile, C:\ST\AB_LSTM\AB_LSTM\FSBL\MXTmpFiles\gpio.tmp_save
2025-08-22 15:00:14,030 [INFO] CodeEngine:289 - Generated code: C:\ST\AB_LSTM\AB_LSTM\FSBL\MXTmpFiles\gpio.tmp
2025-08-22 15:00:14,241 [WARN] IPConfigManager:103 - WARNING: Missing Config File for XSPIM ip!!
2025-08-22 15:00:14,322 [INFO] Middleware:1452 - No code input for Bsp Dependency
2025-08-22 15:00:14,332 [INFO] CodeEngine:265 - oldGeneratedFile, C:\ST\AB_LSTM\AB_LSTM\FSBL\MXTmpFiles\boot_code.tmp_save
2025-08-22 15:00:14,437 [INFO] CodeEngine:289 - Generated code: C:\ST\AB_LSTM\AB_LSTM\FSBL\MXTmpFiles\boot_code.tmp
2025-08-22 15:00:14,457 [INFO] CodeEngine:265 - oldGeneratedFile, C:\ST\AB_LSTM\AB_LSTM\FSBL\MXTmpFiles\cortex.tmp_save
2025-08-22 15:00:14,570 [INFO] CodeEngine:289 - Generated code: C:\ST\AB_LSTM\AB_LSTM\FSBL\MXTmpFiles\cortex.tmp
2025-08-22 15:00:14,581 [INFO] Middleware:1452 - No code input for Bsp Dependency
2025-08-22 15:00:14,592 [INFO] CodeEngine:265 - oldGeneratedFile, C:\ST\AB_LSTM\AB_LSTM\FSBL\Core\Inc\extmem_manager.h_save
2025-08-22 15:00:14,709 [INFO] CodeEngine:289 - Generated code: C:\ST\AB_LSTM\AB_LSTM\FSBL\Core\Inc\extmem_manager.h
2025-08-22 15:00:14,720 [INFO] CodeEngine:265 - oldGeneratedFile, C:\ST\AB_LSTM\AB_LSTM\FSBL\Core\Src\extmem_manager.c_save
2025-08-22 15:00:14,856 [INFO] CodeEngine:289 - Generated code: C:\ST\AB_LSTM\AB_LSTM\FSBL\Core\Src\extmem_manager.c
2025-08-22 15:00:14,869 [INFO] CodeEngine:265 - oldGeneratedFile, C:\ST\AB_LSTM\AB_LSTM\FSBL\Core\Inc\stm32_extmem_conf.h_save
2025-08-22 15:00:14,980 [INFO] CodeEngine:289 - Generated code: C:\ST\AB_LSTM\AB_LSTM\FSBL\Core\Inc\stm32_extmem_conf.h
2025-08-22 15:00:14,988 [INFO] CodeEngine:265 - oldGeneratedFile, C:\ST\AB_LSTM\AB_LSTM\FSBL\MXTmpFiles\boot_code.tmp_save
2025-08-22 15:00:15,039 [INFO] CodeEngine:289 - Generated code: C:\ST\AB_LSTM\AB_LSTM\FSBL\MXTmpFiles\boot_code.tmp
2025-08-22 15:00:15,075 [INFO] CodeEngine:265 - oldGeneratedFile, C:\ST\AB_LSTM\AB_LSTM\FSBL\Core\Src\stm32n6xx_it.c_save
2025-08-22 15:00:15,290 [INFO] CodeEngine:289 - Generated code: C:\ST\AB_LSTM\AB_LSTM\FSBL\Core\Src\stm32n6xx_it.c
2025-08-22 15:00:15,301 [INFO] CodeEngine:265 - oldGeneratedFile, C:\ST\AB_LSTM\AB_LSTM\FSBL\Core\Inc\stm32n6xx_it.h_save
2025-08-22 15:00:15,377 [INFO] CodeEngine:289 - Generated code: C:\ST\AB_LSTM\AB_LSTM\FSBL\Core\Inc\stm32n6xx_it.h
2025-08-22 15:00:15,507 [INFO] CodeEngine:265 - oldGeneratedFile, C:\ST\AB_LSTM\AB_LSTM\FSBL\Core\Src\stm32n6xx_hal_msp.c_save
2025-08-22 15:00:15,701 [INFO] CodeEngine:289 - Generated code: C:\ST\AB_LSTM\AB_LSTM\FSBL\Core\Src\stm32n6xx_hal_msp.c
2025-08-22 15:00:15,716 [INFO] CodeEngine:265 - oldGeneratedFile, C:\ST\AB_LSTM\AB_LSTM\FSBL\MXTmpFiles\system.tmp_save
2025-08-22 15:00:15,772 [INFO] CodeEngine:289 - Generated code: C:\ST\AB_LSTM\AB_LSTM\FSBL\MXTmpFiles\system.tmp
2025-08-22 15:00:15,798 [INFO] CodeEngine:321 - oldGeneratedFile, C:\ST\AB_LSTM\AB_LSTM\FSBL\Core\Inc\stm32n6xx_hal_conf.h_save
2025-08-22 15:00:15,915 [INFO] CodeEngine:345 - Generated code: C:\ST\AB_LSTM\AB_LSTM\FSBL\Core\Inc\stm32n6xx_hal_conf.h
2025-08-22 15:00:15,930 [WARN] IPConfigManager:3238 - Warning: the RefConfig RCC_ConfigVoltageScaling is not available in your config.xml file
2025-08-22 15:00:15,930 [WARN] IPConfigManager:3238 - Warning: the RefConfig RCC_RTC_HSEDIV is not available in your config.xml file
2025-08-22 15:00:15,947 [ERROR] ApiDbMcu:560 - Cannot parse XSPIM_Config file : file do not exist
2025-08-22 15:00:15,965 [INFO] CodeEngine:265 - oldGeneratedFile, C:\ST\AB_LSTM\AB_LSTM\FSBL\Core\Inc\main.h_save
2025-08-22 15:00:16,097 [INFO] CodeEngine:289 - Generated code: C:\ST\AB_LSTM\AB_LSTM\FSBL\Core\Inc\main.h
2025-08-22 15:00:16,114 [INFO] CodeEngine:265 - oldGeneratedFile, C:\ST\AB_LSTM\AB_LSTM\FSBL\Core\Src\main.c_save
2025-08-22 15:00:16,278 [INFO] CodeEngine:289 - Generated code: C:\ST\AB_LSTM\AB_LSTM\FSBL\Core\Src\main.c
2025-08-22 15:00:16,331 [INFO] CodeGenerator:1619 - *******************Project context Appli selected
2025-08-22 15:00:16,380 [INFO] IP:3329 - RTE Config file name : RTE_Component
2025-08-22 15:00:16,380 [INFO] IP:3347 - RTE template : RTE_Components.ftl
2025-08-22 15:00:16,397 [INFO] CodeEngine:265 - oldGeneratedFile, C:\ST\AB_LSTM\AB_LSTM\MXTmpFiles\license.tmp_save
2025-08-22 15:00:16,497 [INFO] CodeEngine:289 - Generated code: C:\ST\AB_LSTM\AB_LSTM\MXTmpFiles\license.tmp
2025-08-22 15:00:16,530 [INFO] CodeEngine:265 - oldGeneratedFile, C:\ST\AB_LSTM\AB_LSTM\Appli\MXTmpFiles\gpio.tmp_save
2025-08-22 15:00:16,630 [INFO] CodeEngine:289 - Generated code: C:\ST\AB_LSTM\AB_LSTM\Appli\MXTmpFiles\gpio.tmp
2025-08-22 15:00:16,714 [WARN] IPConfigManager:103 - WARNING: Missing Config File for NVIC ip!!
2025-08-22 15:00:16,838 [INFO] Middleware:1452 - No code input for Bsp Dependency
2025-08-22 15:00:16,839 [INFO] Middleware:1452 - No code input for Bsp Dependency
2025-08-22 15:00:16,839 [INFO] IP:3329 - RTE Config file name : RTE_Component
2025-08-22 15:00:16,839 [INFO] IP:3347 - RTE template : RTE_Components.ftl
2025-08-22 15:00:16,850 [INFO] CodeEngine:265 - oldGeneratedFile, C:\ST\AB_LSTM\AB_LSTM\Appli\MXTmpFiles\cortex.tmp_save
2025-08-22 15:00:16,936 [INFO] CodeEngine:289 - Generated code: C:\ST\AB_LSTM\AB_LSTM\Appli\MXTmpFiles\cortex.tmp
2025-08-22 15:00:16,971 [INFO] CodeEngine:265 - oldGeneratedFile, C:\ST\AB_LSTM\AB_LSTM\Appli\Core\Inc\stm32n6xx_nucleo_conf.h_save
2025-08-22 15:00:17,079 [INFO] CodeEngine:289 - Generated code: C:\ST\AB_LSTM\AB_LSTM\Appli\Core\Inc\stm32n6xx_nucleo_conf.h
2025-08-22 15:00:17,086 [INFO] CodeEngine:265 - oldGeneratedFile, C:\ST\AB_LSTM\AB_LSTM\Appli\MXTmpFiles\bsp_inc.tmp_save
2025-08-22 15:00:17,134 [INFO] CodeEngine:289 - Generated code: C:\ST\AB_LSTM\AB_LSTM\Appli\MXTmpFiles\bsp_inc.tmp
2025-08-22 15:00:17,146 [INFO] CodeEngine:265 - oldGeneratedFile, C:\ST\AB_LSTM\AB_LSTM\Appli\MXTmpFiles\bsp_common_vars.tmp_save
2025-08-22 15:00:17,186 [INFO] CodeEngine:289 - Generated code: C:\ST\AB_LSTM\AB_LSTM\Appli\MXTmpFiles\bsp_common_vars.tmp
2025-08-22 15:00:17,190 [INFO] CodeEngine:265 - oldGeneratedFile, C:\ST\AB_LSTM\AB_LSTM\Appli\MXTmpFiles\bsp_common_init.tmp_save
2025-08-22 15:00:17,236 [INFO] CodeEngine:289 - Generated code: C:\ST\AB_LSTM\AB_LSTM\Appli\MXTmpFiles\bsp_common_init.tmp
2025-08-22 15:00:17,246 [INFO] CodeEngine:265 - oldGeneratedFile, C:\ST\AB_LSTM\AB_LSTM\Appli\MXTmpFiles\bsp_common_demo_before_while.tmp_save
2025-08-22 15:00:17,283 [INFO] CodeEngine:289 - Generated code: C:\ST\AB_LSTM\AB_LSTM\Appli\MXTmpFiles\bsp_common_demo_before_while.tmp
2025-08-22 15:00:17,288 [INFO] CodeEngine:265 - oldGeneratedFile, C:\ST\AB_LSTM\AB_LSTM\Appli\MXTmpFiles\bsp_common_demo_inside_while.tmp_save
2025-08-22 15:00:17,326 [INFO] CodeEngine:289 - Generated code: C:\ST\AB_LSTM\AB_LSTM\Appli\MXTmpFiles\bsp_common_demo_inside_while.tmp
2025-08-22 15:00:17,331 [INFO] CodeEngine:265 - oldGeneratedFile, C:\ST\AB_LSTM\AB_LSTM\Appli\MXTmpFiles\bsp_common_demo_fct.tmp_save
2025-08-22 15:00:17,368 [INFO] CodeEngine:289 - Generated code: C:\ST\AB_LSTM\AB_LSTM\Appli\MXTmpFiles\bsp_common_demo_fct.tmp
2025-08-22 15:00:17,371 [INFO] Middleware:1452 - No code input for Bsp Dependency
2025-08-22 15:00:17,371 [INFO] Middleware:1452 - No code input for Bsp Dependency
2025-08-22 15:00:17,372 [INFO] IP:3329 - RTE Config file name : RTE_Component
2025-08-22 15:00:17,372 [INFO] IP:3347 - RTE template : RTE_Components.ftl
2025-08-22 15:00:17,380 [INFO] CodeEngine:265 - oldGeneratedFile, C:\ST\AB_LSTM\AB_LSTM\Appli\X-CUBE-AI\App\app_x-cube-ai.h_save
2025-08-22 15:00:17,467 [INFO] CodeEngine:289 - Generated code: C:\ST\AB_LSTM\AB_LSTM\Appli\X-CUBE-AI\App\app_x-cube-ai.h
2025-08-22 15:00:17,474 [INFO] CodeEngine:265 - oldGeneratedFile, C:\ST\AB_LSTM\AB_LSTM\Appli\X-CUBE-AI\constants_ai.h_save
2025-08-22 15:00:17,534 [INFO] CodeEngine:289 - Generated code: C:\ST\AB_LSTM\AB_LSTM\Appli\X-CUBE-AI\constants_ai.h
2025-08-22 15:00:17,540 [INFO] CodeEngine:265 - oldGeneratedFile, C:\ST\AB_LSTM\AB_LSTM\Appli\X-CUBE-AI\App\app_x-cube-ai.c_save
2025-08-22 15:00:17,616 [INFO] CodeEngine:289 - Generated code: C:\ST\AB_LSTM\AB_LSTM\Appli\X-CUBE-AI\App\app_x-cube-ai.c
2025-08-22 15:00:17,650 [INFO] CodeEngine:265 - oldGeneratedFile, C:\ST\AB_LSTM\AB_LSTM\Appli\Core\Src\stm32n6xx_it.c_save
2025-08-22 15:00:17,789 [INFO] CodeEngine:289 - Generated code: C:\ST\AB_LSTM\AB_LSTM\Appli\Core\Src\stm32n6xx_it.c
2025-08-22 15:00:17,802 [INFO] CodeEngine:265 - oldGeneratedFile, C:\ST\AB_LSTM\AB_LSTM\Appli\Core\Inc\stm32n6xx_it.h_save
2025-08-22 15:00:17,858 [INFO] CodeEngine:289 - Generated code: C:\ST\AB_LSTM\AB_LSTM\Appli\Core\Inc\stm32n6xx_it.h
2025-08-22 15:00:17,863 [INFO] IP:3329 - RTE Config file name : RTE_Component
2025-08-22 15:00:17,863 [INFO] IP:3347 - RTE template : RTE_Components.ftl
2025-08-22 15:00:17,863 [INFO] CodeGenerator:2312 - Add RTE Code Input 
2025-08-22 15:00:17,873 [INFO] CodeEngine:265 - oldGeneratedFile, C:\ST\AB_LSTM\AB_LSTM\Appli\Core\Inc\RTE_Components.h_save
2025-08-22 15:00:17,962 [INFO] CodeEngine:289 - Generated code: C:\ST\AB_LSTM\AB_LSTM\Appli\Core\Inc\RTE_Components.h
2025-08-22 15:00:17,971 [INFO] CodeEngine:265 - oldGeneratedFile, C:\ST\AB_LSTM\AB_LSTM\Appli\MXTmpFiles\RIFInit.tmp_save
2025-08-22 15:00:18,048 [INFO] CodeEngine:289 - Generated code: C:\ST\AB_LSTM\AB_LSTM\Appli\MXTmpFiles\RIFInit.tmp
2025-08-22 15:00:18,118 [INFO] CodeEngine:265 - oldGeneratedFile, C:\ST\AB_LSTM\AB_LSTM\Appli\Core\Src\stm32n6xx_hal_msp.c_save
2025-08-22 15:00:18,240 [INFO] CodeEngine:289 - Generated code: C:\ST\AB_LSTM\AB_LSTM\Appli\Core\Src\stm32n6xx_hal_msp.c
2025-08-22 15:00:18,245 [INFO] CodeEngine:265 - oldGeneratedFile, C:\ST\AB_LSTM\AB_LSTM\Appli\MXTmpFiles\system.tmp_save
2025-08-22 15:00:18,277 [INFO] CodeEngine:289 - Generated code: C:\ST\AB_LSTM\AB_LSTM\Appli\MXTmpFiles\system.tmp
2025-08-22 15:00:18,289 [INFO] CodeEngine:321 - oldGeneratedFile, C:\ST\AB_LSTM\AB_LSTM\Appli\Core\Inc\stm32n6xx_hal_conf.h_save
2025-08-22 15:00:18,383 [INFO] CodeEngine:345 - Generated code: C:\ST\AB_LSTM\AB_LSTM\Appli\Core\Inc\stm32n6xx_hal_conf.h
2025-08-22 15:00:18,395 [WARN] IPConfigManager:3238 - Warning: the RefConfig RCC_ConfigVoltageScaling is not available in your config.xml file
2025-08-22 15:00:18,396 [WARN] IPConfigManager:3238 - Warning: the RefConfig RCC_RTC_HSEDIV is not available in your config.xml file
2025-08-22 15:00:18,406 [WARN] IPConfigManager:3811 - IP not found : TIM
2025-08-22 15:00:18,407 [WARN] CodeGenerator:4259 - IP not found : null
2025-08-22 15:00:18,415 [INFO] CodeEngine:265 - oldGeneratedFile, C:\ST\AB_LSTM\AB_LSTM\Appli\Core\Inc\main.h_save
2025-08-22 15:00:18,523 [INFO] CodeEngine:289 - Generated code: C:\ST\AB_LSTM\AB_LSTM\Appli\Core\Inc\main.h
2025-08-22 15:00:18,534 [INFO] CodeEngine:265 - oldGeneratedFile, C:\ST\AB_LSTM\AB_LSTM\Appli\Core\Src\main.c_save
2025-08-22 15:00:18,641 [INFO] CodeEngine:289 - Generated code: C:\ST\AB_LSTM\AB_LSTM\Appli\Core\Src\main.c
2025-08-22 15:00:18,655 [INFO] CodeEngine:265 - oldGeneratedFile, C:\ST\AB_LSTM\AB_LSTM\Appli\Core\Src\secure_nsc.c_save
2025-08-22 15:00:18,742 [INFO] CodeEngine:289 - Generated code: C:\ST\AB_LSTM\AB_LSTM\Appli\Core\Src\secure_nsc.c
2025-08-22 15:00:18,751 [INFO] CodeEngine:265 - oldGeneratedFile, C:\ST\AB_LSTM\AB_LSTM\Appli\Core\Inc\partition_stm32n657xx.h_save
2025-08-22 15:00:18,827 [INFO] CodeEngine:289 - Generated code: C:\ST\AB_LSTM\AB_LSTM\Appli\Core\Inc\partition_stm32n657xx.h
2025-08-22 15:00:18,834 [INFO] CodeEngine:265 - oldGeneratedFile, C:\ST\AB_LSTM\AB_LSTM\Secure_nsclib\secure_nsc.h_save
2025-08-22 15:00:18,888 [INFO] CodeEngine:289 - Generated code: C:\ST\AB_LSTM\AB_LSTM\Secure_nsclib\secure_nsc.h
2025-08-22 15:00:18,916 [INFO] CodeGenerator:1707 - *******************Project context ExtMemLoader Not selected
2025-08-22 15:00:19,841 [INFO] AInterface:322 - ModelName:network; files:[C:\Users\ZOJOLDRI\OneDrive - Carl Zeiss AG\Dokumente\Zeiss\SMT\Bachelor\AB Encoder Model\AB_Encoder_Synthetic_Data\lstm_ab_encoder.h5]; type:Keras; compression:None
2025-08-22 15:00:19,841 [INFO] AInterface:526 - workspaceTempDir: C:/Users/ZOJOLDRI/AppData/Local/Temp/mxAI_workspace1017306629842001475052831544958601
2025-08-22 15:00:19,842 [INFO] AInterface:1176 - Setting Env: C:/Users/ZOJOLDRI/STM32Cube/Repository/Packs/STMicroelectronics/X-CUBE-AI/10.2.0/Utilities/windows
2025-08-22 15:00:19,845 [INFO] STM32CubeIDEBuilder:265 - Looking for gnu-tools-for-stm32 tools/bin/arm-none-eabi-gcc.exe in C:\ST\STM32CubeIDE_1.19.0\STM32CubeIDE
2025-08-22 15:00:19,847 [INFO] STM32CubeIDEBuilder:294 - checking C:\ST\STM32CubeIDE_1.19.0\STM32CubeIDE\plugins\com.st.stm32cube.ide.mcu.externaltools.gnu-tools-for-stm32.13.3.rel1.win32_1.0.0.202411081344\tools\bin\arm-none-eabi-gcc.exe
2025-08-22 15:00:19,847 [INFO] STM32CubeIDEBuilder:297 - ret=C:\ST\STM32CubeIDE_1.19.0\STM32CubeIDE\plugins\com.st.stm32cube.ide.mcu.externaltools.gnu-tools-for-stm32.13.3.rel1.win32_1.0.0.202411081344\tools\bin\arm-none-eabi-gcc.exe
2025-08-22 15:00:19,848 [INFO] STM32CubeIDEBuilder:311 - returning C:\ST\STM32CubeIDE_1.19.0\STM32CubeIDE\plugins\com.st.stm32cube.ide.mcu.externaltools.gnu-tools-for-stm32.13.3.rel1.win32_1.0.0.202411081344\tools\bin\arm-none-eabi-gcc.exe
2025-08-22 15:00:19,848 [INFO] AInterface:1233 - Custom PATH variable: C:/Users/ZOJOLDRI/STM32Cube/Repository/Packs/STMicroelectronics/X-CUBE-AI/10.2.0/Utilities/windows;C:/Users/ZOJOLDRI/STM32Cube/Repository/Packs/STMicroelectronics/X-CUBE-AI/10.2.0/Utilities/windows/mingw64/bin;C:/Users/ZOJOLDRI/STM32Cube/Repository/Packs/STMicroelectronics/X-CUBE-AI/10.2.0/Utilities/windows/mingw64/libexec/gcc/x86_64-w64-mingw32/7.3.0;;C:\ST\STM32CubeIDE_1.19.0\STM32CubeIDE\plugins\com.st.stm32cube.ide.mcu.externaltools.gnu-tools-for-stm32.13.3.rel1.win32_1.0.0.202411081344\tools\bin
2025-08-22 15:00:19,850 [INFO] CmdLine:115 - Command: C:/Users/ZOJOLDRI/STM32Cube/Repository/Packs/STMicroelectronics/X-CUBE-AI/10.2.0/Utilities/windows/stedgeai.exe generate --target stm32n6 --name network -m C:/Users/ZOJOLDRI/OneDrive - Carl Zeiss AG/Dokumente/Zeiss/SMT/Bachelor/AB Encoder Model/AB_Encoder_Synthetic_Data/lstm_ab_encoder.h5 --compression none --verbosity 1 --workspace C:/Users/ZOJOLDRI/AppData/Local/Temp/mxAI_workspace1017306629842001475052831544958601 --output C:/Users/ZOJOLDRI/.stm32cubemx/network_output
2025-08-22 15:00:19,851 [INFO] AIModelDetailledView:2380 - Analysis status: pending
2025-08-22 15:00:28,012 [INFO] CmdLine:76 - ST Edge AI Core v2.2.0-20266 2adc00962
2025-08-22 15:01:33,885 [INFO] CmdLine:76 - Creating c (debug) info json file C:\Users\ZOJOLDRI\.stm32cubemx\network_output\network_c_info.json
2025-08-22 15:01:33,914 [INFO] CmdLine:76 -  
2025-08-22 15:01:33,914 [INFO] CmdLine:76 -  Exec/report summary (generate)
2025-08-22 15:01:33,914 [INFO] CmdLine:76 -  ---------------------------------------------------------------------------------------------------------------------------------------------------------------
2025-08-22 15:01:33,914 [INFO] CmdLine:76 -  model file         :   C:\Users\ZOJOLDRI\OneDrive - Carl Zeiss AG\Dokumente\Zeiss\SMT\Bachelor\AB Encoder Model\AB_Encoder_Synthetic_Data\lstm_ab_encoder.h5   
2025-08-22 15:01:33,914 [INFO] CmdLine:76 -  type               :   keras                                                                                                                                   
2025-08-22 15:01:33,914 [INFO] CmdLine:76 -  c_name             :   network                                                                                                                                 
2025-08-22 15:01:33,914 [INFO] CmdLine:76 -  compression        :   none                                                                                                                                    
2025-08-22 15:01:33,914 [INFO] CmdLine:76 -  options            :   allocate-inputs, allocate-outputs                                                                                                       
2025-08-22 15:01:33,914 [INFO] CmdLine:76 -  optimization       :   balanced                                                                                                                                
2025-08-22 15:01:33,914 [INFO] CmdLine:76 -  target/series      :   stm32n6                                                                                                                                 
2025-08-22 15:01:33,914 [INFO] CmdLine:76 -  workspace dir      :   C:\Users\ZOJOLDRI\AppData\Local\Temp\mxAI_workspace1017306629842001475052831544958601                                                   
2025-08-22 15:01:33,914 [INFO] CmdLine:76 -  output dir         :   C:\Users\ZOJOLDRI\.stm32cubemx\network_output                                                                                           
2025-08-22 15:01:33,914 [INFO] CmdLine:76 -  model_fmt          :   float                                                                                                                                   
2025-08-22 15:01:33,914 [INFO] CmdLine:76 -  model_name         :   lstm_ab_encoder                                                                                                                         
2025-08-22 15:01:33,914 [INFO] CmdLine:76 -  model_hash         :   0xa47bada8397fa61bef25ba35fe6f4e01                                                                                                      
2025-08-22 15:01:33,914 [INFO] CmdLine:76 -  params #           :   6,100 items (23.83 KiB)                                                                                                                 
2025-08-22 15:01:33,914 [INFO] CmdLine:76 -  ---------------------------------------------------------------------------------------------------------------------------------------------------------------
2025-08-22 15:01:33,914 [INFO] CmdLine:76 -  input 1/1          :   'input_0', f32(1x20x10), 800 Bytes, activations                                                                                         
2025-08-22 15:01:33,915 [INFO] CmdLine:76 -  output 1/1         :   'output', f32(1x4), 16 Bytes, activations                                                                                               
2025-08-22 15:01:33,915 [INFO] CmdLine:76 -  macc               :   111,392                                                                                                                                 
2025-08-22 15:01:33,915 [INFO] CmdLine:76 -  weights (ro)       :   24,784 B (24.20 KiB) (1 segment) / +384(+1.6%) vs float model                                                                           
2025-08-22 15:01:33,915 [INFO] CmdLine:76 -  activations (rw)   :   1,824 B (1.78 KiB) (1 segment) *                                                                                                        
2025-08-22 15:01:33,915 [INFO] CmdLine:76 -  ram (total)        :   1,824 B (1.78 KiB) = 1,824 + 0 + 0                                                                                                      
2025-08-22 15:01:33,915 [INFO] CmdLine:76 -  ---------------------------------------------------------------------------------------------------------------------------------------------------------------
2025-08-22 15:01:33,915 [INFO] CmdLine:76 -  (*) 'input'/'output' buffers are allocated in the activations buffer
2025-08-22 15:01:33,917 [INFO] CmdLine:76 - Computing AI RT data/code size (target=stm32n6)..
2025-08-22 15:01:40,289 [INFO] CmdLine:76 -  Requested memory size by section - "stm32n6" target
2025-08-22 15:01:40,289 [INFO] CmdLine:76 -  ------------------------------- -------- -------- ------- -------
2025-08-22 15:01:40,289 [INFO] CmdLine:76 -  module                              text   rodata    data     bss
2025-08-22 15:01:40,289 [INFO] CmdLine:76 -  ------------------------------- -------- -------- ------- -------
2025-08-22 15:01:40,289 [INFO] CmdLine:76 -  NetworkRuntime1020_CM55_GCC.a     15,800       32       0       0
2025-08-22 15:01:40,290 [INFO] CmdLine:76 -  network.o                            596       40   1,888     136
2025-08-22 15:01:40,290 [INFO] CmdLine:76 -  network_data.o                        48       16      88       0
2025-08-22 15:01:40,290 [INFO] CmdLine:76 -  lib (toolchain)*                   1,132      340       0       0
2025-08-22 15:01:40,290 [INFO] CmdLine:76 -  ------------------------------- -------- -------- ------- -------
2025-08-22 15:01:40,290 [INFO] CmdLine:76 -  RT total**                        17,576      428   1,976     136
2025-08-22 15:01:40,290 [INFO] CmdLine:76 -  ------------------------------- -------- -------- ------- -------
2025-08-22 15:01:40,290 [INFO] CmdLine:76 -  weights                                0   24,784       0       0
2025-08-22 15:01:40,290 [INFO] CmdLine:76 -  activations                            0        0       0   1,824
2025-08-22 15:01:40,290 [INFO] CmdLine:76 -  io                                     0        0       0       0
2025-08-22 15:01:40,290 [INFO] CmdLine:76 -  ------------------------------- -------- -------- ------- -------
2025-08-22 15:01:40,290 [INFO] CmdLine:76 -  TOTAL                             17,576   25,212   1,976   1,960
2025-08-22 15:01:40,290 [INFO] CmdLine:76 -  ------------------------------- -------- -------- ------- -------
2025-08-22 15:01:40,290 [INFO] CmdLine:76 -  *  toolchain objects (libm/libgcc*)
2025-08-22 15:01:40,290 [INFO] CmdLine:76 -  ** RT AI runtime objects (kernels+infrastructure)
2025-08-22 15:01:40,291 [INFO] CmdLine:76 -   Summary - "stm32n6" target
2025-08-22 15:01:40,291 [INFO] CmdLine:76 -   ---------------------------------------------------
2025-08-22 15:01:40,291 [INFO] CmdLine:76 -                FLASH (ro)      %*   RAM (rw)       %
2025-08-22 15:01:40,291 [INFO] CmdLine:76 -   ---------------------------------------------------
2025-08-22 15:01:40,291 [INFO] CmdLine:76 -   RT total         19,980   44.6%      2,112   53.7%
2025-08-22 15:01:40,291 [INFO] CmdLine:76 -   ---------------------------------------------------
2025-08-22 15:01:40,291 [INFO] CmdLine:76 -   TOTAL            44,764              3,936
2025-08-22 15:01:40,291 [INFO] CmdLine:76 -   ---------------------------------------------------
2025-08-22 15:01:40,291 [INFO] CmdLine:76 -   *  rt/total
2025-08-22 15:01:40,291 [INFO] CmdLine:76 -  Generated files (7)
2025-08-22 15:01:40,291 [INFO] CmdLine:76 -  ---------------------------------------------------------------------
2025-08-22 15:01:40,291 [INFO] CmdLine:76 -  C:\Users\ZOJOLDRI\.stm32cubemx\network_output\network_data_params.h
2025-08-22 15:01:40,291 [INFO] CmdLine:76 -  C:\Users\ZOJOLDRI\.stm32cubemx\network_output\network_data_params.c
2025-08-22 15:01:40,291 [INFO] CmdLine:76 -  C:\Users\ZOJOLDRI\.stm32cubemx\network_output\network_data.h
2025-08-22 15:01:40,291 [INFO] CmdLine:76 -  C:\Users\ZOJOLDRI\.stm32cubemx\network_output\network_data.c
2025-08-22 15:01:40,291 [INFO] CmdLine:76 -  C:\Users\ZOJOLDRI\.stm32cubemx\network_output\network_config.h
2025-08-22 15:01:40,292 [INFO] CmdLine:76 -  C:\Users\ZOJOLDRI\.stm32cubemx\network_output\network.h
2025-08-22 15:01:40,292 [INFO] CmdLine:76 -  C:\Users\ZOJOLDRI\.stm32cubemx\network_output\network.c
2025-08-22 15:01:40,292 [INFO] CmdLine:76 - Creating txt report file C:\Users\ZOJOLDRI\.stm32cubemx\network_output\network_generate_report.txt
2025-08-22 15:01:43,454 [INFO] CmdLine:76 - elapsed time (generate): 75.443s
2025-08-22 15:01:43,929 [INFO] CmdLine:148 - stedgeai exit with status: 0
2025-08-22 15:01:43,946 [INFO] AIModelDetailledView:2380 - Analysis status: done
2025-08-22 15:01:45,076 [INFO] ProjectBuilder:3606 - Time for Copy HAL[1] : 548mS.
2025-08-22 15:01:45,076 [ERROR] Middleware:2950 - Invalid RefComponent list
2025-08-22 15:01:45,076 [ERROR] Middleware:2950 - Invalid RefComponent list
2025-08-22 15:01:45,076 [ERROR] Middleware:2950 - Invalid RefComponent list
2025-08-22 15:01:45,076 [ERROR] Middleware:2950 - Invalid RefComponent list
2025-08-22 15:01:45,076 [ERROR] Middleware:2950 - Invalid RefComponent list
2025-08-22 15:01:45,076 [ERROR] Middleware:2950 - Invalid RefComponent list
2025-08-22 15:01:45,076 [ERROR] Middleware:2950 - Invalid RefComponent list
2025-08-22 15:01:45,076 [ERROR] Middleware:2950 - Invalid RefComponent list
2025-08-22 15:01:45,076 [ERROR] Middleware:2950 - Invalid RefComponent list
2025-08-22 15:01:45,076 [ERROR] Middleware:2950 - Invalid RefComponent list
2025-08-22 15:01:45,076 [ERROR] Middleware:2950 - Invalid RefComponent list
2025-08-22 15:01:45,076 [ERROR] Middleware:2950 - Invalid RefComponent list
2025-08-22 15:01:45,076 [ERROR] Middleware:2950 - Invalid RefComponent list
2025-08-22 15:01:45,076 [ERROR] Middleware:2950 - Invalid RefComponent list
2025-08-22 15:01:45,076 [ERROR] Middleware:2950 - Invalid RefComponent list
2025-08-22 15:01:45,076 [ERROR] Middleware:2950 - Invalid RefComponent list
2025-08-22 15:01:45,076 [ERROR] Middleware:2950 - Invalid RefComponent list
2025-08-22 15:01:45,076 [ERROR] Middleware:2950 - Invalid RefComponent list
2025-08-22 15:01:45,076 [ERROR] Middleware:2950 - Invalid RefComponent list
2025-08-22 15:01:45,076 [ERROR] Middleware:2950 - Invalid RefComponent list
2025-08-22 15:01:45,076 [ERROR] Middleware:2950 - Invalid RefComponent list
2025-08-22 15:01:45,076 [ERROR] Middleware:2950 - Invalid RefComponent list
2025-08-22 15:01:45,076 [ERROR] Middleware:2950 - Invalid RefComponent list
2025-08-22 15:01:45,076 [ERROR] Middleware:2950 - Invalid RefComponent list
2025-08-22 15:01:45,076 [ERROR] Middleware:2950 - Invalid RefComponent list
2025-08-22 15:01:45,076 [ERROR] Middleware:2950 - Invalid RefComponent list
2025-08-22 15:01:45,076 [ERROR] Middleware:2950 - Invalid RefComponent list
2025-08-22 15:01:45,076 [ERROR] Middleware:2950 - Invalid RefComponent list
2025-08-22 15:01:45,076 [ERROR] Middleware:2950 - Invalid RefComponent list
2025-08-22 15:01:45,076 [ERROR] Middleware:2950 - Invalid RefComponent list
2025-08-22 15:01:45,076 [ERROR] Middleware:2950 - Invalid RefComponent list
2025-08-22 15:01:45,077 [ERROR] Middleware:2950 - Invalid RefComponent list
2025-08-22 15:01:45,077 [ERROR] Middleware:2950 - Invalid RefComponent list
2025-08-22 15:01:45,077 [ERROR] Middleware:2950 - Invalid RefComponent list
2025-08-22 15:01:45,077 [ERROR] Middleware:2950 - Invalid RefComponent list
2025-08-22 15:01:45,077 [ERROR] Middleware:2950 - Invalid RefComponent list
2025-08-22 15:01:45,077 [ERROR] Middleware:2950 - Invalid RefComponent list
2025-08-22 15:01:45,077 [ERROR] Middleware:2950 - Invalid RefComponent list
2025-08-22 15:01:45,077 [ERROR] Middleware:2950 - Invalid RefComponent list
2025-08-22 15:01:45,077 [ERROR] Middleware:2950 - Invalid RefComponent list
2025-08-22 15:01:45,077 [ERROR] Middleware:2950 - Invalid RefComponent list
2025-08-22 15:01:45,077 [ERROR] Middleware:2950 - Invalid RefComponent list
2025-08-22 15:01:45,077 [ERROR] Middleware:2950 - Invalid RefComponent list
2025-08-22 15:01:45,077 [ERROR] Middleware:2950 - Invalid RefComponent list
2025-08-22 15:01:45,077 [ERROR] Middleware:2950 - Invalid RefComponent list
2025-08-22 15:01:45,077 [ERROR] Middleware:2950 - Invalid RefComponent list
2025-08-22 15:01:45,077 [ERROR] Middleware:2950 - Invalid RefComponent list
2025-08-22 15:01:45,077 [ERROR] Middleware:2950 - Invalid RefComponent list
2025-08-22 15:01:45,077 [ERROR] Middleware:2950 - Invalid RefComponent list
2025-08-22 15:01:45,077 [ERROR] Middleware:2950 - Invalid RefComponent list
2025-08-22 15:01:45,077 [ERROR] Middleware:2950 - Invalid RefComponent list
2025-08-22 15:01:45,077 [ERROR] Middleware:2950 - Invalid RefComponent list
2025-08-22 15:01:45,077 [ERROR] Middleware:2950 - Invalid RefComponent list
2025-08-22 15:01:45,077 [ERROR] Middleware:2950 - Invalid RefComponent list
2025-08-22 15:01:45,077 [ERROR] Middleware:2950 - Invalid RefComponent list
2025-08-22 15:01:45,077 [ERROR] Middleware:2950 - Invalid RefComponent list
2025-08-22 15:01:45,077 [ERROR] Middleware:2950 - Invalid RefComponent list
2025-08-22 15:01:45,077 [ERROR] Middleware:2950 - Invalid RefComponent list
2025-08-22 15:01:45,077 [ERROR] Middleware:2950 - Invalid RefComponent list
2025-08-22 15:01:45,077 [ERROR] Middleware:2950 - Invalid RefComponent list
2025-08-22 15:01:45,078 [ERROR] Middleware:2950 - Invalid RefComponent list
2025-08-22 15:01:45,078 [ERROR] Middleware:2950 - Invalid RefComponent list
2025-08-22 15:01:45,078 [ERROR] Middleware:2950 - Invalid RefComponent list
2025-08-22 15:01:45,078 [ERROR] Middleware:2950 - Invalid RefComponent list
2025-08-22 15:01:45,078 [ERROR] Middleware:2950 - Invalid RefComponent list
2025-08-22 15:01:45,078 [ERROR] Middleware:2950 - Invalid RefComponent list
2025-08-22 15:01:45,078 [ERROR] Middleware:2950 - Invalid RefComponent list
2025-08-22 15:01:45,078 [ERROR] Middleware:2950 - Invalid RefComponent list
2025-08-22 15:01:45,078 [ERROR] Middleware:2950 - Invalid RefComponent list
2025-08-22 15:01:45,078 [ERROR] Middleware:2950 - Invalid RefComponent list
2025-08-22 15:01:45,104 [INFO] ProjectBuilder:5216 - Project Generator version: 4.7.0-B52
2025-08-22 15:01:45,190 [INFO] ConfigFileManager:1595 - The Die is : DIE486
2025-08-22 15:01:55,011 [INFO] ProjectBuilder:5056 - Time for Generating toolchain IDE Files: 9907mS.
2025-08-22 15:01:55,013 [INFO] ProjectBuilder:3463 - Time for Copy CMSIS : 2mS.
2025-08-22 15:01:55,023 [INFO] ProjectBuilder:3463 - Time for Copy CMSIS : 1mS.
2025-08-22 15:09:10,967 [INFO] NvicIntPanel:101 - NVIC parent = com.st.microxplorer.plugins.ip.nvic.MultiNvicIntPanel[,0,0,0x0,invalid,layout=javax.swing.BoxLayout,alignmentX=0.0,alignmentY=0.0,border=,flags=9,maximumSize=,minimumSize=,preferredSize=]
2025-08-22 15:09:14,205 [INFO] UtilMem:75 - End SaveConfig() Used Memory: 729555576 Bytes (1073741824)
2025-08-22 15:09:15,418 [ERROR] IocParser:95 - Exception caught: Cannot invoke "java.lang.CharSequence.length()" because "this.text" is null
2025-08-22 15:09:15,435 [INFO] UtilMem:75 - End SaveConfig() Used Memory: 770450040 Bytes (1073741824)
2025-08-22 15:09:16,703 [INFO] UtilMem:75 - End SaveConfig() Used Memory: 853287544 Bytes (1073741824)
2025-08-22 15:09:17,469 [ERROR] IocParser:95 - Exception caught: Cannot invoke "java.lang.CharSequence.length()" because "this.text" is null
2025-08-22 15:09:17,655 [INFO] BlockDiagram:2775 - set Specific Code input for plugin: EXTMEM_MANAGER
2025-08-22 15:09:17,655 [INFO] BlockDiagram:2775 - set Specific Code input for plugin: RAMCFG
2025-08-22 15:09:17,655 [INFO] BlockDiagram:2775 - set Specific Code input for plugin: RCC
2025-08-22 15:09:17,655 [INFO] BlockDiagram:2775 - set Specific Code input for plugin: CORTEX_M55_FSBL
2025-08-22 15:09:17,655 [INFO] BlockDiagram:2775 - set Specific Code input for plugin: XSPIM
2025-08-22 15:09:17,655 [INFO] BlockDiagram:2775 - set Specific Code input for plugin: STMicroelectronics.X-CUBE-AI.10.2.0
2025-08-22 15:09:17,656 [INFO] BlockDiagram:2775 - set Specific Code input for plugin: XSPI
2025-08-22 15:09:17,656 [INFO] BlockDiagram:2775 - set Specific Code input for plugin: NUCLEO-N657X0-Q
2025-08-22 15:09:17,656 [INFO] BlockDiagram:2775 - set Specific Code input for plugin: TIM6_7N6
2025-08-22 15:09:17,656 [INFO] BlockDiagram:2775 - set Specific Code input for plugin: TIM1_8N6
2025-08-22 15:09:17,656 [INFO] BlockDiagram:2775 - set Specific Code input for plugin: CACHEAXI
2025-08-22 15:09:17,656 [INFO] BlockDiagram:2775 - set Specific Code input for plugin: BSEC
2025-08-22 15:09:17,656 [INFO] BlockDiagram:2775 - set Specific Code input for plugin: LPUART
2025-08-22 15:09:17,656 [INFO] BlockDiagram:2775 - set Specific Code input for plugin: NVIC
2025-08-22 15:09:17,656 [INFO] BlockDiagram:2775 - set Specific Code input for plugin: GPIO
2025-08-22 15:09:17,657 [INFO] BlockDiagram:2775 - set Specific Code input for plugin: RIF
2025-08-22 15:09:17,657 [INFO] BlockDiagram:2775 - set Specific Code input for plugin: NVIC1
2025-08-22 15:09:17,658 [INFO] CodeGenerator:892 - code generatio: config db path: C:\ST\STM32CubeIDE_1.19.0\STM32CubeIDE\plugins\com.st.stm32cube.common.mx_6.15.0.202507011659\\db\
2025-08-22 15:09:17,672 [WARN] IP:2250 - RefParam_XIP_memory not found: check if there is a RefParameter without a condition.
2025-08-22 15:09:17,672 [WARN] IP:2250 - RefParam_MEMORY_1_Size not found: check if there is a RefParameter without a condition.
2025-08-22 15:09:17,673 [WARN] IP:2250 - RefParam_MEMORY_1_FreqMax not found: check if there is a RefParameter without a condition.
2025-08-22 15:09:17,673 [WARN] IP:2250 - RefParam_MEMORY_1_ReadReg not found: check if there is a RefParameter without a condition.
2025-08-22 15:09:17,673 [WARN] IP:2250 - RefParam_MEMORY_1_WriteReg not found: check if there is a RefParameter without a condition.
2025-08-22 15:09:17,673 [WARN] IP:2250 - RefParam_MEMORY_1_RegSize not found: check if there is a RefParameter without a condition.
2025-08-22 15:09:17,673 [WARN] IP:2250 - RefParam_MEMORY_1_RegDummyCycle not found: check if there is a RefParameter without a condition.
2025-08-22 15:09:17,673 [WARN] IP:2250 - RefParam_MEMORY_1_WriteCommand not found: check if there is a RefParameter without a condition.
2025-08-22 15:09:17,673 [WARN] IP:2250 - RefParam_MEMORY_1_WriteDummyCycle not found: check if there is a RefParameter without a condition.
2025-08-22 15:09:17,673 [WARN] IP:2250 - RefParam_MEMORY_1_ReadCommand not found: check if there is a RefParameter without a condition.
2025-08-22 15:09:17,673 [WARN] IP:2250 - RefParam_MEMORY_1_WrapReadCommand not found: check if there is a RefParameter without a condition.
2025-08-22 15:09:17,674 [WARN] IP:2250 - RefParam_MEMORY_1_ReadDummyCycle not found: check if there is a RefParameter without a condition.
2025-08-22 15:09:17,674 [WARN] IP:2250 - RefParam_MEMORY_1_NumberOfConfig not found: check if there is a RefParameter without a condition.
2025-08-22 15:09:17,674 [WARN] IP:2250 - RefParam_MEMORY_1_Config1_WriteMask not found: check if there is a RefParameter without a condition.
2025-08-22 15:09:17,674 [WARN] IP:2250 - RefParam_MEMORY_1_Config1_WriteValue not found: check if there is a RefParameter without a condition.
2025-08-22 15:09:17,674 [WARN] IP:2250 - RefParam_MEMORY_1_Config1_RegAddress not found: check if there is a RefParameter without a condition.
2025-08-22 15:09:17,674 [WARN] IP:2250 - RefParam_MEMORY_1_Config2_WriteMask not found: check if there is a RefParameter without a condition.
2025-08-22 15:09:17,674 [WARN] IP:2250 - RefParam_MEMORY_1_Config2_WriteValue not found: check if there is a RefParameter without a condition.
2025-08-22 15:09:17,674 [WARN] IP:2250 - RefParam_MEMORY_1_Config2_RegAddress not found: check if there is a RefParameter without a condition.
2025-08-22 15:09:17,674 [WARN] IP:2250 - RefParam_MEMORY_1_Config3_WriteMask not found: check if there is a RefParameter without a condition.
2025-08-22 15:09:17,674 [WARN] IP:2250 - RefParam_MEMORY_1_Config3_WriteValue not found: check if there is a RefParameter without a condition.
2025-08-22 15:09:17,674 [WARN] IP:2250 - RefParam_MEMORY_1_Config3_RegAddress not found: check if there is a RefParameter without a condition.
2025-08-22 15:09:17,674 [WARN] IP:2250 - RefParam_MEMORY_2_Instance not found: check if there is a RefParameter without a condition.
2025-08-22 15:09:17,674 [WARN] IP:2250 - RefParam_MEMORY_2_ConfigType not found: check if there is a RefParameter without a condition.
2025-08-22 15:09:17,675 [WARN] IP:2250 - RefParam_MEMORY_2_Size not found: check if there is a RefParameter without a condition.
2025-08-22 15:09:17,675 [WARN] IP:2250 - RefParam_MEMORY_2_FreqMax not found: check if there is a RefParameter without a condition.
2025-08-22 15:09:17,675 [WARN] IP:2250 - RefParam_MEMORY_2_ReadReg not found: check if there is a RefParameter without a condition.
2025-08-22 15:09:17,675 [WARN] IP:2250 - RefParam_MEMORY_2_WriteReg not found: check if there is a RefParameter without a condition.
2025-08-22 15:09:17,675 [WARN] IP:2250 - RefParam_MEMORY_2_RegSize not found: check if there is a RefParameter without a condition.
2025-08-22 15:09:17,675 [WARN] IP:2250 - RefParam_MEMORY_2_RegDummyCycle not found: check if there is a RefParameter without a condition.
2025-08-22 15:09:17,676 [WARN] IP:2250 - RefParam_MEMORY_2_WriteCommand not found: check if there is a RefParameter without a condition.
2025-08-22 15:09:17,676 [WARN] IP:2250 - RefParam_MEMORY_2_WriteDummyCycle not found: check if there is a RefParameter without a condition.
2025-08-22 15:09:17,676 [WARN] IP:2250 - RefParam_MEMORY_2_ReadCommand not found: check if there is a RefParameter without a condition.
2025-08-22 15:09:17,676 [WARN] IP:2250 - RefParam_MEMORY_2_WrapReadCommand not found: check if there is a RefParameter without a condition.
2025-08-22 15:09:17,676 [WARN] IP:2250 - RefParam_MEMORY_2_ReadDummyCycle not found: check if there is a RefParameter without a condition.
2025-08-22 15:09:17,676 [WARN] IP:2250 - RefParam_MEMORY_2_NumberOfConfig not found: check if there is a RefParameter without a condition.
2025-08-22 15:09:17,676 [WARN] IP:2250 - RefParam_MEMORY_2_Config1_WriteMask not found: check if there is a RefParameter without a condition.
2025-08-22 15:09:17,676 [WARN] IP:2250 - RefParam_MEMORY_2_Config1_WriteValue not found: check if there is a RefParameter without a condition.
2025-08-22 15:09:17,676 [WARN] IP:2250 - RefParam_MEMORY_2_Config1_RegAddress not found: check if there is a RefParameter without a condition.
2025-08-22 15:09:17,676 [WARN] IP:2250 - RefParam_MEMORY_2_Config2_WriteMask not found: check if there is a RefParameter without a condition.
2025-08-22 15:09:17,676 [WARN] IP:2250 - RefParam_MEMORY_2_Config2_WriteValue not found: check if there is a RefParameter without a condition.
2025-08-22 15:09:17,676 [WARN] IP:2250 - RefParam_MEMORY_2_Config2_RegAddress not found: check if there is a RefParameter without a condition.
2025-08-22 15:09:17,676 [WARN] IP:2250 - RefParam_MEMORY_2_Config3_WriteMask not found: check if there is a RefParameter without a condition.
2025-08-22 15:09:17,676 [WARN] IP:2250 - RefParam_MEMORY_2_Config3_WriteValue not found: check if there is a RefParameter without a condition.
2025-08-22 15:09:17,676 [WARN] IP:2250 - RefParam_MEMORY_2_Config3_RegAddress not found: check if there is a RefParameter without a condition.
2025-08-22 15:09:17,800 [INFO] Middleware:1452 - No code input for Bsp Dependency
2025-08-22 15:09:17,802 [INFO] Middleware:1452 - No code input for Bsp Dependency
2025-08-22 15:09:17,804 [INFO] Middleware:1452 - No code input for Bsp Dependency
2025-08-22 15:09:17,805 [INFO] Middleware:1452 - No code input for Bsp Dependency
2025-08-22 15:09:17,805 [INFO] Middleware:1452 - No code input for Bsp Dependency
2025-08-22 15:09:17,806 [INFO] IP:3329 - RTE Config file name : RTE_Component
2025-08-22 15:09:17,806 [INFO] IP:3347 - RTE template : RTE_Components.ftl
2025-08-22 15:09:17,807 [INFO] Middleware:1452 - No code input for Bsp Dependency
2025-08-22 15:09:17,808 [INFO] Middleware:1452 - No code input for Bsp Dependency
2025-08-22 15:09:17,809 [INFO] Middleware:1452 - No code input for Bsp Dependency
2025-08-22 15:09:17,810 [INFO] CodeGenerator:1619 - *******************Project context FSBL selected
2025-08-22 15:09:17,884 [INFO] CodeEngine:265 - oldGeneratedFile, C:\ST\AB_LSTM\AB_LSTM\MXTmpFiles\license.tmp_save
2025-08-22 15:09:18,240 [INFO] CodeEngine:289 - Generated code: C:\ST\AB_LSTM\AB_LSTM\MXTmpFiles\license.tmp
2025-08-22 15:09:18,314 [INFO] CodeEngine:265 - oldGeneratedFile, C:\ST\AB_LSTM\AB_LSTM\FSBL\MXTmpFiles\gpio.tmp_save
2025-08-22 15:09:18,492 [INFO] CodeEngine:289 - Generated code: C:\ST\AB_LSTM\AB_LSTM\FSBL\MXTmpFiles\gpio.tmp
2025-08-22 15:09:18,673 [WARN] IPConfigManager:103 - WARNING: Missing Config File for XSPIM ip!!
2025-08-22 15:09:18,733 [INFO] Middleware:1452 - No code input for Bsp Dependency
2025-08-22 15:09:18,741 [INFO] CodeEngine:265 - oldGeneratedFile, C:\ST\AB_LSTM\AB_LSTM\FSBL\MXTmpFiles\boot_code.tmp_save
2025-08-22 15:09:18,871 [INFO] CodeEngine:289 - Generated code: C:\ST\AB_LSTM\AB_LSTM\FSBL\MXTmpFiles\boot_code.tmp
2025-08-22 15:09:18,883 [INFO] CodeEngine:265 - oldGeneratedFile, C:\ST\AB_LSTM\AB_LSTM\FSBL\MXTmpFiles\cortex.tmp_save
2025-08-22 15:09:19,016 [INFO] CodeEngine:289 - Generated code: C:\ST\AB_LSTM\AB_LSTM\FSBL\MXTmpFiles\cortex.tmp
2025-08-22 15:09:19,029 [INFO] Middleware:1452 - No code input for Bsp Dependency
2025-08-22 15:09:19,038 [INFO] CodeEngine:265 - oldGeneratedFile, C:\ST\AB_LSTM\AB_LSTM\FSBL\Core\Inc\extmem_manager.h_save
2025-08-22 15:09:19,188 [INFO] CodeEngine:289 - Generated code: C:\ST\AB_LSTM\AB_LSTM\FSBL\Core\Inc\extmem_manager.h
2025-08-22 15:09:19,196 [INFO] CodeEngine:265 - oldGeneratedFile, C:\ST\AB_LSTM\AB_LSTM\FSBL\Core\Src\extmem_manager.c_save
2025-08-22 15:09:19,301 [INFO] CodeEngine:289 - Generated code: C:\ST\AB_LSTM\AB_LSTM\FSBL\Core\Src\extmem_manager.c
2025-08-22 15:09:19,311 [INFO] CodeEngine:265 - oldGeneratedFile, C:\ST\AB_LSTM\AB_LSTM\FSBL\Core\Inc\stm32_extmem_conf.h_save
2025-08-22 15:09:19,425 [INFO] CodeEngine:289 - Generated code: C:\ST\AB_LSTM\AB_LSTM\FSBL\Core\Inc\stm32_extmem_conf.h
2025-08-22 15:09:19,433 [INFO] CodeEngine:265 - oldGeneratedFile, C:\ST\AB_LSTM\AB_LSTM\FSBL\MXTmpFiles\boot_code.tmp_save
2025-08-22 15:09:19,475 [INFO] CodeEngine:289 - Generated code: C:\ST\AB_LSTM\AB_LSTM\FSBL\MXTmpFiles\boot_code.tmp
2025-08-22 15:09:19,508 [INFO] CodeEngine:265 - oldGeneratedFile, C:\ST\AB_LSTM\AB_LSTM\FSBL\Core\Src\stm32n6xx_it.c_save
2025-08-22 15:09:19,744 [INFO] CodeEngine:289 - Generated code: C:\ST\AB_LSTM\AB_LSTM\FSBL\Core\Src\stm32n6xx_it.c
2025-08-22 15:09:19,752 [INFO] CodeEngine:265 - oldGeneratedFile, C:\ST\AB_LSTM\AB_LSTM\FSBL\Core\Inc\stm32n6xx_it.h_save
2025-08-22 15:09:19,828 [INFO] CodeEngine:289 - Generated code: C:\ST\AB_LSTM\AB_LSTM\FSBL\Core\Inc\stm32n6xx_it.h
2025-08-22 15:09:19,943 [INFO] CodeEngine:265 - oldGeneratedFile, C:\ST\AB_LSTM\AB_LSTM\FSBL\Core\Src\stm32n6xx_hal_msp.c_save
2025-08-22 15:09:20,144 [INFO] CodeEngine:289 - Generated code: C:\ST\AB_LSTM\AB_LSTM\FSBL\Core\Src\stm32n6xx_hal_msp.c
2025-08-22 15:09:20,151 [INFO] CodeEngine:265 - oldGeneratedFile, C:\ST\AB_LSTM\AB_LSTM\FSBL\MXTmpFiles\system.tmp_save
2025-08-22 15:09:20,205 [INFO] CodeEngine:289 - Generated code: C:\ST\AB_LSTM\AB_LSTM\FSBL\MXTmpFiles\system.tmp
2025-08-22 15:09:20,226 [INFO] CodeEngine:321 - oldGeneratedFile, C:\ST\AB_LSTM\AB_LSTM\FSBL\Core\Inc\stm32n6xx_hal_conf.h_save
2025-08-22 15:09:20,369 [INFO] CodeEngine:345 - Generated code: C:\ST\AB_LSTM\AB_LSTM\FSBL\Core\Inc\stm32n6xx_hal_conf.h
2025-08-22 15:09:20,390 [WARN] IPConfigManager:3238 - Warning: the RefConfig RCC_ConfigVoltageScaling is not available in your config.xml file
2025-08-22 15:09:20,400 [WARN] IPConfigManager:3238 - Warning: the RefConfig RCC_RTC_HSEDIV is not available in your config.xml file
2025-08-22 15:09:20,406 [ERROR] ApiDbMcu:560 - Cannot parse XSPIM_Config file : file do not exist
2025-08-22 15:09:20,420 [INFO] CodeEngine:265 - oldGeneratedFile, C:\ST\AB_LSTM\AB_LSTM\FSBL\Core\Inc\main.h_save
2025-08-22 15:09:20,573 [INFO] CodeEngine:289 - Generated code: C:\ST\AB_LSTM\AB_LSTM\FSBL\Core\Inc\main.h
2025-08-22 15:09:20,580 [INFO] CodeEngine:265 - oldGeneratedFile, C:\ST\AB_LSTM\AB_LSTM\FSBL\Core\Src\main.c_save
2025-08-22 15:09:20,710 [INFO] CodeEngine:289 - Generated code: C:\ST\AB_LSTM\AB_LSTM\FSBL\Core\Src\main.c
2025-08-22 15:09:20,767 [INFO] CodeGenerator:1619 - *******************Project context Appli selected
2025-08-22 15:09:20,808 [INFO] IP:3329 - RTE Config file name : RTE_Component
2025-08-22 15:09:20,808 [INFO] IP:3347 - RTE template : RTE_Components.ftl
2025-08-22 15:09:20,823 [INFO] CodeEngine:265 - oldGeneratedFile, C:\ST\AB_LSTM\AB_LSTM\MXTmpFiles\license.tmp_save
2025-08-22 15:09:20,930 [INFO] CodeEngine:289 - Generated code: C:\ST\AB_LSTM\AB_LSTM\MXTmpFiles\license.tmp
2025-08-22 15:09:20,953 [INFO] CodeEngine:265 - oldGeneratedFile, C:\ST\AB_LSTM\AB_LSTM\Appli\MXTmpFiles\gpio.tmp_save
2025-08-22 15:09:21,025 [INFO] CodeEngine:289 - Generated code: C:\ST\AB_LSTM\AB_LSTM\Appli\MXTmpFiles\gpio.tmp
2025-08-22 15:09:21,097 [WARN] IPConfigManager:103 - WARNING: Missing Config File for NVIC ip!!
2025-08-22 15:09:21,197 [INFO] Middleware:1452 - No code input for Bsp Dependency
2025-08-22 15:09:21,197 [INFO] Middleware:1452 - No code input for Bsp Dependency
2025-08-22 15:09:21,198 [INFO] IP:3329 - RTE Config file name : RTE_Component
2025-08-22 15:09:21,198 [INFO] IP:3347 - RTE template : RTE_Components.ftl
2025-08-22 15:09:21,206 [INFO] CodeEngine:265 - oldGeneratedFile, C:\ST\AB_LSTM\AB_LSTM\Appli\MXTmpFiles\cortex.tmp_save
2025-08-22 15:09:21,300 [INFO] CodeEngine:289 - Generated code: C:\ST\AB_LSTM\AB_LSTM\Appli\MXTmpFiles\cortex.tmp
2025-08-22 15:09:21,330 [INFO] CodeEngine:265 - oldGeneratedFile, C:\ST\AB_LSTM\AB_LSTM\Appli\Core\Inc\stm32n6xx_nucleo_conf.h_save
2025-08-22 15:09:21,430 [INFO] CodeEngine:289 - Generated code: C:\ST\AB_LSTM\AB_LSTM\Appli\Core\Inc\stm32n6xx_nucleo_conf.h
2025-08-22 15:09:21,435 [INFO] CodeEngine:265 - oldGeneratedFile, C:\ST\AB_LSTM\AB_LSTM\Appli\MXTmpFiles\bsp_inc.tmp_save
2025-08-22 15:09:21,489 [INFO] CodeEngine:289 - Generated code: C:\ST\AB_LSTM\AB_LSTM\Appli\MXTmpFiles\bsp_inc.tmp
2025-08-22 15:09:21,495 [INFO] CodeEngine:265 - oldGeneratedFile, C:\ST\AB_LSTM\AB_LSTM\Appli\MXTmpFiles\bsp_common_vars.tmp_save
2025-08-22 15:09:21,528 [INFO] CodeEngine:289 - Generated code: C:\ST\AB_LSTM\AB_LSTM\Appli\MXTmpFiles\bsp_common_vars.tmp
2025-08-22 15:09:21,532 [INFO] CodeEngine:265 - oldGeneratedFile, C:\ST\AB_LSTM\AB_LSTM\Appli\MXTmpFiles\bsp_common_init.tmp_save
2025-08-22 15:09:21,563 [INFO] CodeEngine:289 - Generated code: C:\ST\AB_LSTM\AB_LSTM\Appli\MXTmpFiles\bsp_common_init.tmp
2025-08-22 15:09:21,573 [INFO] CodeEngine:265 - oldGeneratedFile, C:\ST\AB_LSTM\AB_LSTM\Appli\MXTmpFiles\bsp_common_demo_before_while.tmp_save
2025-08-22 15:09:21,607 [INFO] CodeEngine:289 - Generated code: C:\ST\AB_LSTM\AB_LSTM\Appli\MXTmpFiles\bsp_common_demo_before_while.tmp
2025-08-22 15:09:21,611 [INFO] CodeEngine:265 - oldGeneratedFile, C:\ST\AB_LSTM\AB_LSTM\Appli\MXTmpFiles\bsp_common_demo_inside_while.tmp_save
2025-08-22 15:09:21,640 [INFO] CodeEngine:289 - Generated code: C:\ST\AB_LSTM\AB_LSTM\Appli\MXTmpFiles\bsp_common_demo_inside_while.tmp
2025-08-22 15:09:21,644 [INFO] CodeEngine:265 - oldGeneratedFile, C:\ST\AB_LSTM\AB_LSTM\Appli\MXTmpFiles\bsp_common_demo_fct.tmp_save
2025-08-22 15:09:21,674 [INFO] CodeEngine:289 - Generated code: C:\ST\AB_LSTM\AB_LSTM\Appli\MXTmpFiles\bsp_common_demo_fct.tmp
2025-08-22 15:09:21,678 [INFO] Middleware:1452 - No code input for Bsp Dependency
2025-08-22 15:09:21,678 [INFO] Middleware:1452 - No code input for Bsp Dependency
2025-08-22 15:09:21,678 [INFO] IP:3329 - RTE Config file name : RTE_Component
2025-08-22 15:09:21,678 [INFO] IP:3347 - RTE template : RTE_Components.ftl
2025-08-22 15:09:21,685 [INFO] CodeEngine:265 - oldGeneratedFile, C:\ST\AB_LSTM\AB_LSTM\Appli\X-CUBE-AI\App\app_x-cube-ai.h_save
2025-08-22 15:09:21,797 [INFO] CodeEngine:289 - Generated code: C:\ST\AB_LSTM\AB_LSTM\Appli\X-CUBE-AI\App\app_x-cube-ai.h
2025-08-22 15:09:21,803 [INFO] CodeEngine:265 - oldGeneratedFile, C:\ST\AB_LSTM\AB_LSTM\Appli\X-CUBE-AI\constants_ai.h_save
2025-08-22 15:09:21,870 [INFO] CodeEngine:289 - Generated code: C:\ST\AB_LSTM\AB_LSTM\Appli\X-CUBE-AI\constants_ai.h
2025-08-22 15:09:21,876 [INFO] CodeEngine:265 - oldGeneratedFile, C:\ST\AB_LSTM\AB_LSTM\Appli\X-CUBE-AI\App\app_x-cube-ai.c_save
2025-08-22 15:09:21,970 [INFO] CodeEngine:289 - Generated code: C:\ST\AB_LSTM\AB_LSTM\Appli\X-CUBE-AI\App\app_x-cube-ai.c
2025-08-22 15:09:22,004 [INFO] CodeEngine:265 - oldGeneratedFile, C:\ST\AB_LSTM\AB_LSTM\Appli\Core\Src\stm32n6xx_it.c_save
2025-08-22 15:09:22,184 [INFO] CodeEngine:289 - Generated code: C:\ST\AB_LSTM\AB_LSTM\Appli\Core\Src\stm32n6xx_it.c
2025-08-22 15:09:22,192 [INFO] CodeEngine:265 - oldGeneratedFile, C:\ST\AB_LSTM\AB_LSTM\Appli\Core\Inc\stm32n6xx_it.h_save
2025-08-22 15:09:22,253 [INFO] CodeEngine:289 - Generated code: C:\ST\AB_LSTM\AB_LSTM\Appli\Core\Inc\stm32n6xx_it.h
2025-08-22 15:09:22,256 [INFO] IP:3329 - RTE Config file name : RTE_Component
2025-08-22 15:09:22,256 [INFO] IP:3347 - RTE template : RTE_Components.ftl
2025-08-22 15:09:22,257 [INFO] CodeGenerator:2312 - Add RTE Code Input 
2025-08-22 15:09:22,265 [INFO] CodeEngine:265 - oldGeneratedFile, C:\ST\AB_LSTM\AB_LSTM\Appli\Core\Inc\RTE_Components.h_save
2025-08-22 15:09:22,356 [INFO] CodeEngine:289 - Generated code: C:\ST\AB_LSTM\AB_LSTM\Appli\Core\Inc\RTE_Components.h
2025-08-22 15:09:22,366 [INFO] CodeEngine:265 - oldGeneratedFile, C:\ST\AB_LSTM\AB_LSTM\Appli\MXTmpFiles\RIFInit.tmp_save
2025-08-22 15:09:22,443 [INFO] CodeEngine:289 - Generated code: C:\ST\AB_LSTM\AB_LSTM\Appli\MXTmpFiles\RIFInit.tmp
2025-08-22 15:09:22,505 [INFO] CodeEngine:265 - oldGeneratedFile, C:\ST\AB_LSTM\AB_LSTM\Appli\Core\Src\stm32n6xx_hal_msp.c_save
2025-08-22 15:09:22,686 [INFO] CodeEngine:289 - Generated code: C:\ST\AB_LSTM\AB_LSTM\Appli\Core\Src\stm32n6xx_hal_msp.c
2025-08-22 15:09:22,690 [INFO] CodeEngine:265 - oldGeneratedFile, C:\ST\AB_LSTM\AB_LSTM\Appli\MXTmpFiles\system.tmp_save
2025-08-22 15:09:22,719 [INFO] CodeEngine:289 - Generated code: C:\ST\AB_LSTM\AB_LSTM\Appli\MXTmpFiles\system.tmp
2025-08-22 15:09:22,730 [INFO] CodeEngine:321 - oldGeneratedFile, C:\ST\AB_LSTM\AB_LSTM\Appli\Core\Inc\stm32n6xx_hal_conf.h_save
2025-08-22 15:09:22,838 [INFO] CodeEngine:345 - Generated code: C:\ST\AB_LSTM\AB_LSTM\Appli\Core\Inc\stm32n6xx_hal_conf.h
2025-08-22 15:09:22,851 [WARN] IPConfigManager:3238 - Warning: the RefConfig RCC_ConfigVoltageScaling is not available in your config.xml file
2025-08-22 15:09:22,852 [WARN] IPConfigManager:3238 - Warning: the RefConfig RCC_RTC_HSEDIV is not available in your config.xml file
2025-08-22 15:09:22,864 [WARN] IPConfigManager:3811 - IP not found : TIM
2025-08-22 15:09:22,865 [WARN] CodeGenerator:4259 - IP not found : null
2025-08-22 15:09:22,875 [INFO] CodeEngine:265 - oldGeneratedFile, C:\ST\AB_LSTM\AB_LSTM\Appli\Core\Inc\main.h_save
2025-08-22 15:09:23,009 [INFO] CodeEngine:289 - Generated code: C:\ST\AB_LSTM\AB_LSTM\Appli\Core\Inc\main.h
2025-08-22 15:09:23,020 [INFO] CodeEngine:265 - oldGeneratedFile, C:\ST\AB_LSTM\AB_LSTM\Appli\Core\Src\main.c_save
2025-08-22 15:09:23,163 [INFO] CodeEngine:289 - Generated code: C:\ST\AB_LSTM\AB_LSTM\Appli\Core\Src\main.c
2025-08-22 15:09:23,180 [INFO] CodeEngine:265 - oldGeneratedFile, C:\ST\AB_LSTM\AB_LSTM\Appli\Core\Src\secure_nsc.c_save
2025-08-22 15:09:23,279 [INFO] CodeEngine:289 - Generated code: C:\ST\AB_LSTM\AB_LSTM\Appli\Core\Src\secure_nsc.c
2025-08-22 15:09:23,284 [INFO] CodeEngine:265 - oldGeneratedFile, C:\ST\AB_LSTM\AB_LSTM\Appli\Core\Inc\partition_stm32n657xx.h_save
2025-08-22 15:09:23,374 [INFO] CodeEngine:289 - Generated code: C:\ST\AB_LSTM\AB_LSTM\Appli\Core\Inc\partition_stm32n657xx.h
2025-08-22 15:09:23,382 [INFO] CodeEngine:265 - oldGeneratedFile, C:\ST\AB_LSTM\AB_LSTM\Secure_nsclib\secure_nsc.h_save
2025-08-22 15:09:23,431 [INFO] CodeEngine:289 - Generated code: C:\ST\AB_LSTM\AB_LSTM\Secure_nsclib\secure_nsc.h
2025-08-22 15:09:23,460 [INFO] CodeGenerator:1707 - *******************Project context ExtMemLoader Not selected
2025-08-22 15:09:24,413 [INFO] AInterface:322 - ModelName:network; files:[C:\Users\ZOJOLDRI\OneDrive - Carl Zeiss AG\Dokumente\Zeiss\SMT\Bachelor\AB Encoder Model\AB_Encoder_Synthetic_Data\lstm_ab_encoder.h5]; type:Keras; compression:None
2025-08-22 15:09:24,413 [INFO] AInterface:526 - workspaceTempDir: C:/Users/ZOJOLDRI/AppData/Local/Temp/mxAI_workspace1022752345400003474077892168395285
2025-08-22 15:09:24,414 [INFO] AInterface:1176 - Setting Env: C:/Users/ZOJOLDRI/STM32Cube/Repository/Packs/STMicroelectronics/X-CUBE-AI/10.2.0/Utilities/windows
2025-08-22 15:09:24,421 [INFO] STM32CubeIDEBuilder:265 - Looking for gnu-tools-for-stm32 tools/bin/arm-none-eabi-gcc.exe in C:\ST\STM32CubeIDE_1.19.0\STM32CubeIDE
2025-08-22 15:09:24,422 [INFO] STM32CubeIDEBuilder:294 - checking C:\ST\STM32CubeIDE_1.19.0\STM32CubeIDE\plugins\com.st.stm32cube.ide.mcu.externaltools.gnu-tools-for-stm32.13.3.rel1.win32_1.0.0.202411081344\tools\bin\arm-none-eabi-gcc.exe
2025-08-22 15:09:24,423 [INFO] STM32CubeIDEBuilder:297 - ret=C:\ST\STM32CubeIDE_1.19.0\STM32CubeIDE\plugins\com.st.stm32cube.ide.mcu.externaltools.gnu-tools-for-stm32.13.3.rel1.win32_1.0.0.202411081344\tools\bin\arm-none-eabi-gcc.exe
2025-08-22 15:09:24,423 [INFO] STM32CubeIDEBuilder:311 - returning C:\ST\STM32CubeIDE_1.19.0\STM32CubeIDE\plugins\com.st.stm32cube.ide.mcu.externaltools.gnu-tools-for-stm32.13.3.rel1.win32_1.0.0.202411081344\tools\bin\arm-none-eabi-gcc.exe
2025-08-22 15:09:24,424 [INFO] AInterface:1233 - Custom PATH variable: C:/Users/ZOJOLDRI/STM32Cube/Repository/Packs/STMicroelectronics/X-CUBE-AI/10.2.0/Utilities/windows;C:/Users/ZOJOLDRI/STM32Cube/Repository/Packs/STMicroelectronics/X-CUBE-AI/10.2.0/Utilities/windows/mingw64/bin;C:/Users/ZOJOLDRI/STM32Cube/Repository/Packs/STMicroelectronics/X-CUBE-AI/10.2.0/Utilities/windows/mingw64/libexec/gcc/x86_64-w64-mingw32/7.3.0;;C:\ST\STM32CubeIDE_1.19.0\STM32CubeIDE\plugins\com.st.stm32cube.ide.mcu.externaltools.gnu-tools-for-stm32.13.3.rel1.win32_1.0.0.202411081344\tools\bin
2025-08-22 15:09:24,426 [INFO] CmdLine:115 - Command: C:/Users/ZOJOLDRI/STM32Cube/Repository/Packs/STMicroelectronics/X-CUBE-AI/10.2.0/Utilities/windows/stedgeai.exe generate --target stm32n6 --name network -m C:/Users/ZOJOLDRI/OneDrive - Carl Zeiss AG/Dokumente/Zeiss/SMT/Bachelor/AB Encoder Model/AB_Encoder_Synthetic_Data/lstm_ab_encoder.h5 --compression none --verbosity 1 --workspace C:/Users/ZOJOLDRI/AppData/Local/Temp/mxAI_workspace1022752345400003474077892168395285 --output C:/Users/ZOJOLDRI/.stm32cubemx/network_output
2025-08-22 15:09:24,426 [INFO] AIModelDetailledView:2380 - Analysis status: pending
2025-08-22 15:09:25,540 [INFO] CmdLine:76 - ST Edge AI Core v2.2.0-20266 2adc00962
2025-08-22 15:09:30,904 [INFO] CmdLine:76 - Creating c (debug) info json file C:\Users\ZOJOLDRI\.stm32cubemx\network_output\network_c_info.json
2025-08-22 15:09:30,930 [INFO] CmdLine:76 -  
2025-08-22 15:09:30,931 [INFO] CmdLine:76 -  Exec/report summary (generate)
2025-08-22 15:09:30,931 [INFO] CmdLine:76 -  ---------------------------------------------------------------------------------------------------------------------------------------------------------------
2025-08-22 15:09:30,931 [INFO] CmdLine:76 -  model file         :   C:\Users\ZOJOLDRI\OneDrive - Carl Zeiss AG\Dokumente\Zeiss\SMT\Bachelor\AB Encoder Model\AB_Encoder_Synthetic_Data\lstm_ab_encoder.h5   
2025-08-22 15:09:30,931 [INFO] CmdLine:76 -  type               :   keras                                                                                                                                   
2025-08-22 15:09:30,932 [INFO] CmdLine:76 -  c_name             :   network                                                                                                                                 
2025-08-22 15:09:30,932 [INFO] CmdLine:76 -  compression        :   none                                                                                                                                    
2025-08-22 15:09:30,932 [INFO] CmdLine:76 -  options            :   allocate-inputs, allocate-outputs                                                                                                       
2025-08-22 15:09:30,932 [INFO] CmdLine:76 -  optimization       :   balanced                                                                                                                                
2025-08-22 15:09:30,932 [INFO] CmdLine:76 -  target/series      :   stm32n6                                                                                                                                 
2025-08-22 15:09:30,932 [INFO] CmdLine:76 -  workspace dir      :   C:\Users\ZOJOLDRI\AppData\Local\Temp\mxAI_workspace1022752345400003474077892168395285                                                   
2025-08-22 15:09:30,932 [INFO] CmdLine:76 -  output dir         :   C:\Users\ZOJOLDRI\.stm32cubemx\network_output                                                                                           
2025-08-22 15:09:30,932 [INFO] CmdLine:76 -  model_fmt          :   float                                                                                                                                   
2025-08-22 15:09:30,932 [INFO] CmdLine:76 -  model_name         :   lstm_ab_encoder                                                                                                                         
2025-08-22 15:09:30,932 [INFO] CmdLine:76 -  model_hash         :   0xa47bada8397fa61bef25ba35fe6f4e01                                                                                                      
2025-08-22 15:09:30,932 [INFO] CmdLine:76 -  params #           :   6,100 items (23.83 KiB)                                                                                                                 
2025-08-22 15:09:30,932 [INFO] CmdLine:76 -  ---------------------------------------------------------------------------------------------------------------------------------------------------------------
2025-08-22 15:09:30,932 [INFO] CmdLine:76 -  input 1/1          :   'input_0', f32(1x20x10), 800 Bytes, activations                                                                                         
2025-08-22 15:09:30,932 [INFO] CmdLine:76 -  output 1/1         :   'output', f32(1x4), 16 Bytes, activations                                                                                               
2025-08-22 15:09:30,934 [INFO] CmdLine:76 -  macc               :   111,392                                                                                                                                 
2025-08-22 15:09:30,934 [INFO] CmdLine:76 -  weights (ro)       :   24,784 B (24.20 KiB) (1 segment) / +384(+1.6%) vs float model                                                                           
2025-08-22 15:09:30,934 [INFO] CmdLine:76 -  activations (rw)   :   1,824 B (1.78 KiB) (1 segment) *                                                                                                        
2025-08-22 15:09:30,934 [INFO] CmdLine:76 -  ram (total)        :   1,824 B (1.78 KiB) = 1,824 + 0 + 0                                                                                                      
2025-08-22 15:09:30,934 [INFO] CmdLine:76 -  ---------------------------------------------------------------------------------------------------------------------------------------------------------------
2025-08-22 15:09:30,934 [INFO] CmdLine:76 -  (*) 'input'/'output' buffers are allocated in the activations buffer
2025-08-22 15:09:30,935 [INFO] CmdLine:76 - Computing AI RT data/code size (target=stm32n6)..
2025-08-22 15:09:35,821 [INFO] CmdLine:76 -  Requested memory size by section - "stm32n6" target
2025-08-22 15:09:35,821 [INFO] CmdLine:76 -  ------------------------------- -------- -------- ------- -------
2025-08-22 15:09:35,822 [INFO] CmdLine:76 -  module                              text   rodata    data     bss
2025-08-22 15:09:35,822 [INFO] CmdLine:76 -  ------------------------------- -------- -------- ------- -------
2025-08-22 15:09:35,822 [INFO] CmdLine:76 -  NetworkRuntime1020_CM55_GCC.a     15,800       32       0       0
2025-08-22 15:09:35,822 [INFO] CmdLine:76 -  network.o                            596       40   1,888     136
2025-08-22 15:09:35,822 [INFO] CmdLine:76 -  network_data.o                        48       16      88       0
2025-08-22 15:09:35,822 [INFO] CmdLine:76 -  lib (toolchain)*                   1,132      340       0       0
2025-08-22 15:09:35,823 [INFO] CmdLine:76 -  ------------------------------- -------- -------- ------- -------
2025-08-22 15:09:35,823 [INFO] CmdLine:76 -  RT total**                        17,576      428   1,976     136
2025-08-22 15:09:35,823 [INFO] CmdLine:76 -  ------------------------------- -------- -------- ------- -------
2025-08-22 15:09:35,823 [INFO] CmdLine:76 -  weights                                0   24,784       0       0
2025-08-22 15:09:35,823 [INFO] CmdLine:76 -  activations                            0        0       0   1,824
2025-08-22 15:09:35,823 [INFO] CmdLine:76 -  io                                     0        0       0       0
2025-08-22 15:09:35,823 [INFO] CmdLine:76 -  ------------------------------- -------- -------- ------- -------
2025-08-22 15:09:35,823 [INFO] CmdLine:76 -  TOTAL                             17,576   25,212   1,976   1,960
2025-08-22 15:09:35,823 [INFO] CmdLine:76 -  ------------------------------- -------- -------- ------- -------
2025-08-22 15:09:35,823 [INFO] CmdLine:76 -  *  toolchain objects (libm/libgcc*)
2025-08-22 15:09:35,823 [INFO] CmdLine:76 -  ** RT AI runtime objects (kernels+infrastructure)
2025-08-22 15:09:35,825 [INFO] CmdLine:76 -   Summary - "stm32n6" target
2025-08-22 15:09:35,825 [INFO] CmdLine:76 -   ---------------------------------------------------
2025-08-22 15:09:35,825 [INFO] CmdLine:76 -                FLASH (ro)      %*   RAM (rw)       %
2025-08-22 15:09:35,825 [INFO] CmdLine:76 -   ---------------------------------------------------
2025-08-22 15:09:35,825 [INFO] CmdLine:76 -   RT total         19,980   44.6%      2,112   53.7%
2025-08-22 15:09:35,826 [INFO] CmdLine:76 -   ---------------------------------------------------
2025-08-22 15:09:35,826 [INFO] CmdLine:76 -   TOTAL            44,764              3,936
2025-08-22 15:09:35,826 [INFO] CmdLine:76 -   ---------------------------------------------------
2025-08-22 15:09:35,826 [INFO] CmdLine:76 -   *  rt/total
2025-08-22 15:09:35,826 [INFO] CmdLine:76 -  Generated files (7)
2025-08-22 15:09:35,826 [INFO] CmdLine:76 -  ---------------------------------------------------------------------
2025-08-22 15:09:35,827 [INFO] CmdLine:76 -  C:\Users\ZOJOLDRI\.stm32cubemx\network_output\network_data_params.h
2025-08-22 15:09:35,827 [INFO] CmdLine:76 -  C:\Users\ZOJOLDRI\.stm32cubemx\network_output\network_data_params.c
2025-08-22 15:09:35,827 [INFO] CmdLine:76 -  C:\Users\ZOJOLDRI\.stm32cubemx\network_output\network_data.h
2025-08-22 15:09:35,828 [INFO] CmdLine:76 -  C:\Users\ZOJOLDRI\.stm32cubemx\network_output\network_data.c
2025-08-22 15:09:35,828 [INFO] CmdLine:76 -  C:\Users\ZOJOLDRI\.stm32cubemx\network_output\network_config.h
2025-08-22 15:09:35,828 [INFO] CmdLine:76 -  C:\Users\ZOJOLDRI\.stm32cubemx\network_output\network.h
2025-08-22 15:09:35,828 [INFO] CmdLine:76 -  C:\Users\ZOJOLDRI\.stm32cubemx\network_output\network.c
2025-08-22 15:09:35,828 [INFO] CmdLine:76 - Creating txt report file C:\Users\ZOJOLDRI\.stm32cubemx\network_output\network_generate_report.txt
2025-08-22 15:09:39,535 [INFO] CmdLine:76 - elapsed time (generate): 13.994s
2025-08-22 15:09:39,988 [INFO] CmdLine:148 - stedgeai exit with status: 0
2025-08-22 15:09:40,007 [INFO] AIModelDetailledView:2380 - Analysis status: done
2025-08-22 15:09:41,220 [INFO] ProjectBuilder:3606 - Time for Copy HAL[1] : 482mS.
2025-08-22 15:09:41,220 [ERROR] Middleware:2950 - Invalid RefComponent list
2025-08-22 15:09:41,220 [ERROR] Middleware:2950 - Invalid RefComponent list
2025-08-22 15:09:41,220 [ERROR] Middleware:2950 - Invalid RefComponent list
2025-08-22 15:09:41,220 [ERROR] Middleware:2950 - Invalid RefComponent list
2025-08-22 15:09:41,220 [ERROR] Middleware:2950 - Invalid RefComponent list
2025-08-22 15:09:41,220 [ERROR] Middleware:2950 - Invalid RefComponent list
2025-08-22 15:09:41,220 [ERROR] Middleware:2950 - Invalid RefComponent list
2025-08-22 15:09:41,220 [ERROR] Middleware:2950 - Invalid RefComponent list
2025-08-22 15:09:41,220 [ERROR] Middleware:2950 - Invalid RefComponent list
2025-08-22 15:09:41,220 [ERROR] Middleware:2950 - Invalid RefComponent list
2025-08-22 15:09:41,220 [ERROR] Middleware:2950 - Invalid RefComponent list
2025-08-22 15:09:41,220 [ERROR] Middleware:2950 - Invalid RefComponent list
2025-08-22 15:09:41,220 [ERROR] Middleware:2950 - Invalid RefComponent list
2025-08-22 15:09:41,220 [ERROR] Middleware:2950 - Invalid RefComponent list
2025-08-22 15:09:41,220 [ERROR] Middleware:2950 - Invalid RefComponent list
2025-08-22 15:09:41,220 [ERROR] Middleware:2950 - Invalid RefComponent list
2025-08-22 15:09:41,220 [ERROR] Middleware:2950 - Invalid RefComponent list
2025-08-22 15:09:41,220 [ERROR] Middleware:2950 - Invalid RefComponent list
2025-08-22 15:09:41,220 [ERROR] Middleware:2950 - Invalid RefComponent list
2025-08-22 15:09:41,220 [ERROR] Middleware:2950 - Invalid RefComponent list
2025-08-22 15:09:41,220 [ERROR] Middleware:2950 - Invalid RefComponent list
2025-08-22 15:09:41,220 [ERROR] Middleware:2950 - Invalid RefComponent list
2025-08-22 15:09:41,220 [ERROR] Middleware:2950 - Invalid RefComponent list
2025-08-22 15:09:41,220 [ERROR] Middleware:2950 - Invalid RefComponent list
2025-08-22 15:09:41,220 [ERROR] Middleware:2950 - Invalid RefComponent list
2025-08-22 15:09:41,220 [ERROR] Middleware:2950 - Invalid RefComponent list
2025-08-22 15:09:41,220 [ERROR] Middleware:2950 - Invalid RefComponent list
2025-08-22 15:09:41,220 [ERROR] Middleware:2950 - Invalid RefComponent list
2025-08-22 15:09:41,220 [ERROR] Middleware:2950 - Invalid RefComponent list
2025-08-22 15:09:41,220 [ERROR] Middleware:2950 - Invalid RefComponent list
2025-08-22 15:09:41,220 [ERROR] Middleware:2950 - Invalid RefComponent list
2025-08-22 15:09:41,220 [ERROR] Middleware:2950 - Invalid RefComponent list
2025-08-22 15:09:41,220 [ERROR] Middleware:2950 - Invalid RefComponent list
2025-08-22 15:09:41,220 [ERROR] Middleware:2950 - Invalid RefComponent list
2025-08-22 15:09:41,220 [ERROR] Middleware:2950 - Invalid RefComponent list
2025-08-22 15:09:41,220 [ERROR] Middleware:2950 - Invalid RefComponent list
2025-08-22 15:09:41,220 [ERROR] Middleware:2950 - Invalid RefComponent list
2025-08-22 15:09:41,220 [ERROR] Middleware:2950 - Invalid RefComponent list
2025-08-22 15:09:41,220 [ERROR] Middleware:2950 - Invalid RefComponent list
2025-08-22 15:09:41,220 [ERROR] Middleware:2950 - Invalid RefComponent list
2025-08-22 15:09:41,220 [ERROR] Middleware:2950 - Invalid RefComponent list
2025-08-22 15:09:41,220 [ERROR] Middleware:2950 - Invalid RefComponent list
2025-08-22 15:09:41,220 [ERROR] Middleware:2950 - Invalid RefComponent list
2025-08-22 15:09:41,220 [ERROR] Middleware:2950 - Invalid RefComponent list
2025-08-22 15:09:41,220 [ERROR] Middleware:2950 - Invalid RefComponent list
2025-08-22 15:09:41,220 [ERROR] Middleware:2950 - Invalid RefComponent list
2025-08-22 15:09:41,220 [ERROR] Middleware:2950 - Invalid RefComponent list
2025-08-22 15:09:41,220 [ERROR] Middleware:2950 - Invalid RefComponent list
2025-08-22 15:09:41,220 [ERROR] Middleware:2950 - Invalid RefComponent list
2025-08-22 15:09:41,220 [ERROR] Middleware:2950 - Invalid RefComponent list
2025-08-22 15:09:41,220 [ERROR] Middleware:2950 - Invalid RefComponent list
2025-08-22 15:09:41,220 [ERROR] Middleware:2950 - Invalid RefComponent list
2025-08-22 15:09:41,220 [ERROR] Middleware:2950 - Invalid RefComponent list
2025-08-22 15:09:41,220 [ERROR] Middleware:2950 - Invalid RefComponent list
2025-08-22 15:09:41,220 [ERROR] Middleware:2950 - Invalid RefComponent list
2025-08-22 15:09:41,220 [ERROR] Middleware:2950 - Invalid RefComponent list
2025-08-22 15:09:41,220 [ERROR] Middleware:2950 - Invalid RefComponent list
2025-08-22 15:09:41,220 [ERROR] Middleware:2950 - Invalid RefComponent list
2025-08-22 15:09:41,220 [ERROR] Middleware:2950 - Invalid RefComponent list
2025-08-22 15:09:41,220 [ERROR] Middleware:2950 - Invalid RefComponent list
2025-08-22 15:09:41,220 [ERROR] Middleware:2950 - Invalid RefComponent list
2025-08-22 15:09:41,220 [ERROR] Middleware:2950 - Invalid RefComponent list
2025-08-22 15:09:41,220 [ERROR] Middleware:2950 - Invalid RefComponent list
2025-08-22 15:09:41,220 [ERROR] Middleware:2950 - Invalid RefComponent list
2025-08-22 15:09:41,220 [ERROR] Middleware:2950 - Invalid RefComponent list
2025-08-22 15:09:41,220 [ERROR] Middleware:2950 - Invalid RefComponent list
2025-08-22 15:09:41,220 [ERROR] Middleware:2950 - Invalid RefComponent list
2025-08-22 15:09:41,220 [ERROR] Middleware:2950 - Invalid RefComponent list
2025-08-22 15:09:41,220 [ERROR] Middleware:2950 - Invalid RefComponent list
2025-08-22 15:09:41,220 [ERROR] Middleware:2950 - Invalid RefComponent list
2025-08-22 15:09:41,251 [INFO] ProjectBuilder:5216 - Project Generator version: 4.7.0-B52
2025-08-22 15:09:41,338 [INFO] ConfigFileManager:1595 - The Die is : DIE486
2025-08-22 15:09:48,688 [INFO] ProjectBuilder:5056 - Time for Generating toolchain IDE Files: 7437mS.
2025-08-22 15:09:48,690 [INFO] ProjectBuilder:3463 - Time for Copy CMSIS : 2mS.
2025-08-22 15:09:48,701 [INFO] ProjectBuilder:3463 - Time for Copy CMSIS : 0mS.
2025-08-22 21:01:21,574 [INFO] WebApp:194 - Connection lost
