2025-09-08 09:31:02,785 [INFO] WebApp:194 - Connection lost
2025-09-08 09:31:05,443 [INFO] WebApp:191 - Connection restablished
2025-09-08 14:05:56,468 [INFO] UtilMem:75 - End SaveConfig() Used Memory: 868748064 Bytes (1073741824)
2025-09-08 14:05:57,341 [ERROR] IocParser:95 - Exception caught: null
2025-09-08 14:05:57,996 [INFO] UtilMem:75 - End SaveConfig() Used Memory: 910168864 Bytes (1073741824)
2025-09-08 14:05:58,521 [INFO] UtilMem:75 - End SaveConfig() Used Memory: 953160448 Bytes (1073741824)
2025-09-08 14:05:59,134 [ERROR] IocParser:95 - Exception caught: null
2025-09-08 14:05:59,474 [INFO] BlockDiagram:2775 - set Specific Code input for plugin: EXTMEM_MANAGER
2025-09-08 14:05:59,474 [INFO] BlockDiagram:2775 - set Specific Code input for plugin: RAMCFG
2025-09-08 14:05:59,474 [INFO] BlockDiagram:2775 - set Specific Code input for plugin: RCC
2025-09-08 14:05:59,474 [INFO] BlockDiagram:2775 - set Specific Code input for plugin: CORTEX_M55_FSBL
2025-09-08 14:05:59,474 [INFO] BlockDiagram:2775 - set Specific Code input for plugin: XSPIM
2025-09-08 14:05:59,474 [INFO] BlockDiagram:2775 - set Specific Code input for plugin: STMicroelectronics.X-CUBE-AI.10.2.0
2025-09-08 14:05:59,474 [INFO] BlockDiagram:2775 - set Specific Code input for plugin: XSPI
2025-09-08 14:05:59,474 [INFO] BlockDiagram:2775 - set Specific Code input for plugin: NUCLEO-N657X0-Q
2025-09-08 14:05:59,474 [INFO] BlockDiagram:2775 - set Specific Code input for plugin: TIM1_8N6
2025-09-08 14:05:59,474 [INFO] BlockDiagram:2775 - set Specific Code input for plugin: CACHEAXI
2025-09-08 14:05:59,474 [INFO] BlockDiagram:2775 - set Specific Code input for plugin: BSEC
2025-09-08 14:05:59,475 [INFO] BlockDiagram:2775 - set Specific Code input for plugin: LPUART
2025-09-08 14:05:59,475 [INFO] BlockDiagram:2775 - set Specific Code input for plugin: NVIC
2025-09-08 14:05:59,475 [INFO] BlockDiagram:2775 - set Specific Code input for plugin: GPIO
2025-09-08 14:05:59,475 [INFO] BlockDiagram:2775 - set Specific Code input for plugin: RIF
2025-09-08 14:05:59,475 [INFO] BlockDiagram:2775 - set Specific Code input for plugin: NVIC1
2025-09-08 14:05:59,478 [INFO] CodeGenerator:892 - code generatio: config db path: C:\ST\STM32CubeIDE_1.19.0\STM32CubeIDE\plugins\com.st.stm32cube.common.mx_6.15.0.202507011659\\db\
2025-09-08 14:05:59,491 [WARN] IP:2250 - RefParam_XIP_memory not found: check if there is a RefParameter without a condition.
2025-09-08 14:05:59,491 [WARN] IP:2250 - RefParam_MEMORY_1_Size not found: check if there is a RefParameter without a condition.
2025-09-08 14:05:59,492 [WARN] IP:2250 - RefParam_MEMORY_1_FreqMax not found: check if there is a RefParameter without a condition.
2025-09-08 14:05:59,492 [WARN] IP:2250 - RefParam_MEMORY_1_ReadReg not found: check if there is a RefParameter without a condition.
2025-09-08 14:05:59,492 [WARN] IP:2250 - RefParam_MEMORY_1_WriteReg not found: check if there is a RefParameter without a condition.
2025-09-08 14:05:59,492 [WARN] IP:2250 - RefParam_MEMORY_1_RegSize not found: check if there is a RefParameter without a condition.
2025-09-08 14:05:59,492 [WARN] IP:2250 - RefParam_MEMORY_1_RegDummyCycle not found: check if there is a RefParameter without a condition.
2025-09-08 14:05:59,492 [WARN] IP:2250 - RefParam_MEMORY_1_WriteCommand not found: check if there is a RefParameter without a condition.
2025-09-08 14:05:59,492 [WARN] IP:2250 - RefParam_MEMORY_1_WriteDummyCycle not found: check if there is a RefParameter without a condition.
2025-09-08 14:05:59,492 [WARN] IP:2250 - RefParam_MEMORY_1_ReadCommand not found: check if there is a RefParameter without a condition.
2025-09-08 14:05:59,492 [WARN] IP:2250 - RefParam_MEMORY_1_WrapReadCommand not found: check if there is a RefParameter without a condition.
2025-09-08 14:05:59,492 [WARN] IP:2250 - RefParam_MEMORY_1_ReadDummyCycle not found: check if there is a RefParameter without a condition.
2025-09-08 14:05:59,492 [WARN] IP:2250 - RefParam_MEMORY_1_NumberOfConfig not found: check if there is a RefParameter without a condition.
2025-09-08 14:05:59,492 [WARN] IP:2250 - RefParam_MEMORY_1_Config1_WriteMask not found: check if there is a RefParameter without a condition.
2025-09-08 14:05:59,492 [WARN] IP:2250 - RefParam_MEMORY_1_Config1_WriteValue not found: check if there is a RefParameter without a condition.
2025-09-08 14:05:59,492 [WARN] IP:2250 - RefParam_MEMORY_1_Config1_RegAddress not found: check if there is a RefParameter without a condition.
2025-09-08 14:05:59,492 [WARN] IP:2250 - RefParam_MEMORY_1_Config2_WriteMask not found: check if there is a RefParameter without a condition.
2025-09-08 14:05:59,492 [WARN] IP:2250 - RefParam_MEMORY_1_Config2_WriteValue not found: check if there is a RefParameter without a condition.
2025-09-08 14:05:59,492 [WARN] IP:2250 - RefParam_MEMORY_1_Config2_RegAddress not found: check if there is a RefParameter without a condition.
2025-09-08 14:05:59,492 [WARN] IP:2250 - RefParam_MEMORY_1_Config3_WriteMask not found: check if there is a RefParameter without a condition.
2025-09-08 14:05:59,492 [WARN] IP:2250 - RefParam_MEMORY_1_Config3_WriteValue not found: check if there is a RefParameter without a condition.
2025-09-08 14:05:59,492 [WARN] IP:2250 - RefParam_MEMORY_1_Config3_RegAddress not found: check if there is a RefParameter without a condition.
2025-09-08 14:05:59,492 [WARN] IP:2250 - RefParam_MEMORY_2_Instance not found: check if there is a RefParameter without a condition.
2025-09-08 14:05:59,492 [WARN] IP:2250 - RefParam_MEMORY_2_ConfigType not found: check if there is a RefParameter without a condition.
2025-09-08 14:05:59,492 [WARN] IP:2250 - RefParam_MEMORY_2_Size not found: check if there is a RefParameter without a condition.
2025-09-08 14:05:59,492 [WARN] IP:2250 - RefParam_MEMORY_2_FreqMax not found: check if there is a RefParameter without a condition.
2025-09-08 14:05:59,492 [WARN] IP:2250 - RefParam_MEMORY_2_ReadReg not found: check if there is a RefParameter without a condition.
2025-09-08 14:05:59,493 [WARN] IP:2250 - RefParam_MEMORY_2_WriteReg not found: check if there is a RefParameter without a condition.
2025-09-08 14:05:59,493 [WARN] IP:2250 - RefParam_MEMORY_2_RegSize not found: check if there is a RefParameter without a condition.
2025-09-08 14:05:59,493 [WARN] IP:2250 - RefParam_MEMORY_2_RegDummyCycle not found: check if there is a RefParameter without a condition.
2025-09-08 14:05:59,493 [WARN] IP:2250 - RefParam_MEMORY_2_WriteCommand not found: check if there is a RefParameter without a condition.
2025-09-08 14:05:59,493 [WARN] IP:2250 - RefParam_MEMORY_2_WriteDummyCycle not found: check if there is a RefParameter without a condition.
2025-09-08 14:05:59,493 [WARN] IP:2250 - RefParam_MEMORY_2_ReadCommand not found: check if there is a RefParameter without a condition.
2025-09-08 14:05:59,493 [WARN] IP:2250 - RefParam_MEMORY_2_WrapReadCommand not found: check if there is a RefParameter without a condition.
2025-09-08 14:05:59,493 [WARN] IP:2250 - RefParam_MEMORY_2_ReadDummyCycle not found: check if there is a RefParameter without a condition.
2025-09-08 14:05:59,493 [WARN] IP:2250 - RefParam_MEMORY_2_NumberOfConfig not found: check if there is a RefParameter without a condition.
2025-09-08 14:05:59,493 [WARN] IP:2250 - RefParam_MEMORY_2_Config1_WriteMask not found: check if there is a RefParameter without a condition.
2025-09-08 14:05:59,493 [WARN] IP:2250 - RefParam_MEMORY_2_Config1_WriteValue not found: check if there is a RefParameter without a condition.
2025-09-08 14:05:59,493 [WARN] IP:2250 - RefParam_MEMORY_2_Config1_RegAddress not found: check if there is a RefParameter without a condition.
2025-09-08 14:05:59,493 [WARN] IP:2250 - RefParam_MEMORY_2_Config2_WriteMask not found: check if there is a RefParameter without a condition.
2025-09-08 14:05:59,493 [WARN] IP:2250 - RefParam_MEMORY_2_Config2_WriteValue not found: check if there is a RefParameter without a condition.
2025-09-08 14:05:59,493 [WARN] IP:2250 - RefParam_MEMORY_2_Config2_RegAddress not found: check if there is a RefParameter without a condition.
2025-09-08 14:05:59,493 [WARN] IP:2250 - RefParam_MEMORY_2_Config3_WriteMask not found: check if there is a RefParameter without a condition.
2025-09-08 14:05:59,493 [WARN] IP:2250 - RefParam_MEMORY_2_Config3_WriteValue not found: check if there is a RefParameter without a condition.
2025-09-08 14:05:59,493 [WARN] IP:2250 - RefParam_MEMORY_2_Config3_RegAddress not found: check if there is a RefParameter without a condition.
2025-09-08 14:05:59,595 [INFO] Middleware:1452 - No code input for Bsp Dependency
2025-09-08 14:05:59,597 [INFO] Middleware:1452 - No code input for Bsp Dependency
2025-09-08 14:05:59,599 [INFO] Middleware:1452 - No code input for Bsp Dependency
2025-09-08 14:05:59,600 [INFO] Middleware:1452 - No code input for Bsp Dependency
2025-09-08 14:05:59,600 [INFO] Middleware:1452 - No code input for Bsp Dependency
2025-09-08 14:05:59,600 [INFO] IP:3329 - RTE Config file name : RTE_Component
2025-09-08 14:05:59,601 [INFO] IP:3347 - RTE template : RTE_Components.ftl
2025-09-08 14:05:59,602 [INFO] Middleware:1452 - No code input for Bsp Dependency
2025-09-08 14:05:59,603 [INFO] Middleware:1452 - No code input for Bsp Dependency
2025-09-08 14:05:59,604 [INFO] Middleware:1452 - No code input for Bsp Dependency
2025-09-08 14:05:59,604 [INFO] CodeGenerator:1619 - *******************Project context FSBL selected
2025-09-08 14:05:59,655 [INFO] CodeEngine:265 - oldGeneratedFile, C:\ST\AB_LSTM\AB_LSTM\MXTmpFiles\license.tmp_save
2025-09-08 14:05:59,926 [INFO] CodeEngine:289 - Generated code: C:\ST\AB_LSTM\AB_LSTM\MXTmpFiles\license.tmp
2025-09-08 14:05:59,983 [INFO] CodeEngine:265 - oldGeneratedFile, C:\ST\AB_LSTM\AB_LSTM\FSBL\MXTmpFiles\gpio.tmp_save
2025-09-08 14:06:00,144 [INFO] CodeEngine:289 - Generated code: C:\ST\AB_LSTM\AB_LSTM\FSBL\MXTmpFiles\gpio.tmp
2025-09-08 14:06:00,295 [WARN] IPConfigManager:103 - WARNING: Missing Config File for XSPIM ip!!
2025-09-08 14:06:00,358 [INFO] Middleware:1452 - No code input for Bsp Dependency
2025-09-08 14:06:00,368 [INFO] CodeEngine:265 - oldGeneratedFile, C:\ST\AB_LSTM\AB_LSTM\FSBL\MXTmpFiles\boot_code.tmp_save
2025-09-08 14:06:00,490 [INFO] CodeEngine:289 - Generated code: C:\ST\AB_LSTM\AB_LSTM\FSBL\MXTmpFiles\boot_code.tmp
2025-09-08 14:06:00,514 [INFO] CodeEngine:265 - oldGeneratedFile, C:\ST\AB_LSTM\AB_LSTM\FSBL\MXTmpFiles\cortex.tmp_save
2025-09-08 14:06:00,650 [INFO] CodeEngine:289 - Generated code: C:\ST\AB_LSTM\AB_LSTM\FSBL\MXTmpFiles\cortex.tmp
2025-09-08 14:06:00,664 [INFO] Middleware:1452 - No code input for Bsp Dependency
2025-09-08 14:06:00,675 [INFO] CodeEngine:265 - oldGeneratedFile, C:\ST\AB_LSTM\AB_LSTM\FSBL\Core\Inc\extmem_manager.h_save
2025-09-08 14:06:00,813 [INFO] CodeEngine:289 - Generated code: C:\ST\AB_LSTM\AB_LSTM\FSBL\Core\Inc\extmem_manager.h
2025-09-08 14:06:00,823 [INFO] CodeEngine:265 - oldGeneratedFile, C:\ST\AB_LSTM\AB_LSTM\FSBL\Core\Src\extmem_manager.c_save
2025-09-08 14:06:00,960 [INFO] CodeEngine:289 - Generated code: C:\ST\AB_LSTM\AB_LSTM\FSBL\Core\Src\extmem_manager.c
2025-09-08 14:06:00,969 [INFO] CodeEngine:265 - oldGeneratedFile, C:\ST\AB_LSTM\AB_LSTM\FSBL\Core\Inc\stm32_extmem_conf.h_save
2025-09-08 14:06:01,092 [INFO] CodeEngine:289 - Generated code: C:\ST\AB_LSTM\AB_LSTM\FSBL\Core\Inc\stm32_extmem_conf.h
2025-09-08 14:06:01,100 [INFO] CodeEngine:265 - oldGeneratedFile, C:\ST\AB_LSTM\AB_LSTM\FSBL\MXTmpFiles\boot_code.tmp_save
2025-09-08 14:06:01,147 [INFO] CodeEngine:289 - Generated code: C:\ST\AB_LSTM\AB_LSTM\FSBL\MXTmpFiles\boot_code.tmp
2025-09-08 14:06:01,179 [INFO] CodeEngine:265 - oldGeneratedFile, C:\ST\AB_LSTM\AB_LSTM\FSBL\Core\Src\stm32n6xx_it.c_save
2025-09-08 14:06:01,371 [INFO] CodeEngine:289 - Generated code: C:\ST\AB_LSTM\AB_LSTM\FSBL\Core\Src\stm32n6xx_it.c
2025-09-08 14:06:01,379 [INFO] CodeEngine:265 - oldGeneratedFile, C:\ST\AB_LSTM\AB_LSTM\FSBL\Core\Inc\stm32n6xx_it.h_save
2025-09-08 14:06:01,459 [INFO] CodeEngine:289 - Generated code: C:\ST\AB_LSTM\AB_LSTM\FSBL\Core\Inc\stm32n6xx_it.h
2025-09-08 14:06:01,626 [INFO] CodeEngine:265 - oldGeneratedFile, C:\ST\AB_LSTM\AB_LSTM\FSBL\Core\Src\stm32n6xx_hal_msp.c_save
2025-09-08 14:06:01,863 [INFO] CodeEngine:289 - Generated code: C:\ST\AB_LSTM\AB_LSTM\FSBL\Core\Src\stm32n6xx_hal_msp.c
2025-09-08 14:06:01,878 [INFO] CodeEngine:265 - oldGeneratedFile, C:\ST\AB_LSTM\AB_LSTM\FSBL\MXTmpFiles\system.tmp_save
2025-09-08 14:06:01,935 [INFO] CodeEngine:289 - Generated code: C:\ST\AB_LSTM\AB_LSTM\FSBL\MXTmpFiles\system.tmp
2025-09-08 14:06:01,961 [INFO] CodeEngine:321 - oldGeneratedFile, C:\ST\AB_LSTM\AB_LSTM\FSBL\Core\Inc\stm32n6xx_hal_conf.h_save
2025-09-08 14:06:02,089 [INFO] CodeEngine:345 - Generated code: C:\ST\AB_LSTM\AB_LSTM\FSBL\Core\Inc\stm32n6xx_hal_conf.h
2025-09-08 14:06:02,109 [WARN] IPConfigManager:3238 - Warning: the RefConfig RCC_ConfigVoltageScaling is not available in your config.xml file
2025-09-08 14:06:02,115 [WARN] IPConfigManager:3238 - Warning: the RefConfig RCC_RTC_HSEDIV is not available in your config.xml file
2025-09-08 14:06:02,123 [ERROR] ApiDbMcu:560 - Cannot parse XSPIM_Config file : file do not exist
2025-09-08 14:06:02,140 [INFO] CodeEngine:265 - oldGeneratedFile, C:\ST\AB_LSTM\AB_LSTM\FSBL\Core\Inc\main.h_save
2025-09-08 14:06:02,272 [INFO] CodeEngine:289 - Generated code: C:\ST\AB_LSTM\AB_LSTM\FSBL\Core\Inc\main.h
2025-09-08 14:06:02,282 [INFO] CodeEngine:265 - oldGeneratedFile, C:\ST\AB_LSTM\AB_LSTM\FSBL\Core\Src\main.c_save
2025-09-08 14:06:02,435 [INFO] CodeEngine:289 - Generated code: C:\ST\AB_LSTM\AB_LSTM\FSBL\Core\Src\main.c
2025-09-08 14:06:02,484 [INFO] CodeGenerator:1619 - *******************Project context Appli selected
2025-09-08 14:06:02,518 [INFO] IP:3329 - RTE Config file name : RTE_Component
2025-09-08 14:06:02,518 [INFO] IP:3347 - RTE template : RTE_Components.ftl
2025-09-08 14:06:02,527 [INFO] CodeEngine:265 - oldGeneratedFile, C:\ST\AB_LSTM\AB_LSTM\MXTmpFiles\license.tmp_save
2025-09-08 14:06:02,600 [INFO] CodeEngine:289 - Generated code: C:\ST\AB_LSTM\AB_LSTM\MXTmpFiles\license.tmp
2025-09-08 14:06:02,621 [INFO] CodeEngine:265 - oldGeneratedFile, C:\ST\AB_LSTM\AB_LSTM\Appli\MXTmpFiles\gpio.tmp_save
2025-09-08 14:06:02,714 [INFO] CodeEngine:289 - Generated code: C:\ST\AB_LSTM\AB_LSTM\Appli\MXTmpFiles\gpio.tmp
2025-09-08 14:06:02,789 [WARN] IPConfigManager:103 - WARNING: Missing Config File for NVIC ip!!
2025-09-08 14:06:02,880 [INFO] Middleware:1452 - No code input for Bsp Dependency
2025-09-08 14:06:02,881 [INFO] Middleware:1452 - No code input for Bsp Dependency
2025-09-08 14:06:02,881 [INFO] IP:3329 - RTE Config file name : RTE_Component
2025-09-08 14:06:02,881 [INFO] IP:3347 - RTE template : RTE_Components.ftl
2025-09-08 14:06:02,891 [INFO] CodeEngine:265 - oldGeneratedFile, C:\ST\AB_LSTM\AB_LSTM\Appli\MXTmpFiles\cortex.tmp_save
2025-09-08 14:06:02,970 [INFO] CodeEngine:289 - Generated code: C:\ST\AB_LSTM\AB_LSTM\Appli\MXTmpFiles\cortex.tmp
2025-09-08 14:06:02,999 [INFO] CodeEngine:265 - oldGeneratedFile, C:\ST\AB_LSTM\AB_LSTM\Appli\Core\Inc\stm32n6xx_nucleo_conf.h_save
2025-09-08 14:06:03,105 [INFO] CodeEngine:289 - Generated code: C:\ST\AB_LSTM\AB_LSTM\Appli\Core\Inc\stm32n6xx_nucleo_conf.h
2025-09-08 14:06:03,113 [INFO] CodeEngine:265 - oldGeneratedFile, C:\ST\AB_LSTM\AB_LSTM\Appli\MXTmpFiles\bsp_inc.tmp_save
2025-09-08 14:06:03,162 [INFO] CodeEngine:289 - Generated code: C:\ST\AB_LSTM\AB_LSTM\Appli\MXTmpFiles\bsp_inc.tmp
2025-09-08 14:06:03,174 [INFO] CodeEngine:265 - oldGeneratedFile, C:\ST\AB_LSTM\AB_LSTM\Appli\MXTmpFiles\bsp_common_vars.tmp_save
2025-09-08 14:06:03,212 [INFO] CodeEngine:289 - Generated code: C:\ST\AB_LSTM\AB_LSTM\Appli\MXTmpFiles\bsp_common_vars.tmp
2025-09-08 14:06:03,216 [INFO] CodeEngine:265 - oldGeneratedFile, C:\ST\AB_LSTM\AB_LSTM\Appli\MXTmpFiles\bsp_common_init.tmp_save
2025-09-08 14:06:03,260 [INFO] CodeEngine:289 - Generated code: C:\ST\AB_LSTM\AB_LSTM\Appli\MXTmpFiles\bsp_common_init.tmp
2025-09-08 14:06:03,272 [INFO] CodeEngine:265 - oldGeneratedFile, C:\ST\AB_LSTM\AB_LSTM\Appli\MXTmpFiles\bsp_common_demo_before_while.tmp_save
2025-09-08 14:06:03,308 [INFO] CodeEngine:289 - Generated code: C:\ST\AB_LSTM\AB_LSTM\Appli\MXTmpFiles\bsp_common_demo_before_while.tmp
2025-09-08 14:06:03,313 [INFO] CodeEngine:265 - oldGeneratedFile, C:\ST\AB_LSTM\AB_LSTM\Appli\MXTmpFiles\bsp_common_demo_inside_while.tmp_save
2025-09-08 14:06:03,351 [INFO] CodeEngine:289 - Generated code: C:\ST\AB_LSTM\AB_LSTM\Appli\MXTmpFiles\bsp_common_demo_inside_while.tmp
2025-09-08 14:06:03,356 [INFO] CodeEngine:265 - oldGeneratedFile, C:\ST\AB_LSTM\AB_LSTM\Appli\MXTmpFiles\bsp_common_demo_fct.tmp_save
2025-09-08 14:06:03,393 [INFO] CodeEngine:289 - Generated code: C:\ST\AB_LSTM\AB_LSTM\Appli\MXTmpFiles\bsp_common_demo_fct.tmp
2025-09-08 14:06:03,397 [INFO] Middleware:1452 - No code input for Bsp Dependency
2025-09-08 14:06:03,398 [INFO] Middleware:1452 - No code input for Bsp Dependency
2025-09-08 14:06:03,398 [INFO] IP:3329 - RTE Config file name : RTE_Component
2025-09-08 14:06:03,398 [INFO] IP:3347 - RTE template : RTE_Components.ftl
2025-09-08 14:06:03,408 [INFO] CodeEngine:265 - oldGeneratedFile, C:\ST\AB_LSTM\AB_LSTM\Appli\X-CUBE-AI\App\app_x-cube-ai.h_save
2025-09-08 14:06:03,501 [INFO] CodeEngine:289 - Generated code: C:\ST\AB_LSTM\AB_LSTM\Appli\X-CUBE-AI\App\app_x-cube-ai.h
2025-09-08 14:06:03,510 [INFO] CodeEngine:265 - oldGeneratedFile, C:\ST\AB_LSTM\AB_LSTM\Appli\X-CUBE-AI\constants_ai.h_save
2025-09-08 14:06:03,581 [INFO] CodeEngine:289 - Generated code: C:\ST\AB_LSTM\AB_LSTM\Appli\X-CUBE-AI\constants_ai.h
2025-09-08 14:06:03,590 [INFO] CodeEngine:265 - oldGeneratedFile, C:\ST\AB_LSTM\AB_LSTM\Appli\X-CUBE-AI\App\app_x-cube-ai.c_save
2025-09-08 14:06:03,677 [INFO] CodeEngine:289 - Generated code: C:\ST\AB_LSTM\AB_LSTM\Appli\X-CUBE-AI\App\app_x-cube-ai.c
2025-09-08 14:06:03,707 [INFO] CodeEngine:265 - oldGeneratedFile, C:\ST\AB_LSTM\AB_LSTM\Appli\Core\Src\stm32n6xx_it.c_save
2025-09-08 14:06:03,826 [INFO] CodeEngine:289 - Generated code: C:\ST\AB_LSTM\AB_LSTM\Appli\Core\Src\stm32n6xx_it.c
2025-09-08 14:06:03,832 [INFO] CodeEngine:265 - oldGeneratedFile, C:\ST\AB_LSTM\AB_LSTM\Appli\Core\Inc\stm32n6xx_it.h_save
2025-09-08 14:06:03,880 [INFO] CodeEngine:289 - Generated code: C:\ST\AB_LSTM\AB_LSTM\Appli\Core\Inc\stm32n6xx_it.h
2025-09-08 14:06:03,883 [INFO] IP:3329 - RTE Config file name : RTE_Component
2025-09-08 14:06:03,884 [INFO] IP:3347 - RTE template : RTE_Components.ftl
2025-09-08 14:06:03,884 [INFO] CodeGenerator:2312 - Add RTE Code Input 
2025-09-08 14:06:03,890 [INFO] CodeEngine:265 - oldGeneratedFile, C:\ST\AB_LSTM\AB_LSTM\Appli\Core\Inc\RTE_Components.h_save
2025-09-08 14:06:03,971 [INFO] CodeEngine:289 - Generated code: C:\ST\AB_LSTM\AB_LSTM\Appli\Core\Inc\RTE_Components.h
2025-09-08 14:06:03,982 [INFO] CodeEngine:265 - oldGeneratedFile, C:\ST\AB_LSTM\AB_LSTM\Appli\MXTmpFiles\RIFInit.tmp_save
2025-09-08 14:06:04,051 [INFO] CodeEngine:289 - Generated code: C:\ST\AB_LSTM\AB_LSTM\Appli\MXTmpFiles\RIFInit.tmp
2025-09-08 14:06:04,113 [INFO] CodeEngine:265 - oldGeneratedFile, C:\ST\AB_LSTM\AB_LSTM\Appli\Core\Src\stm32n6xx_hal_msp.c_save
2025-09-08 14:06:04,219 [INFO] CodeEngine:289 - Generated code: C:\ST\AB_LSTM\AB_LSTM\Appli\Core\Src\stm32n6xx_hal_msp.c
2025-09-08 14:06:04,225 [INFO] CodeEngine:265 - oldGeneratedFile, C:\ST\AB_LSTM\AB_LSTM\Appli\MXTmpFiles\system.tmp_save
2025-09-08 14:06:04,259 [INFO] CodeEngine:289 - Generated code: C:\ST\AB_LSTM\AB_LSTM\Appli\MXTmpFiles\system.tmp
2025-09-08 14:06:04,270 [INFO] CodeEngine:321 - oldGeneratedFile, C:\ST\AB_LSTM\AB_LSTM\Appli\Core\Inc\stm32n6xx_hal_conf.h_save
2025-09-08 14:06:04,356 [INFO] CodeEngine:345 - Generated code: C:\ST\AB_LSTM\AB_LSTM\Appli\Core\Inc\stm32n6xx_hal_conf.h
2025-09-08 14:06:04,369 [WARN] IPConfigManager:3238 - Warning: the RefConfig RCC_ConfigVoltageScaling is not available in your config.xml file
2025-09-08 14:06:04,370 [WARN] IPConfigManager:3238 - Warning: the RefConfig RCC_RTC_HSEDIV is not available in your config.xml file
2025-09-08 14:06:04,380 [WARN] IPConfigManager:3811 - IP not found : TIM
2025-09-08 14:06:04,381 [WARN] CodeGenerator:4259 - IP not found : null
2025-09-08 14:06:04,389 [INFO] CodeEngine:265 - oldGeneratedFile, C:\ST\AB_LSTM\AB_LSTM\Appli\Core\Inc\main.h_save
2025-09-08 14:06:04,495 [INFO] CodeEngine:289 - Generated code: C:\ST\AB_LSTM\AB_LSTM\Appli\Core\Inc\main.h
2025-09-08 14:06:04,505 [INFO] CodeEngine:265 - oldGeneratedFile, C:\ST\AB_LSTM\AB_LSTM\Appli\Core\Src\main.c_save
2025-09-08 14:06:04,624 [INFO] CodeEngine:289 - Generated code: C:\ST\AB_LSTM\AB_LSTM\Appli\Core\Src\main.c
2025-09-08 14:06:04,634 [INFO] CodeEngine:265 - oldGeneratedFile, C:\ST\AB_LSTM\AB_LSTM\Appli\Core\Src\secure_nsc.c_save
2025-09-08 14:06:04,703 [INFO] CodeEngine:289 - Generated code: C:\ST\AB_LSTM\AB_LSTM\Appli\Core\Src\secure_nsc.c
2025-09-08 14:06:04,710 [INFO] CodeEngine:265 - oldGeneratedFile, C:\ST\AB_LSTM\AB_LSTM\Appli\Core\Inc\partition_stm32n657xx.h_save
2025-09-08 14:06:04,779 [INFO] CodeEngine:289 - Generated code: C:\ST\AB_LSTM\AB_LSTM\Appli\Core\Inc\partition_stm32n657xx.h
2025-09-08 14:06:04,788 [INFO] CodeEngine:265 - oldGeneratedFile, C:\ST\AB_LSTM\AB_LSTM\Secure_nsclib\secure_nsc.h_save
2025-09-08 14:06:04,843 [INFO] CodeEngine:289 - Generated code: C:\ST\AB_LSTM\AB_LSTM\Secure_nsclib\secure_nsc.h
2025-09-08 14:06:04,892 [INFO] CodeGenerator:1707 - *******************Project context ExtMemLoader Not selected
2025-09-08 14:06:05,791 [INFO] AInterface:322 - ModelName:network; files:[C:\Users\ZOJOLDRI\OneDrive - Carl Zeiss AG\Dokumente\Zeiss\SMT\Bachelor\AB Encoder Model\AB_Encoder_Synthetic_Data\lstm_ab_encoder.h5]; type:Keras; compression:None
2025-09-08 14:06:05,792 [INFO] AInterface:526 - workspaceTempDir: C:/Users/ZOJOLDRI/AppData/Local/Temp/mxAI_workspace156744815572500013633810640843648501
2025-09-08 14:06:05,792 [INFO] AInterface:1176 - Setting Env: C:/Users/ZOJOLDRI/STM32Cube/Repository/Packs/STMicroelectronics/X-CUBE-AI/10.2.0/Utilities/windows
2025-09-08 14:06:05,799 [INFO] STM32CubeIDEBuilder:265 - Looking for gnu-tools-for-stm32 tools/bin/arm-none-eabi-gcc.exe in C:\ST\STM32CubeIDE_1.19.0\STM32CubeIDE
2025-09-08 14:06:05,801 [INFO] STM32CubeIDEBuilder:294 - checking C:\ST\STM32CubeIDE_1.19.0\STM32CubeIDE\plugins\com.st.stm32cube.ide.mcu.externaltools.gnu-tools-for-stm32.13.3.rel1.win32_1.0.0.202411081344\tools\bin\arm-none-eabi-gcc.exe
2025-09-08 14:06:05,801 [INFO] STM32CubeIDEBuilder:297 - ret=C:\ST\STM32CubeIDE_1.19.0\STM32CubeIDE\plugins\com.st.stm32cube.ide.mcu.externaltools.gnu-tools-for-stm32.13.3.rel1.win32_1.0.0.202411081344\tools\bin\arm-none-eabi-gcc.exe
2025-09-08 14:06:05,801 [INFO] STM32CubeIDEBuilder:311 - returning C:\ST\STM32CubeIDE_1.19.0\STM32CubeIDE\plugins\com.st.stm32cube.ide.mcu.externaltools.gnu-tools-for-stm32.13.3.rel1.win32_1.0.0.202411081344\tools\bin\arm-none-eabi-gcc.exe
2025-09-08 14:06:05,801 [INFO] AInterface:1233 - Custom PATH variable: C:/Users/ZOJOLDRI/STM32Cube/Repository/Packs/STMicroelectronics/X-CUBE-AI/10.2.0/Utilities/windows;C:/Users/ZOJOLDRI/STM32Cube/Repository/Packs/STMicroelectronics/X-CUBE-AI/10.2.0/Utilities/windows/mingw64/bin;C:/Users/ZOJOLDRI/STM32Cube/Repository/Packs/STMicroelectronics/X-CUBE-AI/10.2.0/Utilities/windows/mingw64/libexec/gcc/x86_64-w64-mingw32/7.3.0;;C:\ST\STM32CubeIDE_1.19.0\STM32CubeIDE\plugins\com.st.stm32cube.ide.mcu.externaltools.gnu-tools-for-stm32.13.3.rel1.win32_1.0.0.202411081344\tools\bin
2025-09-08 14:06:05,805 [INFO] CmdLine:115 - Command: C:/Users/ZOJOLDRI/STM32Cube/Repository/Packs/STMicroelectronics/X-CUBE-AI/10.2.0/Utilities/windows/stedgeai.exe generate --target stm32n6 --name network -m C:/Users/ZOJOLDRI/OneDrive - Carl Zeiss AG/Dokumente/Zeiss/SMT/Bachelor/AB Encoder Model/AB_Encoder_Synthetic_Data/lstm_ab_encoder.h5 --compression none --verbosity 1 --workspace C:/Users/ZOJOLDRI/AppData/Local/Temp/mxAI_workspace156744815572500013633810640843648501 --output C:/Users/ZOJOLDRI/.stm32cubemx/network_output
2025-09-08 14:06:05,805 [INFO] AIModelDetailledView:2380 - Analysis status: pending
2025-09-08 14:06:10,455 [INFO] CmdLine:76 - ST Edge AI Core v2.2.0-20266 2adc00962
2025-09-08 14:07:11,219 [INFO] CmdLine:76 - Creating c (debug) info json file C:\Users\ZOJOLDRI\.stm32cubemx\network_output\network_c_info.json
2025-09-08 14:07:11,249 [INFO] CmdLine:76 -  
2025-09-08 14:07:11,250 [INFO] CmdLine:76 -  Exec/report summary (generate)
2025-09-08 14:07:11,250 [INFO] CmdLine:76 -  ---------------------------------------------------------------------------------------------------------------------------------------------------------------
2025-09-08 14:07:11,250 [INFO] CmdLine:76 -  model file         :   C:\Users\ZOJOLDRI\OneDrive - Carl Zeiss AG\Dokumente\Zeiss\SMT\Bachelor\AB Encoder Model\AB_Encoder_Synthetic_Data\lstm_ab_encoder.h5   
2025-09-08 14:07:11,250 [INFO] CmdLine:76 -  type               :   keras                                                                                                                                   
2025-09-08 14:07:11,250 [INFO] CmdLine:76 -  c_name             :   network                                                                                                                                 
2025-09-08 14:07:11,251 [INFO] CmdLine:76 -  compression        :   none                                                                                                                                    
2025-09-08 14:07:11,251 [INFO] CmdLine:76 -  options            :   allocate-inputs, allocate-outputs                                                                                                       
2025-09-08 14:07:11,252 [INFO] CmdLine:76 -  optimization       :   balanced                                                                                                                                
2025-09-08 14:07:11,252 [INFO] CmdLine:76 -  target/series      :   stm32n6                                                                                                                                 
2025-09-08 14:07:11,252 [INFO] CmdLine:76 -  workspace dir      :   C:\Users\ZOJOLDRI\AppData\Local\Temp\mxAI_workspace156744815572500013633810640843648501                                                 
2025-09-08 14:07:11,252 [INFO] CmdLine:76 -  output dir         :   C:\Users\ZOJOLDRI\.stm32cubemx\network_output                                                                                           
2025-09-08 14:07:11,253 [INFO] CmdLine:76 -  model_fmt          :   float                                                                                                                                   
2025-09-08 14:07:11,253 [INFO] CmdLine:76 -  model_name         :   lstm_ab_encoder                                                                                                                         
2025-09-08 14:07:11,253 [INFO] CmdLine:76 -  model_hash         :   0x246618bc8cc3d2aa74ff7ceaf8d44770                                                                                                      
2025-09-08 14:07:11,253 [INFO] CmdLine:76 -  params #           :   6,083 items (23.76 KiB)                                                                                                                 
2025-09-08 14:07:11,253 [INFO] CmdLine:76 -  ---------------------------------------------------------------------------------------------------------------------------------------------------------------
2025-09-08 14:07:11,253 [INFO] CmdLine:76 -  input 1/1          :   'input_0', f32(1x20x10), 800 Bytes, activations                                                                                         
2025-09-08 14:07:11,253 [INFO] CmdLine:76 -  output 1/1         :   'output', f32(1x3), 12 Bytes, activations                                                                                               
2025-09-08 14:07:11,253 [INFO] CmdLine:76 -  macc               :   111,360                                                                                                                                 
2025-09-08 14:07:11,253 [INFO] CmdLine:76 -  weights (ro)       :   24,716 B (24.14 KiB) (1 segment) / +384(+1.6%) vs float model                                                                           
2025-09-08 14:07:11,253 [INFO] CmdLine:76 -  activations (rw)   :   1,824 B (1.78 KiB) (1 segment) *                                                                                                        
2025-09-08 14:07:11,254 [INFO] CmdLine:76 -  ram (total)        :   1,824 B (1.78 KiB) = 1,824 + 0 + 0                                                                                                      
2025-09-08 14:07:11,254 [INFO] CmdLine:76 -  ---------------------------------------------------------------------------------------------------------------------------------------------------------------
2025-09-08 14:07:11,254 [INFO] CmdLine:76 -  (*) 'input'/'output' buffers are allocated in the activations buffer
2025-09-08 14:07:11,254 [INFO] CmdLine:76 - Computing AI RT data/code size (target=stm32n6)..
2025-09-08 14:07:13,957 [INFO] CmdLine:76 -  Requested memory size by section - "stm32n6" target
2025-09-08 14:07:13,958 [INFO] CmdLine:76 -  ------------------------------- -------- -------- ------- -------
2025-09-08 14:07:13,959 [INFO] CmdLine:76 -  module                              text   rodata    data     bss
2025-09-08 14:07:13,959 [INFO] CmdLine:76 -  ------------------------------- -------- -------- ------- -------
2025-09-08 14:07:13,959 [INFO] CmdLine:76 -  NetworkRuntime1020_CM55_GCC.a     15,800       32       0       0
2025-09-08 14:07:13,959 [INFO] CmdLine:76 -  network.o                            592       40   1,888     136
2025-09-08 14:07:13,959 [INFO] CmdLine:76 -  network_data.o                        48       16      88       0
2025-09-08 14:07:13,959 [INFO] CmdLine:76 -  lib (toolchain)*                   1,132      340       0       0
2025-09-08 14:07:13,960 [INFO] CmdLine:76 -  ------------------------------- -------- -------- ------- -------
2025-09-08 14:07:13,960 [INFO] CmdLine:76 -  RT total**                        17,572      428   1,976     136
2025-09-08 14:07:13,960 [INFO] CmdLine:76 -  ------------------------------- -------- -------- ------- -------
2025-09-08 14:07:13,960 [INFO] CmdLine:76 -  weights                                0   24,720       0       0
2025-09-08 14:07:13,960 [INFO] CmdLine:76 -  activations                            0        0       0   1,824
2025-09-08 14:07:13,960 [INFO] CmdLine:76 -  io                                     0        0       0       0
2025-09-08 14:07:13,960 [INFO] CmdLine:76 -  ------------------------------- -------- -------- ------- -------
2025-09-08 14:07:13,961 [INFO] CmdLine:76 -  TOTAL                             17,572   25,148   1,976   1,960
2025-09-08 14:07:13,961 [INFO] CmdLine:76 -  ------------------------------- -------- -------- ------- -------
2025-09-08 14:07:13,961 [INFO] CmdLine:76 -  *  toolchain objects (libm/libgcc*)
2025-09-08 14:07:13,961 [INFO] CmdLine:76 -  ** RT AI runtime objects (kernels+infrastructure)
2025-09-08 14:07:13,961 [INFO] CmdLine:76 -   Summary - "stm32n6" target
2025-09-08 14:07:13,961 [INFO] CmdLine:76 -   ---------------------------------------------------
2025-09-08 14:07:13,962 [INFO] CmdLine:76 -                FLASH (ro)      %*   RAM (rw)       %
2025-09-08 14:07:13,962 [INFO] CmdLine:76 -   ---------------------------------------------------
2025-09-08 14:07:13,962 [INFO] CmdLine:76 -   RT total         19,976   44.7%      2,112   53.7%
2025-09-08 14:07:13,962 [INFO] CmdLine:76 -   ---------------------------------------------------
2025-09-08 14:07:13,962 [INFO] CmdLine:76 -   TOTAL            44,696              3,936
2025-09-08 14:07:13,962 [INFO] CmdLine:76 -   ---------------------------------------------------
2025-09-08 14:07:13,962 [INFO] CmdLine:76 -   *  rt/total
2025-09-08 14:07:13,962 [INFO] CmdLine:76 -  Generated files (7)
2025-09-08 14:07:13,962 [INFO] CmdLine:76 -  ---------------------------------------------------------------------
2025-09-08 14:07:13,962 [INFO] CmdLine:76 -  C:\Users\ZOJOLDRI\.stm32cubemx\network_output\network_data_params.h
2025-09-08 14:07:13,962 [INFO] CmdLine:76 -  C:\Users\ZOJOLDRI\.stm32cubemx\network_output\network_data_params.c
2025-09-08 14:07:13,962 [INFO] CmdLine:76 -  C:\Users\ZOJOLDRI\.stm32cubemx\network_output\network_data.h
2025-09-08 14:07:13,963 [INFO] CmdLine:76 -  C:\Users\ZOJOLDRI\.stm32cubemx\network_output\network_data.c
2025-09-08 14:07:13,963 [INFO] CmdLine:76 -  C:\Users\ZOJOLDRI\.stm32cubemx\network_output\network_config.h
2025-09-08 14:07:13,963 [INFO] CmdLine:76 -  C:\Users\ZOJOLDRI\.stm32cubemx\network_output\network.h
2025-09-08 14:07:13,963 [INFO] CmdLine:76 -  C:\Users\ZOJOLDRI\.stm32cubemx\network_output\network.c
2025-09-08 14:07:13,963 [INFO] CmdLine:76 - Creating txt report file C:\Users\ZOJOLDRI\.stm32cubemx\network_output\network_generate_report.txt
2025-09-08 14:07:17,032 [INFO] CmdLine:76 - elapsed time (generate): 66.578s
2025-09-08 14:07:17,413 [INFO] CmdLine:148 - stedgeai exit with status: 0
2025-09-08 14:07:17,426 [INFO] AIModelDetailledView:2380 - Analysis status: done
2025-09-08 14:07:18,327 [INFO] ProjectBuilder:3606 - Time for Copy HAL[1] : 410mS.
2025-09-08 14:07:18,327 [ERROR] Middleware:2950 - Invalid RefComponent list
2025-09-08 14:07:18,327 [ERROR] Middleware:2950 - Invalid RefComponent list
2025-09-08 14:07:18,327 [ERROR] Middleware:2950 - Invalid RefComponent list
2025-09-08 14:07:18,327 [ERROR] Middleware:2950 - Invalid RefComponent list
2025-09-08 14:07:18,327 [ERROR] Middleware:2950 - Invalid RefComponent list
2025-09-08 14:07:18,327 [ERROR] Middleware:2950 - Invalid RefComponent list
2025-09-08 14:07:18,327 [ERROR] Middleware:2950 - Invalid RefComponent list
2025-09-08 14:07:18,328 [ERROR] Middleware:2950 - Invalid RefComponent list
2025-09-08 14:07:18,328 [ERROR] Middleware:2950 - Invalid RefComponent list
2025-09-08 14:07:18,328 [ERROR] Middleware:2950 - Invalid RefComponent list
2025-09-08 14:07:18,328 [ERROR] Middleware:2950 - Invalid RefComponent list
2025-09-08 14:07:18,328 [ERROR] Middleware:2950 - Invalid RefComponent list
2025-09-08 14:07:18,328 [ERROR] Middleware:2950 - Invalid RefComponent list
2025-09-08 14:07:18,328 [ERROR] Middleware:2950 - Invalid RefComponent list
2025-09-08 14:07:18,328 [ERROR] Middleware:2950 - Invalid RefComponent list
2025-09-08 14:07:18,328 [ERROR] Middleware:2950 - Invalid RefComponent list
2025-09-08 14:07:18,328 [ERROR] Middleware:2950 - Invalid RefComponent list
2025-09-08 14:07:18,328 [ERROR] Middleware:2950 - Invalid RefComponent list
2025-09-08 14:07:18,328 [ERROR] Middleware:2950 - Invalid RefComponent list
2025-09-08 14:07:18,328 [ERROR] Middleware:2950 - Invalid RefComponent list
2025-09-08 14:07:18,328 [ERROR] Middleware:2950 - Invalid RefComponent list
2025-09-08 14:07:18,328 [ERROR] Middleware:2950 - Invalid RefComponent list
2025-09-08 14:07:18,328 [ERROR] Middleware:2950 - Invalid RefComponent list
2025-09-08 14:07:18,328 [ERROR] Middleware:2950 - Invalid RefComponent list
2025-09-08 14:07:18,328 [ERROR] Middleware:2950 - Invalid RefComponent list
2025-09-08 14:07:18,328 [ERROR] Middleware:2950 - Invalid RefComponent list
2025-09-08 14:07:18,328 [ERROR] Middleware:2950 - Invalid RefComponent list
2025-09-08 14:07:18,328 [ERROR] Middleware:2950 - Invalid RefComponent list
2025-09-08 14:07:18,328 [ERROR] Middleware:2950 - Invalid RefComponent list
2025-09-08 14:07:18,328 [ERROR] Middleware:2950 - Invalid RefComponent list
2025-09-08 14:07:18,328 [ERROR] Middleware:2950 - Invalid RefComponent list
2025-09-08 14:07:18,328 [ERROR] Middleware:2950 - Invalid RefComponent list
2025-09-08 14:07:18,328 [ERROR] Middleware:2950 - Invalid RefComponent list
2025-09-08 14:07:18,328 [ERROR] Middleware:2950 - Invalid RefComponent list
2025-09-08 14:07:18,328 [ERROR] Middleware:2950 - Invalid RefComponent list
2025-09-08 14:07:18,328 [ERROR] Middleware:2950 - Invalid RefComponent list
2025-09-08 14:07:18,328 [ERROR] Middleware:2950 - Invalid RefComponent list
2025-09-08 14:07:18,328 [ERROR] Middleware:2950 - Invalid RefComponent list
2025-09-08 14:07:18,328 [ERROR] Middleware:2950 - Invalid RefComponent list
2025-09-08 14:07:18,328 [ERROR] Middleware:2950 - Invalid RefComponent list
2025-09-08 14:07:18,328 [ERROR] Middleware:2950 - Invalid RefComponent list
2025-09-08 14:07:18,328 [ERROR] Middleware:2950 - Invalid RefComponent list
2025-09-08 14:07:18,328 [ERROR] Middleware:2950 - Invalid RefComponent list
2025-09-08 14:07:18,328 [ERROR] Middleware:2950 - Invalid RefComponent list
2025-09-08 14:07:18,328 [ERROR] Middleware:2950 - Invalid RefComponent list
2025-09-08 14:07:18,328 [ERROR] Middleware:2950 - Invalid RefComponent list
2025-09-08 14:07:18,328 [ERROR] Middleware:2950 - Invalid RefComponent list
2025-09-08 14:07:18,328 [ERROR] Middleware:2950 - Invalid RefComponent list
2025-09-08 14:07:18,328 [ERROR] Middleware:2950 - Invalid RefComponent list
2025-09-08 14:07:18,328 [ERROR] Middleware:2950 - Invalid RefComponent list
2025-09-08 14:07:18,328 [ERROR] Middleware:2950 - Invalid RefComponent list
2025-09-08 14:07:18,328 [ERROR] Middleware:2950 - Invalid RefComponent list
2025-09-08 14:07:18,328 [ERROR] Middleware:2950 - Invalid RefComponent list
2025-09-08 14:07:18,328 [ERROR] Middleware:2950 - Invalid RefComponent list
2025-09-08 14:07:18,329 [ERROR] Middleware:2950 - Invalid RefComponent list
2025-09-08 14:07:18,329 [ERROR] Middleware:2950 - Invalid RefComponent list
2025-09-08 14:07:18,329 [ERROR] Middleware:2950 - Invalid RefComponent list
2025-09-08 14:07:18,329 [ERROR] Middleware:2950 - Invalid RefComponent list
2025-09-08 14:07:18,329 [ERROR] Middleware:2950 - Invalid RefComponent list
2025-09-08 14:07:18,329 [ERROR] Middleware:2950 - Invalid RefComponent list
2025-09-08 14:07:18,329 [ERROR] Middleware:2950 - Invalid RefComponent list
2025-09-08 14:07:18,329 [ERROR] Middleware:2950 - Invalid RefComponent list
2025-09-08 14:07:18,329 [ERROR] Middleware:2950 - Invalid RefComponent list
2025-09-08 14:07:18,329 [ERROR] Middleware:2950 - Invalid RefComponent list
2025-09-08 14:07:18,329 [ERROR] Middleware:2950 - Invalid RefComponent list
2025-09-08 14:07:18,329 [ERROR] Middleware:2950 - Invalid RefComponent list
2025-09-08 14:07:18,329 [ERROR] Middleware:2950 - Invalid RefComponent list
2025-09-08 14:07:18,329 [ERROR] Middleware:2950 - Invalid RefComponent list
2025-09-08 14:07:18,329 [ERROR] Middleware:2950 - Invalid RefComponent list
2025-09-08 14:07:18,329 [ERROR] Middleware:2950 - Invalid RefComponent list
2025-09-08 14:07:18,345 [INFO] ProjectBuilder:5216 - Project Generator version: 4.7.0-B52
2025-09-08 14:07:18,396 [INFO] ConfigFileManager:1595 - The Die is : DIE486
2025-09-08 14:07:25,743 [INFO] ProjectBuilder:5056 - Time for Generating toolchain IDE Files: 7398mS.
2025-09-08 14:07:25,745 [INFO] ProjectBuilder:3463 - Time for Copy CMSIS : 1mS.
2025-09-08 14:07:25,753 [INFO] ProjectBuilder:3463 - Time for Copy CMSIS : 0mS.
