17:02:26 **** Incremental Build of configuration Debug for project AB_LSTM_Appli ****
make -j20 all 
arm-none-eabi-gcc "../Core/Src/main.c" -mcpu=cortex-m55 -std=gnu11 -g3 -DDEBUG -DUSE_HAL_DRIVER -DSTM32N657xx -DUSE_NUCLEO_64 -c -I../Core/Inc -I../../Secure_nsclib -I../../Drivers/STM32N6xx_HAL_Driver/Inc -I../../Drivers/CMSIS/Device/ST/STM32N6xx/Include -I../../Drivers/STM32N6xx_HAL_Driver/Inc/Legacy -I../../Drivers/CMSIS/Include -I"C:/ST/AB_LSTM/AB_LSTM/Appli/X-CUBE-AI/App" -I../../Middlewares/ST/AI/Inc -I../X-CUBE-AI/App -I../X-CUBE-AI -I../../Drivers/BSP/STM32N6xx_Nucleo -O3 -ffunction-sections -fdata-sections -Wall -fstack-usage -fcyclomatic-complexity -mcmse -MMD -MP -MF"Core/Src/main.d" -MT"Core/Src/main.o" --specs=nano.specs -mfpu=fpv5-d16 -mfloat-abi=hard -mthumb -o "Core/Src/main.o"
arm-none-eabi-gcc -o "AB_LSTM_Appli.elf" @"objects.list"  -l:NetworkRuntime1020_CM55_GCC.a -mcpu=cortex-m55 -T"C:\ST\AB_LSTM\AB_LSTM\Appli\STM32N657X0HXQ_LRUN.ld" --specs=nosys.specs -Wl,-Map="AB_LSTM_Appli.map" -Wl,--gc-sections -static -Wl,--cmse-implib -Wl,--out-implib=./secure_nsclib.o -L../../Middlewares/ST/AI/Lib --specs=nano.specs -mfpu=fpv5-d16 -mfloat-abi=hard -mthumb -u _printf_float -Wl,--start-group -lc -lm -Wl,--end-group
C:/ST/STM32CubeIDE_1.19.0/STM32CubeIDE/plugins/com.st.stm32cube.ide.mcu.externaltools.gnu-tools-for-stm32.13.3.rel1.win32_1.0.0.202411081344/tools/bin/../lib/gcc/arm-none-eabi/13.3.1/../../../../arm-none-eabi/bin/ld.exe: warning: AB_LSTM_Appli.elf has a LOAD segment with RWX permissions
Finished building target: AB_LSTM_Appli.elf
 
arm-none-eabi-size  AB_LSTM_Appli.elf 
arm-none-eabi-objdump -h -S AB_LSTM_Appli.elf  > "AB_LSTM_Appli.list"
   text	   data	    bss	    dec	    hex	filename
  89372	   4272	  33728	 127372	  1f18c	AB_LSTM_Appli.elf
arm-none-eabi-objcopy  -O binary AB_LSTM_Appli.elf  "AB_LSTM_Appli.bin"
Finished building: default.size.stdout
 
Finished building: AB_LSTM_Appli.list
 
Finished building: AB_LSTM_Appli.bin
 
cd "C:/ST/AB_LSTM/AB_LSTM/Appli/Debug"
echo y | "C:\Program Files\STMicroelectronics\STM32Cube\STM32CubeProgrammer\bin\STM32_SigningTool_CLI.exe" -bin "AB_LSTM_Appli.bin" -nk -of 0x80000000 -t fsbl -o "AB_LSTM_Appli-Trusted.bin" -hv 2.3 -dump "AB_LSTM_Appli-Trusted.bin"
      -------------------------------------------------------------------
                          STM32 Signing Tool v2.19.0                   
      -------------------------------------------------------------------

Do you want to replace this file: AB_LSTM_Appli-Trusted.bin ? (y/n)
Adding head padding bytes for payload with header v2.3
Header version 2.3 preparation... 
Extracting Entry point value from the input file...
Entry point value : 0x34001ff5
The headred image file generated successfully: AB_LSTM_Appli-Trusted.bin

Header description:

    Magic: 0x53544d32
    Signature: 00 00 00 00 00 00 00 00 00 00 00 00 00 00 00 00 00 00 00 00 00 00 00 00 00 00 00 00 00 00 00 00 
               00 00 00 00 00 00 00 00 00 00 00 00 00 00 00 00 00 00 00 00 00 00 00 00 00 00 00 00 00 00 00 00 
               00 00 00 00 00 00 00 00 00 00 00 00 00 00 00 00 00 00 00 00 00 00 00 00 00 00 00 00 00 00 00 00 
    Checksum: 0x9e0943
    Header version: 0x20300
    Size: 0x16fa0
    Load address: 0xffffffff
    Entry point: 0x34001ff5
    Image version: 0x0
    Extension: 0x80000000

Pad header detected:
    Type: 0x5354ffff
    Size: 0x1a0
    Padding values: 3c 25 b1 8b 8d b2 db a9 5d 7e 7f bc eb d2 05 48 ca 6d 7b 31 49 d3 09 a3 5e c1 4c 21 75 6f bb 

                    92 70 f2 6b 19 5a 96 a5 af 58 12 e8 a9 b1 d8 68 c4 a0 a7 8a 79 0e 85 4d 22 00 4e a7 36 0a 26 

                    c3 2c 5f e2 36 0c c7 e3 56 68 1f a5 21 4c 10 6a 96 84 4c 8d 1e 4d 5b e9 d6 df 9e 30 6b 65 6c 

                    6f 00 d0 5f a8 95 5c c2 5c 41 83 2d ab 48 67 e2 fb 9e 37 f4 a1 2e c8 52 39 a2 48 9a 80 33 85 

                    1b de c3 32 91 d3 4a d6 0c f7 4d 09 cd 63 a6 a9 62 6c 9c a7 9d 93 43 e4 97 5f ad 86 f3 e2 d7 

                    d5 4c 2e 0f 1f ff 12 6a 4a 6f 5e b2 40 ad c5 66 21 a2 39 b8 f7 6d 87 47 05 08 96 f5 2c 3b 94 

                    56 87 7c 7d 7f af d0 46 fd 31 ce c0 96 45 86 8d 33 aa 26 e4 65 15 cb d4 08 4e f5 4a ff cf 6a 

                    6f 08 72 e4 3b 27 c4 e4 4c 01 7a 97 43 ac 3a d2 60 71 12 1e ce 63 1c a4 59 de 0d 51 e6 e5 0c 

                    81 62 fc 47 3d ca 55 31 e1 00 7f 87 56 3c 5c 0d 2e bd 77 e1 75 e3 f9 1f 81 72 ed 44 5b ad cd 

                    28 63 c6 27 05 e0 0c 63 9a 77 a6 48 26 71 04 1a 03 cc 35 73 a9 00 e1 91 43 23 b2 78 cf d4 e0 

                    8b 7a 29 c9 c7 68 8a cc 6c 33 a2 28 2b 97 e6 ec 4f 7d c8 f1 77 97 a9 c7 fc 73 c2 e8 1d 23 c2 

                    40 0d c7 88 73 db df 59 f7 13 ac 51 84 4a 9f ac e4 0c 8f 81 7c 0d 36 1d cc e3 21 28 1c bd 2f 

                    89 2f 2d fe 99 86 18 26 00 00 02 00 1d 4f b1 b4 07 b4 00 00 d0 6f 6f 02 00 00 00 00 20 b6 e5 

                    00 00 00 00 00 

Post header 2.3 information :
    Binary type: 0x10
    Non authenticated payload length: 0x0
    Non authenticated payload hash: 0x0


 

17:02:31 Build Finished. 0 errors, 1 warnings. (took 4s.988ms)

