11:10:24 **** Incremental Build of configuration Debug for project AB_LSTM_Appli ****
make -j20 all 
arm-none-eabi-gcc "../X-CUBE-AI/App/app_x-cube-ai.c" -mcpu=cortex-m55 -std=gnu11 -g3 -DDEBUG -DUSE_HAL_DRIVER -DSTM32N657xx -DUSE_NUCLEO_64 -c -I../Core/Inc -I../../Secure_nsclib -I../../Drivers/STM32N6xx_HAL_Driver/Inc -I../../Drivers/CMSIS/Device/ST/STM32N6xx/Include -I../../Drivers/STM32N6xx_HAL_Driver/Inc/Legacy -I../../Drivers/CMSIS/Include -I"C:/ST/AB_LSTM/AB_LSTM/Appli/X-CUBE-AI/App" -I../../Middlewares/ST/AI/Inc -I../X-CUBE-AI/App -I../X-CUBE-AI -I../../Drivers/BSP/STM32N6xx_Nucleo -I../../../Appli/X-CUBE-AI/App -I../../../Middlewares/ST/AI/Inc -O3 -ffunction-sections -fdata-sections -Wall -fstack-usage -fcyclomatic-complexity -mcmse -MMD -MP -MF"X-CUBE-AI/App/app_x-cube-ai.d" -MT"X-CUBE-AI/App/app_x-cube-ai.o" --specs=nano.specs -mfpu=fpv5-d16 -mfloat-abi=hard -mthumb -o "X-CUBE-AI/App/app_x-cube-ai.o"
arm-none-eabi-gcc "../X-CUBE-AI/App/network.c" -mcpu=cortex-m55 -std=gnu11 -g3 -DDEBUG -DUSE_HAL_DRIVER -DSTM32N657xx -DUSE_NUCLEO_64 -c -I../Core/Inc -I../../Secure_nsclib -I../../Drivers/STM32N6xx_HAL_Driver/Inc -I../../Drivers/CMSIS/Device/ST/STM32N6xx/Include -I../../Drivers/STM32N6xx_HAL_Driver/Inc/Legacy -I../../Drivers/CMSIS/Include -I"C:/ST/AB_LSTM/AB_LSTM/Appli/X-CUBE-AI/App" -I../../Middlewares/ST/AI/Inc -I../X-CUBE-AI/App -I../X-CUBE-AI -I../../Drivers/BSP/STM32N6xx_Nucleo -I../../../Appli/X-CUBE-AI/App -I../../../Middlewares/ST/AI/Inc -O3 -ffunction-sections -fdata-sections -Wall -fstack-usage -fcyclomatic-complexity -mcmse -MMD -MP -MF"X-CUBE-AI/App/network.d" -MT"X-CUBE-AI/App/network.o" --specs=nano.specs -mfpu=fpv5-d16 -mfloat-abi=hard -mthumb -o "X-CUBE-AI/App/network.o"
arm-none-eabi-gcc "../X-CUBE-AI/App/network_data.c" -mcpu=cortex-m55 -std=gnu11 -g3 -DDEBUG -DUSE_HAL_DRIVER -DSTM32N657xx -DUSE_NUCLEO_64 -c -I../Core/Inc -I../../Secure_nsclib -I../../Drivers/STM32N6xx_HAL_Driver/Inc -I../../Drivers/CMSIS/Device/ST/STM32N6xx/Include -I../../Drivers/STM32N6xx_HAL_Driver/Inc/Legacy -I../../Drivers/CMSIS/Include -I"C:/ST/AB_LSTM/AB_LSTM/Appli/X-CUBE-AI/App" -I../../Middlewares/ST/AI/Inc -I../X-CUBE-AI/App -I../X-CUBE-AI -I../../Drivers/BSP/STM32N6xx_Nucleo -I../../../Appli/X-CUBE-AI/App -I../../../Middlewares/ST/AI/Inc -O3 -ffunction-sections -fdata-sections -Wall -fstack-usage -fcyclomatic-complexity -mcmse -MMD -MP -MF"X-CUBE-AI/App/network_data.d" -MT"X-CUBE-AI/App/network_data.o" --specs=nano.specs -mfpu=fpv5-d16 -mfloat-abi=hard -mthumb -o "X-CUBE-AI/App/network_data.o"
arm-none-eabi-gcc "../X-CUBE-AI/App/network_data_params.c" -mcpu=cortex-m55 -std=gnu11 -g3 -DDEBUG -DUSE_HAL_DRIVER -DSTM32N657xx -DUSE_NUCLEO_64 -c -I../Core/Inc -I../../Secure_nsclib -I../../Drivers/STM32N6xx_HAL_Driver/Inc -I../../Drivers/CMSIS/Device/ST/STM32N6xx/Include -I../../Drivers/STM32N6xx_HAL_Driver/Inc/Legacy -I../../Drivers/CMSIS/Include -I"C:/ST/AB_LSTM/AB_LSTM/Appli/X-CUBE-AI/App" -I../../Middlewares/ST/AI/Inc -I../X-CUBE-AI/App -I../X-CUBE-AI -I../../Drivers/BSP/STM32N6xx_Nucleo -I../../../Appli/X-CUBE-AI/App -I../../../Middlewares/ST/AI/Inc -O3 -ffunction-sections -fdata-sections -Wall -fstack-usage -fcyclomatic-complexity -mcmse -MMD -MP -MF"X-CUBE-AI/App/network_data_params.d" -MT"X-CUBE-AI/App/network_data_params.o" --specs=nano.specs -mfpu=fpv5-d16 -mfloat-abi=hard -mthumb -o "X-CUBE-AI/App/network_data_params.o"
arm-none-eabi-gcc "C:/ST/AB_LSTM/AB_LSTM/Drivers/STM32N6xx_HAL_Driver/Src/stm32n6xx_hal.c" -mcpu=cortex-m55 -std=gnu11 -g3 -DDEBUG -DUSE_HAL_DRIVER -DSTM32N657xx -DUSE_NUCLEO_64 -c -I../Core/Inc -I../../Secure_nsclib -I../../Drivers/STM32N6xx_HAL_Driver/Inc -I../../Drivers/CMSIS/Device/ST/STM32N6xx/Include -I../../Drivers/STM32N6xx_HAL_Driver/Inc/Legacy -I../../Drivers/CMSIS/Include -I"C:/ST/AB_LSTM/AB_LSTM/Appli/X-CUBE-AI/App" -I../../Middlewares/ST/AI/Inc -I../X-CUBE-AI/App -I../X-CUBE-AI -I../../Drivers/BSP/STM32N6xx_Nucleo -I../../../Appli/X-CUBE-AI/App -I../../../Middlewares/ST/AI/Inc -O3 -ffunction-sections -fdata-sections -Wall -fstack-usage -fcyclomatic-complexity -mcmse -MMD -MP -MF"Drivers/STM32N6xx_HAL_Driver/stm32n6xx_hal.d" -MT"Drivers/STM32N6xx_HAL_Driver/stm32n6xx_hal.o" --specs=nano.specs -mfpu=fpv5-d16 -mfloat-abi=hard -mthumb -o "Drivers/STM32N6xx_HAL_Driver/stm32n6xx_hal.o"
arm-none-eabi-gcc "C:/ST/AB_LSTM/AB_LSTM/Drivers/STM32N6xx_HAL_Driver/Src/stm32n6xx_hal_cacheaxi.c" -mcpu=cortex-m55 -std=gnu11 -g3 -DDEBUG -DUSE_HAL_DRIVER -DSTM32N657xx -DUSE_NUCLEO_64 -c -I../Core/Inc -I../../Secure_nsclib -I../../Drivers/STM32N6xx_HAL_Driver/Inc -I../../Drivers/CMSIS/Device/ST/STM32N6xx/Include -I../../Drivers/STM32N6xx_HAL_Driver/Inc/Legacy -I../../Drivers/CMSIS/Include -I"C:/ST/AB_LSTM/AB_LSTM/Appli/X-CUBE-AI/App" -I../../Middlewares/ST/AI/Inc -I../X-CUBE-AI/App -I../X-CUBE-AI -I../../Drivers/BSP/STM32N6xx_Nucleo -I../../../Appli/X-CUBE-AI/App -I../../../Middlewares/ST/AI/Inc -O3 -ffunction-sections -fdata-sections -Wall -fstack-usage -fcyclomatic-complexity -mcmse -MMD -MP -MF"Drivers/STM32N6xx_HAL_Driver/stm32n6xx_hal_cacheaxi.d" -MT"Drivers/STM32N6xx_HAL_Driver/stm32n6xx_hal_cacheaxi.o" --specs=nano.specs -mfpu=fpv5-d16 -mfloat-abi=hard -mthumb -o "Drivers/STM32N6xx_HAL_Driver/stm32n6xx_hal_cacheaxi.o"
arm-none-eabi-gcc "C:/ST/AB_LSTM/AB_LSTM/Drivers/STM32N6xx_HAL_Driver/Src/stm32n6xx_hal_cortex.c" -mcpu=cortex-m55 -std=gnu11 -g3 -DDEBUG -DUSE_HAL_DRIVER -DSTM32N657xx -DUSE_NUCLEO_64 -c -I../Core/Inc -I../../Secure_nsclib -I../../Drivers/STM32N6xx_HAL_Driver/Inc -I../../Drivers/CMSIS/Device/ST/STM32N6xx/Include -I../../Drivers/STM32N6xx_HAL_Driver/Inc/Legacy -I../../Drivers/CMSIS/Include -I"C:/ST/AB_LSTM/AB_LSTM/Appli/X-CUBE-AI/App" -I../../Middlewares/ST/AI/Inc -I../X-CUBE-AI/App -I../X-CUBE-AI -I../../Drivers/BSP/STM32N6xx_Nucleo -I../../../Appli/X-CUBE-AI/App -I../../../Middlewares/ST/AI/Inc -O3 -ffunction-sections -fdata-sections -Wall -fstack-usage -fcyclomatic-complexity -mcmse -MMD -MP -MF"Drivers/STM32N6xx_HAL_Driver/stm32n6xx_hal_cortex.d" -MT"Drivers/STM32N6xx_HAL_Driver/stm32n6xx_hal_cortex.o" --specs=nano.specs -mfpu=fpv5-d16 -mfloat-abi=hard -mthumb -o "Drivers/STM32N6xx_HAL_Driver/stm32n6xx_hal_cortex.o"
arm-none-eabi-gcc "C:/ST/AB_LSTM/AB_LSTM/Drivers/STM32N6xx_HAL_Driver/Src/stm32n6xx_hal_dma.c" -mcpu=cortex-m55 -std=gnu11 -g3 -DDEBUG -DUSE_HAL_DRIVER -DSTM32N657xx -DUSE_NUCLEO_64 -c -I../Core/Inc -I../../Secure_nsclib -I../../Drivers/STM32N6xx_HAL_Driver/Inc -I../../Drivers/CMSIS/Device/ST/STM32N6xx/Include -I../../Drivers/STM32N6xx_HAL_Driver/Inc/Legacy -I../../Drivers/CMSIS/Include -I"C:/ST/AB_LSTM/AB_LSTM/Appli/X-CUBE-AI/App" -I../../Middlewares/ST/AI/Inc -I../X-CUBE-AI/App -I../X-CUBE-AI -I../../Drivers/BSP/STM32N6xx_Nucleo -I../../../Appli/X-CUBE-AI/App -I../../../Middlewares/ST/AI/Inc -O3 -ffunction-sections -fdata-sections -Wall -fstack-usage -fcyclomatic-complexity -mcmse -MMD -MP -MF"Drivers/STM32N6xx_HAL_Driver/stm32n6xx_hal_dma.d" -MT"Drivers/STM32N6xx_HAL_Driver/stm32n6xx_hal_dma.o" --specs=nano.specs -mfpu=fpv5-d16 -mfloat-abi=hard -mthumb -o "Drivers/STM32N6xx_HAL_Driver/stm32n6xx_hal_dma.o"
arm-none-eabi-gcc "C:/ST/AB_LSTM/AB_LSTM/Drivers/STM32N6xx_HAL_Driver/Src/stm32n6xx_hal_dma_ex.c" -mcpu=cortex-m55 -std=gnu11 -g3 -DDEBUG -DUSE_HAL_DRIVER -DSTM32N657xx -DUSE_NUCLEO_64 -c -I../Core/Inc -I../../Secure_nsclib -I../../Drivers/STM32N6xx_HAL_Driver/Inc -I../../Drivers/CMSIS/Device/ST/STM32N6xx/Include -I../../Drivers/STM32N6xx_HAL_Driver/Inc/Legacy -I../../Drivers/CMSIS/Include -I"C:/ST/AB_LSTM/AB_LSTM/Appli/X-CUBE-AI/App" -I../../Middlewares/ST/AI/Inc -I../X-CUBE-AI/App -I../X-CUBE-AI -I../../Drivers/BSP/STM32N6xx_Nucleo -I../../../Appli/X-CUBE-AI/App -I../../../Middlewares/ST/AI/Inc -O3 -ffunction-sections -fdata-sections -Wall -fstack-usage -fcyclomatic-complexity -mcmse -MMD -MP -MF"Drivers/STM32N6xx_HAL_Driver/stm32n6xx_hal_dma_ex.d" -MT"Drivers/STM32N6xx_HAL_Driver/stm32n6xx_hal_dma_ex.o" --specs=nano.specs -mfpu=fpv5-d16 -mfloat-abi=hard -mthumb -o "Drivers/STM32N6xx_HAL_Driver/stm32n6xx_hal_dma_ex.o"
arm-none-eabi-gcc "C:/ST/AB_LSTM/AB_LSTM/Drivers/STM32N6xx_HAL_Driver/Src/stm32n6xx_hal_exti.c" -mcpu=cortex-m55 -std=gnu11 -g3 -DDEBUG -DUSE_HAL_DRIVER -DSTM32N657xx -DUSE_NUCLEO_64 -c -I../Core/Inc -I../../Secure_nsclib -I../../Drivers/STM32N6xx_HAL_Driver/Inc -I../../Drivers/CMSIS/Device/ST/STM32N6xx/Include -I../../Drivers/STM32N6xx_HAL_Driver/Inc/Legacy -I../../Drivers/CMSIS/Include -I"C:/ST/AB_LSTM/AB_LSTM/Appli/X-CUBE-AI/App" -I../../Middlewares/ST/AI/Inc -I../X-CUBE-AI/App -I../X-CUBE-AI -I../../Drivers/BSP/STM32N6xx_Nucleo -I../../../Appli/X-CUBE-AI/App -I../../../Middlewares/ST/AI/Inc -O3 -ffunction-sections -fdata-sections -Wall -fstack-usage -fcyclomatic-complexity -mcmse -MMD -MP -MF"Drivers/STM32N6xx_HAL_Driver/stm32n6xx_hal_exti.d" -MT"Drivers/STM32N6xx_HAL_Driver/stm32n6xx_hal_exti.o" --specs=nano.specs -mfpu=fpv5-d16 -mfloat-abi=hard -mthumb -o "Drivers/STM32N6xx_HAL_Driver/stm32n6xx_hal_exti.o"
arm-none-eabi-gcc "C:/ST/AB_LSTM/AB_LSTM/Drivers/STM32N6xx_HAL_Driver/Src/stm32n6xx_hal_gpio.c" -mcpu=cortex-m55 -std=gnu11 -g3 -DDEBUG -DUSE_HAL_DRIVER -DSTM32N657xx -DUSE_NUCLEO_64 -c -I../Core/Inc -I../../Secure_nsclib -I../../Drivers/STM32N6xx_HAL_Driver/Inc -I../../Drivers/CMSIS/Device/ST/STM32N6xx/Include -I../../Drivers/STM32N6xx_HAL_Driver/Inc/Legacy -I../../Drivers/CMSIS/Include -I"C:/ST/AB_LSTM/AB_LSTM/Appli/X-CUBE-AI/App" -I../../Middlewares/ST/AI/Inc -I../X-CUBE-AI/App -I../X-CUBE-AI -I../../Drivers/BSP/STM32N6xx_Nucleo -I../../../Appli/X-CUBE-AI/App -I../../../Middlewares/ST/AI/Inc -O3 -ffunction-sections -fdata-sections -Wall -fstack-usage -fcyclomatic-complexity -mcmse -MMD -MP -MF"Drivers/STM32N6xx_HAL_Driver/stm32n6xx_hal_gpio.d" -MT"Drivers/STM32N6xx_HAL_Driver/stm32n6xx_hal_gpio.o" --specs=nano.specs -mfpu=fpv5-d16 -mfloat-abi=hard -mthumb -o "Drivers/STM32N6xx_HAL_Driver/stm32n6xx_hal_gpio.o"
arm-none-eabi-gcc "C:/ST/AB_LSTM/AB_LSTM/Drivers/STM32N6xx_HAL_Driver/Src/stm32n6xx_hal_pwr.c" -mcpu=cortex-m55 -std=gnu11 -g3 -DDEBUG -DUSE_HAL_DRIVER -DSTM32N657xx -DUSE_NUCLEO_64 -c -I../Core/Inc -I../../Secure_nsclib -I../../Drivers/STM32N6xx_HAL_Driver/Inc -I../../Drivers/CMSIS/Device/ST/STM32N6xx/Include -I../../Drivers/STM32N6xx_HAL_Driver/Inc/Legacy -I../../Drivers/CMSIS/Include -I"C:/ST/AB_LSTM/AB_LSTM/Appli/X-CUBE-AI/App" -I../../Middlewares/ST/AI/Inc -I../X-CUBE-AI/App -I../X-CUBE-AI -I../../Drivers/BSP/STM32N6xx_Nucleo -I../../../Appli/X-CUBE-AI/App -I../../../Middlewares/ST/AI/Inc -O3 -ffunction-sections -fdata-sections -Wall -fstack-usage -fcyclomatic-complexity -mcmse -MMD -MP -MF"Drivers/STM32N6xx_HAL_Driver/stm32n6xx_hal_pwr.d" -MT"Drivers/STM32N6xx_HAL_Driver/stm32n6xx_hal_pwr.o" --specs=nano.specs -mfpu=fpv5-d16 -mfloat-abi=hard -mthumb -o "Drivers/STM32N6xx_HAL_Driver/stm32n6xx_hal_pwr.o"
arm-none-eabi-gcc "C:/ST/AB_LSTM/AB_LSTM/Drivers/STM32N6xx_HAL_Driver/Src/stm32n6xx_hal_pwr_ex.c" -mcpu=cortex-m55 -std=gnu11 -g3 -DDEBUG -DUSE_HAL_DRIVER -DSTM32N657xx -DUSE_NUCLEO_64 -c -I../Core/Inc -I../../Secure_nsclib -I../../Drivers/STM32N6xx_HAL_Driver/Inc -I../../Drivers/CMSIS/Device/ST/STM32N6xx/Include -I../../Drivers/STM32N6xx_HAL_Driver/Inc/Legacy -I../../Drivers/CMSIS/Include -I"C:/ST/AB_LSTM/AB_LSTM/Appli/X-CUBE-AI/App" -I../../Middlewares/ST/AI/Inc -I../X-CUBE-AI/App -I../X-CUBE-AI -I../../Drivers/BSP/STM32N6xx_Nucleo -I../../../Appli/X-CUBE-AI/App -I../../../Middlewares/ST/AI/Inc -O3 -ffunction-sections -fdata-sections -Wall -fstack-usage -fcyclomatic-complexity -mcmse -MMD -MP -MF"Drivers/STM32N6xx_HAL_Driver/stm32n6xx_hal_pwr_ex.d" -MT"Drivers/STM32N6xx_HAL_Driver/stm32n6xx_hal_pwr_ex.o" --specs=nano.specs -mfpu=fpv5-d16 -mfloat-abi=hard -mthumb -o "Drivers/STM32N6xx_HAL_Driver/stm32n6xx_hal_pwr_ex.o"
arm-none-eabi-gcc "C:/ST/AB_LSTM/AB_LSTM/Drivers/STM32N6xx_HAL_Driver/Src/stm32n6xx_hal_ramcfg.c" -mcpu=cortex-m55 -std=gnu11 -g3 -DDEBUG -DUSE_HAL_DRIVER -DSTM32N657xx -DUSE_NUCLEO_64 -c -I../Core/Inc -I../../Secure_nsclib -I../../Drivers/STM32N6xx_HAL_Driver/Inc -I../../Drivers/CMSIS/Device/ST/STM32N6xx/Include -I../../Drivers/STM32N6xx_HAL_Driver/Inc/Legacy -I../../Drivers/CMSIS/Include -I"C:/ST/AB_LSTM/AB_LSTM/Appli/X-CUBE-AI/App" -I../../Middlewares/ST/AI/Inc -I../X-CUBE-AI/App -I../X-CUBE-AI -I../../Drivers/BSP/STM32N6xx_Nucleo -I../../../Appli/X-CUBE-AI/App -I../../../Middlewares/ST/AI/Inc -O3 -ffunction-sections -fdata-sections -Wall -fstack-usage -fcyclomatic-complexity -mcmse -MMD -MP -MF"Drivers/STM32N6xx_HAL_Driver/stm32n6xx_hal_ramcfg.d" -MT"Drivers/STM32N6xx_HAL_Driver/stm32n6xx_hal_ramcfg.o" --specs=nano.specs -mfpu=fpv5-d16 -mfloat-abi=hard -mthumb -o "Drivers/STM32N6xx_HAL_Driver/stm32n6xx_hal_ramcfg.o"
arm-none-eabi-gcc "C:/ST/AB_LSTM/AB_LSTM/Drivers/STM32N6xx_HAL_Driver/Src/stm32n6xx_hal_rcc.c" -mcpu=cortex-m55 -std=gnu11 -g3 -DDEBUG -DUSE_HAL_DRIVER -DSTM32N657xx -DUSE_NUCLEO_64 -c -I../Core/Inc -I../../Secure_nsclib -I../../Drivers/STM32N6xx_HAL_Driver/Inc -I../../Drivers/CMSIS/Device/ST/STM32N6xx/Include -I../../Drivers/STM32N6xx_HAL_Driver/Inc/Legacy -I../../Drivers/CMSIS/Include -I"C:/ST/AB_LSTM/AB_LSTM/Appli/X-CUBE-AI/App" -I../../Middlewares/ST/AI/Inc -I../X-CUBE-AI/App -I../X-CUBE-AI -I../../Drivers/BSP/STM32N6xx_Nucleo -I../../../Appli/X-CUBE-AI/App -I../../../Middlewares/ST/AI/Inc -O3 -ffunction-sections -fdata-sections -Wall -fstack-usage -fcyclomatic-complexity -mcmse -MMD -MP -MF"Drivers/STM32N6xx_HAL_Driver/stm32n6xx_hal_rcc.d" -MT"Drivers/STM32N6xx_HAL_Driver/stm32n6xx_hal_rcc.o" --specs=nano.specs -mfpu=fpv5-d16 -mfloat-abi=hard -mthumb -o "Drivers/STM32N6xx_HAL_Driver/stm32n6xx_hal_rcc.o"
arm-none-eabi-gcc "C:/ST/AB_LSTM/AB_LSTM/Drivers/STM32N6xx_HAL_Driver/Src/stm32n6xx_hal_rcc_ex.c" -mcpu=cortex-m55 -std=gnu11 -g3 -DDEBUG -DUSE_HAL_DRIVER -DSTM32N657xx -DUSE_NUCLEO_64 -c -I../Core/Inc -I../../Secure_nsclib -I../../Drivers/STM32N6xx_HAL_Driver/Inc -I../../Drivers/CMSIS/Device/ST/STM32N6xx/Include -I../../Drivers/STM32N6xx_HAL_Driver/Inc/Legacy -I../../Drivers/CMSIS/Include -I"C:/ST/AB_LSTM/AB_LSTM/Appli/X-CUBE-AI/App" -I../../Middlewares/ST/AI/Inc -I../X-CUBE-AI/App -I../X-CUBE-AI -I../../Drivers/BSP/STM32N6xx_Nucleo -I../../../Appli/X-CUBE-AI/App -I../../../Middlewares/ST/AI/Inc -O3 -ffunction-sections -fdata-sections -Wall -fstack-usage -fcyclomatic-complexity -mcmse -MMD -MP -MF"Drivers/STM32N6xx_HAL_Driver/stm32n6xx_hal_rcc_ex.d" -MT"Drivers/STM32N6xx_HAL_Driver/stm32n6xx_hal_rcc_ex.o" --specs=nano.specs -mfpu=fpv5-d16 -mfloat-abi=hard -mthumb -o "Drivers/STM32N6xx_HAL_Driver/stm32n6xx_hal_rcc_ex.o"
arm-none-eabi-gcc "C:/ST/AB_LSTM/AB_LSTM/Drivers/STM32N6xx_HAL_Driver/Src/stm32n6xx_hal_rif.c" -mcpu=cortex-m55 -std=gnu11 -g3 -DDEBUG -DUSE_HAL_DRIVER -DSTM32N657xx -DUSE_NUCLEO_64 -c -I../Core/Inc -I../../Secure_nsclib -I../../Drivers/STM32N6xx_HAL_Driver/Inc -I../../Drivers/CMSIS/Device/ST/STM32N6xx/Include -I../../Drivers/STM32N6xx_HAL_Driver/Inc/Legacy -I../../Drivers/CMSIS/Include -I"C:/ST/AB_LSTM/AB_LSTM/Appli/X-CUBE-AI/App" -I../../Middlewares/ST/AI/Inc -I../X-CUBE-AI/App -I../X-CUBE-AI -I../../Drivers/BSP/STM32N6xx_Nucleo -I../../../Appli/X-CUBE-AI/App -I../../../Middlewares/ST/AI/Inc -O3 -ffunction-sections -fdata-sections -Wall -fstack-usage -fcyclomatic-complexity -mcmse -MMD -MP -MF"Drivers/STM32N6xx_HAL_Driver/stm32n6xx_hal_rif.d" -MT"Drivers/STM32N6xx_HAL_Driver/stm32n6xx_hal_rif.o" --specs=nano.specs -mfpu=fpv5-d16 -mfloat-abi=hard -mthumb -o "Drivers/STM32N6xx_HAL_Driver/stm32n6xx_hal_rif.o"
arm-none-eabi-gcc "C:/ST/AB_LSTM/AB_LSTM/Drivers/STM32N6xx_HAL_Driver/Src/stm32n6xx_hal_tim.c" -mcpu=cortex-m55 -std=gnu11 -g3 -DDEBUG -DUSE_HAL_DRIVER -DSTM32N657xx -DUSE_NUCLEO_64 -c -I../Core/Inc -I../../Secure_nsclib -I../../Drivers/STM32N6xx_HAL_Driver/Inc -I../../Drivers/CMSIS/Device/ST/STM32N6xx/Include -I../../Drivers/STM32N6xx_HAL_Driver/Inc/Legacy -I../../Drivers/CMSIS/Include -I"C:/ST/AB_LSTM/AB_LSTM/Appli/X-CUBE-AI/App" -I../../Middlewares/ST/AI/Inc -I../X-CUBE-AI/App -I../X-CUBE-AI -I../../Drivers/BSP/STM32N6xx_Nucleo -I../../../Appli/X-CUBE-AI/App -I../../../Middlewares/ST/AI/Inc -O3 -ffunction-sections -fdata-sections -Wall -fstack-usage -fcyclomatic-complexity -mcmse -MMD -MP -MF"Drivers/STM32N6xx_HAL_Driver/stm32n6xx_hal_tim.d" -MT"Drivers/STM32N6xx_HAL_Driver/stm32n6xx_hal_tim.o" --specs=nano.specs -mfpu=fpv5-d16 -mfloat-abi=hard -mthumb -o "Drivers/STM32N6xx_HAL_Driver/stm32n6xx_hal_tim.o"
arm-none-eabi-gcc "C:/ST/AB_LSTM/AB_LSTM/Drivers/STM32N6xx_HAL_Driver/Src/stm32n6xx_hal_tim_ex.c" -mcpu=cortex-m55 -std=gnu11 -g3 -DDEBUG -DUSE_HAL_DRIVER -DSTM32N657xx -DUSE_NUCLEO_64 -c -I../Core/Inc -I../../Secure_nsclib -I../../Drivers/STM32N6xx_HAL_Driver/Inc -I../../Drivers/CMSIS/Device/ST/STM32N6xx/Include -I../../Drivers/STM32N6xx_HAL_Driver/Inc/Legacy -I../../Drivers/CMSIS/Include -I"C:/ST/AB_LSTM/AB_LSTM/Appli/X-CUBE-AI/App" -I../../Middlewares/ST/AI/Inc -I../X-CUBE-AI/App -I../X-CUBE-AI -I../../Drivers/BSP/STM32N6xx_Nucleo -I../../../Appli/X-CUBE-AI/App -I../../../Middlewares/ST/AI/Inc -O3 -ffunction-sections -fdata-sections -Wall -fstack-usage -fcyclomatic-complexity -mcmse -MMD -MP -MF"Drivers/STM32N6xx_HAL_Driver/stm32n6xx_hal_tim_ex.d" -MT"Drivers/STM32N6xx_HAL_Driver/stm32n6xx_hal_tim_ex.o" --specs=nano.specs -mfpu=fpv5-d16 -mfloat-abi=hard -mthumb -o "Drivers/STM32N6xx_HAL_Driver/stm32n6xx_hal_tim_ex.o"
arm-none-eabi-gcc "C:/ST/AB_LSTM/AB_LSTM/Drivers/STM32N6xx_HAL_Driver/Src/stm32n6xx_hal_uart.c" -mcpu=cortex-m55 -std=gnu11 -g3 -DDEBUG -DUSE_HAL_DRIVER -DSTM32N657xx -DUSE_NUCLEO_64 -c -I../Core/Inc -I../../Secure_nsclib -I../../Drivers/STM32N6xx_HAL_Driver/Inc -I../../Drivers/CMSIS/Device/ST/STM32N6xx/Include -I../../Drivers/STM32N6xx_HAL_Driver/Inc/Legacy -I../../Drivers/CMSIS/Include -I"C:/ST/AB_LSTM/AB_LSTM/Appli/X-CUBE-AI/App" -I../../Middlewares/ST/AI/Inc -I../X-CUBE-AI/App -I../X-CUBE-AI -I../../Drivers/BSP/STM32N6xx_Nucleo -I../../../Appli/X-CUBE-AI/App -I../../../Middlewares/ST/AI/Inc -O3 -ffunction-sections -fdata-sections -Wall -fstack-usage -fcyclomatic-complexity -mcmse -MMD -MP -MF"Drivers/STM32N6xx_HAL_Driver/stm32n6xx_hal_uart.d" -MT"Drivers/STM32N6xx_HAL_Driver/stm32n6xx_hal_uart.o" --specs=nano.specs -mfpu=fpv5-d16 -mfloat-abi=hard -mthumb -o "Drivers/STM32N6xx_HAL_Driver/stm32n6xx_hal_uart.o"
arm-none-eabi-gcc "C:/ST/AB_LSTM/AB_LSTM/Drivers/STM32N6xx_HAL_Driver/Src/stm32n6xx_hal_uart_ex.c" -mcpu=cortex-m55 -std=gnu11 -g3 -DDEBUG -DUSE_HAL_DRIVER -DSTM32N657xx -DUSE_NUCLEO_64 -c -I../Core/Inc -I../../Secure_nsclib -I../../Drivers/STM32N6xx_HAL_Driver/Inc -I../../Drivers/CMSIS/Device/ST/STM32N6xx/Include -I../../Drivers/STM32N6xx_HAL_Driver/Inc/Legacy -I../../Drivers/CMSIS/Include -I"C:/ST/AB_LSTM/AB_LSTM/Appli/X-CUBE-AI/App" -I../../Middlewares/ST/AI/Inc -I../X-CUBE-AI/App -I../X-CUBE-AI -I../../Drivers/BSP/STM32N6xx_Nucleo -I../../../Appli/X-CUBE-AI/App -I../../../Middlewares/ST/AI/Inc -O3 -ffunction-sections -fdata-sections -Wall -fstack-usage -fcyclomatic-complexity -mcmse -MMD -MP -MF"Drivers/STM32N6xx_HAL_Driver/stm32n6xx_hal_uart_ex.d" -MT"Drivers/STM32N6xx_HAL_Driver/stm32n6xx_hal_uart_ex.o" --specs=nano.specs -mfpu=fpv5-d16 -mfloat-abi=hard -mthumb -o "Drivers/STM32N6xx_HAL_Driver/stm32n6xx_hal_uart_ex.o"
arm-none-eabi-gcc "C:/ST/AB_LSTM/AB_LSTM/Drivers/STM32N6xx_HAL_Driver/Src/stm32n6xx_hal_usart.c" -mcpu=cortex-m55 -std=gnu11 -g3 -DDEBUG -DUSE_HAL_DRIVER -DSTM32N657xx -DUSE_NUCLEO_64 -c -I../Core/Inc -I../../Secure_nsclib -I../../Drivers/STM32N6xx_HAL_Driver/Inc -I../../Drivers/CMSIS/Device/ST/STM32N6xx/Include -I../../Drivers/STM32N6xx_HAL_Driver/Inc/Legacy -I../../Drivers/CMSIS/Include -I"C:/ST/AB_LSTM/AB_LSTM/Appli/X-CUBE-AI/App" -I../../Middlewares/ST/AI/Inc -I../X-CUBE-AI/App -I../X-CUBE-AI -I../../Drivers/BSP/STM32N6xx_Nucleo -I../../../Appli/X-CUBE-AI/App -I../../../Middlewares/ST/AI/Inc -O3 -ffunction-sections -fdata-sections -Wall -fstack-usage -fcyclomatic-complexity -mcmse -MMD -MP -MF"Drivers/STM32N6xx_HAL_Driver/stm32n6xx_hal_usart.d" -MT"Drivers/STM32N6xx_HAL_Driver/stm32n6xx_hal_usart.o" --specs=nano.specs -mfpu=fpv5-d16 -mfloat-abi=hard -mthumb -o "Drivers/STM32N6xx_HAL_Driver/stm32n6xx_hal_usart.o"
../X-CUBE-AI/App/app_x-cube-ai.c:260:12: warning: 'ai_run' defined but not used [-Wunused-function]
  260 | static int ai_run(void)
      |            ^~~~~~
arm-none-eabi-gcc "C:/ST/AB_LSTM/AB_LSTM/Drivers/STM32N6xx_HAL_Driver/Src/stm32n6xx_hal_usart_ex.c" -mcpu=cortex-m55 -std=gnu11 -g3 -DDEBUG -DUSE_HAL_DRIVER -DSTM32N657xx -DUSE_NUCLEO_64 -c -I../Core/Inc -I../../Secure_nsclib -I../../Drivers/STM32N6xx_HAL_Driver/Inc -I../../Drivers/CMSIS/Device/ST/STM32N6xx/Include -I../../Drivers/STM32N6xx_HAL_Driver/Inc/Legacy -I../../Drivers/CMSIS/Include -I"C:/ST/AB_LSTM/AB_LSTM/Appli/X-CUBE-AI/App" -I../../Middlewares/ST/AI/Inc -I../X-CUBE-AI/App -I../X-CUBE-AI -I../../Drivers/BSP/STM32N6xx_Nucleo -I../../../Appli/X-CUBE-AI/App -I../../../Middlewares/ST/AI/Inc -O3 -ffunction-sections -fdata-sections -Wall -fstack-usage -fcyclomatic-complexity -mcmse -MMD -MP -MF"Drivers/STM32N6xx_HAL_Driver/stm32n6xx_hal_usart_ex.d" -MT"Drivers/STM32N6xx_HAL_Driver/stm32n6xx_hal_usart_ex.o" --specs=nano.specs -mfpu=fpv5-d16 -mfloat-abi=hard -mthumb -o "Drivers/STM32N6xx_HAL_Driver/stm32n6xx_hal_usart_ex.o"
C:/ST/AB_LSTM/AB_LSTM/Drivers/STM32N6xx_HAL_Driver/Src/stm32n6xx_hal_dma_ex.c: In function 'HAL_DMAEx_List_ConvertQToDynamic':
C:/ST/AB_LSTM/AB_LSTM/Drivers/STM32N6xx_HAL_Driver/Src/stm32n6xx_hal_dma_ex.c:3000:77: warning: 'node_info.currentnode_addr' may be used uninitialized [-Wmaybe-uninitialized]
 3000 |     if (((uint32_t)pQList->FirstCircularNode != 0U)                         &&
      |         ~~~~~~~~~~~~~~~~~~~~~~~~~~~~~~~~~~~~~~~~~~~~~~~~~~~~~~~~~~~~~~~~~~~~^~
 3001 |         ((uint32_t)pQList->FirstCircularNode != node_info.currentnode_addr) &&
      |         ~~~~~~~~~~~~~~~~~~~~~~~~~~~~~~~~~~~~~~~~~~~~~~~~~~~~~~~~~~~~~~~~~~~  
C:/ST/AB_LSTM/AB_LSTM/Drivers/STM32N6xx_HAL_Driver/Src/stm32n6xx_hal_dma_ex.c:2947:26: note: 'node_info.currentnode_addr' was declared here
 2947 |   DMA_NodeInQInfoTypeDef node_info;
      |                          ^~~~~~~~~
arm-none-eabi-gcc "C:/ST/AB_LSTM/AB_LSTM/Drivers/BSP/STM32N6xx_Nucleo/stm32n6xx_nucleo.c" -mcpu=cortex-m55 -std=gnu11 -g3 -DDEBUG -DUSE_HAL_DRIVER -DSTM32N657xx -DUSE_NUCLEO_64 -c -I../Core/Inc -I../../Secure_nsclib -I../../Drivers/STM32N6xx_HAL_Driver/Inc -I../../Drivers/CMSIS/Device/ST/STM32N6xx/Include -I../../Drivers/STM32N6xx_HAL_Driver/Inc/Legacy -I../../Drivers/CMSIS/Include -I"C:/ST/AB_LSTM/AB_LSTM/Appli/X-CUBE-AI/App" -I../../Middlewares/ST/AI/Inc -I../X-CUBE-AI/App -I../X-CUBE-AI -I../../Drivers/BSP/STM32N6xx_Nucleo -I../../../Appli/X-CUBE-AI/App -I../../../Middlewares/ST/AI/Inc -O3 -ffunction-sections -fdata-sections -Wall -fstack-usage -fcyclomatic-complexity -mcmse -MMD -MP -MF"Drivers/BSP/STM32N6xx_Nucleo/stm32n6xx_nucleo.d" -MT"Drivers/BSP/STM32N6xx_Nucleo/stm32n6xx_nucleo.o" --specs=nano.specs -mfpu=fpv5-d16 -mfloat-abi=hard -mthumb -o "Drivers/BSP/STM32N6xx_Nucleo/stm32n6xx_nucleo.o"
arm-none-eabi-gcc -mcpu=cortex-m55 -g3 -DDEBUG -c -x assembler-with-cpp -MMD -MP -MF"Core/Startup/startup_stm32n657x0hxq.d" -MT"Core/Startup/startup_stm32n657x0hxq.o" --specs=nano.specs -mfpu=fpv5-d16 -mfloat-abi=hard -mthumb -o "Core/Startup/startup_stm32n657x0hxq.o" "../Core/Startup/startup_stm32n657x0hxq.s"
arm-none-eabi-gcc "../Core/Src/diag_timing.c" -mcpu=cortex-m55 -std=gnu11 -g3 -DDEBUG -DUSE_HAL_DRIVER -DSTM32N657xx -DUSE_NUCLEO_64 -c -I../Core/Inc -I../../Secure_nsclib -I../../Drivers/STM32N6xx_HAL_Driver/Inc -I../../Drivers/CMSIS/Device/ST/STM32N6xx/Include -I../../Drivers/STM32N6xx_HAL_Driver/Inc/Legacy -I../../Drivers/CMSIS/Include -I"C:/ST/AB_LSTM/AB_LSTM/Appli/X-CUBE-AI/App" -I../../Middlewares/ST/AI/Inc -I../X-CUBE-AI/App -I../X-CUBE-AI -I../../Drivers/BSP/STM32N6xx_Nucleo -I../../../Appli/X-CUBE-AI/App -I../../../Middlewares/ST/AI/Inc -O3 -ffunction-sections -fdata-sections -Wall -fstack-usage -fcyclomatic-complexity -mcmse -MMD -MP -MF"Core/Src/diag_timing.d" -MT"Core/Src/diag_timing.o" --specs=nano.specs -mfpu=fpv5-d16 -mfloat-abi=hard -mthumb -o "Core/Src/diag_timing.o"
arm-none-eabi-gcc "../Core/Src/enc_sampler.c" -mcpu=cortex-m55 -std=gnu11 -g3 -DDEBUG -DUSE_HAL_DRIVER -DSTM32N657xx -DUSE_NUCLEO_64 -c -I../Core/Inc -I../../Secure_nsclib -I../../Drivers/STM32N6xx_HAL_Driver/Inc -I../../Drivers/CMSIS/Device/ST/STM32N6xx/Include -I../../Drivers/STM32N6xx_HAL_Driver/Inc/Legacy -I../../Drivers/CMSIS/Include -I"C:/ST/AB_LSTM/AB_LSTM/Appli/X-CUBE-AI/App" -I../../Middlewares/ST/AI/Inc -I../X-CUBE-AI/App -I../X-CUBE-AI -I../../Drivers/BSP/STM32N6xx_Nucleo -I../../../Appli/X-CUBE-AI/App -I../../../Middlewares/ST/AI/Inc -O3 -ffunction-sections -fdata-sections -Wall -fstack-usage -fcyclomatic-complexity -mcmse -MMD -MP -MF"Core/Src/enc_sampler.d" -MT"Core/Src/enc_sampler.o" --specs=nano.specs -mfpu=fpv5-d16 -mfloat-abi=hard -mthumb -o "Core/Src/enc_sampler.o"
arm-none-eabi-gcc "../Core/Src/main.c" -mcpu=cortex-m55 -std=gnu11 -g3 -DDEBUG -DUSE_HAL_DRIVER -DSTM32N657xx -DUSE_NUCLEO_64 -c -I../Core/Inc -I../../Secure_nsclib -I../../Drivers/STM32N6xx_HAL_Driver/Inc -I../../Drivers/CMSIS/Device/ST/STM32N6xx/Include -I../../Drivers/STM32N6xx_HAL_Driver/Inc/Legacy -I../../Drivers/CMSIS/Include -I"C:/ST/AB_LSTM/AB_LSTM/Appli/X-CUBE-AI/App" -I../../Middlewares/ST/AI/Inc -I../X-CUBE-AI/App -I../X-CUBE-AI -I../../Drivers/BSP/STM32N6xx_Nucleo -I../../../Appli/X-CUBE-AI/App -I../../../Middlewares/ST/AI/Inc -O3 -ffunction-sections -fdata-sections -Wall -fstack-usage -fcyclomatic-complexity -mcmse -MMD -MP -MF"Core/Src/main.d" -MT"Core/Src/main.o" --specs=nano.specs -mfpu=fpv5-d16 -mfloat-abi=hard -mthumb -o "Core/Src/main.o"
arm-none-eabi-gcc "../Core/Src/mem_diag.c" -mcpu=cortex-m55 -std=gnu11 -g3 -DDEBUG -DUSE_HAL_DRIVER -DSTM32N657xx -DUSE_NUCLEO_64 -c -I../Core/Inc -I../../Secure_nsclib -I../../Drivers/STM32N6xx_HAL_Driver/Inc -I../../Drivers/CMSIS/Device/ST/STM32N6xx/Include -I../../Drivers/STM32N6xx_HAL_Driver/Inc/Legacy -I../../Drivers/CMSIS/Include -I"C:/ST/AB_LSTM/AB_LSTM/Appli/X-CUBE-AI/App" -I../../Middlewares/ST/AI/Inc -I../X-CUBE-AI/App -I../X-CUBE-AI -I../../Drivers/BSP/STM32N6xx_Nucleo -I../../../Appli/X-CUBE-AI/App -I../../../Middlewares/ST/AI/Inc -O3 -ffunction-sections -fdata-sections -Wall -fstack-usage -fcyclomatic-complexity -mcmse -MMD -MP -MF"Core/Src/mem_diag.d" -MT"Core/Src/mem_diag.o" --specs=nano.specs -mfpu=fpv5-d16 -mfloat-abi=hard -mthumb -o "Core/Src/mem_diag.o"
arm-none-eabi-gcc "../Core/Src/secure_nsc.c" -mcpu=cortex-m55 -std=gnu11 -g3 -DDEBUG -DUSE_HAL_DRIVER -DSTM32N657xx -DUSE_NUCLEO_64 -c -I../Core/Inc -I../../Secure_nsclib -I../../Drivers/STM32N6xx_HAL_Driver/Inc -I../../Drivers/CMSIS/Device/ST/STM32N6xx/Include -I../../Drivers/STM32N6xx_HAL_Driver/Inc/Legacy -I../../Drivers/CMSIS/Include -I"C:/ST/AB_LSTM/AB_LSTM/Appli/X-CUBE-AI/App" -I../../Middlewares/ST/AI/Inc -I../X-CUBE-AI/App -I../X-CUBE-AI -I../../Drivers/BSP/STM32N6xx_Nucleo -I../../../Appli/X-CUBE-AI/App -I../../../Middlewares/ST/AI/Inc -O3 -ffunction-sections -fdata-sections -Wall -fstack-usage -fcyclomatic-complexity -mcmse -MMD -MP -MF"Core/Src/secure_nsc.d" -MT"Core/Src/secure_nsc.o" --specs=nano.specs -mfpu=fpv5-d16 -mfloat-abi=hard -mthumb -o "Core/Src/secure_nsc.o"
arm-none-eabi-gcc "../Core/Src/stm32n6xx_hal_msp.c" -mcpu=cortex-m55 -std=gnu11 -g3 -DDEBUG -DUSE_HAL_DRIVER -DSTM32N657xx -DUSE_NUCLEO_64 -c -I../Core/Inc -I../../Secure_nsclib -I../../Drivers/STM32N6xx_HAL_Driver/Inc -I../../Drivers/CMSIS/Device/ST/STM32N6xx/Include -I../../Drivers/STM32N6xx_HAL_Driver/Inc/Legacy -I../../Drivers/CMSIS/Include -I"C:/ST/AB_LSTM/AB_LSTM/Appli/X-CUBE-AI/App" -I../../Middlewares/ST/AI/Inc -I../X-CUBE-AI/App -I../X-CUBE-AI -I../../Drivers/BSP/STM32N6xx_Nucleo -I../../../Appli/X-CUBE-AI/App -I../../../Middlewares/ST/AI/Inc -O3 -ffunction-sections -fdata-sections -Wall -fstack-usage -fcyclomatic-complexity -mcmse -MMD -MP -MF"Core/Src/stm32n6xx_hal_msp.d" -MT"Core/Src/stm32n6xx_hal_msp.o" --specs=nano.specs -mfpu=fpv5-d16 -mfloat-abi=hard -mthumb -o "Core/Src/stm32n6xx_hal_msp.o"
arm-none-eabi-gcc "../Core/Src/stm32n6xx_it.c" -mcpu=cortex-m55 -std=gnu11 -g3 -DDEBUG -DUSE_HAL_DRIVER -DSTM32N657xx -DUSE_NUCLEO_64 -c -I../Core/Inc -I../../Secure_nsclib -I../../Drivers/STM32N6xx_HAL_Driver/Inc -I../../Drivers/CMSIS/Device/ST/STM32N6xx/Include -I../../Drivers/STM32N6xx_HAL_Driver/Inc/Legacy -I../../Drivers/CMSIS/Include -I"C:/ST/AB_LSTM/AB_LSTM/Appli/X-CUBE-AI/App" -I../../Middlewares/ST/AI/Inc -I../X-CUBE-AI/App -I../X-CUBE-AI -I../../Drivers/BSP/STM32N6xx_Nucleo -I../../../Appli/X-CUBE-AI/App -I../../../Middlewares/ST/AI/Inc -O3 -ffunction-sections -fdata-sections -Wall -fstack-usage -fcyclomatic-complexity -mcmse -MMD -MP -MF"Core/Src/stm32n6xx_it.d" -MT"Core/Src/stm32n6xx_it.o" --specs=nano.specs -mfpu=fpv5-d16 -mfloat-abi=hard -mthumb -o "Core/Src/stm32n6xx_it.o"
arm-none-eabi-gcc "../Core/Src/syscalls.c" -mcpu=cortex-m55 -std=gnu11 -g3 -DDEBUG -DUSE_HAL_DRIVER -DSTM32N657xx -DUSE_NUCLEO_64 -c -I../Core/Inc -I../../Secure_nsclib -I../../Drivers/STM32N6xx_HAL_Driver/Inc -I../../Drivers/CMSIS/Device/ST/STM32N6xx/Include -I../../Drivers/STM32N6xx_HAL_Driver/Inc/Legacy -I../../Drivers/CMSIS/Include -I"C:/ST/AB_LSTM/AB_LSTM/Appli/X-CUBE-AI/App" -I../../Middlewares/ST/AI/Inc -I../X-CUBE-AI/App -I../X-CUBE-AI -I../../Drivers/BSP/STM32N6xx_Nucleo -I../../../Appli/X-CUBE-AI/App -I../../../Middlewares/ST/AI/Inc -O3 -ffunction-sections -fdata-sections -Wall -fstack-usage -fcyclomatic-complexity -mcmse -MMD -MP -MF"Core/Src/syscalls.d" -MT"Core/Src/syscalls.o" --specs=nano.specs -mfpu=fpv5-d16 -mfloat-abi=hard -mthumb -o "Core/Src/syscalls.o"
arm-none-eabi-gcc "../Core/Src/sysmem.c" -mcpu=cortex-m55 -std=gnu11 -g3 -DDEBUG -DUSE_HAL_DRIVER -DSTM32N657xx -DUSE_NUCLEO_64 -c -I../Core/Inc -I../../Secure_nsclib -I../../Drivers/STM32N6xx_HAL_Driver/Inc -I../../Drivers/CMSIS/Device/ST/STM32N6xx/Include -I../../Drivers/STM32N6xx_HAL_Driver/Inc/Legacy -I../../Drivers/CMSIS/Include -I"C:/ST/AB_LSTM/AB_LSTM/Appli/X-CUBE-AI/App" -I../../Middlewares/ST/AI/Inc -I../X-CUBE-AI/App -I../X-CUBE-AI -I../../Drivers/BSP/STM32N6xx_Nucleo -I../../../Appli/X-CUBE-AI/App -I../../../Middlewares/ST/AI/Inc -O3 -ffunction-sections -fdata-sections -Wall -fstack-usage -fcyclomatic-complexity -mcmse -MMD -MP -MF"Core/Src/sysmem.d" -MT"Core/Src/sysmem.o" --specs=nano.specs -mfpu=fpv5-d16 -mfloat-abi=hard -mthumb -o "Core/Src/sysmem.o"
arm-none-eabi-gcc "../Core/Src/system_stm32n6xx_s.c" -mcpu=cortex-m55 -std=gnu11 -g3 -DDEBUG -DUSE_HAL_DRIVER -DSTM32N657xx -DUSE_NUCLEO_64 -c -I../Core/Inc -I../../Secure_nsclib -I../../Drivers/STM32N6xx_HAL_Driver/Inc -I../../Drivers/CMSIS/Device/ST/STM32N6xx/Include -I../../Drivers/STM32N6xx_HAL_Driver/Inc/Legacy -I../../Drivers/CMSIS/Include -I"C:/ST/AB_LSTM/AB_LSTM/Appli/X-CUBE-AI/App" -I../../Middlewares/ST/AI/Inc -I../X-CUBE-AI/App -I../X-CUBE-AI -I../../Drivers/BSP/STM32N6xx_Nucleo -I../../../Appli/X-CUBE-AI/App -I../../../Middlewares/ST/AI/Inc -O3 -ffunction-sections -fdata-sections -Wall -fstack-usage -fcyclomatic-complexity -mcmse -MMD -MP -MF"Core/Src/system_stm32n6xx_s.d" -MT"Core/Src/system_stm32n6xx_s.o" --specs=nano.specs -mfpu=fpv5-d16 -mfloat-abi=hard -mthumb -o "Core/Src/system_stm32n6xx_s.o"
arm-none-eabi-gcc -o "AB_LSTM_Appli.elf" @"objects.list"  -l:NetworkRuntime1020_CM55_GCC.a -mcpu=cortex-m55 -T"C:\ST\AB_LSTM\AB_LSTM\Appli\STM32N657X0HXQ_LRUN.ld" --specs=nosys.specs -Wl,-Map="AB_LSTM_Appli.map" -Wl,--gc-sections -static -Wl,--cmse-implib -Wl,--out-implib=./secure_nsclib.o -L../../Middlewares/ST/AI/Lib --specs=nano.specs -mfpu=fpv5-d16 -mfloat-abi=hard -mthumb -u _printf_float -Wl,--start-group -lc -lm -Wl,--end-group
C:/ST/STM32CubeIDE_1.19.0/STM32CubeIDE/plugins/com.st.stm32cube.ide.mcu.externaltools.gnu-tools-for-stm32.13.3.rel1.win32_1.0.0.202411081344/tools/bin/../lib/gcc/arm-none-eabi/13.3.1/../../../../arm-none-eabi/bin/ld.exe: warning: AB_LSTM_Appli.elf has a LOAD segment with RWX permissions
Finished building target: AB_LSTM_Appli.elf
 
arm-none-eabi-size  AB_LSTM_Appli.elf 
arm-none-eabi-objdump -h -S AB_LSTM_Appli.elf  > "AB_LSTM_Appli.list"
   text	   data	    bss	    dec	    hex	filename
  88708	   4040	3464592	3557340	 3647dc	AB_LSTM_Appli.elf
arm-none-eabi-objcopy  -O binary AB_LSTM_Appli.elf  "AB_LSTM_Appli.bin"
Finished building: default.size.stdout
 
Finished building: AB_LSTM_Appli.bin
Finished building: AB_LSTM_Appli.list
 
 
cd "C:/ST/AB_LSTM/AB_LSTM/Appli/Debug"
echo y | "C:\Program Files\STMicroelectronics\STM32Cube\STM32CubeProgrammer\bin\STM32_SigningTool_CLI.exe" -bin "AB_LSTM_Appli.bin" -nk -of 0x80000000 -t fsbl -o "AB_LSTM_Appli-Trusted.bin" -hv 2.3 -dump "AB_LSTM_Appli-Trusted.bin"
      -------------------------------------------------------------------
                          STM32 Signing Tool v2.19.0                   
      -------------------------------------------------------------------

Do you want to replace this file: AB_LSTM_Appli-Trusted.bin ? (y/n)
Adding head padding bytes for payload with header v2.3
Header version 2.3 preparation... 
Extracting Entry point value from the input file...
Entry point value : 0x34003a59
The headred image file generated successfully: AB_LSTM_Appli-Trusted.bin

Header description:

    Magic: 0x53544d32
    Signature: 00 00 00 00 00 00 00 00 00 00 00 00 00 00 00 00 00 00 00 00 00 00 00 00 00 00 00 00 00 00 00 00 
               00 00 00 00 00 00 00 00 00 00 00 00 00 00 00 00 00 00 00 00 00 00 00 00 00 00 00 00 00 00 00 00 
               00 00 00 00 00 00 00 00 00 00 00 00 00 00 00 00 00 00 00 00 00 00 00 00 00 00 00 00 00 00 00 00 
    Checksum: 0x97bf62
    Header version: 0x20300
    Size: 0x16c20
    Load address: 0xffffffff
    Entry point: 0x34003a59
    Image version: 0x0
    Extension: 0x80000000

Pad header detected:
    Type: 0x5354ffff
    Size: 0x1a0
    Padding values: 64 bd 7a 20 bd fb 34 10 c5 d1 e5 fb 35 2f 1f dc db c5 3b 05 8a a3 62 f6 1b 6d 70 e9 cf 0d bb 

                    7a a9 7d 7d de df 6f d3 85 f4 84 5b 3a a9 c5 a6 ab d0 48 bb cc 89 b7 63 1c 69 68 5e 88 1e 01 

                    c5 74 5b 27 e0 a3 53 f5 da fd 56 2e 55 a0 8a e3 74 4b d4 60 69 f7 e1 cb 87 17 33 c6 01 e2 77 

                    6b 18 c1 a4 61 7c 33 a5 7e 65 17 cd 04 91 99 cf c2 23 cf a3 c3 d7 85 b2 e5 f2 d6 c9 a2 f9 d6 

                    db da 4c 8f 16 e1 dc 48 a1 bd 2c 80 f2 04 f1 2d 92 05 62 a8 95 48 23 98 99 1e 86 cc 13 83 62 

                    ff 50 e2 dc 38 20 62 74 9b e4 f5 39 88 13 03 fb fa c5 5b c4 7c 8e 50 f4 fa 56 0e d4 a6 10 1f 

                    39 07 2f e6 8f 6e 90 b3 c7 6e 92 2b 7e 25 6f 45 bf 98 31 2a 32 40 3d 56 52 a5 05 1b d8 3e 0a 

                    8d f5 bc 39 ff b8 92 b9 22 3e 68 90 eb 4e 15 61 d3 5d dc 25 ee 7f 1a 22 24 7a 42 0b 5a 30 5e 

                    62 a4 d3 9a d7 bb 50 1e d1 3c 92 2c 52 48 03 88 0c f2 14 84 5c 1e 1e 4a 1f 8c 35 86 66 26 ca 

                    a2 7f fa 06 df e9 6d 4b 0e f5 eb db e8 ae cb 42 ca 95 90 c3 ae b2 90 5e 81 67 ab 33 9a 63 bf 

                    d6 4d 80 2a 01 69 7f 7e 33 27 87 43 87 2e 63 3d 2f 2c 15 d1 84 72 d7 df 17 b1 58 b0 de 2e 54 

                    5c 34 d9 ad 21 81 7e d3 98 13 02 88 df 68 0e 87 15 50 d9 3f c6 91 32 eb 6d 5d 4b 25 b0 ad 32 

                    d4 87 4d 24 b2 d8 98 00 00 00 00 00 25 c3 f8 99 f3 30 00 00 50 b0 78 02 00 00 00 00 00 ba f7 

                    00 00 00 00 00 

Post header 2.3 information :
    Binary type: 0x10
    Non authenticated payload length: 0x0
    Non authenticated payload hash: 0x0


 

11:10:33 Build Finished. 0 errors, 3 warnings. (took 8s.424ms)

