17:13:09 **** Incremental Build of configuration Debug for project AB_LSTM_AppliSecure ****
make -j20 all 
arm-none-eabi-gcc "../Core/Src/gpio.c" -mcpu=cortex-m55 -std=gnu11 -g3 -DDEBUG -DUSE_HAL_DRIVER -DSTM32N657xx -c -I../Core/Inc -I../../Secure_nsclib -I../../Drivers/STM32N6xx_HAL_Driver/Inc -I../../Drivers/CMSIS/Device/ST/STM32N6xx/Include -I../../Drivers/STM32N6xx_HAL_Driver/Inc/Legacy -I../../Drivers/CMSIS/Include -O0 -ffunction-sections -fdata-sections -Wall -fstack-usage -fcyclomatic-complexity -mcmse -MMD -MP -MF"Core/Src/gpio.d" -MT"Core/Src/gpio.o" --specs=nano.specs -mfpu=fpv5-d16 -mfloat-abi=hard -mthumb -o "Core/Src/gpio.o"
arm-none-eabi-gcc "../Core/Src/main.c" -mcpu=cortex-m55 -std=gnu11 -g3 -DDEBUG -DUSE_HAL_DRIVER -DSTM32N657xx -c -I../Core/Inc -I../../Secure_nsclib -I../../Drivers/STM32N6xx_HAL_Driver/Inc -I../../Drivers/CMSIS/Device/ST/STM32N6xx/Include -I../../Drivers/STM32N6xx_HAL_Driver/Inc/Legacy -I../../Drivers/CMSIS/Include -O0 -ffunction-sections -fdata-sections -Wall -fstack-usage -fcyclomatic-complexity -mcmse -MMD -MP -MF"Core/Src/main.d" -MT"Core/Src/main.o" --specs=nano.specs -mfpu=fpv5-d16 -mfloat-abi=hard -mthumb -o "Core/Src/main.o"
arm-none-eabi-gcc "../Core/Src/secure_nsc.c" -mcpu=cortex-m55 -std=gnu11 -g3 -DDEBUG -DUSE_HAL_DRIVER -DSTM32N657xx -c -I../Core/Inc -I../../Secure_nsclib -I../../Drivers/STM32N6xx_HAL_Driver/Inc -I../../Drivers/CMSIS/Device/ST/STM32N6xx/Include -I../../Drivers/STM32N6xx_HAL_Driver/Inc/Legacy -I../../Drivers/CMSIS/Include -O0 -ffunction-sections -fdata-sections -Wall -fstack-usage -fcyclomatic-complexity -mcmse -MMD -MP -MF"Core/Src/secure_nsc.d" -MT"Core/Src/secure_nsc.o" --specs=nano.specs -mfpu=fpv5-d16 -mfloat-abi=hard -mthumb -o "Core/Src/secure_nsc.o"
arm-none-eabi-gcc "../Core/Src/stm32n6xx_hal_msp.c" -mcpu=cortex-m55 -std=gnu11 -g3 -DDEBUG -DUSE_HAL_DRIVER -DSTM32N657xx -c -I../Core/Inc -I../../Secure_nsclib -I../../Drivers/STM32N6xx_HAL_Driver/Inc -I../../Drivers/CMSIS/Device/ST/STM32N6xx/Include -I../../Drivers/STM32N6xx_HAL_Driver/Inc/Legacy -I../../Drivers/CMSIS/Include -O0 -ffunction-sections -fdata-sections -Wall -fstack-usage -fcyclomatic-complexity -mcmse -MMD -MP -MF"Core/Src/stm32n6xx_hal_msp.d" -MT"Core/Src/stm32n6xx_hal_msp.o" --specs=nano.specs -mfpu=fpv5-d16 -mfloat-abi=hard -mthumb -o "Core/Src/stm32n6xx_hal_msp.o"
arm-none-eabi-gcc "../Core/Src/stm32n6xx_it.c" -mcpu=cortex-m55 -std=gnu11 -g3 -DDEBUG -DUSE_HAL_DRIVER -DSTM32N657xx -c -I../Core/Inc -I../../Secure_nsclib -I../../Drivers/STM32N6xx_HAL_Driver/Inc -I../../Drivers/CMSIS/Device/ST/STM32N6xx/Include -I../../Drivers/STM32N6xx_HAL_Driver/Inc/Legacy -I../../Drivers/CMSIS/Include -O0 -ffunction-sections -fdata-sections -Wall -fstack-usage -fcyclomatic-complexity -mcmse -MMD -MP -MF"Core/Src/stm32n6xx_it.d" -MT"Core/Src/stm32n6xx_it.o" --specs=nano.specs -mfpu=fpv5-d16 -mfloat-abi=hard -mthumb -o "Core/Src/stm32n6xx_it.o"
arm-none-eabi-gcc "../Core/Src/syscalls.c" -mcpu=cortex-m55 -std=gnu11 -g3 -DDEBUG -DUSE_HAL_DRIVER -DSTM32N657xx -c -I../Core/Inc -I../../Secure_nsclib -I../../Drivers/STM32N6xx_HAL_Driver/Inc -I../../Drivers/CMSIS/Device/ST/STM32N6xx/Include -I../../Drivers/STM32N6xx_HAL_Driver/Inc/Legacy -I../../Drivers/CMSIS/Include -O0 -ffunction-sections -fdata-sections -Wall -fstack-usage -fcyclomatic-complexity -mcmse -MMD -MP -MF"Core/Src/syscalls.d" -MT"Core/Src/syscalls.o" --specs=nano.specs -mfpu=fpv5-d16 -mfloat-abi=hard -mthumb -o "Core/Src/syscalls.o"
arm-none-eabi-gcc "../Core/Src/sysmem.c" -mcpu=cortex-m55 -std=gnu11 -g3 -DDEBUG -DUSE_HAL_DRIVER -DSTM32N657xx -c -I../Core/Inc -I../../Secure_nsclib -I../../Drivers/STM32N6xx_HAL_Driver/Inc -I../../Drivers/CMSIS/Device/ST/STM32N6xx/Include -I../../Drivers/STM32N6xx_HAL_Driver/Inc/Legacy -I../../Drivers/CMSIS/Include -O0 -ffunction-sections -fdata-sections -Wall -fstack-usage -fcyclomatic-complexity -mcmse -MMD -MP -MF"Core/Src/sysmem.d" -MT"Core/Src/sysmem.o" --specs=nano.specs -mfpu=fpv5-d16 -mfloat-abi=hard -mthumb -o "Core/Src/sysmem.o"
arm-none-eabi-gcc "../Core/Src/system_stm32n6xx_s.c" -mcpu=cortex-m55 -std=gnu11 -g3 -DDEBUG -DUSE_HAL_DRIVER -DSTM32N657xx -c -I../Core/Inc -I../../Secure_nsclib -I../../Drivers/STM32N6xx_HAL_Driver/Inc -I../../Drivers/CMSIS/Device/ST/STM32N6xx/Include -I../../Drivers/STM32N6xx_HAL_Driver/Inc/Legacy -I../../Drivers/CMSIS/Include -O0 -ffunction-sections -fdata-sections -Wall -fstack-usage -fcyclomatic-complexity -mcmse -MMD -MP -MF"Core/Src/system_stm32n6xx_s.d" -MT"Core/Src/system_stm32n6xx_s.o" --specs=nano.specs -mfpu=fpv5-d16 -mfloat-abi=hard -mthumb -o "Core/Src/system_stm32n6xx_s.o"
arm-none-eabi-gcc "../Core/Src/usart.c" -mcpu=cortex-m55 -std=gnu11 -g3 -DDEBUG -DUSE_HAL_DRIVER -DSTM32N657xx -c -I../Core/Inc -I../../Secure_nsclib -I../../Drivers/STM32N6xx_HAL_Driver/Inc -I../../Drivers/CMSIS/Device/ST/STM32N6xx/Include -I../../Drivers/STM32N6xx_HAL_Driver/Inc/Legacy -I../../Drivers/CMSIS/Include -O0 -ffunction-sections -fdata-sections -Wall -fstack-usage -fcyclomatic-complexity -mcmse -MMD -MP -MF"Core/Src/usart.d" -MT"Core/Src/usart.o" --specs=nano.specs -mfpu=fpv5-d16 -mfloat-abi=hard -mthumb -o "Core/Src/usart.o"
arm-none-eabi-gcc -o "AB_LSTM_AppliSecure.elf" @"objects.list"   -mcpu=cortex-m55 -T"C:\ST\AB_LSTM\AB_LSTM\AppliSecure\STM32N657X0HXQ_ROMxspi2.ld" --specs=nosys.specs -Wl,-Map="AB_LSTM_AppliSecure.map" -Wl,--gc-sections -static -Wl,--cmse-implib -Wl,--out-implib=./secure_nsclib.o --specs=nano.specs -mfpu=fpv5-d16 -mfloat-abi=hard -mthumb -Wl,--start-group -lc -lm -Wl,--end-group
Finished building target: AB_LSTM_AppliSecure.elf
 
arm-none-eabi-size  AB_LSTM_AppliSecure.elf 
arm-none-eabi-objdump -h -S AB_LSTM_AppliSecure.elf  > "AB_LSTM_AppliSecure.list"
   text	   data	    bss	    dec	    hex	filename
  46980	    104	   3088	  50172	   c3fc	AB_LSTM_AppliSecure.elf
arm-none-eabi-objcopy  -O binary AB_LSTM_AppliSecure.elf  "AB_LSTM_AppliSecure.bin"
Finished building: default.size.stdout
 
Finished building: AB_LSTM_AppliSecure.list
Finished building: AB_LSTM_AppliSecure.bin
 
 
cd "C:/ST/AB_LSTM/AB_LSTM/AppliSecure/Debug"
echo y | "C:\Program Files\STMicroelectronics\STM32Cube\STM32CubeProgrammer\bin\STM32_SigningTool_CLI.exe" -bin "AB_LSTM_AppliSecure.bin" -nk -of 0x80000000 -t fsbl -o "AB_LSTM_AppliSecure-Trusted.bin" -hv 2.3 -dump "AB_LSTM_AppliSecure-Trusted.bin"
      -------------------------------------------------------------------
                          STM32 Signing Tool v2.19.0                   
      -------------------------------------------------------------------

Do you want to replace this file: AB_LSTM_AppliSecure-Trusted.bin ? (y/n)
Adding head padding bytes for payload with header v2.3
Header version 2.3 preparation... 
Extracting Entry point value from the input file...
Entry point value : 0x70101625
The headred image file generated successfully: AB_LSTM_AppliSecure-Trusted.bin

Header description:

    Magic: 0x53544d32
    Signature: 00 00 00 00 00 00 00 00 00 00 00 00 00 00 00 00 00 00 00 00 00 00 00 00 00 00 00 00 00 00 00 00 
               00 00 00 00 00 00 00 00 00 00 00 00 00 00 00 00 00 00 00 00 00 00 00 00 00 00 00 00 00 00 00 00 
               00 00 00 00 00 00 00 00 00 00 00 00 00 00 00 00 00 00 00 00 00 00 00 00 00 00 00 00 00 00 00 00 
    Checksum: 0x52f433
    Header version: 0x20300
    Size: 0xb9c0
    Load address: 0xffffffff
    Entry point: 0x70101625
    Image version: 0x0
    Extension: 0x80000000

Pad header detected:
    Type: 0x5354ffff
    Size: 0x1a0
    Padding values: 16 60 93 c3 db d7 02 8f e0 37 34 c8 3c 09 bb d7 76 9e 09 5c d5 e5 49 3d 61 11 7f f6 19 e1 4e 

                    1d db 5d 5a 71 60 2c 79 af 42 17 73 cc fd a7 f2 43 61 ff a7 56 35 a8 43 11 3c 0b 22 d7 c8 b8 

                    1b 2e 9d 71 dc 34 78 a8 13 25 3f 91 ec c9 4f b2 ea ce 93 02 e0 07 a1 35 7e bd 95 52 0e 46 46 

                    b8 38 17 43 2b 73 51 19 d8 a9 85 1f a6 a9 ba 67 87 48 10 c2 d4 c0 5a 71 0b 68 78 91 d0 fe f9 

                    51 22 de 5a bc a7 c6 d7 58 a5 21 40 78 56 67 d6 d8 fc d0 0a 3e 93 0d 3f b0 44 c2 06 c1 09 da 

                    5f f5 44 a6 9d fd e4 0a 2c 1c 91 25 31 c4 0a 43 de 55 90 97 75 1f d5 f4 d1 61 d6 4c a7 4e 78 

                    8c 38 bf 7c 5e a1 1b 44 0a d5 b4 01 73 30 ce 8d f8 f2 b2 2e 0d 82 2d 9e 9c 55 39 24 c6 6e b8 

                    8f 47 e8 62 a2 7d 6d 85 86 57 04 91 30 a2 0f 8d fc fe 7a c8 d3 cd d8 53 c6 84 db 75 d0 de 34 

                    51 fa 75 26 d6 3d 2b 8e 8e de ec 94 87 11 78 dc c5 f5 82 56 05 64 ac f4 2d 32 be 07 8a 58 89 

                    34 97 58 ad 0f d2 e8 78 75 fe 1d 86 a1 ea 32 07 a9 3c 19 d9 7b 5e 9f cd b0 19 bf 46 32 e9 b9 

                    79 d3 bb 04 cf 09 71 c2 6f 1a 00 df cb e3 14 94 a6 03 30 cd cd 35 f4 a0 c8 7a 20 86 87 c3 31 

                    1f 58 dd 9b 65 20 38 04 f5 c3 c6 1a 70 87 92 51 f1 9e 96 b3 b3 12 48 90 57 6e 74 d8 7d 38 f3 

                    89 32 a4 7a e7 8d 4a d2 00 00 02 00 dd 0a de 1d 40 d0 00 00 70 a5 72 02 00 00 00 00 70 eb f3 

                    00 00 00 00 00 

Post header 2.3 information :
    Binary type: 0x10
    Non authenticated payload length: 0x0
    Non authenticated payload hash: 0x0


 

17:13:14 Build Finished. 0 errors, 0 warnings. (took 4s.658ms)

