15:12:33 **** Incremental Build of configuration Debug for project AB_LSTM_FSBL ****
make -j20 all 
arm-none-eabi-gcc "C:/ST/AB_LSTM/AB_LSTM/Middlewares/ST/STM32_ExtMem_Manager/boot/stm32_boot_lrun.c" -mcpu=cortex-m55 -std=gnu11 -g3 -DDEBUG -DUSE_HAL_DRIVER -DSTM32N657xx -c -I../Core/Inc -I../../Drivers/STM32N6xx_HAL_Driver/Inc -I../../Drivers/CMSIS/Device/ST/STM32N6xx/Include -I../../Drivers/STM32N6xx_HAL_Driver/Inc/Legacy -I../../Drivers/CMSIS/Include -I../../Middlewares/ST/STM32_ExtMem_Manager -I../../Middlewares/ST/STM32_ExtMem_Manager/boot -I../../Middlewares/ST/STM32_ExtMem_Manager/sal -I../../Middlewares/ST/STM32_ExtMem_Manager/nor_sfdp -I../../Middlewares/ST/STM32_ExtMem_Manager/psram -I../../Middlewares/ST/STM32_ExtMem_Manager/sdcard -I../../Middlewares/ST/STM32_ExtMem_Manager/user -O0 -ffunction-sections -fdata-sections -Wall -fstack-usage -fcyclomatic-complexity -mcmse -MMD -MP -MF"Middlewares/ST/STM32_ExtMem_Manager/stm32_boot_lrun.d" -MT"Middlewares/ST/STM32_ExtMem_Manager/stm32_boot_lrun.o" --specs=nano.specs -mfpu=fpv5-d16 -mfloat-abi=hard -mthumb -o "Middlewares/ST/STM32_ExtMem_Manager/stm32_boot_lrun.o"
arm-none-eabi-gcc "C:/ST/AB_LSTM/AB_LSTM/Middlewares/ST/STM32_ExtMem_Manager/stm32_extmem.c" -mcpu=cortex-m55 -std=gnu11 -g3 -DDEBUG -DUSE_HAL_DRIVER -DSTM32N657xx -c -I../Core/Inc -I../../Drivers/STM32N6xx_HAL_Driver/Inc -I../../Drivers/CMSIS/Device/ST/STM32N6xx/Include -I../../Drivers/STM32N6xx_HAL_Driver/Inc/Legacy -I../../Drivers/CMSIS/Include -I../../Middlewares/ST/STM32_ExtMem_Manager -I../../Middlewares/ST/STM32_ExtMem_Manager/boot -I../../Middlewares/ST/STM32_ExtMem_Manager/sal -I../../Middlewares/ST/STM32_ExtMem_Manager/nor_sfdp -I../../Middlewares/ST/STM32_ExtMem_Manager/psram -I../../Middlewares/ST/STM32_ExtMem_Manager/sdcard -I../../Middlewares/ST/STM32_ExtMem_Manager/user -O0 -ffunction-sections -fdata-sections -Wall -fstack-usage -fcyclomatic-complexity -mcmse -MMD -MP -MF"Middlewares/ST/STM32_ExtMem_Manager/stm32_extmem.d" -MT"Middlewares/ST/STM32_ExtMem_Manager/stm32_extmem.o" --specs=nano.specs -mfpu=fpv5-d16 -mfloat-abi=hard -mthumb -o "Middlewares/ST/STM32_ExtMem_Manager/stm32_extmem.o"
arm-none-eabi-gcc "C:/ST/AB_LSTM/AB_LSTM/Middlewares/ST/STM32_ExtMem_Manager/psram/stm32_psram_driver.c" -mcpu=cortex-m55 -std=gnu11 -g3 -DDEBUG -DUSE_HAL_DRIVER -DSTM32N657xx -c -I../Core/Inc -I../../Drivers/STM32N6xx_HAL_Driver/Inc -I../../Drivers/CMSIS/Device/ST/STM32N6xx/Include -I../../Drivers/STM32N6xx_HAL_Driver/Inc/Legacy -I../../Drivers/CMSIS/Include -I../../Middlewares/ST/STM32_ExtMem_Manager -I../../Middlewares/ST/STM32_ExtMem_Manager/boot -I../../Middlewares/ST/STM32_ExtMem_Manager/sal -I../../Middlewares/ST/STM32_ExtMem_Manager/nor_sfdp -I../../Middlewares/ST/STM32_ExtMem_Manager/psram -I../../Middlewares/ST/STM32_ExtMem_Manager/sdcard -I../../Middlewares/ST/STM32_ExtMem_Manager/user -O0 -ffunction-sections -fdata-sections -Wall -fstack-usage -fcyclomatic-complexity -mcmse -MMD -MP -MF"Middlewares/ST/STM32_ExtMem_Manager/stm32_psram_driver.d" -MT"Middlewares/ST/STM32_ExtMem_Manager/stm32_psram_driver.o" --specs=nano.specs -mfpu=fpv5-d16 -mfloat-abi=hard -mthumb -o "Middlewares/ST/STM32_ExtMem_Manager/stm32_psram_driver.o"
arm-none-eabi-gcc "C:/ST/AB_LSTM/AB_LSTM/Middlewares/ST/STM32_ExtMem_Manager/sal/stm32_sal_sd.c" -mcpu=cortex-m55 -std=gnu11 -g3 -DDEBUG -DUSE_HAL_DRIVER -DSTM32N657xx -c -I../Core/Inc -I../../Drivers/STM32N6xx_HAL_Driver/Inc -I../../Drivers/CMSIS/Device/ST/STM32N6xx/Include -I../../Drivers/STM32N6xx_HAL_Driver/Inc/Legacy -I../../Drivers/CMSIS/Include -I../../Middlewares/ST/STM32_ExtMem_Manager -I../../Middlewares/ST/STM32_ExtMem_Manager/boot -I../../Middlewares/ST/STM32_ExtMem_Manager/sal -I../../Middlewares/ST/STM32_ExtMem_Manager/nor_sfdp -I../../Middlewares/ST/STM32_ExtMem_Manager/psram -I../../Middlewares/ST/STM32_ExtMem_Manager/sdcard -I../../Middlewares/ST/STM32_ExtMem_Manager/user -O0 -ffunction-sections -fdata-sections -Wall -fstack-usage -fcyclomatic-complexity -mcmse -MMD -MP -MF"Middlewares/ST/STM32_ExtMem_Manager/stm32_sal_sd.d" -MT"Middlewares/ST/STM32_ExtMem_Manager/stm32_sal_sd.o" --specs=nano.specs -mfpu=fpv5-d16 -mfloat-abi=hard -mthumb -o "Middlewares/ST/STM32_ExtMem_Manager/stm32_sal_sd.o"
arm-none-eabi-gcc "C:/ST/AB_LSTM/AB_LSTM/Middlewares/ST/STM32_ExtMem_Manager/sal/stm32_sal_xspi.c" -mcpu=cortex-m55 -std=gnu11 -g3 -DDEBUG -DUSE_HAL_DRIVER -DSTM32N657xx -c -I../Core/Inc -I../../Drivers/STM32N6xx_HAL_Driver/Inc -I../../Drivers/CMSIS/Device/ST/STM32N6xx/Include -I../../Drivers/STM32N6xx_HAL_Driver/Inc/Legacy -I../../Drivers/CMSIS/Include -I../../Middlewares/ST/STM32_ExtMem_Manager -I../../Middlewares/ST/STM32_ExtMem_Manager/boot -I../../Middlewares/ST/STM32_ExtMem_Manager/sal -I../../Middlewares/ST/STM32_ExtMem_Manager/nor_sfdp -I../../Middlewares/ST/STM32_ExtMem_Manager/psram -I../../Middlewares/ST/STM32_ExtMem_Manager/sdcard -I../../Middlewares/ST/STM32_ExtMem_Manager/user -O0 -ffunction-sections -fdata-sections -Wall -fstack-usage -fcyclomatic-complexity -mcmse -MMD -MP -MF"Middlewares/ST/STM32_ExtMem_Manager/stm32_sal_xspi.d" -MT"Middlewares/ST/STM32_ExtMem_Manager/stm32_sal_xspi.o" --specs=nano.specs -mfpu=fpv5-d16 -mfloat-abi=hard -mthumb -o "Middlewares/ST/STM32_ExtMem_Manager/stm32_sal_xspi.o"
arm-none-eabi-gcc "C:/ST/AB_LSTM/AB_LSTM/Middlewares/ST/STM32_ExtMem_Manager/sdcard/stm32_sdcard_driver.c" -mcpu=cortex-m55 -std=gnu11 -g3 -DDEBUG -DUSE_HAL_DRIVER -DSTM32N657xx -c -I../Core/Inc -I../../Drivers/STM32N6xx_HAL_Driver/Inc -I../../Drivers/CMSIS/Device/ST/STM32N6xx/Include -I../../Drivers/STM32N6xx_HAL_Driver/Inc/Legacy -I../../Drivers/CMSIS/Include -I../../Middlewares/ST/STM32_ExtMem_Manager -I../../Middlewares/ST/STM32_ExtMem_Manager/boot -I../../Middlewares/ST/STM32_ExtMem_Manager/sal -I../../Middlewares/ST/STM32_ExtMem_Manager/nor_sfdp -I../../Middlewares/ST/STM32_ExtMem_Manager/psram -I../../Middlewares/ST/STM32_ExtMem_Manager/sdcard -I../../Middlewares/ST/STM32_ExtMem_Manager/user -O0 -ffunction-sections -fdata-sections -Wall -fstack-usage -fcyclomatic-complexity -mcmse -MMD -MP -MF"Middlewares/ST/STM32_ExtMem_Manager/stm32_sdcard_driver.d" -MT"Middlewares/ST/STM32_ExtMem_Manager/stm32_sdcard_driver.o" --specs=nano.specs -mfpu=fpv5-d16 -mfloat-abi=hard -mthumb -o "Middlewares/ST/STM32_ExtMem_Manager/stm32_sdcard_driver.o"
arm-none-eabi-gcc "C:/ST/AB_LSTM/AB_LSTM/Middlewares/ST/STM32_ExtMem_Manager/nor_sfdp/stm32_sfdp_data.c" -mcpu=cortex-m55 -std=gnu11 -g3 -DDEBUG -DUSE_HAL_DRIVER -DSTM32N657xx -c -I../Core/Inc -I../../Drivers/STM32N6xx_HAL_Driver/Inc -I../../Drivers/CMSIS/Device/ST/STM32N6xx/Include -I../../Drivers/STM32N6xx_HAL_Driver/Inc/Legacy -I../../Drivers/CMSIS/Include -I../../Middlewares/ST/STM32_ExtMem_Manager -I../../Middlewares/ST/STM32_ExtMem_Manager/boot -I../../Middlewares/ST/STM32_ExtMem_Manager/sal -I../../Middlewares/ST/STM32_ExtMem_Manager/nor_sfdp -I../../Middlewares/ST/STM32_ExtMem_Manager/psram -I../../Middlewares/ST/STM32_ExtMem_Manager/sdcard -I../../Middlewares/ST/STM32_ExtMem_Manager/user -O0 -ffunction-sections -fdata-sections -Wall -fstack-usage -fcyclomatic-complexity -mcmse -MMD -MP -MF"Middlewares/ST/STM32_ExtMem_Manager/stm32_sfdp_data.d" -MT"Middlewares/ST/STM32_ExtMem_Manager/stm32_sfdp_data.o" --specs=nano.specs -mfpu=fpv5-d16 -mfloat-abi=hard -mthumb -o "Middlewares/ST/STM32_ExtMem_Manager/stm32_sfdp_data.o"
arm-none-eabi-gcc "C:/ST/AB_LSTM/AB_LSTM/Middlewares/ST/STM32_ExtMem_Manager/nor_sfdp/stm32_sfdp_driver.c" -mcpu=cortex-m55 -std=gnu11 -g3 -DDEBUG -DUSE_HAL_DRIVER -DSTM32N657xx -c -I../Core/Inc -I../../Drivers/STM32N6xx_HAL_Driver/Inc -I../../Drivers/CMSIS/Device/ST/STM32N6xx/Include -I../../Drivers/STM32N6xx_HAL_Driver/Inc/Legacy -I../../Drivers/CMSIS/Include -I../../Middlewares/ST/STM32_ExtMem_Manager -I../../Middlewares/ST/STM32_ExtMem_Manager/boot -I../../Middlewares/ST/STM32_ExtMem_Manager/sal -I../../Middlewares/ST/STM32_ExtMem_Manager/nor_sfdp -I../../Middlewares/ST/STM32_ExtMem_Manager/psram -I../../Middlewares/ST/STM32_ExtMem_Manager/sdcard -I../../Middlewares/ST/STM32_ExtMem_Manager/user -O0 -ffunction-sections -fdata-sections -Wall -fstack-usage -fcyclomatic-complexity -mcmse -MMD -MP -MF"Middlewares/ST/STM32_ExtMem_Manager/stm32_sfdp_driver.d" -MT"Middlewares/ST/STM32_ExtMem_Manager/stm32_sfdp_driver.o" --specs=nano.specs -mfpu=fpv5-d16 -mfloat-abi=hard -mthumb -o "Middlewares/ST/STM32_ExtMem_Manager/stm32_sfdp_driver.o"
arm-none-eabi-gcc "C:/ST/AB_LSTM/AB_LSTM/Middlewares/ST/STM32_ExtMem_Manager/user/stm32_user_driver.c" -mcpu=cortex-m55 -std=gnu11 -g3 -DDEBUG -DUSE_HAL_DRIVER -DSTM32N657xx -c -I../Core/Inc -I../../Drivers/STM32N6xx_HAL_Driver/Inc -I../../Drivers/CMSIS/Device/ST/STM32N6xx/Include -I../../Drivers/STM32N6xx_HAL_Driver/Inc/Legacy -I../../Drivers/CMSIS/Include -I../../Middlewares/ST/STM32_ExtMem_Manager -I../../Middlewares/ST/STM32_ExtMem_Manager/boot -I../../Middlewares/ST/STM32_ExtMem_Manager/sal -I../../Middlewares/ST/STM32_ExtMem_Manager/nor_sfdp -I../../Middlewares/ST/STM32_ExtMem_Manager/psram -I../../Middlewares/ST/STM32_ExtMem_Manager/sdcard -I../../Middlewares/ST/STM32_ExtMem_Manager/user -O0 -ffunction-sections -fdata-sections -Wall -fstack-usage -fcyclomatic-complexity -mcmse -MMD -MP -MF"Middlewares/ST/STM32_ExtMem_Manager/stm32_user_driver.d" -MT"Middlewares/ST/STM32_ExtMem_Manager/stm32_user_driver.o" --specs=nano.specs -mfpu=fpv5-d16 -mfloat-abi=hard -mthumb -o "Middlewares/ST/STM32_ExtMem_Manager/stm32_user_driver.o"
arm-none-eabi-gcc "C:/ST/AB_LSTM/AB_LSTM/Drivers/STM32N6xx_HAL_Driver/Src/stm32n6xx_hal.c" -mcpu=cortex-m55 -std=gnu11 -g3 -DDEBUG -DUSE_HAL_DRIVER -DSTM32N657xx -c -I../Core/Inc -I../../Drivers/STM32N6xx_HAL_Driver/Inc -I../../Drivers/CMSIS/Device/ST/STM32N6xx/Include -I../../Drivers/STM32N6xx_HAL_Driver/Inc/Legacy -I../../Drivers/CMSIS/Include -I../../Middlewares/ST/STM32_ExtMem_Manager -I../../Middlewares/ST/STM32_ExtMem_Manager/boot -I../../Middlewares/ST/STM32_ExtMem_Manager/sal -I../../Middlewares/ST/STM32_ExtMem_Manager/nor_sfdp -I../../Middlewares/ST/STM32_ExtMem_Manager/psram -I../../Middlewares/ST/STM32_ExtMem_Manager/sdcard -I../../Middlewares/ST/STM32_ExtMem_Manager/user -O0 -ffunction-sections -fdata-sections -Wall -fstack-usage -fcyclomatic-complexity -mcmse -MMD -MP -MF"Drivers/STM32N6xx_HAL_Driver/stm32n6xx_hal.d" -MT"Drivers/STM32N6xx_HAL_Driver/stm32n6xx_hal.o" --specs=nano.specs -mfpu=fpv5-d16 -mfloat-abi=hard -mthumb -o "Drivers/STM32N6xx_HAL_Driver/stm32n6xx_hal.o"
arm-none-eabi-gcc "C:/ST/AB_LSTM/AB_LSTM/Drivers/STM32N6xx_HAL_Driver/Src/stm32n6xx_hal_bsec.c" -mcpu=cortex-m55 -std=gnu11 -g3 -DDEBUG -DUSE_HAL_DRIVER -DSTM32N657xx -c -I../Core/Inc -I../../Drivers/STM32N6xx_HAL_Driver/Inc -I../../Drivers/CMSIS/Device/ST/STM32N6xx/Include -I../../Drivers/STM32N6xx_HAL_Driver/Inc/Legacy -I../../Drivers/CMSIS/Include -I../../Middlewares/ST/STM32_ExtMem_Manager -I../../Middlewares/ST/STM32_ExtMem_Manager/boot -I../../Middlewares/ST/STM32_ExtMem_Manager/sal -I../../Middlewares/ST/STM32_ExtMem_Manager/nor_sfdp -I../../Middlewares/ST/STM32_ExtMem_Manager/psram -I../../Middlewares/ST/STM32_ExtMem_Manager/sdcard -I../../Middlewares/ST/STM32_ExtMem_Manager/user -O0 -ffunction-sections -fdata-sections -Wall -fstack-usage -fcyclomatic-complexity -mcmse -MMD -MP -MF"Drivers/STM32N6xx_HAL_Driver/stm32n6xx_hal_bsec.d" -MT"Drivers/STM32N6xx_HAL_Driver/stm32n6xx_hal_bsec.o" --specs=nano.specs -mfpu=fpv5-d16 -mfloat-abi=hard -mthumb -o "Drivers/STM32N6xx_HAL_Driver/stm32n6xx_hal_bsec.o"
arm-none-eabi-gcc "C:/ST/AB_LSTM/AB_LSTM/Drivers/STM32N6xx_HAL_Driver/Src/stm32n6xx_hal_cortex.c" -mcpu=cortex-m55 -std=gnu11 -g3 -DDEBUG -DUSE_HAL_DRIVER -DSTM32N657xx -c -I../Core/Inc -I../../Drivers/STM32N6xx_HAL_Driver/Inc -I../../Drivers/CMSIS/Device/ST/STM32N6xx/Include -I../../Drivers/STM32N6xx_HAL_Driver/Inc/Legacy -I../../Drivers/CMSIS/Include -I../../Middlewares/ST/STM32_ExtMem_Manager -I../../Middlewares/ST/STM32_ExtMem_Manager/boot -I../../Middlewares/ST/STM32_ExtMem_Manager/sal -I../../Middlewares/ST/STM32_ExtMem_Manager/nor_sfdp -I../../Middlewares/ST/STM32_ExtMem_Manager/psram -I../../Middlewares/ST/STM32_ExtMem_Manager/sdcard -I../../Middlewares/ST/STM32_ExtMem_Manager/user -O0 -ffunction-sections -fdata-sections -Wall -fstack-usage -fcyclomatic-complexity -mcmse -MMD -MP -MF"Drivers/STM32N6xx_HAL_Driver/stm32n6xx_hal_cortex.d" -MT"Drivers/STM32N6xx_HAL_Driver/stm32n6xx_hal_cortex.o" --specs=nano.specs -mfpu=fpv5-d16 -mfloat-abi=hard -mthumb -o "Drivers/STM32N6xx_HAL_Driver/stm32n6xx_hal_cortex.o"
arm-none-eabi-gcc "C:/ST/AB_LSTM/AB_LSTM/Drivers/STM32N6xx_HAL_Driver/Src/stm32n6xx_hal_dma.c" -mcpu=cortex-m55 -std=gnu11 -g3 -DDEBUG -DUSE_HAL_DRIVER -DSTM32N657xx -c -I../Core/Inc -I../../Drivers/STM32N6xx_HAL_Driver/Inc -I../../Drivers/CMSIS/Device/ST/STM32N6xx/Include -I../../Drivers/STM32N6xx_HAL_Driver/Inc/Legacy -I../../Drivers/CMSIS/Include -I../../Middlewares/ST/STM32_ExtMem_Manager -I../../Middlewares/ST/STM32_ExtMem_Manager/boot -I../../Middlewares/ST/STM32_ExtMem_Manager/sal -I../../Middlewares/ST/STM32_ExtMem_Manager/nor_sfdp -I../../Middlewares/ST/STM32_ExtMem_Manager/psram -I../../Middlewares/ST/STM32_ExtMem_Manager/sdcard -I../../Middlewares/ST/STM32_ExtMem_Manager/user -O0 -ffunction-sections -fdata-sections -Wall -fstack-usage -fcyclomatic-complexity -mcmse -MMD -MP -MF"Drivers/STM32N6xx_HAL_Driver/stm32n6xx_hal_dma.d" -MT"Drivers/STM32N6xx_HAL_Driver/stm32n6xx_hal_dma.o" --specs=nano.specs -mfpu=fpv5-d16 -mfloat-abi=hard -mthumb -o "Drivers/STM32N6xx_HAL_Driver/stm32n6xx_hal_dma.o"
arm-none-eabi-gcc "C:/ST/AB_LSTM/AB_LSTM/Drivers/STM32N6xx_HAL_Driver/Src/stm32n6xx_hal_dma_ex.c" -mcpu=cortex-m55 -std=gnu11 -g3 -DDEBUG -DUSE_HAL_DRIVER -DSTM32N657xx -c -I../Core/Inc -I../../Drivers/STM32N6xx_HAL_Driver/Inc -I../../Drivers/CMSIS/Device/ST/STM32N6xx/Include -I../../Drivers/STM32N6xx_HAL_Driver/Inc/Legacy -I../../Drivers/CMSIS/Include -I../../Middlewares/ST/STM32_ExtMem_Manager -I../../Middlewares/ST/STM32_ExtMem_Manager/boot -I../../Middlewares/ST/STM32_ExtMem_Manager/sal -I../../Middlewares/ST/STM32_ExtMem_Manager/nor_sfdp -I../../Middlewares/ST/STM32_ExtMem_Manager/psram -I../../Middlewares/ST/STM32_ExtMem_Manager/sdcard -I../../Middlewares/ST/STM32_ExtMem_Manager/user -O0 -ffunction-sections -fdata-sections -Wall -fstack-usage -fcyclomatic-complexity -mcmse -MMD -MP -MF"Drivers/STM32N6xx_HAL_Driver/stm32n6xx_hal_dma_ex.d" -MT"Drivers/STM32N6xx_HAL_Driver/stm32n6xx_hal_dma_ex.o" --specs=nano.specs -mfpu=fpv5-d16 -mfloat-abi=hard -mthumb -o "Drivers/STM32N6xx_HAL_Driver/stm32n6xx_hal_dma_ex.o"
arm-none-eabi-gcc "C:/ST/AB_LSTM/AB_LSTM/Drivers/STM32N6xx_HAL_Driver/Src/stm32n6xx_hal_exti.c" -mcpu=cortex-m55 -std=gnu11 -g3 -DDEBUG -DUSE_HAL_DRIVER -DSTM32N657xx -c -I../Core/Inc -I../../Drivers/STM32N6xx_HAL_Driver/Inc -I../../Drivers/CMSIS/Device/ST/STM32N6xx/Include -I../../Drivers/STM32N6xx_HAL_Driver/Inc/Legacy -I../../Drivers/CMSIS/Include -I../../Middlewares/ST/STM32_ExtMem_Manager -I../../Middlewares/ST/STM32_ExtMem_Manager/boot -I../../Middlewares/ST/STM32_ExtMem_Manager/sal -I../../Middlewares/ST/STM32_ExtMem_Manager/nor_sfdp -I../../Middlewares/ST/STM32_ExtMem_Manager/psram -I../../Middlewares/ST/STM32_ExtMem_Manager/sdcard -I../../Middlewares/ST/STM32_ExtMem_Manager/user -O0 -ffunction-sections -fdata-sections -Wall -fstack-usage -fcyclomatic-complexity -mcmse -MMD -MP -MF"Drivers/STM32N6xx_HAL_Driver/stm32n6xx_hal_exti.d" -MT"Drivers/STM32N6xx_HAL_Driver/stm32n6xx_hal_exti.o" --specs=nano.specs -mfpu=fpv5-d16 -mfloat-abi=hard -mthumb -o "Drivers/STM32N6xx_HAL_Driver/stm32n6xx_hal_exti.o"
arm-none-eabi-gcc "C:/ST/AB_LSTM/AB_LSTM/Drivers/STM32N6xx_HAL_Driver/Src/stm32n6xx_hal_gpio.c" -mcpu=cortex-m55 -std=gnu11 -g3 -DDEBUG -DUSE_HAL_DRIVER -DSTM32N657xx -c -I../Core/Inc -I../../Drivers/STM32N6xx_HAL_Driver/Inc -I../../Drivers/CMSIS/Device/ST/STM32N6xx/Include -I../../Drivers/STM32N6xx_HAL_Driver/Inc/Legacy -I../../Drivers/CMSIS/Include -I../../Middlewares/ST/STM32_ExtMem_Manager -I../../Middlewares/ST/STM32_ExtMem_Manager/boot -I../../Middlewares/ST/STM32_ExtMem_Manager/sal -I../../Middlewares/ST/STM32_ExtMem_Manager/nor_sfdp -I../../Middlewares/ST/STM32_ExtMem_Manager/psram -I../../Middlewares/ST/STM32_ExtMem_Manager/sdcard -I../../Middlewares/ST/STM32_ExtMem_Manager/user -O0 -ffunction-sections -fdata-sections -Wall -fstack-usage -fcyclomatic-complexity -mcmse -MMD -MP -MF"Drivers/STM32N6xx_HAL_Driver/stm32n6xx_hal_gpio.d" -MT"Drivers/STM32N6xx_HAL_Driver/stm32n6xx_hal_gpio.o" --specs=nano.specs -mfpu=fpv5-d16 -mfloat-abi=hard -mthumb -o "Drivers/STM32N6xx_HAL_Driver/stm32n6xx_hal_gpio.o"
arm-none-eabi-gcc "C:/ST/AB_LSTM/AB_LSTM/Drivers/STM32N6xx_HAL_Driver/Src/stm32n6xx_hal_pwr.c" -mcpu=cortex-m55 -std=gnu11 -g3 -DDEBUG -DUSE_HAL_DRIVER -DSTM32N657xx -c -I../Core/Inc -I../../Drivers/STM32N6xx_HAL_Driver/Inc -I../../Drivers/CMSIS/Device/ST/STM32N6xx/Include -I../../Drivers/STM32N6xx_HAL_Driver/Inc/Legacy -I../../Drivers/CMSIS/Include -I../../Middlewares/ST/STM32_ExtMem_Manager -I../../Middlewares/ST/STM32_ExtMem_Manager/boot -I../../Middlewares/ST/STM32_ExtMem_Manager/sal -I../../Middlewares/ST/STM32_ExtMem_Manager/nor_sfdp -I../../Middlewares/ST/STM32_ExtMem_Manager/psram -I../../Middlewares/ST/STM32_ExtMem_Manager/sdcard -I../../Middlewares/ST/STM32_ExtMem_Manager/user -O0 -ffunction-sections -fdata-sections -Wall -fstack-usage -fcyclomatic-complexity -mcmse -MMD -MP -MF"Drivers/STM32N6xx_HAL_Driver/stm32n6xx_hal_pwr.d" -MT"Drivers/STM32N6xx_HAL_Driver/stm32n6xx_hal_pwr.o" --specs=nano.specs -mfpu=fpv5-d16 -mfloat-abi=hard -mthumb -o "Drivers/STM32N6xx_HAL_Driver/stm32n6xx_hal_pwr.o"
arm-none-eabi-gcc "C:/ST/AB_LSTM/AB_LSTM/Drivers/STM32N6xx_HAL_Driver/Src/stm32n6xx_hal_pwr_ex.c" -mcpu=cortex-m55 -std=gnu11 -g3 -DDEBUG -DUSE_HAL_DRIVER -DSTM32N657xx -c -I../Core/Inc -I../../Drivers/STM32N6xx_HAL_Driver/Inc -I../../Drivers/CMSIS/Device/ST/STM32N6xx/Include -I../../Drivers/STM32N6xx_HAL_Driver/Inc/Legacy -I../../Drivers/CMSIS/Include -I../../Middlewares/ST/STM32_ExtMem_Manager -I../../Middlewares/ST/STM32_ExtMem_Manager/boot -I../../Middlewares/ST/STM32_ExtMem_Manager/sal -I../../Middlewares/ST/STM32_ExtMem_Manager/nor_sfdp -I../../Middlewares/ST/STM32_ExtMem_Manager/psram -I../../Middlewares/ST/STM32_ExtMem_Manager/sdcard -I../../Middlewares/ST/STM32_ExtMem_Manager/user -O0 -ffunction-sections -fdata-sections -Wall -fstack-usage -fcyclomatic-complexity -mcmse -MMD -MP -MF"Drivers/STM32N6xx_HAL_Driver/stm32n6xx_hal_pwr_ex.d" -MT"Drivers/STM32N6xx_HAL_Driver/stm32n6xx_hal_pwr_ex.o" --specs=nano.specs -mfpu=fpv5-d16 -mfloat-abi=hard -mthumb -o "Drivers/STM32N6xx_HAL_Driver/stm32n6xx_hal_pwr_ex.o"
arm-none-eabi-gcc "C:/ST/AB_LSTM/AB_LSTM/Drivers/STM32N6xx_HAL_Driver/Src/stm32n6xx_hal_rcc.c" -mcpu=cortex-m55 -std=gnu11 -g3 -DDEBUG -DUSE_HAL_DRIVER -DSTM32N657xx -c -I../Core/Inc -I../../Drivers/STM32N6xx_HAL_Driver/Inc -I../../Drivers/CMSIS/Device/ST/STM32N6xx/Include -I../../Drivers/STM32N6xx_HAL_Driver/Inc/Legacy -I../../Drivers/CMSIS/Include -I../../Middlewares/ST/STM32_ExtMem_Manager -I../../Middlewares/ST/STM32_ExtMem_Manager/boot -I../../Middlewares/ST/STM32_ExtMem_Manager/sal -I../../Middlewares/ST/STM32_ExtMem_Manager/nor_sfdp -I../../Middlewares/ST/STM32_ExtMem_Manager/psram -I../../Middlewares/ST/STM32_ExtMem_Manager/sdcard -I../../Middlewares/ST/STM32_ExtMem_Manager/user -O0 -ffunction-sections -fdata-sections -Wall -fstack-usage -fcyclomatic-complexity -mcmse -MMD -MP -MF"Drivers/STM32N6xx_HAL_Driver/stm32n6xx_hal_rcc.d" -MT"Drivers/STM32N6xx_HAL_Driver/stm32n6xx_hal_rcc.o" --specs=nano.specs -mfpu=fpv5-d16 -mfloat-abi=hard -mthumb -o "Drivers/STM32N6xx_HAL_Driver/stm32n6xx_hal_rcc.o"
arm-none-eabi-gcc "C:/ST/AB_LSTM/AB_LSTM/Drivers/STM32N6xx_HAL_Driver/Src/stm32n6xx_hal_rcc_ex.c" -mcpu=cortex-m55 -std=gnu11 -g3 -DDEBUG -DUSE_HAL_DRIVER -DSTM32N657xx -c -I../Core/Inc -I../../Drivers/STM32N6xx_HAL_Driver/Inc -I../../Drivers/CMSIS/Device/ST/STM32N6xx/Include -I../../Drivers/STM32N6xx_HAL_Driver/Inc/Legacy -I../../Drivers/CMSIS/Include -I../../Middlewares/ST/STM32_ExtMem_Manager -I../../Middlewares/ST/STM32_ExtMem_Manager/boot -I../../Middlewares/ST/STM32_ExtMem_Manager/sal -I../../Middlewares/ST/STM32_ExtMem_Manager/nor_sfdp -I../../Middlewares/ST/STM32_ExtMem_Manager/psram -I../../Middlewares/ST/STM32_ExtMem_Manager/sdcard -I../../Middlewares/ST/STM32_ExtMem_Manager/user -O0 -ffunction-sections -fdata-sections -Wall -fstack-usage -fcyclomatic-complexity -mcmse -MMD -MP -MF"Drivers/STM32N6xx_HAL_Driver/stm32n6xx_hal_rcc_ex.d" -MT"Drivers/STM32N6xx_HAL_Driver/stm32n6xx_hal_rcc_ex.o" --specs=nano.specs -mfpu=fpv5-d16 -mfloat-abi=hard -mthumb -o "Drivers/STM32N6xx_HAL_Driver/stm32n6xx_hal_rcc_ex.o"
arm-none-eabi-gcc "C:/ST/AB_LSTM/AB_LSTM/Drivers/STM32N6xx_HAL_Driver/Src/stm32n6xx_hal_xspi.c" -mcpu=cortex-m55 -std=gnu11 -g3 -DDEBUG -DUSE_HAL_DRIVER -DSTM32N657xx -c -I../Core/Inc -I../../Drivers/STM32N6xx_HAL_Driver/Inc -I../../Drivers/CMSIS/Device/ST/STM32N6xx/Include -I../../Drivers/STM32N6xx_HAL_Driver/Inc/Legacy -I../../Drivers/CMSIS/Include -I../../Middlewares/ST/STM32_ExtMem_Manager -I../../Middlewares/ST/STM32_ExtMem_Manager/boot -I../../Middlewares/ST/STM32_ExtMem_Manager/sal -I../../Middlewares/ST/STM32_ExtMem_Manager/nor_sfdp -I../../Middlewares/ST/STM32_ExtMem_Manager/psram -I../../Middlewares/ST/STM32_ExtMem_Manager/sdcard -I../../Middlewares/ST/STM32_ExtMem_Manager/user -O0 -ffunction-sections -fdata-sections -Wall -fstack-usage -fcyclomatic-complexity -mcmse -MMD -MP -MF"Drivers/STM32N6xx_HAL_Driver/stm32n6xx_hal_xspi.d" -MT"Drivers/STM32N6xx_HAL_Driver/stm32n6xx_hal_xspi.o" --specs=nano.specs -mfpu=fpv5-d16 -mfloat-abi=hard -mthumb -o "Drivers/STM32N6xx_HAL_Driver/stm32n6xx_hal_xspi.o"
arm-none-eabi-gcc -mcpu=cortex-m55 -g3 -DDEBUG -c -x assembler-with-cpp -MMD -MP -MF"Core/Startup/startup_stm32n657x0hxq_fsbl.d" -MT"Core/Startup/startup_stm32n657x0hxq_fsbl.o" --specs=nano.specs -mfpu=fpv5-d16 -mfloat-abi=hard -mthumb -o "Core/Startup/startup_stm32n657x0hxq_fsbl.o" "../Core/Startup/startup_stm32n657x0hxq_fsbl.s"
arm-none-eabi-gcc "../Core/Src/extmem_manager.c" -mcpu=cortex-m55 -std=gnu11 -g3 -DDEBUG -DUSE_HAL_DRIVER -DSTM32N657xx -c -I../Core/Inc -I../../Drivers/STM32N6xx_HAL_Driver/Inc -I../../Drivers/CMSIS/Device/ST/STM32N6xx/Include -I../../Drivers/STM32N6xx_HAL_Driver/Inc/Legacy -I../../Drivers/CMSIS/Include -I../../Middlewares/ST/STM32_ExtMem_Manager -I../../Middlewares/ST/STM32_ExtMem_Manager/boot -I../../Middlewares/ST/STM32_ExtMem_Manager/sal -I../../Middlewares/ST/STM32_ExtMem_Manager/nor_sfdp -I../../Middlewares/ST/STM32_ExtMem_Manager/psram -I../../Middlewares/ST/STM32_ExtMem_Manager/sdcard -I../../Middlewares/ST/STM32_ExtMem_Manager/user -O0 -ffunction-sections -fdata-sections -Wall -fstack-usage -fcyclomatic-complexity -mcmse -MMD -MP -MF"Core/Src/extmem_manager.d" -MT"Core/Src/extmem_manager.o" --specs=nano.specs -mfpu=fpv5-d16 -mfloat-abi=hard -mthumb -o "Core/Src/extmem_manager.o"
arm-none-eabi-gcc "../Core/Src/main.c" -mcpu=cortex-m55 -std=gnu11 -g3 -DDEBUG -DUSE_HAL_DRIVER -DSTM32N657xx -c -I../Core/Inc -I../../Drivers/STM32N6xx_HAL_Driver/Inc -I../../Drivers/CMSIS/Device/ST/STM32N6xx/Include -I../../Drivers/STM32N6xx_HAL_Driver/Inc/Legacy -I../../Drivers/CMSIS/Include -I../../Middlewares/ST/STM32_ExtMem_Manager -I../../Middlewares/ST/STM32_ExtMem_Manager/boot -I../../Middlewares/ST/STM32_ExtMem_Manager/sal -I../../Middlewares/ST/STM32_ExtMem_Manager/nor_sfdp -I../../Middlewares/ST/STM32_ExtMem_Manager/psram -I../../Middlewares/ST/STM32_ExtMem_Manager/sdcard -I../../Middlewares/ST/STM32_ExtMem_Manager/user -O0 -ffunction-sections -fdata-sections -Wall -fstack-usage -fcyclomatic-complexity -mcmse -MMD -MP -MF"Core/Src/main.d" -MT"Core/Src/main.o" --specs=nano.specs -mfpu=fpv5-d16 -mfloat-abi=hard -mthumb -o "Core/Src/main.o"
arm-none-eabi-gcc "../Core/Src/stm32n6xx_hal_msp.c" -mcpu=cortex-m55 -std=gnu11 -g3 -DDEBUG -DUSE_HAL_DRIVER -DSTM32N657xx -c -I../Core/Inc -I../../Drivers/STM32N6xx_HAL_Driver/Inc -I../../Drivers/CMSIS/Device/ST/STM32N6xx/Include -I../../Drivers/STM32N6xx_HAL_Driver/Inc/Legacy -I../../Drivers/CMSIS/Include -I../../Middlewares/ST/STM32_ExtMem_Manager -I../../Middlewares/ST/STM32_ExtMem_Manager/boot -I../../Middlewares/ST/STM32_ExtMem_Manager/sal -I../../Middlewares/ST/STM32_ExtMem_Manager/nor_sfdp -I../../Middlewares/ST/STM32_ExtMem_Manager/psram -I../../Middlewares/ST/STM32_ExtMem_Manager/sdcard -I../../Middlewares/ST/STM32_ExtMem_Manager/user -O0 -ffunction-sections -fdata-sections -Wall -fstack-usage -fcyclomatic-complexity -mcmse -MMD -MP -MF"Core/Src/stm32n6xx_hal_msp.d" -MT"Core/Src/stm32n6xx_hal_msp.o" --specs=nano.specs -mfpu=fpv5-d16 -mfloat-abi=hard -mthumb -o "Core/Src/stm32n6xx_hal_msp.o"
arm-none-eabi-gcc "../Core/Src/stm32n6xx_it.c" -mcpu=cortex-m55 -std=gnu11 -g3 -DDEBUG -DUSE_HAL_DRIVER -DSTM32N657xx -c -I../Core/Inc -I../../Drivers/STM32N6xx_HAL_Driver/Inc -I../../Drivers/CMSIS/Device/ST/STM32N6xx/Include -I../../Drivers/STM32N6xx_HAL_Driver/Inc/Legacy -I../../Drivers/CMSIS/Include -I../../Middlewares/ST/STM32_ExtMem_Manager -I../../Middlewares/ST/STM32_ExtMem_Manager/boot -I../../Middlewares/ST/STM32_ExtMem_Manager/sal -I../../Middlewares/ST/STM32_ExtMem_Manager/nor_sfdp -I../../Middlewares/ST/STM32_ExtMem_Manager/psram -I../../Middlewares/ST/STM32_ExtMem_Manager/sdcard -I../../Middlewares/ST/STM32_ExtMem_Manager/user -O0 -ffunction-sections -fdata-sections -Wall -fstack-usage -fcyclomatic-complexity -mcmse -MMD -MP -MF"Core/Src/stm32n6xx_it.d" -MT"Core/Src/stm32n6xx_it.o" --specs=nano.specs -mfpu=fpv5-d16 -mfloat-abi=hard -mthumb -o "Core/Src/stm32n6xx_it.o"
arm-none-eabi-gcc "../Core/Src/syscalls.c" -mcpu=cortex-m55 -std=gnu11 -g3 -DDEBUG -DUSE_HAL_DRIVER -DSTM32N657xx -c -I../Core/Inc -I../../Drivers/STM32N6xx_HAL_Driver/Inc -I../../Drivers/CMSIS/Device/ST/STM32N6xx/Include -I../../Drivers/STM32N6xx_HAL_Driver/Inc/Legacy -I../../Drivers/CMSIS/Include -I../../Middlewares/ST/STM32_ExtMem_Manager -I../../Middlewares/ST/STM32_ExtMem_Manager/boot -I../../Middlewares/ST/STM32_ExtMem_Manager/sal -I../../Middlewares/ST/STM32_ExtMem_Manager/nor_sfdp -I../../Middlewares/ST/STM32_ExtMem_Manager/psram -I../../Middlewares/ST/STM32_ExtMem_Manager/sdcard -I../../Middlewares/ST/STM32_ExtMem_Manager/user -O0 -ffunction-sections -fdata-sections -Wall -fstack-usage -fcyclomatic-complexity -mcmse -MMD -MP -MF"Core/Src/syscalls.d" -MT"Core/Src/syscalls.o" --specs=nano.specs -mfpu=fpv5-d16 -mfloat-abi=hard -mthumb -o "Core/Src/syscalls.o"
arm-none-eabi-gcc "../Core/Src/sysmem.c" -mcpu=cortex-m55 -std=gnu11 -g3 -DDEBUG -DUSE_HAL_DRIVER -DSTM32N657xx -c -I../Core/Inc -I../../Drivers/STM32N6xx_HAL_Driver/Inc -I../../Drivers/CMSIS/Device/ST/STM32N6xx/Include -I../../Drivers/STM32N6xx_HAL_Driver/Inc/Legacy -I../../Drivers/CMSIS/Include -I../../Middlewares/ST/STM32_ExtMem_Manager -I../../Middlewares/ST/STM32_ExtMem_Manager/boot -I../../Middlewares/ST/STM32_ExtMem_Manager/sal -I../../Middlewares/ST/STM32_ExtMem_Manager/nor_sfdp -I../../Middlewares/ST/STM32_ExtMem_Manager/psram -I../../Middlewares/ST/STM32_ExtMem_Manager/sdcard -I../../Middlewares/ST/STM32_ExtMem_Manager/user -O0 -ffunction-sections -fdata-sections -Wall -fstack-usage -fcyclomatic-complexity -mcmse -MMD -MP -MF"Core/Src/sysmem.d" -MT"Core/Src/sysmem.o" --specs=nano.specs -mfpu=fpv5-d16 -mfloat-abi=hard -mthumb -o "Core/Src/sysmem.o"
arm-none-eabi-gcc "../Core/Src/system_stm32n6xx_fsbl.c" -mcpu=cortex-m55 -std=gnu11 -g3 -DDEBUG -DUSE_HAL_DRIVER -DSTM32N657xx -c -I../Core/Inc -I../../Drivers/STM32N6xx_HAL_Driver/Inc -I../../Drivers/CMSIS/Device/ST/STM32N6xx/Include -I../../Drivers/STM32N6xx_HAL_Driver/Inc/Legacy -I../../Drivers/CMSIS/Include -I../../Middlewares/ST/STM32_ExtMem_Manager -I../../Middlewares/ST/STM32_ExtMem_Manager/boot -I../../Middlewares/ST/STM32_ExtMem_Manager/sal -I../../Middlewares/ST/STM32_ExtMem_Manager/nor_sfdp -I../../Middlewares/ST/STM32_ExtMem_Manager/psram -I../../Middlewares/ST/STM32_ExtMem_Manager/sdcard -I../../Middlewares/ST/STM32_ExtMem_Manager/user -O0 -ffunction-sections -fdata-sections -Wall -fstack-usage -fcyclomatic-complexity -mcmse -MMD -MP -MF"Core/Src/system_stm32n6xx_fsbl.d" -MT"Core/Src/system_stm32n6xx_fsbl.o" --specs=nano.specs -mfpu=fpv5-d16 -mfloat-abi=hard -mthumb -o "Core/Src/system_stm32n6xx_fsbl.o"
arm-none-eabi-gcc -o "AB_LSTM_FSBL.elf" @"objects.list"   -mcpu=cortex-m55 -T"C:\ST\AB_LSTM\AB_LSTM\FSBL\STM32N657X0HXQ_AXISRAM2_fsbl.ld" --specs=nosys.specs -Wl,-Map="AB_LSTM_FSBL.map" -Wl,--gc-sections -static -Wl,--cmse-implib -Wl,--out-implib=./secure_nsclib.o --specs=nano.specs -mfpu=fpv5-d16 -mfloat-abi=hard -mthumb -Wl,--start-group -lc -lm -Wl,--end-group
Finished building target: AB_LSTM_FSBL.elf
 
arm-none-eabi-size  AB_LSTM_FSBL.elf 
arm-none-eabi-objdump -h -S AB_LSTM_FSBL.elf  > "AB_LSTM_FSBL.list"
   text	   data	    bss	    dec	    hex	filename
  61752	     12	   3268	  65032	   fe08	AB_LSTM_FSBL.elf
arm-none-eabi-objcopy  -O binary AB_LSTM_FSBL.elf  "AB_LSTM_FSBL.bin"
Finished building: default.size.stdout
 
Finished building: AB_LSTM_FSBL.list
Finished building: AB_LSTM_FSBL.bin
 
 
cd "C:/ST/AB_LSTM/AB_LSTM/FSBL/Debug"
echo y | "C:\Program Files\STMicroelectronics\STM32Cube\STM32CubeProgrammer\bin\STM32_SigningTool_CLI.exe" -bin "AB_LSTM_FSBL.bin" -nk -of 0x80000000 -t fsbl -o "AB_LSTM_FSBL-Trusted.bin" -hv 2.3 -dump "AB_LSTM_FSBL-Trusted.bin"
      -------------------------------------------------------------------
                          STM32 Signing Tool v2.19.0                   
      -------------------------------------------------------------------

Do you want to replace this file: AB_LSTM_FSBL-Trusted.bin ? (y/n)
Adding head padding bytes for payload with header v2.3
Header version 2.3 preparation... 
Extracting Entry point value from the input file...
Entry point value : 0x34181489
The headred image file generated successfully: AB_LSTM_FSBL-Trusted.bin

Header description:

    Magic: 0x53544d32
    Signature: 00 00 00 00 00 00 00 00 00 00 00 00 00 00 00 00 00 00 00 00 00 00 00 00 00 00 00 00 00 00 00 00 
               00 00 00 00 00 00 00 00 00 00 00 00 00 00 00 00 00 00 00 00 00 00 00 00 00 00 00 00 00 00 00 00 
               00 00 00 00 00 00 00 00 00 00 00 00 00 00 00 00 00 00 00 00 00 00 00 00 00 00 00 00 00 00 00 00 
    Checksum: 0x6afb1c
    Header version: 0x20300
    Size: 0xf320
    Load address: 0xffffffff
    Entry point: 0x34181489
    Image version: 0x0
    Extension: 0x80000000

Pad header detected:
    Type: 0x5354ffff
    Size: 0x1a0
    Padding values: cb c9 b4 4b a3 48 6e 56 05 66 3c 9d 0b 50 5a 75 27 32 4f f6 a9 05 4b 4f 78 3c f0 56 57 af 4d 

                    88 22 82 c6 6b aa b5 92 30 23 09 cd ce 5b a3 48 10 0e f0 ba 22 e0 d9 06 5f 3b 17 7f 6c 03 eb 

                    45 03 9e 5e 0c f5 4c 8f 64 2a 50 67 3e 3d e9 59 e4 b2 2b f5 9e b7 87 0d db a8 b6 73 7c eb a7 

                    8e 02 ab d7 c2 01 72 c6 52 b8 3b c1 68 1d 2e a1 3e ca d9 5b de bf b8 0b 31 1f 36 a5 f1 2c 5f 

                    93 c5 96 b9 cd c7 eb 7d 6a 3f 35 24 c3 81 b6 c1 7f 70 96 be 14 66 66 12 d1 df 32 f0 f1 9f 12 

                    b1 3c b2 ea 8e dc f9 3d 46 67 ac 21 b9 bd a9 e4 37 54 70 71 9e a8 c6 92 b3 38 d8 d0 8c f4 46 

                    8e 23 a7 a8 e2 d8 8f 2b 6b ae 03 79 66 d4 7b e6 98 74 d1 b7 72 a3 83 0d f4 c2 50 34 d4 b2 a1 

                    9d bb 13 c7 79 6f 87 f0 38 32 46 97 f5 c1 5a eb 36 6e c5 b4 72 27 28 30 07 d1 fb 12 6c 31 f5 

                    34 d2 5b 51 c6 c9 86 da 14 f5 7b 0b 02 a0 b8 79 8d b3 ff c7 be 71 23 77 13 75 01 f6 86 74 93 

                    b9 84 06 02 ea ce 55 b5 27 45 35 15 1b a4 f1 7c 31 a5 50 cd 47 63 26 07 37 17 62 c2 bd f5 5e 

                    0e 83 c8 65 ee 51 2f 75 8e 5c 46 85 a0 13 34 d9 e7 3c 73 85 a0 50 de f8 6c f1 93 8a 1b be 68 

                    bd 07 2f 70 9e c1 d3 d3 da ff e6 0a 0a 7a 22 aa 7c 51 ff 96 f9 01 da b9 f4 14 e2 92 04 11 07 

                    65 c4 cc 3e e9 b4 fc e6 00 00 02 00 0b cf 7e 2e 65 c3 06 00 10 ae 05 01 00 00 00 00 50 8d 05 

                    01 00 00 00 00 

Post header 2.3 information :
    Binary type: 0x10
    Non authenticated payload length: 0x0
    Non authenticated payload hash: 0x0


 

15:12:41 Build Finished. 0 errors, 0 warnings. (took 8s.421ms)

