17:41:23 **** Build of configuration Debug for project AB_LSTM_ExtMemLoader ****
make -j20 all 
arm-none-eabi-gcc "C:/ST/AB_LSTM/AB_LSTM/Drivers/STM32N6xx_HAL_Driver/Src/stm32n6xx_hal.c" -mcpu=cortex-m55 -std=gnu11 -g3 -DDEBUG -DSTM32N657xx -DUSE_HAL_DRIVER -c -I../Core/Inc -I../../Secure_nsclib -I../../Drivers/STM32N6xx_HAL_Driver/Inc -I../../Drivers/CMSIS/Device/ST/STM32N6xx/Include -I../../Drivers/STM32N6xx_HAL_Driver/Inc/Legacy -I../../Drivers/CMSIS/Include -O0 -ffunction-sections -fdata-sections -Wall -fstack-usage -fcyclomatic-complexity -mcmse -MMD -MP -MF"Drivers/STM32N6xx_HAL_Driver/stm32n6xx_hal.d" -MT"Drivers/STM32N6xx_HAL_Driver/stm32n6xx_hal.o" --specs=nano.specs -mfpu=fpv5-d16 -mfloat-abi=hard -mthumb -o "Drivers/STM32N6xx_HAL_Driver/stm32n6xx_hal.o"
arm-none-eabi-gcc "C:/ST/AB_LSTM/AB_LSTM/Drivers/STM32N6xx_HAL_Driver/Src/stm32n6xx_hal_cortex.c" -mcpu=cortex-m55 -std=gnu11 -g3 -DDEBUG -DSTM32N657xx -DUSE_HAL_DRIVER -c -I../Core/Inc -I../../Secure_nsclib -I../../Drivers/STM32N6xx_HAL_Driver/Inc -I../../Drivers/CMSIS/Device/ST/STM32N6xx/Include -I../../Drivers/STM32N6xx_HAL_Driver/Inc/Legacy -I../../Drivers/CMSIS/Include -O0 -ffunction-sections -fdata-sections -Wall -fstack-usage -fcyclomatic-complexity -mcmse -MMD -MP -MF"Drivers/STM32N6xx_HAL_Driver/stm32n6xx_hal_cortex.d" -MT"Drivers/STM32N6xx_HAL_Driver/stm32n6xx_hal_cortex.o" --specs=nano.specs -mfpu=fpv5-d16 -mfloat-abi=hard -mthumb -o "Drivers/STM32N6xx_HAL_Driver/stm32n6xx_hal_cortex.o"
arm-none-eabi-gcc "C:/ST/AB_LSTM/AB_LSTM/Drivers/STM32N6xx_HAL_Driver/Src/stm32n6xx_hal_dma.c" -mcpu=cortex-m55 -std=gnu11 -g3 -DDEBUG -DSTM32N657xx -DUSE_HAL_DRIVER -c -I../Core/Inc -I../../Secure_nsclib -I../../Drivers/STM32N6xx_HAL_Driver/Inc -I../../Drivers/CMSIS/Device/ST/STM32N6xx/Include -I../../Drivers/STM32N6xx_HAL_Driver/Inc/Legacy -I../../Drivers/CMSIS/Include -O0 -ffunction-sections -fdata-sections -Wall -fstack-usage -fcyclomatic-complexity -mcmse -MMD -MP -MF"Drivers/STM32N6xx_HAL_Driver/stm32n6xx_hal_dma.d" -MT"Drivers/STM32N6xx_HAL_Driver/stm32n6xx_hal_dma.o" --specs=nano.specs -mfpu=fpv5-d16 -mfloat-abi=hard -mthumb -o "Drivers/STM32N6xx_HAL_Driver/stm32n6xx_hal_dma.o"
arm-none-eabi-gcc "C:/ST/AB_LSTM/AB_LSTM/Drivers/STM32N6xx_HAL_Driver/Src/stm32n6xx_hal_dma_ex.c" -mcpu=cortex-m55 -std=gnu11 -g3 -DDEBUG -DSTM32N657xx -DUSE_HAL_DRIVER -c -I../Core/Inc -I../../Secure_nsclib -I../../Drivers/STM32N6xx_HAL_Driver/Inc -I../../Drivers/CMSIS/Device/ST/STM32N6xx/Include -I../../Drivers/STM32N6xx_HAL_Driver/Inc/Legacy -I../../Drivers/CMSIS/Include -O0 -ffunction-sections -fdata-sections -Wall -fstack-usage -fcyclomatic-complexity -mcmse -MMD -MP -MF"Drivers/STM32N6xx_HAL_Driver/stm32n6xx_hal_dma_ex.d" -MT"Drivers/STM32N6xx_HAL_Driver/stm32n6xx_hal_dma_ex.o" --specs=nano.specs -mfpu=fpv5-d16 -mfloat-abi=hard -mthumb -o "Drivers/STM32N6xx_HAL_Driver/stm32n6xx_hal_dma_ex.o"
arm-none-eabi-gcc "C:/ST/AB_LSTM/AB_LSTM/Drivers/STM32N6xx_HAL_Driver/Src/stm32n6xx_hal_exti.c" -mcpu=cortex-m55 -std=gnu11 -g3 -DDEBUG -DSTM32N657xx -DUSE_HAL_DRIVER -c -I../Core/Inc -I../../Secure_nsclib -I../../Drivers/STM32N6xx_HAL_Driver/Inc -I../../Drivers/CMSIS/Device/ST/STM32N6xx/Include -I../../Drivers/STM32N6xx_HAL_Driver/Inc/Legacy -I../../Drivers/CMSIS/Include -O0 -ffunction-sections -fdata-sections -Wall -fstack-usage -fcyclomatic-complexity -mcmse -MMD -MP -MF"Drivers/STM32N6xx_HAL_Driver/stm32n6xx_hal_exti.d" -MT"Drivers/STM32N6xx_HAL_Driver/stm32n6xx_hal_exti.o" --specs=nano.specs -mfpu=fpv5-d16 -mfloat-abi=hard -mthumb -o "Drivers/STM32N6xx_HAL_Driver/stm32n6xx_hal_exti.o"
arm-none-eabi-gcc "C:/ST/AB_LSTM/AB_LSTM/Drivers/STM32N6xx_HAL_Driver/Src/stm32n6xx_hal_gpio.c" -mcpu=cortex-m55 -std=gnu11 -g3 -DDEBUG -DSTM32N657xx -DUSE_HAL_DRIVER -c -I../Core/Inc -I../../Secure_nsclib -I../../Drivers/STM32N6xx_HAL_Driver/Inc -I../../Drivers/CMSIS/Device/ST/STM32N6xx/Include -I../../Drivers/STM32N6xx_HAL_Driver/Inc/Legacy -I../../Drivers/CMSIS/Include -O0 -ffunction-sections -fdata-sections -Wall -fstack-usage -fcyclomatic-complexity -mcmse -MMD -MP -MF"Drivers/STM32N6xx_HAL_Driver/stm32n6xx_hal_gpio.d" -MT"Drivers/STM32N6xx_HAL_Driver/stm32n6xx_hal_gpio.o" --specs=nano.specs -mfpu=fpv5-d16 -mfloat-abi=hard -mthumb -o "Drivers/STM32N6xx_HAL_Driver/stm32n6xx_hal_gpio.o"
arm-none-eabi-gcc "C:/ST/AB_LSTM/AB_LSTM/Drivers/STM32N6xx_HAL_Driver/Src/stm32n6xx_hal_pwr.c" -mcpu=cortex-m55 -std=gnu11 -g3 -DDEBUG -DSTM32N657xx -DUSE_HAL_DRIVER -c -I../Core/Inc -I../../Secure_nsclib -I../../Drivers/STM32N6xx_HAL_Driver/Inc -I../../Drivers/CMSIS/Device/ST/STM32N6xx/Include -I../../Drivers/STM32N6xx_HAL_Driver/Inc/Legacy -I../../Drivers/CMSIS/Include -O0 -ffunction-sections -fdata-sections -Wall -fstack-usage -fcyclomatic-complexity -mcmse -MMD -MP -MF"Drivers/STM32N6xx_HAL_Driver/stm32n6xx_hal_pwr.d" -MT"Drivers/STM32N6xx_HAL_Driver/stm32n6xx_hal_pwr.o" --specs=nano.specs -mfpu=fpv5-d16 -mfloat-abi=hard -mthumb -o "Drivers/STM32N6xx_HAL_Driver/stm32n6xx_hal_pwr.o"
arm-none-eabi-gcc "C:/ST/AB_LSTM/AB_LSTM/Drivers/STM32N6xx_HAL_Driver/Src/stm32n6xx_hal_pwr_ex.c" -mcpu=cortex-m55 -std=gnu11 -g3 -DDEBUG -DSTM32N657xx -DUSE_HAL_DRIVER -c -I../Core/Inc -I../../Secure_nsclib -I../../Drivers/STM32N6xx_HAL_Driver/Inc -I../../Drivers/CMSIS/Device/ST/STM32N6xx/Include -I../../Drivers/STM32N6xx_HAL_Driver/Inc/Legacy -I../../Drivers/CMSIS/Include -O0 -ffunction-sections -fdata-sections -Wall -fstack-usage -fcyclomatic-complexity -mcmse -MMD -MP -MF"Drivers/STM32N6xx_HAL_Driver/stm32n6xx_hal_pwr_ex.d" -MT"Drivers/STM32N6xx_HAL_Driver/stm32n6xx_hal_pwr_ex.o" --specs=nano.specs -mfpu=fpv5-d16 -mfloat-abi=hard -mthumb -o "Drivers/STM32N6xx_HAL_Driver/stm32n6xx_hal_pwr_ex.o"
arm-none-eabi-gcc "C:/ST/AB_LSTM/AB_LSTM/Drivers/STM32N6xx_HAL_Driver/Src/stm32n6xx_hal_rcc.c" -mcpu=cortex-m55 -std=gnu11 -g3 -DDEBUG -DSTM32N657xx -DUSE_HAL_DRIVER -c -I../Core/Inc -I../../Secure_nsclib -I../../Drivers/STM32N6xx_HAL_Driver/Inc -I../../Drivers/CMSIS/Device/ST/STM32N6xx/Include -I../../Drivers/STM32N6xx_HAL_Driver/Inc/Legacy -I../../Drivers/CMSIS/Include -O0 -ffunction-sections -fdata-sections -Wall -fstack-usage -fcyclomatic-complexity -mcmse -MMD -MP -MF"Drivers/STM32N6xx_HAL_Driver/stm32n6xx_hal_rcc.d" -MT"Drivers/STM32N6xx_HAL_Driver/stm32n6xx_hal_rcc.o" --specs=nano.specs -mfpu=fpv5-d16 -mfloat-abi=hard -mthumb -o "Drivers/STM32N6xx_HAL_Driver/stm32n6xx_hal_rcc.o"
arm-none-eabi-gcc "C:/ST/AB_LSTM/AB_LSTM/Drivers/STM32N6xx_HAL_Driver/Src/stm32n6xx_hal_rcc_ex.c" -mcpu=cortex-m55 -std=gnu11 -g3 -DDEBUG -DSTM32N657xx -DUSE_HAL_DRIVER -c -I../Core/Inc -I../../Secure_nsclib -I../../Drivers/STM32N6xx_HAL_Driver/Inc -I../../Drivers/CMSIS/Device/ST/STM32N6xx/Include -I../../Drivers/STM32N6xx_HAL_Driver/Inc/Legacy -I../../Drivers/CMSIS/Include -O0 -ffunction-sections -fdata-sections -Wall -fstack-usage -fcyclomatic-complexity -mcmse -MMD -MP -MF"Drivers/STM32N6xx_HAL_Driver/stm32n6xx_hal_rcc_ex.d" -MT"Drivers/STM32N6xx_HAL_Driver/stm32n6xx_hal_rcc_ex.o" --specs=nano.specs -mfpu=fpv5-d16 -mfloat-abi=hard -mthumb -o "Drivers/STM32N6xx_HAL_Driver/stm32n6xx_hal_rcc_ex.o"
arm-none-eabi-gcc "../Core/Src/extmem_manager.c" -mcpu=cortex-m55 -std=gnu11 -g3 -DDEBUG -DSTM32N657xx -DUSE_HAL_DRIVER -c -I../Core/Inc -I../../Secure_nsclib -I../../Drivers/STM32N6xx_HAL_Driver/Inc -I../../Drivers/CMSIS/Device/ST/STM32N6xx/Include -I../../Drivers/STM32N6xx_HAL_Driver/Inc/Legacy -I../../Drivers/CMSIS/Include -O0 -ffunction-sections -fdata-sections -Wall -fstack-usage -fcyclomatic-complexity -mcmse -MMD -MP -MF"Core/Src/extmem_manager.d" -MT"Core/Src/extmem_manager.o" --specs=nano.specs -mfpu=fpv5-d16 -mfloat-abi=hard -mthumb -o "Core/Src/extmem_manager.o"
arm-none-eabi-gcc "../Core/Src/extmemloader_init.c" -mcpu=cortex-m55 -std=gnu11 -g3 -DDEBUG -DSTM32N657xx -DUSE_HAL_DRIVER -c -I../Core/Inc -I../../Secure_nsclib -I../../Drivers/STM32N6xx_HAL_Driver/Inc -I../../Drivers/CMSIS/Device/ST/STM32N6xx/Include -I../../Drivers/STM32N6xx_HAL_Driver/Inc/Legacy -I../../Drivers/CMSIS/Include -O0 -ffunction-sections -fdata-sections -Wall -fstack-usage -fcyclomatic-complexity -mcmse -MMD -MP -MF"Core/Src/extmemloader_init.d" -MT"Core/Src/extmemloader_init.o" --specs=nano.specs -mfpu=fpv5-d16 -mfloat-abi=hard -mthumb -o "Core/Src/extmemloader_init.o"
In file included from ../../Drivers/STM32N6xx_HAL_Driver/Inc/stm32n6xx_hal.h:29,
                 from C:/ST/AB_LSTM/AB_LSTM/Drivers/STM32N6xx_HAL_Driver/Src/stm32n6xx_hal.c:45:
../Core/Inc/stm32n6xx_hal_conf.h:256:10: fatal error: stm32n6xx_hal_bsec.h: No such file or directory
  256 | #include "stm32n6xx_hal_bsec.h"
      |          ^~~~~~~~~~~~~~~~~~~~~~
compilation terminated.
In file included from ../../Drivers/STM32N6xx_HAL_Driver/Inc/stm32n6xx_hal.h:29,
                 from C:/ST/AB_LSTM/AB_LSTM/Drivers/STM32N6xx_HAL_Driver/Src/stm32n6xx_hal_cortex.c:158:
../Core/Inc/stm32n6xx_hal_conf.h:256:10: fatal error: stm32n6xx_hal_bsec.h: No such file or directory
  256 | #include "stm32n6xx_hal_bsec.h"
      |          ^~~~~~~~~~~~~~~~~~~~~~
compilation terminated.
make[1]: *** [Drivers/STM32N6xx_HAL_Driver/subdir.mk:46: Drivers/STM32N6xx_HAL_Driver/stm32n6xx_hal.o] Error 1
make[1]: *** Waiting for unfinished jobs....
make[1]: *** [Drivers/STM32N6xx_HAL_Driver/subdir.mk:48: Drivers/STM32N6xx_HAL_Driver/stm32n6xx_hal_cortex.o] Error 1
In file included from ../../Drivers/STM32N6xx_HAL_Driver/Inc/stm32n6xx_hal.h:29,
                 from C:/ST/AB_LSTM/AB_LSTM/Drivers/STM32N6xx_HAL_Driver/Src/stm32n6xx_hal_dma.c:219:
../Core/Inc/stm32n6xx_hal_conf.h:256:10: fatal error: stm32n6xx_hal_bsec.h: No such file or directory
  256 | #include "stm32n6xx_hal_bsec.h"
      |          ^~~~~~~~~~~~~~~~~~~~~~
compilation terminated.
make[1]: *** [Drivers/STM32N6xx_HAL_Driver/subdir.mk:50: Drivers/STM32N6xx_HAL_Driver/stm32n6xx_hal_dma.o] Error 1
In file included from ../../Drivers/STM32N6xx_HAL_Driver/Inc/stm32n6xx_hal.h:29,
                 from C:/ST/AB_LSTM/AB_LSTM/Drivers/STM32N6xx_HAL_Driver/Src/stm32n6xx_hal_dma_ex.c:521:
../Core/Inc/stm32n6xx_hal_conf.h:256:10: fatal error: stm32n6xx_hal_bsec.h: No such file or directory
  256 | #include "stm32n6xx_hal_bsec.h"
      |          ^~~~~~~~~~~~~~~~~~~~~~
compilation terminated.
make[1]: *** [Drivers/STM32N6xx_HAL_Driver/subdir.mk:52: Drivers/STM32N6xx_HAL_Driver/stm32n6xx_hal_dma_ex.o] Error 1
In file included from ../../Drivers/STM32N6xx_HAL_Driver/Inc/stm32n6xx_hal.h:29,
                 from C:/ST/AB_LSTM/AB_LSTM/Drivers/STM32N6xx_HAL_Driver/Src/stm32n6xx_hal_exti.c:87:
../Core/Inc/stm32n6xx_hal_conf.h:256:10: fatal error: stm32n6xx_hal_bsec.h: No such file or directory
  256 | #include "stm32n6xx_hal_bsec.h"
      |          ^~~~~~~~~~~~~~~~~~~~~~
compilation terminated.
make[1]: *** [Drivers/STM32N6xx_HAL_Driver/subdir.mk:54: Drivers/STM32N6xx_HAL_Driver/stm32n6xx_hal_exti.o] Error 1
In file included from ../../Drivers/STM32N6xx_HAL_Driver/Inc/stm32n6xx_hal.h:29,
                 from C:/ST/AB_LSTM/AB_LSTM/Drivers/STM32N6xx_HAL_Driver/Src/stm32n6xx_hal_gpio.c:108:
../Core/Inc/stm32n6xx_hal_conf.h:256:10: fatal error: stm32n6xx_hal_bsec.h: No such file or directory
  256 | #include "stm32n6xx_hal_bsec.h"
      |          ^~~~~~~~~~~~~~~~~~~~~~
compilation terminated.
make[1]: *** [Drivers/STM32N6xx_HAL_Driver/subdir.mk:56: Drivers/STM32N6xx_HAL_Driver/stm32n6xx_hal_gpio.o] Error 1
In file included from ../../Drivers/STM32N6xx_HAL_Driver/Inc/stm32n6xx_hal.h:29,
                 from C:/ST/AB_LSTM/AB_LSTM/Drivers/STM32N6xx_HAL_Driver/Src/stm32n6xx_hal_pwr_ex.c:159:
../Core/Inc/stm32n6xx_hal_conf.h:256:10: fatal error: stm32n6xx_hal_bsec.h: No such file or directory
  256 | #include "stm32n6xx_hal_bsec.h"
      |          ^~~~~~~~~~~~~~~~~~~~~~
compilation terminated.
make[1]: *** [Drivers/STM32N6xx_HAL_Driver/subdir.mk:60: Drivers/STM32N6xx_HAL_Driver/stm32n6xx_hal_pwr_ex.o] Error 1
In file included from ../../Drivers/STM32N6xx_HAL_Driver/Inc/stm32n6xx_hal.h:29,
                 from C:/ST/AB_LSTM/AB_LSTM/Drivers/STM32N6xx_HAL_Driver/Src/stm32n6xx_hal_pwr.c:107:
../Core/Inc/stm32n6xx_hal_conf.h:256:10: fatal error: stm32n6xx_hal_bsec.h: No such file or directory
  256 | #include "stm32n6xx_hal_bsec.h"
      |          ^~~~~~~~~~~~~~~~~~~~~~
compilation terminated.
make[1]: *** [Drivers/STM32N6xx_HAL_Driver/subdir.mk:58: Drivers/STM32N6xx_HAL_Driver/stm32n6xx_hal_pwr.o] Error 1
In file included from ../../Drivers/STM32N6xx_HAL_Driver/Inc/stm32n6xx_hal.h:29,
                 from C:/ST/AB_LSTM/AB_LSTM/Drivers/STM32N6xx_HAL_Driver/Src/stm32n6xx_hal_rcc.c:73:
../Core/Inc/stm32n6xx_hal_conf.h:256:10: fatal error: stm32n6xx_hal_bsec.h: No such file or directory
  256 | #include "stm32n6xx_hal_bsec.h"
      |          ^~~~~~~~~~~~~~~~~~~~~~
compilation terminated.
make[1]: *** [Drivers/STM32N6xx_HAL_Driver/subdir.mk:62: Drivers/STM32N6xx_HAL_Driver/stm32n6xx_hal_rcc.o] Error 1
In file included from ../../Drivers/STM32N6xx_HAL_Driver/Inc/stm32n6xx_hal.h:29,
                 from C:/ST/AB_LSTM/AB_LSTM/Drivers/STM32N6xx_HAL_Driver/Src/stm32n6xx_hal_rcc_ex.c:24:
../Core/Inc/stm32n6xx_hal_conf.h:256:10: fatal error: stm32n6xx_hal_bsec.h: No such file or directory
  256 | #include "stm32n6xx_hal_bsec.h"
      |          ^~~~~~~~~~~~~~~~~~~~~~
compilation terminated.
make[1]: *** [Drivers/STM32N6xx_HAL_Driver/subdir.mk:64: Drivers/STM32N6xx_HAL_Driver/stm32n6xx_hal_rcc_ex.o] Error 1
In file included from ../../Drivers/STM32N6xx_HAL_Driver/Inc/stm32n6xx_hal.h:29,
                 from ../Core/Inc/stm32_extmem_conf.h:43,
                 from ../Core/Inc/extmem_manager.h:30,
                 from ../Core/Src/extmem_manager.c:22:
../Core/Inc/stm32n6xx_hal_conf.h:256:10: fatal error: stm32n6xx_hal_bsec.h: No such file or directory
  256 | #include "stm32n6xx_hal_bsec.h"
      |          ^~~~~~~~~~~~~~~~~~~~~~
compilation terminated.
make[1]: *** [Core/Src/subdir.mk:34: Core/Src/extmem_manager.o] Error 1
In file included from ../../Drivers/STM32N6xx_HAL_Driver/Inc/stm32n6xx_hal.h:29,
                 from ../Core/Inc/extmemloader_init.h:27,
                 from ../Core/Src/extmemloader_init.c:22:
../Core/Inc/stm32n6xx_hal_conf.h:256:10: fatal error: stm32n6xx_hal_bsec.h: No such file or directory
  256 | #include "stm32n6xx_hal_bsec.h"
      |          ^~~~~~~~~~~~~~~~~~~~~~
compilation terminated.
make[1]: *** [Core/Src/subdir.mk:34: Core/Src/extmemloader_init.o] Error 1
make: *** [makefile:60: all] Error 2
"make -j20 all" terminated with exit code 2. Build might be incomplete.

17:41:26 Build Failed. 26 errors, 0 warnings. (took 2s.193ms)

