13:40:52 **** Incremental Build of configuration Debug for project AB_LSTM_Appli ****
make -j20 all 
arm-none-eabi-gcc "../X-CUBE-AI/App/app_x-cube-ai.c" -mcpu=cortex-m55 -std=gnu11 -g3 -DDEBUG -DUSE_HAL_DRIVER -DSTM32N657xx -DUSE_NUCLEO_64 -c -I../Core/Inc -I../../Secure_nsclib -I../../Drivers/STM32N6xx_HAL_Driver/Inc -I../../Drivers/CMSIS/Device/ST/STM32N6xx/Include -I../../Drivers/STM32N6xx_HAL_Driver/Inc/Legacy -I../../Drivers/CMSIS/Include -I"C:/ST/AB_LSTM/AB_LSTM/Appli/X-CUBE-AI/App" -I../../Middlewares/ST/AI/Inc -I../X-CUBE-AI/App -I../X-CUBE-AI -I../../Drivers/BSP/STM32N6xx_Nucleo -O3 -ffunction-sections -fdata-sections -Wall -fstack-usage -fcyclomatic-complexity -mcmse -MMD -MP -MF"X-CUBE-AI/App/app_x-cube-ai.d" -MT"X-CUBE-AI/App/app_x-cube-ai.o" --specs=nano.specs -mfpu=fpv5-d16 -mfloat-abi=hard -mthumb -o "X-CUBE-AI/App/app_x-cube-ai.o"
arm-none-eabi-gcc "../Core/Src/main.c" -mcpu=cortex-m55 -std=gnu11 -g3 -DDEBUG -DUSE_HAL_DRIVER -DSTM32N657xx -DUSE_NUCLEO_64 -c -I../Core/Inc -I../../Secure_nsclib -I../../Drivers/STM32N6xx_HAL_Driver/Inc -I../../Drivers/CMSIS/Device/ST/STM32N6xx/Include -I../../Drivers/STM32N6xx_HAL_Driver/Inc/Legacy -I../../Drivers/CMSIS/Include -I"C:/ST/AB_LSTM/AB_LSTM/Appli/X-CUBE-AI/App" -I../../Middlewares/ST/AI/Inc -I../X-CUBE-AI/App -I../X-CUBE-AI -I../../Drivers/BSP/STM32N6xx_Nucleo -O3 -ffunction-sections -fdata-sections -Wall -fstack-usage -fcyclomatic-complexity -mcmse -MMD -MP -MF"Core/Src/main.d" -MT"Core/Src/main.o" --specs=nano.specs -mfpu=fpv5-d16 -mfloat-abi=hard -mthumb -o "Core/Src/main.o"
../X-CUBE-AI/App/app_x-cube-ai.c:262:13: warning: 'apply_thresholds' defined but not used [-Wunused-function]
  262 | static void apply_thresholds(void)
      |             ^~~~~~~~~~~~~~~~
arm-none-eabi-gcc -o "AB_LSTM_Appli.elf" @"objects.list"  -l:NetworkRuntime1020_CM55_GCC.a -mcpu=cortex-m55 -T"C:\ST\AB_LSTM\AB_LSTM\Appli\STM32N657X0HXQ_LRUN.ld" --specs=nosys.specs -Wl,-Map="AB_LSTM_Appli.map" -Wl,--gc-sections -static -Wl,--cmse-implib -Wl,--out-implib=./secure_nsclib.o -L../../Middlewares/ST/AI/Lib --specs=nano.specs -mfpu=fpv5-d16 -mfloat-abi=hard -mthumb -u _printf_float -Wl,--start-group -lc -lm -Wl,--end-group
C:/ST/STM32CubeIDE_1.19.0/STM32CubeIDE/plugins/com.st.stm32cube.ide.mcu.externaltools.gnu-tools-for-stm32.13.3.rel1.win32_1.0.0.202411081344/tools/bin/../lib/gcc/arm-none-eabi/13.3.1/../../../../arm-none-eabi/bin/ld.exe: warning: AB_LSTM_Appli.elf has a LOAD segment with RWX permissions
Finished building target: AB_LSTM_Appli.elf
 
arm-none-eabi-size  AB_LSTM_Appli.elf 
arm-none-eabi-objdump -h -S AB_LSTM_Appli.elf  > "AB_LSTM_Appli.list"
   text	   data	    bss	    dec	    hex	filename
  89996	   4272	  33752	 128020	  1f414	AB_LSTM_Appli.elf
arm-none-eabi-objcopy  -O binary AB_LSTM_Appli.elf  "AB_LSTM_Appli.bin"
Finished building: default.size.stdout
 
Finished building: AB_LSTM_Appli.bin
 
Finished building: AB_LSTM_Appli.list
 
cd "C:/ST/AB_LSTM/AB_LSTM/Appli/Debug"
echo y | "C:\Program Files\STMicroelectronics\STM32Cube\STM32CubeProgrammer\bin\STM32_SigningTool_CLI.exe" -bin "AB_LSTM_Appli.bin" -nk -of 0x80000000 -t fsbl -o "AB_LSTM_Appli-Trusted.bin" -hv 2.3 -dump "AB_LSTM_Appli-Trusted.bin"
      -------------------------------------------------------------------
                          STM32 Signing Tool v2.19.0                   
      -------------------------------------------------------------------

Do you want to replace this file: AB_LSTM_Appli-Trusted.bin ? (y/n)
Adding head padding bytes for payload with header v2.3
Header version 2.3 preparation... 
Extracting Entry point value from the input file...
Entry point value : 0x340021a5
The headred image file generated successfully: AB_LSTM_Appli-Trusted.bin

Header description:

    Magic: 0x53544d32
    Signature: 00 00 00 00 00 00 00 00 00 00 00 00 00 00 00 00 00 00 00 00 00 00 00 00 00 00 00 00 00 00 00 00 
               00 00 00 00 00 00 00 00 00 00 00 00 00 00 00 00 00 00 00 00 00 00 00 00 00 00 00 00 00 00 00 00 
               00 00 00 00 00 00 00 00 00 00 00 00 00 00 00 00 00 00 00 00 00 00 00 00 00 00 00 00 00 00 00 00 
    Checksum: 0x9edc8a
    Header version: 0x20300
    Size: 0x17220
    Load address: 0xffffffff
    Entry point: 0x340021a5
    Image version: 0x0
    Extension: 0x80000000

Pad header detected:
    Type: 0x5354ffff
    Size: 0x1a0
    Padding values: 77 40 8a 80 42 ad 78 35 2d dd 88 f1 e3 91 a5 58 ef ee c6 77 5c 82 35 0c 7c 50 7e b1 e7 78 7c 

                    30 79 c8 57 5c 5f 76 e8 be 7d d0 d9 97 e1 28 20 21 52 a1 95 d9 b9 9a a2 51 91 6b 34 fb 6f e9 

                    91 ab 53 6c 45 e5 ae 4b 3c d1 ac e0 6a 46 e0 ec 7d 59 a4 4d fa a1 73 a4 ae d3 b4 0d df f7 1a 

                    09 63 f8 5a 22 24 fd 29 08 e1 0b 33 37 67 ee 42 25 95 03 0c 07 e7 0a cb c0 7a ec fa 51 c6 8c 

                    a8 20 ce 57 12 a9 b9 54 9a 39 4b c9 34 1b 97 ca de f8 9c f5 4e 25 34 8a 8b cc b4 36 3b 54 a9 

                    3d a5 76 0f ef a8 b8 c1 88 8a 38 3f fe 4a 32 3f 2c 06 7d 8a e8 4b b7 ad 55 65 31 a8 14 de a0 

                    35 31 69 df df 67 b2 94 19 dd f7 4e a2 61 05 2a 64 80 7b bb 5b 33 df 00 47 47 09 97 d2 0e 8b 

                    c1 b1 58 2e 7d 68 1a 6f 2f 44 cf e5 ef 41 5a 59 35 52 88 b1 99 a4 57 5e c4 39 d7 8e d5 0e bb 

                    56 6e 7e 5d 08 e8 46 0e ad 00 a8 1e 19 61 e8 24 cc 68 52 50 63 36 5a 66 10 20 50 91 15 5c 86 

                    6f d1 7f 83 e5 12 f8 61 7a 99 9b 00 f5 06 69 90 c5 87 76 b0 35 39 01 55 5b bd 95 d4 6b 3c 65 

                    8e 88 1f 2f ff 53 3f 1c af ed 9a d6 93 fe 2a 7c 9f 05 32 d1 f8 95 3d 5c 65 75 48 c8 91 c2 6c 

                    16 2f 15 ed 84 51 63 72 e6 dd 09 c5 f2 d3 8a b6 e3 f9 7f 84 e4 de 3a 77 5d bc bc 8a 0f 2c 6a 

                    bb e5 da 0e ce cb f1 c0 00 00 02 00 54 ed f0 95 23 b1 07 00 10 ae e5 00 00 00 00 00 f0 ce 73 

                    02 00 00 00 00 

Post header 2.3 information :
    Binary type: 0x10
    Non authenticated payload length: 0x0
    Non authenticated payload hash: 0x0


 

13:40:58 Build Finished. 0 errors, 2 warnings. (took 6s.491ms)

