23:49:04 **** Incremental Build of configuration Debug for project AB_LSTM_Appli ****
make -j20 all 
arm-none-eabi-gcc "../Core/Src/synthetic.c" -mcpu=cortex-m55 -std=gnu11 -g3 -DDEBUG -DUSE_HAL_DRIVER -DSTM32N657xx -DUSE_NUCLEO_64 -c -I../Core/Inc -I../../Secure_nsclib -I../../Drivers/STM32N6xx_HAL_Driver/Inc -I../../Drivers/CMSIS/Device/ST/STM32N6xx/Include -I../../Drivers/STM32N6xx_HAL_Driver/Inc/Legacy -I../../Drivers/CMSIS/Include -I"C:/ST/AB_LSTM/AB_LSTM/Appli/X-CUBE-AI/App" -I../../Middlewares/ST/AI/Inc -I../X-CUBE-AI/App -I../X-CUBE-AI -I../../Drivers/BSP/STM32N6xx_Nucleo -O3 -ffunction-sections -fdata-sections -Wall -fstack-usage -fcyclomatic-complexity -mcmse -MMD -MP -MF"Core/Src/synthetic.d" -MT"Core/Src/synthetic.o" --specs=nano.specs -mfpu=fpv5-d16 -mfloat-abi=hard -mthumb -o "Core/Src/synthetic.o"
arm-none-eabi-gcc -o "AB_LSTM_Appli.elf" @"objects.list"  -l:NetworkRuntime1020_CM55_GCC.a -mcpu=cortex-m55 -T"C:\ST\AB_LSTM\AB_LSTM\Appli\STM32N657X0HXQ_LRUN.ld" --specs=nosys.specs -Wl,-Map="AB_LSTM_Appli.map" -Wl,--gc-sections -static -Wl,--cmse-implib -Wl,--out-implib=./secure_nsclib.o -L../../Middlewares/ST/AI/Lib --specs=nano.specs -mfpu=fpv5-d16 -mfloat-abi=hard -mthumb -u _printf_float -Wl,--start-group -lc -lm -Wl,--end-group
C:/ST/STM32CubeIDE_1.19.0/STM32CubeIDE/plugins/com.st.stm32cube.ide.mcu.externaltools.gnu-tools-for-stm32.13.3.rel1.win32_1.0.0.202411081344/tools/bin/../lib/gcc/arm-none-eabi/13.3.1/../../../../arm-none-eabi/bin/ld.exe: warning: AB_LSTM_Appli.elf has a LOAD segment with RWX permissions
Finished building target: AB_LSTM_Appli.elf
 
arm-none-eabi-size  AB_LSTM_Appli.elf 
arm-none-eabi-objdump -h -S AB_LSTM_Appli.elf  > "AB_LSTM_Appli.list"
   text	   data	    bss	    dec	    hex	filename
  88140	   4272	   5944	  98356	  18034	AB_LSTM_Appli.elf
arm-none-eabi-objcopy  -O binary AB_LSTM_Appli.elf  "AB_LSTM_Appli.bin"
Finished building: default.size.stdout
 
Finished building: AB_LSTM_Appli.bin
 
Finished building: AB_LSTM_Appli.list
 
cd "C:/ST/AB_LSTM/AB_LSTM/Appli/Debug"
echo y | "C:\Program Files\STMicroelectronics\STM32Cube\STM32CubeProgrammer\bin\STM32_SigningTool_CLI.exe" -bin "AB_LSTM_Appli.bin" -nk -of 0x80000000 -t fsbl -o "AB_LSTM_Appli-Trusted.bin" -hv 2.3 -dump "AB_LSTM_Appli-Trusted.bin"
      -------------------------------------------------------------------
                          STM32 Signing Tool v2.19.0                   
      -------------------------------------------------------------------

Do you want to replace this file: AB_LSTM_Appli-Trusted.bin ? (y/n)
Adding head padding bytes for payload with header v2.3
Header version 2.3 preparation... 
Extracting Entry point value from the input file...
Entry point value : 0x34002165
The headred image file generated successfully: AB_LSTM_Appli-Trusted.bin

Header description:

    Magic: 0x53544d32
    Signature: 00 00 00 00 00 00 00 00 00 00 00 00 00 00 00 00 00 00 00 00 00 00 00 00 00 00 00 00 00 00 00 00 
               00 00 00 00 00 00 00 00 00 00 00 00 00 00 00 00 00 00 00 00 00 00 00 00 00 00 00 00 00 00 00 00 
               00 00 00 00 00 00 00 00 00 00 00 00 00 00 00 00 00 00 00 00 00 00 00 00 00 00 00 00 00 00 00 00 
    Checksum: 0x9bcdd2
    Header version: 0x20300
    Size: 0x16ae0
    Load address: 0xffffffff
    Entry point: 0x34002165
    Image version: 0x0
    Extension: 0x80000000

Pad header detected:
    Type: 0x5354ffff
    Size: 0x1a0
    Padding values: a2 74 6f b2 9f 7f 44 48 33 ca f9 1c 05 aa 9a b0 d7 bf 9a 17 30 b1 62 f1 1e 05 7f 7a 40 12 b4 

                    63 9c 03 1b 8e 8a d7 12 d2 ac 62 94 98 0f e8 15 7b 05 7b 90 aa 54 31 21 f9 f6 ec d4 4e c9 ff 

                    87 83 dc ee e5 02 b9 03 c7 a5 ab 47 ed 31 3c 65 f4 d3 d6 80 93 e0 50 5f 08 5c 7b 95 60 bb e5 

                    73 00 84 62 50 5f 3e 26 cb 79 84 43 5a 1c 28 3c cf e3 a7 4d b1 30 c1 f4 35 cf 7f 86 6b ff 19 

                    a6 82 06 e4 35 94 64 51 85 dd 37 af 80 bc c4 d7 29 16 b9 e2 e9 13 30 a7 c5 b2 05 0d 90 29 dc 

                    f1 b3 6b 02 76 13 0d 34 1c b6 d6 28 a4 cd 96 f2 ab da 19 ee 60 71 dc b6 07 a7 0e 9f 98 6f c2 

                    33 f5 d6 b5 a4 70 72 13 07 df 3d cd 69 b6 80 a8 a3 58 c5 b0 4d d0 14 3f 8b 1e e9 f0 e8 ed 80 

                    20 d2 a9 62 3c e0 aa 5f fc 72 ee 02 24 b2 05 c0 98 17 20 d4 00 2f 7b 99 b4 c1 de 8c a9 96 d3 

                    fd 20 99 b8 9c dc 03 13 bd 8d d2 d8 90 37 4d b6 23 77 59 24 32 9f 57 98 cf c5 cd aa 07 5e a7 

                    af d7 32 6a 45 42 55 cd 4e 9d b4 07 6e a1 b5 c7 a8 1f b0 7f c4 c8 15 26 da 69 f4 49 06 22 af 

                    2a e0 d5 a6 6e 9c e9 93 68 36 3c 8f 61 95 4f fb 06 d5 a9 7a 7b 46 97 54 c5 03 f3 1f 5a 22 44 

                    35 a0 f7 98 21 bf f4 94 6f ab b3 fa cd 5a ee 03 44 b8 89 7c a5 1a bb 51 27 37 49 cf 8d 8f 40 

                    63 58 a3 a0 dc cc 13 03 00 00 02 00 9f 46 f6 8c 1c d0 07 00 30 be 71 00 00 00 00 00 30 b9 74 

                    02 00 00 00 00 

Post header 2.3 information :
    Binary type: 0x10
    Non authenticated payload length: 0x0
    Non authenticated payload hash: 0x0


 

23:49:10 Build Finished. 0 errors, 1 warnings. (took 5s.578ms)

