11:10:33 **** Incremental Build of configuration Debug for project AB_LSTM_FSBL ****
make -j20 all 
arm-none-eabi-size  AB_LSTM_FSBL.elf 
   text	   data	    bss	    dec	    hex	filename
  61748	     12	   3268	  65028	   fe04	AB_LSTM_FSBL.elf
Finished building: default.size.stdout
 
cd "C:/ST/AB_LSTM/AB_LSTM/FSBL/Debug"
echo y | "C:\Program Files\STMicroelectronics\STM32Cube\STM32CubeProgrammer\bin\STM32_SigningTool_CLI.exe" -bin "AB_LSTM_FSBL.bin" -nk -of 0x80000000 -t fsbl -o "AB_LSTM_FSBL-Trusted.bin" -hv 2.3 -dump "AB_LSTM_FSBL-Trusted.bin"
      -------------------------------------------------------------------
                          STM32 Signing Tool v2.19.0                   
      -------------------------------------------------------------------

Do you want to replace this file: AB_LSTM_FSBL-Trusted.bin ? (y/n)
Adding head padding bytes for payload with header v2.3
Header version 2.3 preparation... 
Extracting Entry point value from the input file...
Entry point value : 0x34181489
The headred image file generated successfully: AB_LSTM_FSBL-Trusted.bin

Header description:

    Magic: 0x53544d32
    Signature: 00 00 00 00 00 00 00 00 00 00 00 00 00 00 00 00 00 00 00 00 00 00 00 00 00 00 00 00 00 00 00 00 
               00 00 00 00 00 00 00 00 00 00 00 00 00 00 00 00 00 00 00 00 00 00 00 00 00 00 00 00 00 00 00 00 
               00 00 00 00 00 00 00 00 00 00 00 00 00 00 00 00 00 00 00 00 00 00 00 00 00 00 00 00 00 00 00 00 
    Checksum: 0x6afc38
    Header version: 0x20300
    Size: 0xf300
    Load address: 0xffffffff
    Entry point: 0x34181489
    Image version: 0x0
    Extension: 0x80000000

Pad header detected:
    Type: 0x5354ffff
    Size: 0x1a0
    Padding values: 69 57 51 09 bd d2 73 0b e5 08 a3 a5 90 31 2e 81 38 5c 56 58 a8 4a 0f 3d ff ac 6d 14 a0 c0 06 

                    bd 76 fb 28 cb d5 f8 68 47 82 e7 0a 54 3a 18 6c bd 9a c9 76 67 fa bc 23 d2 ba 92 98 42 df 63 

                    62 78 ca 13 2e 8e d0 1c 2f 88 f8 42 23 8d a3 19 7b 09 8a b0 d2 c4 b8 ca 19 2f fa 0f 3e 21 82 

                    c6 1a cf 43 ee 18 27 57 a0 d4 f5 7e 4a 91 ad 8d 72 06 af 84 b4 b0 04 01 00 92 4e 41 3d 97 55 

                    de 41 25 57 1d 37 23 dd 7c 3d 11 a3 bf 84 a9 1c 4e 17 0c 08 7b e7 ab 0b f8 b6 32 e9 e8 38 f4 

                    3a 3e d9 5f 83 94 b4 54 e8 94 62 6d 63 73 36 b3 d9 ae 9f a6 6a 38 ef 5b b2 10 cd 4a 9b 6d 8c 

                    2e 89 1f 9b 83 ea fd 91 99 5b 89 85 9a d6 c9 72 ba 4b 8b 47 5c 9a b2 1a 03 8e 78 9a 6d d8 3e 

                    68 b7 16 de 88 96 62 1d 11 71 02 49 c8 1a f2 42 f8 2a f4 d8 82 e8 aa c0 b2 7e 6e b3 fd 3f 89 

                    6d b0 b3 c6 5a 7c bf ab 8f 55 d0 d9 e1 f6 73 eb fd b7 e2 9b 5c 19 73 19 d2 d1 e6 62 34 8b 20 

                    df ce 29 65 80 19 3e ec 62 48 83 a5 1a a0 57 5a 40 51 b7 4a 83 b8 6b be b8 78 c0 7f 0f 91 c3 

                    48 ce 32 a5 fe 38 ba ca 06 3e 53 8a 12 fe 5b 82 8c 41 f3 1d 80 7b 72 99 26 92 d1 2a 5c 36 cb 

                    4c c7 98 1c e2 e2 ec 41 f8 83 c2 87 34 c0 a8 77 24 9b 95 fb 82 a6 b3 ff 94 6d 93 42 25 d1 4c 

                    ef dc 89 bd e0 b8 11 00 00 00 00 00 31 1e 78 b0 9e c1 00 00 f0 44 7b 02 00 00 00 00 10 93 fb 

                    00 00 00 00 00 

Post header 2.3 information :
    Binary type: 0x10
    Non authenticated payload length: 0x0
    Non authenticated payload hash: 0x0


 

11:10:36 Build Finished. 0 errors, 0 warnings. (took 2s.354ms)

